Using SPARSE 1.3 as Direct Linear Solver
Note: Starting dynamic gmin stepping
Note: Dynamic gmin stepping completed

Note: No compatibility mode selected!


Circuit: acc_test_108_b15

Doing analysis at TEMP = 27.000000 and TNOM = 27.000000


Initial Transient Solution
--------------------------

Node                                   Voltage
----                                   -------
vdd                                        0.9
vss                                          0
vbias                                      0.3
ecg_l0                                     0.3
ecg_l1                                     0.3
trig_pw_base                                 0
trig_pw_peak                                 0
trig_rpeak_sh                                0
trig_s14                                     0
trig_s69                                     0
trig_wid                                     0
trig_bi_copy                                 0
xbi0.curr_node                       0.0711868
xbi0.xccurr.a                                0
xbi0.xccurr.b1                               0
xbi0.esamp_node                      0.0462648
xbi0.xcesamp.a                               0
xbi0.xcesamp.b1                              0
xbi0.prev_node                       0.0387804
xbi0.xcprev.a                                0
xbi0.xcprev.b1                               0
xbi0.tail_i                         0.00307119
xbi0.net_i1                             0.3585
f3_bi_l0                              0.885547
xbi1.curr_node                       0.0711868
xbi1.xccurr.a                                0
xbi1.xccurr.b1                               0
xbi1.esamp_node                      0.0462648
xbi1.xcesamp.a                               0
xbi1.xcesamp.b1                              0
xbi1.prev_node                       0.0387804
xbi1.xcprev.a                                0
xbi1.xcprev.b1                               0
xbi1.tail_i                         0.00307119
xbi1.net_i1                             0.3585
f4_bi_l1                              0.885547
xpw.shb                              0.0711868
xpw.xcsb.a                                   0
xpw.xcsb.b1                                  0
xpw.shp                              0.0711868
xpw.xcsp.a                                   0
xpw.xcsp.b1                                  0
xpw.dtail                           0.00418137
xpw.dnet                              0.421156
f5_pwave                              0.421156
f6_width                             0.0711868
xwid.xcsh.a                                  0
xwid.xcsh.b1                                 0
xslp.sh14                            0.0711868
xslp.xcs14.a                                 0
xslp.xcs14.b1                                0
xslp.sh69                            0.0711868
xslp.xcs69.a                                 0
xslp.xcs69.b1                                0
xslp.dtail                          0.00418137
xslp.dnet                             0.421156
f7_slope                              0.421156
f8_symmetry                           0.448967
xsym.trig_inv                              0.9
xsym.xcsr.a                                  0
xsym.xcsr.b1                                 0
vbco#branch                                  0
vwid#branch                                  0
vs69#branch                                  0
vs14#branch                                  0
vrsh#branch                                  0
vpwp#branch                                  0
vpwb#branch                                  0
vecg1#branch                      -5.14615e-14
vecg0#branch                       -1.4706e-13
vbias#branch                                 0
vss#branch                         2.32065e-11
vdd#branch                        -2.30077e-11

