Warning : IC on non-existent node - xbias.vbias, ignored
   Please check line .ic v(xbias.vbias)=0.3

Warning : IC on non-existent node - xbias.vref, ignored
   Please check line .ic v(xbias.vref)=0.3

Using SPARSE 1.3 as Direct Linear Solver

Note: No compatibility mode selected!


Circuit: integration test v2 - trigger chain + features

Doing analysis at TEMP = 27.000000 and TNOM = 27.000000

Operating point simulation skipped by 'uic',
  now using transient initial conditions.

No. of Data Rows : 24470

  Measurements for Transient Analysis

f1_rr_ratio_b1      =  8.999865e-01
f2_rr_asym_b1       =  8.999858e-01
f3_bi_l0_b1         =  5.145665e-01
f4_bi_l1_b1         =  4.791307e-01
f5_pwave_b1         =  6.000729e-01
f6_width_b1         =  1.830663e-01
f7_slope_b1         =  3.865316e-01
f8_symmetry_b1      =  3.203365e-01
rpeak_b1            =  -5.344116e-10
ecg_b1              =  2.334650e-01
f1_rr_ratio_b2      =  8.999867e-01
f2_rr_asym_b2       =  8.999862e-01
f3_bi_l0_b2         =  4.977405e-01
f4_bi_l1_b2         =  4.590778e-01
f5_pwave_b2         =  6.474918e-01
f6_width_b2         =  2.003244e-01
f7_slope_b2         =  3.838957e-01
f8_symmetry_b2      =  3.200084e-01
rpeak_b2            =  -3.020794e-06
ecg_b2              =  3.598640e-01
f1_rr_ratio_b3      =  8.999857e-01
f2_rr_asym_b3       =  8.999853e-01
f3_bi_l0_b3         =  4.898079e-01
f4_bi_l1_b3         =  4.309278e-01
f5_pwave_b3         =  6.681983e-01
f6_width_b3         =  2.083342e-01
f7_slope_b3         =  3.831534e-01
f8_symmetry_b3      =  3.153689e-01
rpeak_b3            =  -7.396407e-10
ecg_b3              =  2.376000e-01
f1_rr_ratio_b4      =  8.999878e-01
f2_rr_asym_b4       =  8.999865e-01
f3_bi_l0_b4         =  4.768292e-01
f4_bi_l1_b4         =  4.388633e-01
f5_pwave_b4         =  6.806159e-01
f6_width_b4         =  2.118621e-01
f7_slope_b4         =  3.818845e-01
f8_symmetry_b4      =  3.053683e-01
rpeak_b4            =  -7.012628e-10
ecg_b4              =  2.082970e-01
f1_rr_ratio_b5      =  8.999870e-01
f2_rr_asym_b5       =  8.999859e-01
f3_bi_l0_b5         =  4.757762e-01
f4_bi_l1_b5         =  4.351948e-01
f5_pwave_b5         =  6.888790e-01
f6_width_b5         =  2.142856e-01
f7_slope_b5         =  3.810142e-01
f8_symmetry_b5      =  3.214139e-01
rpeak_b5            =  -1.227419e-09
ecg_b5              =  2.476240e-01
trig_s14_b2         =  2.401953e-01
trig_wid_b2         =  2.265447e-01
trig_s69_b2         =  2.003766e-01
rpeak_at_r2         =  6.750883e-01
trig_s14_b3         =  2.417707e-01
trig_wid_b3         =  2.274933e-01
trig_s69_b3         =  2.007522e-01
rpeak_at_r3         =  -6.881608e-10
trig_s14_b4         =  2.387399e-01
trig_wid_b4         =  2.283309e-01
trig_s69_b4         =  2.011507e-01
rpeak_at_r4         =  8.152094e-10
trig_s14_b5         =  2.416862e-01
trig_wid_b5         =  2.274991e-01
trig_s69_b5         =  2.007213e-01
rpeak_at_r5         =  -5.663446e-10
avg_idd             =  -6.866569e-10 from=  5.000000e-01 to=  5.564000e+00

Using SPARSE 1.3 as Direct Linear Solver
Doing analysis at TEMP = 27.000000 and TNOM = 27.000000

Operating point simulation skipped by 'uic',
  now using transient initial conditions.

No. of Data Rows : 24470

  Measurements for Transient Analysis

f1_rr_ratio_b1      =  8.999865e-01
f2_rr_asym_b1       =  8.999858e-01
f3_bi_l0_b1         =  5.145665e-01
f4_bi_l1_b1         =  4.791307e-01
f5_pwave_b1         =  6.000729e-01
f6_width_b1         =  1.830663e-01
f7_slope_b1         =  3.865316e-01
f8_symmetry_b1      =  3.203365e-01
rpeak_b1            =  -5.344116e-10
ecg_b1              =  2.334650e-01
f1_rr_ratio_b2      =  8.999867e-01
f2_rr_asym_b2       =  8.999862e-01
f3_bi_l0_b2         =  4.977405e-01
f4_bi_l1_b2         =  4.590778e-01
f5_pwave_b2         =  6.474918e-01
f6_width_b2         =  2.003244e-01
f7_slope_b2         =  3.838957e-01
f8_symmetry_b2      =  3.200084e-01
rpeak_b2            =  -3.020794e-06
ecg_b2              =  3.598640e-01
f1_rr_ratio_b3      =  8.999857e-01
f2_rr_asym_b3       =  8.999853e-01
f3_bi_l0_b3         =  4.898079e-01
f4_bi_l1_b3         =  4.309278e-01
f5_pwave_b3         =  6.681983e-01
f6_width_b3         =  2.083342e-01
f7_slope_b3         =  3.831534e-01
f8_symmetry_b3      =  3.153689e-01
rpeak_b3            =  -7.396407e-10
ecg_b3              =  2.376000e-01
f1_rr_ratio_b4      =  8.999878e-01
f2_rr_asym_b4       =  8.999865e-01
f3_bi_l0_b4         =  4.768292e-01
f4_bi_l1_b4         =  4.388633e-01
f5_pwave_b4         =  6.806159e-01
f6_width_b4         =  2.118621e-01
f7_slope_b4         =  3.818845e-01
f8_symmetry_b4      =  3.053683e-01
rpeak_b4            =  -7.012628e-10
ecg_b4              =  2.082970e-01
f1_rr_ratio_b5      =  8.999870e-01
f2_rr_asym_b5       =  8.999859e-01
f3_bi_l0_b5         =  4.757762e-01
f4_bi_l1_b5         =  4.351948e-01
f5_pwave_b5         =  6.888790e-01
f6_width_b5         =  2.142856e-01
f7_slope_b5         =  3.810142e-01
f8_symmetry_b5      =  3.214139e-01
rpeak_b5            =  -1.227419e-09
ecg_b5              =  2.476240e-01
trig_s14_b2         =  2.401953e-01
trig_wid_b2         =  2.265447e-01
trig_s69_b2         =  2.003766e-01
rpeak_at_r2         =  6.750883e-01
trig_s14_b3         =  2.417707e-01
trig_wid_b3         =  2.274933e-01
trig_s69_b3         =  2.007522e-01
rpeak_at_r3         =  -6.881608e-10
trig_s14_b4         =  2.387399e-01
trig_wid_b4         =  2.283309e-01
trig_s69_b4         =  2.011507e-01
rpeak_at_r4         =  8.152094e-10
trig_s14_b5         =  2.416862e-01
trig_wid_b5         =  2.274991e-01
trig_s69_b5         =  2.007213e-01
rpeak_at_r5         =  -5.663446e-10
avg_idd             =  -6.866569e-10 from=  5.000000e-01 to=  5.564000e+00


Total analysis time (seconds) = 162.389

Total elapsed time (seconds) = 174.774 

Total DRAM available = 15982.191 MB.
DRAM currently available = 1581.238 MB.
Maximum ngspice program size =  218.246 MB.
Current ngspice program size =  218.246 MB.

