Using SPARSE 1.3 as Direct Linear Solver

Note: No compatibility mode selected!


Circuit: integration test v3 - fixed normalization + explicit bias

Doing analysis at TEMP = 27.000000 and TNOM = 27.000000

Operating point simulation skipped by 'uic',
  now using transient initial conditions.

No. of Data Rows : 33639

  Measurements for Transient Analysis

f1_rr_ratio_b1      =  8.999879e-01
f2_rr_asym_b1       =  8.999830e-01
f3_bi_l0_b1         =  4.748272e-01
f4_bi_l1_b1         =  4.615383e-01
f5_pwave_b1         =  5.078691e-01
f6_width_b1         =  2.465263e-01
f7_slope_b1         =  3.210138e-01
f8_symmetry_b1      =  2.865876e-01
rpeak_b1            =  -4.923643e-10
ecg_b1              =  2.332400e-01
f1_rr_ratio_b2      =  8.999879e-01
f2_rr_asym_b2       =  8.999836e-01
f3_bi_l0_b2         =  4.483243e-01
f4_bi_l1_b2         =  4.619305e-01
f5_pwave_b2         =  5.120486e-01
f6_width_b2         =  2.816748e-01
f7_slope_b2         =  3.192792e-01
f8_symmetry_b2      =  2.856632e-01
rpeak_b2            =  9.000003e-01
ecg_b2              =  3.600660e-01
f1_rr_ratio_b3      =  8.999882e-01
f2_rr_asym_b3       =  8.999845e-01
f3_bi_l0_b3         =  4.575846e-01
f4_bi_l1_b3         =  4.049821e-01
f5_pwave_b3         =  5.117503e-01
f6_width_b3         =  3.100171e-01
f7_slope_b3         =  3.105552e-01
f8_symmetry_b3      =  3.099969e-01
rpeak_b3            =  -2.321187e-09
ecg_b3              =  2.373900e-01
f1_rr_ratio_b4      =  8.999882e-01
f2_rr_asym_b4       =  8.999849e-01
f3_bi_l0_b4         =  4.506850e-01
f4_bi_l1_b4         =  4.178343e-01
f5_pwave_b4         =  5.108551e-01
f6_width_b4         =  2.236125e-01
f7_slope_b4         =  3.241211e-01
f8_symmetry_b4      =  3.056252e-01
rpeak_b4            =  -6.839770e-10
ecg_b4              =  2.079880e-01
f1_rr_ratio_b5      =  8.999885e-01
f2_rr_asym_b5       =  8.999856e-01
f3_bi_l0_b5         =  4.495201e-01
f4_bi_l1_b5         =  4.012508e-01
f5_pwave_b5         =  5.098964e-01
f6_width_b5         =  3.145740e-01
f7_slope_b5         =  3.124412e-01
f8_symmetry_b5      =  3.145535e-01
rpeak_b5            =  -1.636681e-09
ecg_b5              =  2.474480e-01
rpk_at_1            =  -2.140721e-09
tmr_2ms_b1          =  9.000274e-01
sf_2ms_b1           =  4.448028e-01
tmr_14ms_b1         =  8.977652e-01
sf_14ms_b1          =  4.429477e-01
tmr_28ms_b1         =  8.999556e-01
sf_28ms_b1          =  4.446858e-01
tmr_69ms_b1         =  8.999838e-01
sf_69ms_b1          =  4.447582e-01
trig_s14_b1         =  8.858127e-01
trig_wid_b1         =  8.799299e-01
trig_s69_b1         =  5.258167e-01
rpk_at_2            =  8.999992e-01
tmr_2ms_b2          =  8.996449e-01
sf_2ms_b2           =  4.444706e-01
tmr_14ms_b2         =  8.904650e-01
sf_14ms_b2          =  4.369224e-01
tmr_28ms_b2         =  8.965271e-01
sf_28ms_b2          =  4.419237e-01
tmr_69ms_b2         =  8.980091e-01
sf_69ms_b2          =  4.431481e-01
trig_s14_b2         =  8.885092e-01
trig_wid_b2         =  8.835586e-01
trig_s69_b2         =  8.198165e-01
rpk_at_3            =  -6.524874e-10
tmr_2ms_b3          =  8.924838e-01
sf_2ms_b3           =  4.385816e-01
tmr_14ms_b3         =  8.999556e-01
sf_14ms_b3          =  4.446805e-01
tmr_28ms_b3         =  8.901532e-01
sf_28ms_b3          =  4.366654e-01
tmr_69ms_b3         =  8.916594e-01
sf_69ms_b3          =  4.379039e-01
trig_s14_b3         =  8.838264e-01
trig_wid_b3         =  8.789018e-01
trig_s69_b3         =  7.359620e-01
rpk_at_4            =  -1.394188e-10
tmr_2ms_b4          =  8.970217e-01
sf_2ms_b4           =  4.391127e-01
tmr_14ms_b4         =  8.966186e-01
sf_14ms_b4          =  4.420013e-01
tmr_28ms_b4         =  8.999557e-01
sf_28ms_b4          =  4.446827e-01
tmr_69ms_b4         =  8.999614e-01
sf_69ms_b4          =  4.447159e-01
trig_s14_b4         =  8.862665e-01
trig_wid_b4         =  8.798914e-01
trig_s69_b4         =  5.237904e-01
rpk_at_5            =  -5.288625e-10
tmr_2ms_b5          =  8.924595e-01
sf_2ms_b5           =  4.385617e-01
tmr_14ms_b5         =  8.999556e-01
sf_14ms_b5          =  4.446861e-01
tmr_28ms_b5         =  8.902105e-01
sf_28ms_b5          =  4.367126e-01
tmr_69ms_b5         =  8.919915e-01
sf_69ms_b5          =  4.381770e-01
trig_s14_b5         =  8.838394e-01
trig_wid_b5         =  8.790367e-01
trig_s69_b5         =  8.602698e-01
vbias_0p5           =  3.500000e-01
vbias_1p0           =  3.500000e-01
avg_idd             =  -2.414691e-09 from=  5.000000e-01 to=  5.564000e+00

Using SPARSE 1.3 as Direct Linear Solver
Doing analysis at TEMP = 27.000000 and TNOM = 27.000000

Operating point simulation skipped by 'uic',
  now using transient initial conditions.

No. of Data Rows : 33639

  Measurements for Transient Analysis

f1_rr_ratio_b1      =  8.999879e-01
f2_rr_asym_b1       =  8.999830e-01
f3_bi_l0_b1         =  4.748272e-01
f4_bi_l1_b1         =  4.615383e-01
f5_pwave_b1         =  5.078691e-01
f6_width_b1         =  2.465263e-01
f7_slope_b1         =  3.210138e-01
f8_symmetry_b1      =  2.865876e-01
rpeak_b1            =  -4.923643e-10
ecg_b1              =  2.332400e-01
f1_rr_ratio_b2      =  8.999879e-01
f2_rr_asym_b2       =  8.999836e-01
f3_bi_l0_b2         =  4.483243e-01
f4_bi_l1_b2         =  4.619305e-01
f5_pwave_b2         =  5.120486e-01
f6_width_b2         =  2.816748e-01
f7_slope_b2         =  3.192792e-01
f8_symmetry_b2      =  2.856632e-01
rpeak_b2            =  9.000003e-01
ecg_b2              =  3.600660e-01
f1_rr_ratio_b3      =  8.999882e-01
f2_rr_asym_b3       =  8.999845e-01
f3_bi_l0_b3         =  4.575846e-01
f4_bi_l1_b3         =  4.049821e-01
f5_pwave_b3         =  5.117503e-01
f6_width_b3         =  3.100171e-01
f7_slope_b3         =  3.105552e-01
f8_symmetry_b3      =  3.099969e-01
rpeak_b3            =  -2.321187e-09
ecg_b3              =  2.373900e-01
f1_rr_ratio_b4      =  8.999882e-01
f2_rr_asym_b4       =  8.999849e-01
f3_bi_l0_b4         =  4.506850e-01
f4_bi_l1_b4         =  4.178343e-01
f5_pwave_b4         =  5.108551e-01
f6_width_b4         =  2.236125e-01
f7_slope_b4         =  3.241211e-01
f8_symmetry_b4      =  3.056252e-01
rpeak_b4            =  -6.839770e-10
ecg_b4              =  2.079880e-01
f1_rr_ratio_b5      =  8.999885e-01
f2_rr_asym_b5       =  8.999856e-01
f3_bi_l0_b5         =  4.495201e-01
f4_bi_l1_b5         =  4.012508e-01
f5_pwave_b5         =  5.098964e-01
f6_width_b5         =  3.145740e-01
f7_slope_b5         =  3.124412e-01
f8_symmetry_b5      =  3.145535e-01
rpeak_b5            =  -1.636681e-09
ecg_b5              =  2.474480e-01
rpk_at_1            =  -2.140721e-09
tmr_2ms_b1          =  9.000274e-01
sf_2ms_b1           =  4.448028e-01
tmr_14ms_b1         =  8.977652e-01
sf_14ms_b1          =  4.429477e-01
tmr_28ms_b1         =  8.999556e-01
sf_28ms_b1          =  4.446858e-01
tmr_69ms_b1         =  8.999838e-01
sf_69ms_b1          =  4.447582e-01
trig_s14_b1         =  8.858127e-01
trig_wid_b1         =  8.799299e-01
trig_s69_b1         =  5.258167e-01
rpk_at_2            =  8.999992e-01
tmr_2ms_b2          =  8.996449e-01
sf_2ms_b2           =  4.444706e-01
tmr_14ms_b2         =  8.904650e-01
sf_14ms_b2          =  4.369224e-01
tmr_28ms_b2         =  8.965271e-01
sf_28ms_b2          =  4.419237e-01
tmr_69ms_b2         =  8.980091e-01
sf_69ms_b2          =  4.431481e-01
trig_s14_b2         =  8.885092e-01
trig_wid_b2         =  8.835586e-01
trig_s69_b2         =  8.198165e-01
rpk_at_3            =  -6.524874e-10
tmr_2ms_b3          =  8.924838e-01
sf_2ms_b3           =  4.385816e-01
tmr_14ms_b3         =  8.999556e-01
sf_14ms_b3          =  4.446805e-01
tmr_28ms_b3         =  8.901532e-01
sf_28ms_b3          =  4.366654e-01
tmr_69ms_b3         =  8.916594e-01
sf_69ms_b3          =  4.379039e-01
trig_s14_b3         =  8.838264e-01
trig_wid_b3         =  8.789018e-01
trig_s69_b3         =  7.359620e-01
rpk_at_4            =  -1.394188e-10
tmr_2ms_b4          =  8.970217e-01
sf_2ms_b4           =  4.391127e-01
tmr_14ms_b4         =  8.966186e-01
sf_14ms_b4          =  4.420013e-01
tmr_28ms_b4         =  8.999557e-01
sf_28ms_b4          =  4.446827e-01
tmr_69ms_b4         =  8.999614e-01
sf_69ms_b4          =  4.447159e-01
trig_s14_b4         =  8.862665e-01
trig_wid_b4         =  8.798914e-01
trig_s69_b4         =  5.237904e-01
rpk_at_5            =  -5.288625e-10
tmr_2ms_b5          =  8.924595e-01
sf_2ms_b5           =  4.385617e-01
tmr_14ms_b5         =  8.999556e-01
sf_14ms_b5          =  4.446861e-01
tmr_28ms_b5         =  8.902105e-01
sf_28ms_b5          =  4.367126e-01
tmr_69ms_b5         =  8.919915e-01
sf_69ms_b5          =  4.381770e-01
trig_s14_b5         =  8.838394e-01
trig_wid_b5         =  8.790367e-01
trig_s69_b5         =  8.602698e-01
vbias_0p5           =  3.500000e-01
vbias_1p0           =  3.500000e-01
avg_idd             =  -2.414691e-09 from=  5.000000e-01 to=  5.564000e+00


Total analysis time (seconds) = 406.44

Total elapsed time (seconds) = 427.833 

Total DRAM available = 15982.191 MB.
DRAM currently available = 1435.488 MB.
Maximum ngspice program size =  246.543 MB.
Current ngspice program size =  246.215 MB.

