Using SPARSE 1.3 as Direct Linear Solver
Note: Starting dynamic gmin stepping
Note: Dynamic gmin stepping completed

Note: No compatibility mode selected!


Circuit: accuracy_batch_2

Doing analysis at TEMP = 27.000000 and TNOM = 27.000000


Initial Transient Solution
--------------------------

Node                                   Voltage
----                                   -------
vdd                                        0.9
vss                                          0
vbias                                     0.35
vref                                      0.45
ecg_in                                    0.25
ecg_in_l1                                 0.25
rpeak_trigger                                0
qrs_gate                                     0
qrs_sym_gate                                 0
pwave_gate                                   0
xrr.rpeak_bar                              0.9
xrr.net_timer                      1.91447e-06
xrr.xctimer.a                                0
xrr.xctimer.b1                               0
xrr.tail_r                           0.0546598
xrr.net_r1                             0.46929
f_rr_ratio                            0.130959
xrr.mid_ref                           0.218464
xrr.tail_a                          0.00433493
xrr.net_a1                             0.40478
f_rr_asym                             0.195574
xinstab0.qrs_gate_bar                      0.9
xinstab0.xota_pk.net1                 0.399253
xinstab0.net_pk_raw                0.000109329
xinstab0.peak_node                 3.46089e-06
xinstab0.xota_pk.net_tail          2.68835e-05
xinstab0.net_pk_gated                      0.9
xinstab0.xcpeak.a                            0
xinstab0.xcpeak.b1                           0
peak_out_l0                        3.46089e-06
xinstab0.tail_i                       0.112023
xinstab0.net_i1                       0.537961
f_instab_l0                           0.128208
xinstab1.qrs_gate_bar                      0.9
xinstab1.xota_pk.net1                 0.399253
xinstab1.net_pk_raw                0.000109329
xinstab1.peak_node                 3.46089e-06
xinstab1.xota_pk.net_tail          2.68835e-05
xinstab1.net_pk_gated                      0.9
xinstab1.xcpeak.a                            0
xinstab1.xcpeak.b1                           0
peak_out_l1                        3.46089e-06
xinstab1.tail_i                       0.112023
xinstab1.net_i1                       0.537961
f_instab_l1                           0.128208
xpwave.xota_hpf_lp.net1               0.171615
xpwave.hpf_vlp                        0.249366
xpwave.xota_hpf_lp.net_tail         0.00970674
xpwave.xchpf_lp.a                            0
xpwave.xchpf_lp.b1                           0
xpwave.xota_hpf_sub.net1              0.171615
xpwave.bpf_mid                        0.249366
xpwave.xota_hpf_sub.net_tail        0.00970674
xpwave.xota_lpf.net1                  0.172056
xpwave.bpf_pw                           0.2487
xpwave.xota_lpf.net_tail            0.00956573
xpwave.xclpf.a                               0
xpwave.xclpf.b1                              0
xpwave.pwave_gate_bar                      0.9
xpwave.vbias_pk                    4.52517e-10
xpwave.xota_pk.net1                   0.371126
xpwave.net_pk_cmp                  1.16348e-09
xpwave.xota_pk.net_tail               0.165873
f_pwave                              0.0160234
xpwave.net_pk_cmp_bar                      0.9
xpwave.xcpk.a                                0
xpwave.xcpk.b1                               0
xwidth.xota_wcmp.net1                 0.171633
xwidth.width_cmp_out                0.00987155
xwidth.xota_wcmp.net_tail           0.00972096
xwidth.qrs_gate_bar                        0.9
xwidth.width_gate_gated            1.41373e-10
xwidth.net_w_bias                          0.9
xwidth.net_w_sw                       0.226117
f_width                             0.00253791
xwidth.xcwidth.a                             0
xwidth.xcwidth.b1                            0
xsym.qrs_onset_bar                         0.9
xsym.rpeak_bar                             0.9
xsym.net_latch                     4.16118e-11
xsym.xclatch.a                               0
xsym.xclatch.b1                              0
xsym.net_latch_bar                         0.9
xsym.net_rise_bias                         0.9
xsym.net_rise_sw                      0.197215
xsym.rise_timer                    4.15428e-11
xsym.xcrise.a                                0
xsym.xcrise.b1                               0
rise_timer_out                     4.15428e-11
xsym.net_fall_bias                         0.9
xsym.net_fall_sw                      0.197215
xsym.fall_timer                     0.00253791
xsym.xcfall.a                                0
xsym.xcfall.b1                               0
fall_timer_out                      0.00253791
xsym.tail_s                         2.8926e-05
xsym.net_sy1                          0.399259
f_sym                                 0.396846
xslope.tail_sl                      2.8926e-05
xslope.net_sl1                        0.396846
f_slope                               0.399259
vpwave#branch                                0
vsym#branch                                  0
vqrs#branch                                  0
vrpeak#branch                                0
vecg2#branch                                 0
vecg#branch                                  0
vref#branch                                  0
vbias#branch                      -1.29081e-13
vss#branch                          8.0044e-10
vdd#branch                        -8.00312e-10


No. of Data Rows : 85586

  Measurements for Transient Analysis

f_rr_ratio_b0       =  1.309588e-01
f_rr_asym_b0        =  1.955743e-01
f_instab_l0_b0      =  1.659066e-01
f_instab_l1_b0      =  1.282076e-01
f_pwave_b0          =  4.034579e-01
f_width_b0          =  1.182310e-01
f_sym_b0            =  3.862149e-01
f_slope_b0          =  3.643988e-01
f_rr_ratio_b1       =  2.255810e-01
f_rr_asym_b1        =  3.500904e-01
f_instab_l0_b1      =  1.659057e-01
f_instab_l1_b1      =  1.282076e-01
f_pwave_b1          =  3.883547e-01
f_width_b1          =  1.984081e-01
f_sym_b1            =  3.813057e-01
f_slope_b1          =  3.645960e-01
f_rr_ratio_b2       =  2.273711e-01
f_rr_asym_b2        =  3.519865e-01
f_instab_l0_b2      =  1.658747e-01
f_instab_l1_b2      =  1.282076e-01
f_pwave_b2          =  4.034675e-01
f_width_b2          =  1.826916e-01
f_sym_b2            =  3.812375e-01
f_slope_b2          =  3.643269e-01
f_rr_ratio_b3       =  2.277111e-01
f_rr_asym_b3        =  3.523469e-01
f_instab_l0_b3      =  1.657093e-01
f_instab_l1_b3      =  1.282076e-01
f_pwave_b3          =  3.692145e-01
f_width_b3          =  1.800946e-01
f_sym_b3            =  3.811927e-01
f_slope_b3          =  3.643337e-01
f_rr_ratio_b4       =  2.121256e-01
f_rr_asym_b4        =  3.354891e-01
f_instab_l0_b4      =  1.658102e-01
f_instab_l1_b4      =  1.282076e-01
f_pwave_b4          =  3.988112e-01
f_width_b4          =  1.162266e-01
f_sym_b4            =  3.814568e-01
f_slope_b4          =  3.752226e-01
f_rr_ratio_b5       =  2.261508e-01
f_rr_asym_b5        =  3.506946e-01
f_instab_l0_b5      =  1.655233e-01
f_instab_l1_b5      =  1.282076e-01
f_pwave_b5          =  4.027406e-01
f_width_b5          =  1.279578e-01
f_sym_b5            =  3.813053e-01
f_slope_b5          =  3.854742e-01
f_rr_ratio_b6       =  2.267066e-01
f_rr_asym_b6        =  3.512832e-01
f_instab_l0_b6      =  1.654721e-01
f_instab_l1_b6      =  1.282076e-01
f_pwave_b6          =  3.893433e-01
f_width_b6          =  1.366486e-01
f_sym_b6            =  3.732463e-01
f_slope_b6          =  3.745682e-01
f_rr_ratio_b7       =  2.274742e-01
f_rr_asym_b7        =  3.520956e-01
f_instab_l0_b7      =  1.655107e-01
f_instab_l1_b7      =  1.282076e-01
f_pwave_b7          =  3.856417e-01
f_width_b7          =  1.513811e-01
f_sym_b7            =  3.802008e-01
f_slope_b7          =  3.752236e-01
f_rr_ratio_b8       =  2.273550e-01
f_rr_asym_b8        =  3.519694e-01
f_instab_l0_b8      =  1.658674e-01
f_instab_l1_b8      =  1.282076e-01
f_pwave_b8          =  3.895403e-01
f_width_b8          =  1.559347e-01
f_sym_b8            =  3.812291e-01
f_slope_b8          =  3.752216e-01
f_rr_ratio_b9       =  2.272004e-01
f_rr_asym_b9        =  3.518058e-01
f_instab_l0_b9      =  1.657720e-01
f_instab_l1_b9      =  1.282076e-01
f_pwave_b9          =  2.719567e-01
f_width_b9          =  1.854279e-01
f_sym_b9            =  3.812553e-01
f_slope_b9          =  3.643911e-01
f_rr_ratio_b10      =  2.260328e-01
f_rr_asym_b10       =  3.505696e-01
f_instab_l0_b10     =  1.657415e-01
f_instab_l1_b10     =  1.282076e-01
f_pwave_b10         =  4.035564e-01
f_width_b10         =  1.270356e-01
f_sym_b10           =  3.732867e-01
f_slope_b10         =  3.743499e-01
f_rr_ratio_b11      =  2.177855e-01
f_rr_asym_b11       =  3.417101e-01
f_instab_l0_b11     =  1.657974e-01
f_instab_l1_b11     =  1.282076e-01
f_pwave_b11         =  3.976877e-01
f_width_b11         =  1.369972e-01
f_sym_b11           =  3.727567e-01
f_slope_b11         =  3.743383e-01
f_rr_ratio_b12      =  2.217736e-01
f_rr_asym_b12       =  3.460245e-01
f_instab_l0_b12     =  1.655700e-01
f_instab_l1_b12     =  1.282076e-01
f_pwave_b12         =  3.931590e-01
f_width_b12         =  1.408937e-01
f_sym_b12           =  3.729108e-01
f_slope_b12         =  3.743376e-01
f_rr_ratio_b13      =  2.271561e-01
f_rr_asym_b13       =  3.517589e-01
f_instab_l0_b13     =  1.658418e-01
f_instab_l1_b13     =  1.282076e-01
f_pwave_b13         =  3.952019e-01
f_width_b13         =  1.977258e-01
f_sym_b13           =  3.802444e-01
f_slope_b13         =  3.645973e-01
f_rr_ratio_b14      =  2.272826e-01
f_rr_asym_b14       =  3.518928e-01
f_instab_l0_b14     =  1.658166e-01
f_instab_l1_b14     =  1.282076e-01
f_pwave_b14         =  4.031593e-01
f_width_b14         =  1.424227e-01
f_sym_b14           =  3.812339e-01
f_slope_b14         =  3.749916e-01
f_rr_ratio_b15      =  2.268120e-01
f_rr_asym_b15       =  3.513948e-01
f_instab_l0_b15     =  1.657364e-01
f_instab_l1_b15     =  1.282076e-01
f_pwave_b15         =  4.033082e-01
f_width_b15         =  1.252964e-01
f_sym_b15           =  3.812328e-01
f_slope_b15         =  3.750079e-01
f_rr_ratio_b16      =  2.278608e-01
f_rr_asym_b16       =  3.525066e-01
f_instab_l0_b16     =  1.657412e-01
f_instab_l1_b16     =  1.282076e-01
f_pwave_b16         =  3.977018e-01
f_width_b16         =  1.821714e-01
f_sym_b16           =  3.811111e-01
f_slope_b16         =  3.749591e-01
f_rr_ratio_b17      =  2.274035e-01
f_rr_asym_b17       =  3.520207e-01
f_instab_l0_b17     =  1.656212e-01
f_instab_l1_b17     =  1.282076e-01
f_pwave_b17         =  4.034179e-01
f_width_b17         =  1.428679e-01
f_sym_b17           =  3.732303e-01
f_slope_b17         =  3.743344e-01
f_rr_ratio_b18      =  2.267771e-01
f_rr_asym_b18       =  3.513579e-01
f_instab_l0_b18     =  1.657568e-01
f_instab_l1_b18     =  1.282076e-01
f_pwave_b18         =  4.022797e-01
f_width_b18         =  1.739971e-01
f_sym_b18           =  3.727278e-01
f_slope_b18         =  3.743054e-01
f_rr_ratio_b19      =  2.276300e-01
f_rr_asym_b19       =  3.522608e-01
f_instab_l0_b19     =  1.658054e-01
f_instab_l1_b19     =  1.282076e-01
f_pwave_b19         =  4.031689e-01
f_width_b19         =  2.008876e-01
f_sym_b19           =  3.801916e-01
f_slope_b19         =  3.749440e-01
f_rr_ratio_b20      =  2.274033e-01
f_rr_asym_b20       =  3.520205e-01
f_instab_l0_b20     =  1.658038e-01
f_instab_l1_b20     =  1.282076e-01
f_pwave_b20         =  4.033761e-01
f_width_b20         =  1.605289e-01
f_sym_b20           =  3.812408e-01
f_slope_b20         =  3.643475e-01
f_rr_ratio_b21      =  2.277811e-01
f_rr_asym_b21       =  3.524214e-01
f_instab_l0_b21     =  1.654467e-01
f_instab_l1_b21     =  1.282076e-01
f_pwave_b21         =  3.915235e-01
f_width_b21         =  1.469776e-01
f_sym_b21           =  3.732007e-01
f_slope_b21         =  3.743355e-01
f_rr_ratio_b22      =  2.248027e-01
f_rr_asym_b22       =  3.492633e-01
f_instab_l0_b22     =  1.658803e-01
f_instab_l1_b22     =  1.282076e-01
f_pwave_b22         =  3.807495e-01
f_width_b22         =  1.730762e-01
f_sym_b22           =  3.802690e-01
f_slope_b22         =  3.752224e-01
f_rr_ratio_b23      =  2.271304e-01
f_rr_asym_b23       =  3.517317e-01
f_instab_l0_b23     =  1.658105e-01
f_instab_l1_b23     =  1.282076e-01
f_pwave_b23         =  4.000190e-01
f_width_b23         =  1.563716e-01
f_sym_b23           =  3.732466e-01
f_slope_b23         =  3.743177e-01
f_rr_ratio_b24      =  2.277054e-01
f_rr_asym_b24       =  3.523409e-01
f_instab_l0_b24     =  1.655137e-01
f_instab_l1_b24     =  1.282076e-01
f_pwave_b24         =  3.881275e-01
f_width_b24         =  1.840839e-01
f_sym_b24           =  3.801819e-01
f_slope_b24         =  3.752225e-01
f_rr_ratio_b25      =  2.273717e-01
f_rr_asym_b25       =  3.519871e-01
f_instab_l0_b25     =  1.657191e-01
f_instab_l1_b25     =  1.282076e-01
f_pwave_b25         =  4.031953e-01
f_width_b25         =  1.509147e-01
f_sym_b25           =  3.812266e-01
f_slope_b25         =  3.749867e-01
f_rr_ratio_b26      =  2.268788e-01
f_rr_asym_b26       =  3.514655e-01
f_instab_l0_b26     =  1.658304e-01
f_instab_l1_b26     =  1.282076e-01
f_pwave_b26         =  3.968789e-01
f_width_b26         =  1.707857e-01
f_sym_b26           =  3.732315e-01
f_slope_b26         =  3.848982e-01
f_rr_ratio_b27      =  2.246000e-01
f_rr_asym_b27       =  3.490476e-01
f_instab_l0_b27     =  1.659096e-01
f_instab_l1_b27     =  1.282076e-01
f_pwave_b27         =  3.809370e-01
f_width_b27         =  2.221189e-01
f_sym_b27           =  3.802931e-01
f_slope_b27         =  3.643250e-01
f_rr_ratio_b28      =  2.276749e-01
f_rr_asym_b28       =  3.523084e-01
f_instab_l0_b28     =  1.657726e-01
f_instab_l1_b28     =  1.282076e-01
f_pwave_b28         =  3.930590e-01
f_width_b28         =  1.847499e-01
f_sym_b28           =  3.732349e-01
f_slope_b28         =  3.642754e-01
f_rr_ratio_b29      =  2.269419e-01
f_rr_asym_b29       =  3.515323e-01
f_instab_l0_b29     =  1.658666e-01
f_instab_l1_b29     =  1.282076e-01
f_pwave_b29         =  3.802048e-01
f_width_b29         =  1.795623e-01
f_sym_b29           =  3.802391e-01
f_slope_b29         =  3.643299e-01
f_rr_ratio_b30      =  2.273873e-01
f_rr_asym_b30       =  3.520036e-01
f_instab_l0_b30     =  1.658309e-01
f_instab_l1_b30     =  1.282076e-01
f_pwave_b30         =  3.848752e-01
f_width_b30         =  1.681645e-01
f_sym_b30           =  3.812002e-01
f_slope_b30         =  3.752211e-01
f_rr_ratio_b31      =  2.276302e-01
f_rr_asym_b31       =  3.522610e-01
f_instab_l0_b31     =  1.658038e-01
f_instab_l1_b31     =  1.282076e-01
f_pwave_b31         =  4.020756e-01
f_width_b31         =  1.823494e-01
f_sym_b31           =  3.732271e-01
f_slope_b31         =  3.745672e-01
f_rr_ratio_b32      =  2.278478e-01
f_rr_asym_b32       =  3.524927e-01
f_instab_l0_b32     =  1.658740e-01
f_instab_l1_b32     =  1.282076e-01
f_pwave_b32         =  4.033404e-01
f_width_b32         =  2.355032e-01
f_sym_b32           =  3.801245e-01
f_slope_b32         =  3.752223e-01
f_rr_ratio_b33      =  2.268467e-01
f_rr_asym_b33       =  3.514315e-01
f_instab_l0_b33     =  1.658431e-01
f_instab_l1_b33     =  1.282076e-01
f_pwave_b33         =  3.812267e-01
f_width_b33         =  1.603654e-01
f_sym_b33           =  3.812495e-01
f_slope_b33         =  3.752215e-01
f_rr_ratio_b34      =  2.277368e-01
f_rr_asym_b34       =  3.523742e-01
f_instab_l0_b34     =  1.654435e-01
f_instab_l1_b34     =  1.282076e-01
f_pwave_b34         =  4.031837e-01
f_width_b34         =  1.281051e-01
f_sym_b34           =  3.732102e-01
f_slope_b34         =  3.846899e-01
f_rr_ratio_b35      =  2.273716e-01
f_rr_asym_b35       =  3.519870e-01
f_instab_l0_b35     =  1.658121e-01
f_instab_l1_b35     =  1.282076e-01
f_pwave_b35         =  3.979197e-01
f_width_b35         =  1.804804e-01
f_sym_b35           =  3.802447e-01
f_slope_b35         =  3.646111e-01
f_rr_ratio_b36      =  2.243870e-01
f_rr_asym_b36       =  3.488208e-01
f_instab_l0_b36     =  1.656214e-01
f_instab_l1_b36     =  1.282076e-01
f_pwave_b36         =  4.032321e-01
f_width_b36         =  1.111871e-01
f_sym_b36           =  3.732711e-01
f_slope_b36         =  3.743657e-01
f_rr_ratio_b37      =  2.006717e-01
f_rr_asym_b37       =  3.225241e-01
f_instab_l0_b37     =  1.659084e-01
f_instab_l1_b37     =  1.282076e-01
f_pwave_b37         =  4.032087e-01
f_width_b37         =  1.831144e-01
f_sym_b37           =  3.803622e-01
f_slope_b37         =  3.643265e-01
f_rr_ratio_b38      =  2.266897e-01
f_rr_asym_b38       =  3.512654e-01
f_instab_l0_b38     =  1.658411e-01
f_instab_l1_b38     =  1.282076e-01
f_pwave_b38         =  3.840804e-01
f_width_b38         =  1.625950e-01
f_sym_b38           =  3.812700e-01
f_slope_b38         =  3.645974e-01
f_rr_ratio_b39      =  2.268788e-01
f_rr_asym_b39       =  3.514654e-01
f_instab_l0_b39     =  1.658144e-01
f_instab_l1_b39     =  1.282076e-01
f_pwave_b39         =  3.948633e-01
f_width_b39         =  1.685007e-01
f_sym_b39           =  3.812493e-01
f_slope_b39         =  3.749699e-01


Total analysis time (seconds) = 55.255

Total elapsed time (seconds) = 72.569 

Total DRAM available = 15982.191 MB.
DRAM currently available =  987.988 MB.
Maximum ngspice program size =  154.688 MB.
Current ngspice program size =  154.688 MB.

