Using SPARSE 1.3 as Direct Linear Solver
Note: Starting dynamic gmin stepping
Note: Dynamic gmin stepping completed

Note: No compatibility mode selected!


Circuit: accuracy_batch_5

Doing analysis at TEMP = 27.000000 and TNOM = 27.000000


Initial Transient Solution
--------------------------

Node                                   Voltage
----                                   -------
vdd                                        0.9
vss                                          0
vbias                                     0.35
vref                                      0.45
ecg_in                                    0.25
ecg_in_l1                                 0.25
rpeak_trigger                                0
qrs_gate                                     0
qrs_sym_gate                                 0
pwave_gate                                   0
xrr.rpeak_bar                              0.9
xrr.net_timer                      1.91447e-06
xrr.xctimer.a                                0
xrr.xctimer.b1                               0
xrr.tail_r                           0.0546598
xrr.net_r1                             0.46929
f_rr_ratio                            0.130959
xrr.mid_ref                           0.218464
xrr.tail_a                          0.00433493
xrr.net_a1                             0.40478
f_rr_asym                             0.195574
xinstab0.qrs_gate_bar                      0.9
xinstab0.xota_pk.net1                 0.399253
xinstab0.net_pk_raw                0.000109329
xinstab0.peak_node                 3.46089e-06
xinstab0.xota_pk.net_tail          2.68835e-05
xinstab0.net_pk_gated                      0.9
xinstab0.xcpeak.a                            0
xinstab0.xcpeak.b1                           0
peak_out_l0                        3.46089e-06
xinstab0.tail_i                       0.112023
xinstab0.net_i1                       0.537961
f_instab_l0                           0.128208
xinstab1.qrs_gate_bar                      0.9
xinstab1.xota_pk.net1                 0.399253
xinstab1.net_pk_raw                0.000109329
xinstab1.peak_node                 3.46089e-06
xinstab1.xota_pk.net_tail          2.68835e-05
xinstab1.net_pk_gated                      0.9
xinstab1.xcpeak.a                            0
xinstab1.xcpeak.b1                           0
peak_out_l1                        3.46089e-06
xinstab1.tail_i                       0.112023
xinstab1.net_i1                       0.537961
f_instab_l1                           0.128208
xpwave.xota_hpf_lp.net1               0.171615
xpwave.hpf_vlp                        0.249366
xpwave.xota_hpf_lp.net_tail         0.00970674
xpwave.xchpf_lp.a                            0
xpwave.xchpf_lp.b1                           0
xpwave.xota_hpf_sub.net1              0.171615
xpwave.bpf_mid                        0.249366
xpwave.xota_hpf_sub.net_tail        0.00970674
xpwave.xota_lpf.net1                  0.172056
xpwave.bpf_pw                           0.2487
xpwave.xota_lpf.net_tail            0.00956573
xpwave.xclpf.a                               0
xpwave.xclpf.b1                              0
xpwave.pwave_gate_bar                      0.9
xpwave.vbias_pk                    4.52517e-10
xpwave.xota_pk.net1                   0.371126
xpwave.net_pk_cmp                  1.16348e-09
xpwave.xota_pk.net_tail               0.165873
f_pwave                              0.0160234
xpwave.net_pk_cmp_bar                      0.9
xpwave.xcpk.a                                0
xpwave.xcpk.b1                               0
xwidth.xota_wcmp.net1                 0.171633
xwidth.width_cmp_out                0.00987155
xwidth.xota_wcmp.net_tail           0.00972096
xwidth.qrs_gate_bar                        0.9
xwidth.width_gate_gated            1.41373e-10
xwidth.net_w_bias                          0.9
xwidth.net_w_sw                       0.226117
f_width                             0.00253791
xwidth.xcwidth.a                             0
xwidth.xcwidth.b1                            0
xsym.qrs_onset_bar                         0.9
xsym.rpeak_bar                             0.9
xsym.net_latch                     4.16118e-11
xsym.xclatch.a                               0
xsym.xclatch.b1                              0
xsym.net_latch_bar                         0.9
xsym.net_rise_bias                         0.9
xsym.net_rise_sw                      0.197215
xsym.rise_timer                    4.15428e-11
xsym.xcrise.a                                0
xsym.xcrise.b1                               0
rise_timer_out                     4.15428e-11
xsym.net_fall_bias                         0.9
xsym.net_fall_sw                      0.197215
xsym.fall_timer                     0.00253791
xsym.xcfall.a                                0
xsym.xcfall.b1                               0
fall_timer_out                      0.00253791
xsym.tail_s                         2.8926e-05
xsym.net_sy1                          0.399259
f_sym                                 0.396846
xslope.tail_sl                      2.8926e-05
xslope.net_sl1                        0.396846
f_slope                               0.399259
vpwave#branch                                0
vsym#branch                                  0
vqrs#branch                                  0
vrpeak#branch                                0
vecg2#branch                                 0
vecg#branch                                  0
vref#branch                                  0
vbias#branch                      -1.29081e-13
vss#branch                          8.0044e-10
vdd#branch                        -8.00312e-10


No. of Data Rows : 84966

  Measurements for Transient Analysis

f_rr_ratio_b0       =  1.309588e-01
f_rr_asym_b0        =  1.955743e-01
f_instab_l0_b0      =  1.656857e-01
f_instab_l1_b0      =  1.299382e-01
f_pwave_b0          =  4.021000e-01
f_width_b0          =  5.497509e-02
f_sym_b0            =  3.758586e-01
f_slope_b0          =  3.746273e-01
f_rr_ratio_b1       =  2.277868e-01
f_rr_asym_b1        =  3.524274e-01
f_instab_l0_b1      =  1.282076e-01
f_instab_l1_b1      =  1.285351e-01
f_pwave_b1          =  4.002988e-01
f_width_b1          =  1.328205e-01
f_sym_b1            =  3.377121e-01
f_slope_b1          =  3.442519e-01
f_rr_ratio_b2       =  2.250826e-01
f_rr_asym_b2        =  3.495610e-01
f_instab_l0_b2      =  1.656954e-01
f_instab_l1_b2      =  1.293517e-01
f_pwave_b2          =  4.010647e-01
f_width_b2          =  5.026187e-02
f_sym_b2            =  3.784188e-01
f_slope_b2          =  3.750741e-01
f_rr_ratio_b3       =  2.277998e-01
f_rr_asym_b3        =  3.524414e-01
f_instab_l0_b3      =  1.282076e-01
f_instab_l1_b3      =  1.286095e-01
f_pwave_b3          =  4.018171e-01
f_width_b3          =  1.192510e-01
f_sym_b3            =  3.377229e-01
f_slope_b3          =  3.442481e-01
f_rr_ratio_b4       =  2.260928e-01
f_rr_asym_b4        =  3.506331e-01
f_instab_l0_b4      =  1.651725e-01
f_instab_l1_b4      =  1.295281e-01
f_pwave_b4          =  4.005122e-01
f_width_b4          =  2.752174e-02
f_sym_b4            =  3.718060e-01
f_slope_b4          =  3.746205e-01
f_rr_ratio_b5       =  2.277547e-01
f_rr_asym_b5        =  3.523932e-01
f_instab_l0_b5      =  1.282076e-01
f_instab_l1_b5      =  1.286426e-01
f_pwave_b5          =  3.995298e-01
f_width_b5          =  1.207213e-01
f_sym_b5            =  3.499278e-01
f_slope_b5          =  3.442094e-01
f_rr_ratio_b6       =  2.267041e-01
f_rr_asym_b6        =  3.512806e-01
f_instab_l0_b6      =  1.657313e-01
f_instab_l1_b6      =  1.295268e-01
f_pwave_b6          =  4.006354e-01
f_width_b6          =  5.577404e-02
f_sym_b6            =  3.720308e-01
f_slope_b6          =  3.745761e-01
f_rr_ratio_b7       =  2.278051e-01
f_rr_asym_b7        =  3.524470e-01
f_instab_l0_b7      =  1.282076e-01
f_instab_l1_b7      =  1.284570e-01
f_pwave_b7          =  4.015368e-01
f_width_b7          =  1.463790e-01
f_sym_b7            =  3.377113e-01
f_slope_b7          =  3.444164e-01
f_rr_ratio_b8       =  2.257136e-01
f_rr_asym_b8        =  3.502311e-01
f_instab_l0_b8      =  1.630792e-01
f_instab_l1_b8      =  1.290369e-01
f_pwave_b8          =  4.008744e-01
f_width_b8          =  1.061497e-02
f_sym_b8            =  3.718205e-01
f_slope_b8          =  3.848428e-01
f_rr_ratio_b9       =  2.276743e-01
f_rr_asym_b9        =  3.523078e-01
f_instab_l0_b9      =  1.282076e-01
f_instab_l1_b9      =  1.287123e-01
f_pwave_b9          =  3.979294e-01
f_width_b9          =  1.021959e-01
f_sym_b9            =  3.151974e-01
f_slope_b9          =  3.344995e-01
f_rr_ratio_b10      =  2.217712e-01
f_rr_asym_b10       =  3.460219e-01
f_instab_l0_b10     =  1.649697e-01
f_instab_l1_b10     =  1.291420e-01
f_pwave_b10         =  4.011982e-01
f_width_b10         =  2.278605e-02
f_sym_b10           =  3.715290e-01
f_slope_b10         =  3.849689e-01
f_rr_ratio_b11      =  2.277779e-01
f_rr_asym_b11       =  3.524180e-01
f_instab_l0_b11     =  1.282076e-01
f_instab_l1_b11     =  1.284323e-01
f_pwave_b11         =  3.993047e-01
f_width_b11         =  1.404398e-01
f_sym_b11           =  3.261789e-01
f_slope_b11         =  3.344204e-01
f_rr_ratio_b12      =  2.268793e-01
f_rr_asym_b12       =  3.514660e-01
f_instab_l0_b12     =  1.495047e-01
f_instab_l1_b12     =  1.287624e-01
f_pwave_b12         =  4.008380e-01
f_width_b12         =  2.401242e-03
f_sym_b12           =  1.727886e-01
f_slope_b12         =  3.909052e-01
f_rr_ratio_b13      =  2.273013e-01
f_rr_asym_b13       =  3.519126e-01
f_instab_l0_b13     =  1.570944e-01
f_instab_l1_b13     =  1.286191e-01
f_pwave_b13         =  3.989223e-01
f_width_b13         =  1.189753e-02
f_sym_b13           =  2.941137e-01
f_slope_b13         =  3.840815e-01
f_rr_ratio_b14      =  2.274744e-01
f_rr_asym_b14       =  3.520958e-01
f_instab_l0_b14     =  1.574442e-01
f_instab_l1_b14     =  1.287572e-01
f_pwave_b14         =  3.990687e-01
f_width_b14         =  4.944579e-02
f_sym_b14           =  1.654460e-01
f_slope_b14         =  3.836221e-01
f_rr_ratio_b15      =  2.275957e-01
f_rr_asym_b15       =  3.522244e-01
f_instab_l0_b15     =  1.641302e-01
f_instab_l1_b15     =  1.285866e-01
f_pwave_b15         =  3.981013e-01
f_width_b15         =  2.912375e-02
f_sym_b15           =  2.941228e-01
f_slope_b15         =  3.741380e-01
f_rr_ratio_b16      =  2.274185e-01
f_rr_asym_b16       =  3.520367e-01
f_instab_l0_b16     =  1.657977e-01
f_instab_l1_b16     =  1.288307e-01
f_pwave_b16         =  3.993215e-01
f_width_b16         =  1.456113e-01
f_sym_b16           =  3.713432e-01
f_slope_b16         =  3.743519e-01
f_rr_ratio_b17      =  2.273547e-01
f_rr_asym_b17       =  3.519691e-01
f_instab_l0_b17     =  1.656591e-01
f_instab_l1_b17     =  1.289742e-01
f_pwave_b17         =  4.015122e-01
f_width_b17         =  1.612765e-01
f_sym_b17           =  3.727152e-01
f_slope_b17         =  3.745683e-01
f_rr_ratio_b18      =  2.268792e-01
f_rr_asym_b18       =  3.514659e-01
f_instab_l0_b18     =  1.653309e-01
f_instab_l1_b18     =  1.288973e-01
f_pwave_b18         =  4.017841e-01
f_width_b18         =  1.407264e-01
f_sym_b18           =  3.727307e-01
f_slope_b18         =  3.743419e-01
f_rr_ratio_b19      =  2.270805e-01
f_rr_asym_b19       =  3.516789e-01
f_instab_l0_b19     =  1.658179e-01
f_instab_l1_b19     =  1.291507e-01
f_pwave_b19         =  4.030065e-01
f_width_b19         =  1.885463e-01
f_sym_b19           =  3.727206e-01
f_slope_b19         =  3.742931e-01
f_rr_ratio_b20      =  2.274994e-01
f_rr_asym_b20       =  3.521223e-01
f_instab_l0_b20     =  1.658572e-01
f_instab_l1_b20     =  1.287824e-01
f_pwave_b20         =  4.012643e-01
f_width_b20         =  2.207493e-01
f_sym_b20           =  3.727074e-01
f_slope_b20         =  3.742826e-01
f_rr_ratio_b21      =  2.275862e-01
f_rr_asym_b21       =  3.522143e-01
f_instab_l0_b21     =  1.657375e-01
f_instab_l1_b21     =  1.286495e-01
f_pwave_b21         =  3.978298e-01
f_width_b21         =  2.074068e-01
f_sym_b21           =  3.727032e-01
f_slope_b21         =  3.742846e-01
f_rr_ratio_b22      =  2.264060e-01
f_rr_asym_b22       =  3.509650e-01
f_instab_l0_b22     =  1.641332e-01
f_instab_l1_b22     =  1.289632e-01
f_pwave_b22         =  4.004751e-01
f_width_b22         =  1.128136e-01
f_sym_b22           =  3.727303e-01
f_slope_b22         =  3.847163e-01
f_rr_ratio_b23      =  2.277164e-01
f_rr_asym_b23       =  3.523526e-01
f_instab_l0_b23     =  1.282076e-01
f_instab_l1_b23     =  1.284689e-01
f_pwave_b23         =  3.986959e-01
f_width_b23         =  1.123085e-01
f_sym_b23           =  3.377126e-01
f_slope_b23         =  3.442546e-01
f_rr_ratio_b24      =  2.265846e-01
f_rr_asym_b24       =  3.511541e-01
f_instab_l0_b24     =  1.648673e-01
f_instab_l1_b24     =  1.291529e-01
f_pwave_b24         =  4.017620e-01
f_width_b24         =  1.738299e-02
f_sym_b24           =  3.718146e-01
f_slope_b24         =  3.848182e-01
f_rr_ratio_b25      =  2.278151e-01
f_rr_asym_b25       =  3.524576e-01
f_instab_l0_b25     =  1.282076e-01
f_instab_l1_b25     =  1.286201e-01
f_pwave_b25         =  4.024718e-01
f_width_b25         =  1.403164e-01
f_sym_b25           =  3.377120e-01
f_slope_b25         =  3.442442e-01
f_rr_ratio_b26      =  2.053835e-01
f_rr_asym_b26       =  3.279230e-01
f_instab_l0_b26     =  1.631986e-01
f_instab_l1_b26     =  1.295725e-01
f_pwave_b26         =  3.995191e-01
f_width_b26         =  1.563658e-02
f_sym_b26           =  2.738572e-01
f_slope_b26         =  3.841880e-01
f_rr_ratio_b27      =  2.277778e-01
f_rr_asym_b27       =  3.524178e-01
f_instab_l0_b27     =  1.282076e-01
f_instab_l1_b27     =  1.284828e-01
f_pwave_b27         =  4.015673e-01
f_width_b27         =  9.769329e-02
f_sym_b27           =  3.380870e-01
f_slope_b27         =  3.442730e-01
f_rr_ratio_b28      =  2.277323e-01
f_rr_asym_b28       =  3.523695e-01
f_instab_l0_b28     =  1.655654e-01
f_instab_l1_b28     =  1.293658e-01
f_pwave_b28         =  4.001985e-01
f_width_b28         =  8.207914e-01
f_sym_b28           =  3.501364e-01
f_slope_b28         =  2.947993e-01
f_rr_ratio_b29      =  1.479998e-01
f_rr_asym_b29       =  2.456414e-01
f_instab_l0_b29     =  1.658391e-01
f_instab_l1_b29     =  1.291901e-01
f_pwave_b29         =  4.005669e-01
f_width_b29         =  3.402898e-01
f_sym_b29           =  3.789639e-01
f_slope_b29         =  3.749494e-01
f_rr_ratio_b30      =  2.278034e-01
f_rr_asym_b30       =  3.524451e-01
f_instab_l0_b30     =  1.282076e-01
f_instab_l1_b30     =  1.284413e-01
f_pwave_b30         =  3.973804e-01
f_width_b30         =  1.176758e-01
f_sym_b30           =  3.499878e-01
f_slope_b30         =  3.442121e-01
f_rr_ratio_b31      =  2.198751e-01
f_rr_asym_b31       =  3.439777e-01
f_instab_l0_b31     =  1.658244e-01
f_instab_l1_b31     =  1.287429e-01
f_pwave_b31         =  4.027114e-01
f_width_b31         =  7.510685e-02
f_sym_b31           =  3.789342e-01
f_slope_b31         =  3.750619e-01
f_rr_ratio_b32      =  2.277813e-01
f_rr_asym_b32       =  3.524216e-01
f_instab_l0_b32     =  1.282075e-01
f_instab_l1_b32     =  1.285977e-01
f_pwave_b32         =  4.002906e-01
f_width_b32         =  1.089569e-01
f_sym_b32           =  3.500230e-01
f_slope_b32         =  3.343498e-01
f_rr_ratio_b33      =  2.278530e-01
f_rr_asym_b33       =  3.524983e-01
f_instab_l0_b33     =  1.655662e-01
f_instab_l1_b33     =  1.283017e-01
f_pwave_b33         =  3.893561e-01
f_width_b33         =  3.634383e-01
f_sym_b33           =  3.618234e-01
f_slope_b33         =  3.440685e-01
f_rr_ratio_b34      =  1.480028e-01
f_rr_asym_b34       =  2.456479e-01
f_instab_l0_b34     =  1.658496e-01
f_instab_l1_b34     =  1.285701e-01
f_pwave_b34         =  4.001832e-01
f_width_b34         =  2.033920e-01
f_sym_b34           =  3.724128e-01
f_slope_b34         =  3.742847e-01
f_rr_ratio_b35      =  2.275989e-01
f_rr_asym_b35       =  3.522278e-01
f_instab_l0_b35     =  1.282076e-01
f_instab_l1_b35     =  1.283162e-01
f_pwave_b35         =  3.962604e-01
f_width_b35         =  1.336863e-01
f_sym_b35           =  3.377122e-01
f_slope_b35         =  3.444167e-01
f_rr_ratio_b36      =  2.183358e-01
f_rr_asym_b36       =  3.423088e-01
f_instab_l0_b36     =  1.629151e-01
f_instab_l1_b36     =  1.286482e-01
f_pwave_b36         =  4.010171e-01
f_width_b36         =  1.035363e-02
f_sym_b36           =  2.941139e-01
f_slope_b36         =  3.840240e-01
f_rr_ratio_b37      =  2.269072e-01
f_rr_asym_b37       =  3.514956e-01
f_instab_l0_b37     =  1.658302e-01
f_instab_l1_b37     =  1.288250e-01
f_pwave_b37         =  4.005256e-01
f_width_b37         =  1.644181e-01
f_sym_b37           =  3.713411e-01
f_slope_b37         =  3.743340e-01
f_rr_ratio_b38      =  2.273543e-01
f_rr_asym_b38       =  3.519687e-01
f_instab_l0_b38     =  1.657349e-01
f_instab_l1_b38     =  1.286581e-01
f_pwave_b38         =  3.951488e-01
f_width_b38         =  1.541963e-01
f_sym_b38           =  3.727176e-01
f_slope_b38         =  3.743233e-01
f_rr_ratio_b39      =  2.272628e-01
f_rr_asym_b39       =  3.518719e-01
f_instab_l0_b39     =  1.602350e-01
f_instab_l1_b39     =  1.285698e-01
f_pwave_b39         =  4.015892e-01
f_width_b39         =  1.046955e-01
f_sym_b39           =  3.727176e-01
f_slope_b39         =  3.847356e-01


Total analysis time (seconds) = 63.977

Total elapsed time (seconds) = 6769.235 

Total DRAM available = 15982.191 MB.
DRAM currently available = 1006.055 MB.
Maximum ngspice program size =  155.090 MB.
Current ngspice program size =  154.500 MB.

