Using SPARSE 1.3 as Direct Linear Solver
Note: Starting dynamic gmin stepping
Note: Dynamic gmin stepping completed

Note: No compatibility mode selected!


Circuit: accuracy_batch_7

Doing analysis at TEMP = 27.000000 and TNOM = 27.000000


Initial Transient Solution
--------------------------

Node                                   Voltage
----                                   -------
vdd                                        0.9
vss                                          0
vbias                                     0.35
vref                                      0.45
ecg_in                                    0.25
ecg_in_l1                                 0.25
rpeak_trigger                                0
qrs_gate                                     0
qrs_sym_gate                                 0
pwave_gate                                   0
xrr.rpeak_bar                              0.9
xrr.net_timer                      1.91447e-06
xrr.xctimer.a                                0
xrr.xctimer.b1                               0
xrr.tail_r                           0.0546598
xrr.net_r1                             0.46929
f_rr_ratio                            0.130959
xrr.mid_ref                           0.218464
xrr.tail_a                          0.00433493
xrr.net_a1                             0.40478
f_rr_asym                             0.195574
xinstab0.qrs_gate_bar                      0.9
xinstab0.xota_pk.net1                 0.399253
xinstab0.net_pk_raw                0.000109329
xinstab0.peak_node                 3.46089e-06
xinstab0.xota_pk.net_tail          2.68835e-05
xinstab0.net_pk_gated                      0.9
xinstab0.xcpeak.a                            0
xinstab0.xcpeak.b1                           0
peak_out_l0                        3.46089e-06
xinstab0.tail_i                       0.112023
xinstab0.net_i1                       0.537961
f_instab_l0                           0.128208
xinstab1.qrs_gate_bar                      0.9
xinstab1.xota_pk.net1                 0.399253
xinstab1.net_pk_raw                0.000109329
xinstab1.peak_node                 3.46089e-06
xinstab1.xota_pk.net_tail          2.68835e-05
xinstab1.net_pk_gated                      0.9
xinstab1.xcpeak.a                            0
xinstab1.xcpeak.b1                           0
peak_out_l1                        3.46089e-06
xinstab1.tail_i                       0.112023
xinstab1.net_i1                       0.537961
f_instab_l1                           0.128208
xpwave.xota_hpf_lp.net1               0.171615
xpwave.hpf_vlp                        0.249366
xpwave.xota_hpf_lp.net_tail         0.00970674
xpwave.xchpf_lp.a                            0
xpwave.xchpf_lp.b1                           0
xpwave.xota_hpf_sub.net1              0.171615
xpwave.bpf_mid                        0.249366
xpwave.xota_hpf_sub.net_tail        0.00970674
xpwave.xota_lpf.net1                  0.172056
xpwave.bpf_pw                           0.2487
xpwave.xota_lpf.net_tail            0.00956573
xpwave.xclpf.a                               0
xpwave.xclpf.b1                              0
xpwave.pwave_gate_bar                      0.9
xpwave.vbias_pk                    4.52517e-10
xpwave.xota_pk.net1                   0.371126
xpwave.net_pk_cmp                  1.16348e-09
xpwave.xota_pk.net_tail               0.165873
f_pwave                              0.0160234
xpwave.net_pk_cmp_bar                      0.9
xpwave.xcpk.a                                0
xpwave.xcpk.b1                               0
xwidth.xota_wcmp.net1                 0.171633
xwidth.width_cmp_out                0.00987155
xwidth.xota_wcmp.net_tail           0.00972096
xwidth.qrs_gate_bar                        0.9
xwidth.width_gate_gated            1.41373e-10
xwidth.net_w_bias                          0.9
xwidth.net_w_sw                       0.226117
f_width                             0.00253791
xwidth.xcwidth.a                             0
xwidth.xcwidth.b1                            0
xsym.qrs_onset_bar                         0.9
xsym.rpeak_bar                             0.9
xsym.net_latch                     4.16118e-11
xsym.xclatch.a                               0
xsym.xclatch.b1                              0
xsym.net_latch_bar                         0.9
xsym.net_rise_bias                         0.9
xsym.net_rise_sw                      0.197215
xsym.rise_timer                    4.15428e-11
xsym.xcrise.a                                0
xsym.xcrise.b1                               0
rise_timer_out                     4.15428e-11
xsym.net_fall_bias                         0.9
xsym.net_fall_sw                      0.197215
xsym.fall_timer                     0.00253791
xsym.xcfall.a                                0
xsym.xcfall.b1                               0
fall_timer_out                      0.00253791
xsym.tail_s                         2.8926e-05
xsym.net_sy1                          0.399259
f_sym                                 0.396846
xslope.tail_sl                      2.8926e-05
xslope.net_sl1                        0.396846
f_slope                               0.399259
vpwave#branch                                0
vsym#branch                                  0
vqrs#branch                                  0
vrpeak#branch                                0
vecg2#branch                                 0
vecg#branch                                  0
vref#branch                                  0
vbias#branch                      -1.29081e-13
vss#branch                          8.0044e-10
vdd#branch                        -8.00312e-10


No. of Data Rows : 107533

  Measurements for Transient Analysis

f_rr_ratio_b0       =  1.309588e-01
f_rr_asym_b0        =  1.955743e-01
f_instab_l0_b0      =  1.650970e-01
f_instab_l1_b0      =  1.283226e-01
f_pwave_b0          =  4.028996e-01
f_width_b0          =  1.676912e-02
f_sym_b0            =  3.934514e-01
f_slope_b0          =  3.766401e-01
f_rr_ratio_b1       =  2.119551e-01
f_rr_asym_b1        =  3.353000e-01
f_instab_l0_b1      =  1.656135e-01
f_instab_l1_b1      =  1.284008e-01
f_pwave_b1          =  4.015175e-01
f_width_b1          =  4.911426e-02
f_sym_b1            =  3.875909e-01
f_slope_b1          =  3.764328e-01
f_rr_ratio_b2       =  2.196371e-01
f_rr_asym_b2        =  3.437203e-01
f_instab_l0_b2      =  1.651755e-01
f_instab_l1_b2      =  1.285513e-01
f_pwave_b2          =  3.994893e-01
f_width_b2          =  2.958023e-02
f_sym_b2            =  3.875657e-01
f_slope_b2          =  3.868885e-01
f_rr_ratio_b3       =  1.310068e-01
f_rr_asym_b3        =  1.958111e-01
f_instab_l0_b3      =  1.658389e-01
f_instab_l1_b3      =  1.283310e-01
f_pwave_b3          =  3.966332e-01
f_width_b3          =  7.464788e-02
f_sym_b3            =  3.882006e-01
f_slope_b3          =  3.764912e-01
f_rr_ratio_b4       =  2.175179e-01
f_rr_asym_b4        =  3.414186e-01
f_instab_l0_b4      =  1.652450e-01
f_instab_l1_b4      =  1.285421e-01
f_pwave_b4          =  4.019052e-01
f_width_b4          =  4.399519e-02
f_sym_b4            =  3.875443e-01
f_slope_b4          =  3.870118e-01
f_rr_ratio_b5       =  2.236690e-01
f_rr_asym_b5        =  3.480550e-01
f_instab_l0_b5      =  1.655162e-01
f_instab_l1_b5      =  1.284756e-01
f_pwave_b5          =  4.011234e-01
f_width_b5          =  5.199656e-02
f_sym_b5            =  3.877820e-01
f_slope_b5          =  3.791836e-01
f_rr_ratio_b6       =  2.165605e-01
f_rr_asym_b6        =  3.403735e-01
f_instab_l0_b6      =  1.657739e-01
f_instab_l1_b6      =  1.284492e-01
f_pwave_b6          =  4.017382e-01
f_width_b6          =  6.139331e-02
f_sym_b6            =  3.921314e-01
f_slope_b6          =  3.791746e-01
f_rr_ratio_b7       =  2.158983e-01
f_rr_asym_b7        =  3.396487e-01
f_instab_l0_b7      =  1.654844e-01
f_instab_l1_b7      =  1.285378e-01
f_pwave_b7          =  3.981776e-01
f_width_b7          =  3.401737e-02
f_sym_b7            =  3.902671e-01
f_slope_b7          =  3.764452e-01
f_rr_ratio_b8       =  2.229569e-01
f_rr_asym_b8        =  3.472936e-01
f_instab_l0_b8      =  1.656427e-01
f_instab_l1_b8      =  1.285737e-01
f_pwave_b8          =  4.026916e-01
f_width_b8          =  5.333986e-02
f_sym_b8            =  3.878419e-01
f_slope_b8          =  3.791832e-01
f_rr_ratio_b9       =  2.177791e-01
f_rr_asym_b9        =  3.417032e-01
f_instab_l0_b9      =  1.657588e-01
f_instab_l1_b9      =  1.285486e-01
f_pwave_b9          =  4.020893e-01
f_width_b9          =  5.795952e-02
f_sym_b9            =  3.921316e-01
f_slope_b9          =  3.791766e-01
f_rr_ratio_b10      =  2.158999e-01
f_rr_asym_b10       =  3.396504e-01
f_instab_l0_b10     =  1.656410e-01
f_instab_l1_b10     =  1.286804e-01
f_pwave_b10         =  4.029048e-01
f_width_b10         =  4.579021e-02
f_sym_b10           =  3.921399e-01
f_slope_b10         =  3.791846e-01
f_rr_ratio_b11      =  2.209899e-01
f_rr_asym_b11       =  3.451812e-01
f_instab_l0_b11     =  1.651148e-01
f_instab_l1_b11     =  1.284758e-01
f_pwave_b11         =  4.007910e-01
f_width_b11         =  2.580458e-02
f_sym_b11           =  2.443514e-01
f_slope_b11         =  3.748907e-01
f_rr_ratio_b12      =  2.125565e-01
f_rr_asym_b12       =  3.359669e-01
f_instab_l0_b12     =  1.657222e-01
f_instab_l1_b12     =  1.285215e-01
f_pwave_b12         =  4.024583e-01
f_width_b12         =  5.935652e-02
f_sym_b12           =  2.345510e-01
f_slope_b12         =  3.751749e-01
f_rr_ratio_b13      =  2.028750e-01
f_rr_asym_b13       =  3.250609e-01
f_instab_l0_b13     =  1.653545e-01
f_instab_l1_b13     =  1.285265e-01
f_pwave_b13         =  4.022416e-01
f_width_b13         =  2.758520e-02
f_sym_b13           =  2.250749e-01
f_slope_b13         =  3.756190e-01
f_rr_ratio_b14      =  2.198771e-01
f_rr_asym_b14       =  3.439800e-01
f_instab_l0_b14     =  1.651159e-01
f_instab_l1_b14     =  1.283857e-01
f_pwave_b14         =  3.988916e-01
f_width_b14         =  2.379238e-02
f_sym_b14           =  2.250415e-01
f_slope_b14         =  3.756302e-01
f_rr_ratio_b15      =  2.070027e-01
f_rr_asym_b15       =  3.297564e-01
f_instab_l0_b15     =  1.655913e-01
f_instab_l1_b15     =  1.283417e-01
f_pwave_b15         =  4.030454e-01
f_width_b15         =  4.237967e-02
f_sym_b15           =  2.250268e-01
f_slope_b15         =  3.755998e-01
f_rr_ratio_b16      =  1.878916e-01
f_rr_asym_b16       =  3.072886e-01
f_instab_l0_b16     =  1.648772e-01
f_instab_l1_b16     =  1.283726e-01
f_pwave_b16         =  4.006920e-01
f_width_b16         =  1.461739e-02
f_sym_b16           =  2.250186e-01
f_slope_b16         =  3.854829e-01
f_rr_ratio_b17      =  2.190447e-01
f_rr_asym_b17       =  3.430786e-01
f_instab_l0_b17     =  1.652415e-01
f_instab_l1_b17     =  1.282985e-01
f_pwave_b17         =  4.027077e-01
f_width_b17         =  3.022332e-02
f_sym_b17           =  2.250268e-01
f_slope_b17         =  3.756134e-01
f_rr_ratio_b18      =  2.052901e-01
f_rr_asym_b18       =  3.278169e-01
f_instab_l0_b18     =  1.652805e-01
f_instab_l1_b18     =  1.282775e-01
f_pwave_b18         =  4.016830e-01
f_width_b18         =  2.429507e-02
f_sym_b18           =  2.157709e-01
f_slope_b18         =  3.761474e-01
f_rr_ratio_b19      =  2.108290e-01
f_rr_asym_b19       =  3.340476e-01
f_instab_l0_b19     =  1.654242e-01
f_instab_l1_b19     =  1.283409e-01
f_pwave_b19         =  3.980700e-01
f_width_b19         =  3.601140e-02
f_sym_b19           =  2.346364e-01
f_slope_b19         =  3.751950e-01
f_rr_ratio_b20      =  2.217737e-01
f_rr_asym_b20       =  3.460246e-01
f_instab_l0_b20     =  1.654625e-01
f_instab_l1_b20     =  1.282931e-01
f_pwave_b20         =  3.990230e-01
f_width_b20         =  3.782008e-02
f_sym_b20           =  2.156620e-01
f_slope_b20         =  3.761304e-01
f_rr_ratio_b21      =  2.136961e-01
f_rr_asym_b21       =  3.372269e-01
f_instab_l0_b21     =  1.654002e-01
f_instab_l1_b21     =  1.282794e-01
f_pwave_b21         =  4.026400e-01
f_width_b21         =  2.947078e-02
f_sym_b21           =  2.066154e-01
f_slope_b21         =  3.768025e-01
f_rr_ratio_b22      =  2.137252e-01
f_rr_asym_b22       =  3.372590e-01
f_instab_l0_b22     =  1.643327e-01
f_instab_l1_b22     =  1.283753e-01
f_pwave_b22         =  4.021870e-01
f_width_b22         =  1.103632e-02
f_sym_b22           =  2.250197e-01
f_slope_b22         =  3.853542e-01
f_rr_ratio_b23      =  2.200313e-01
f_rr_asym_b23       =  3.441467e-01
f_instab_l0_b23     =  1.654884e-01
f_instab_l1_b23     =  1.282905e-01
f_pwave_b23         =  4.005936e-01
f_width_b23         =  3.752925e-02
f_sym_b23           =  2.345510e-01
f_slope_b23         =  3.751961e-01
f_rr_ratio_b24      =  2.041975e-01
f_rr_asym_b24       =  3.265732e-01
f_instab_l0_b24     =  1.657207e-01
f_instab_l1_b24     =  1.282684e-01
f_pwave_b24         =  3.973619e-01
f_width_b24         =  5.310033e-02
f_sym_b24           =  2.345510e-01
f_slope_b24         =  3.751800e-01
f_rr_ratio_b25      =  2.061545e-01
f_rr_asym_b25       =  3.287973e-01
f_instab_l0_b25     =  1.649592e-01
f_instab_l1_b25     =  1.283193e-01
f_pwave_b25         =  4.005403e-01
f_width_b25         =  1.685476e-02
f_sym_b25           =  3.691578e-01
f_slope_b25         =  3.905597e-01
f_rr_ratio_b26      =  2.174767e-01
f_rr_asym_b26       =  3.413737e-01
f_instab_l0_b26     =  1.654096e-01
f_instab_l1_b26     =  1.282678e-01
f_pwave_b26         =  3.975108e-01
f_width_b26         =  3.484854e-02
f_sym_b26           =  2.346989e-01
f_slope_b26         =  3.751921e-01
f_rr_ratio_b27      =  2.064704e-01
f_rr_asym_b27       =  3.291548e-01
f_instab_l0_b27     =  1.654746e-01
f_instab_l1_b27     =  1.282902e-01
f_pwave_b27         =  4.003295e-01
f_width_b27         =  3.506164e-02
f_sym_b27           =  2.250268e-01
f_slope_b27         =  3.756085e-01
f_rr_ratio_b28      =  2.066997e-01
f_rr_asym_b28       =  3.294141e-01
f_instab_l0_b28     =  1.655784e-01
f_instab_l1_b28     =  1.283808e-01
f_pwave_b28         =  4.029256e-01
f_width_b28         =  4.279067e-02
f_sym_b28           =  2.346656e-01
f_slope_b28         =  3.753595e-01
f_rr_ratio_b29      =  2.168672e-01
f_rr_asym_b29       =  3.407086e-01
f_instab_l0_b29     =  1.647323e-01
f_instab_l1_b29     =  1.283240e-01
f_pwave_b29         =  3.985101e-01
f_width_b29         =  1.334768e-02
f_sym_b29           =  2.156682e-01
f_slope_b29         =  3.761722e-01
f_rr_ratio_b30      =  2.053944e-01
f_rr_asym_b30       =  3.279353e-01
f_instab_l0_b30     =  1.652269e-01
f_instab_l1_b30     =  1.283144e-01
f_pwave_b30         =  3.997983e-01
f_width_b30         =  2.948721e-02
f_sym_b30           =  2.065383e-01
f_slope_b30         =  3.768094e-01
f_rr_ratio_b31      =  2.155562e-01
f_rr_asym_b31       =  3.392736e-01
f_instab_l0_b31     =  1.645627e-01
f_instab_l1_b31     =  1.284216e-01
f_pwave_b31         =  4.003970e-01
f_width_b31         =  1.205913e-02
f_sym_b31           =  2.251775e-01
f_slope_b31         =  3.757915e-01
f_rr_ratio_b32      =  2.201164e-01
f_rr_asym_b32       =  3.442386e-01
f_instab_l0_b32     =  1.656480e-01
f_instab_l1_b32     =  1.282880e-01
f_pwave_b32         =  4.026327e-01
f_width_b32         =  4.785850e-02
f_sym_b32           =  2.156616e-01
f_slope_b32         =  3.761200e-01
f_rr_ratio_b33      =  2.079300e-01
f_rr_asym_b33       =  3.308016e-01
f_instab_l0_b33     =  1.648566e-01
f_instab_l1_b33     =  1.282955e-01
f_pwave_b33         =  4.012239e-01
f_width_b33         =  1.379340e-02
f_sym_b33           =  2.156619e-01
f_slope_b33         =  3.761697e-01
f_rr_ratio_b34      =  2.082602e-01
f_rr_asym_b34       =  3.311729e-01
f_instab_l0_b34     =  1.637416e-01
f_instab_l1_b34     =  1.283844e-01
f_pwave_b34         =  4.009999e-01
f_width_b34         =  8.626746e-03
f_sym_b34           =  2.157932e-01
f_slope_b34         =  3.858371e-01
f_rr_ratio_b35      =  2.198783e-01
f_rr_asym_b35       =  3.439813e-01
f_instab_l0_b35     =  1.653176e-01
f_instab_l1_b35     =  1.283058e-01
f_pwave_b35         =  4.008807e-01
f_width_b35         =  3.687365e-02
f_sym_b35           =  2.065789e-01
f_slope_b35         =  3.767936e-01
f_rr_ratio_b36      =  2.059449e-01
f_rr_asym_b36       =  3.285599e-01
f_instab_l0_b36     =  1.655180e-01
f_instab_l1_b36     =  1.282923e-01
f_pwave_b36         =  4.029067e-01
f_width_b36         =  3.744817e-02
f_sym_b36           =  2.156616e-01
f_slope_b36         =  3.761314e-01
f_rr_ratio_b37      =  2.167227e-01
f_rr_asym_b37       =  3.405508e-01
f_instab_l0_b37     =  1.649290e-01
f_instab_l1_b37     =  1.284109e-01
f_pwave_b37         =  3.993136e-01
f_width_b37         =  1.570048e-02
f_sym_b37           =  2.065007e-01
f_slope_b37         =  3.768351e-01
f_rr_ratio_b38      =  2.159005e-01
f_rr_asym_b38       =  3.396511e-01
f_instab_l0_b38     =  1.650704e-01
f_instab_l1_b38     =  1.282872e-01
f_pwave_b38         =  4.011304e-01
f_width_b38         =  2.375723e-02
f_sym_b38           =  2.157564e-01
f_slope_b38         =  3.761520e-01
f_rr_ratio_b39      =  2.125525e-01
f_rr_asym_b39       =  3.359624e-01
f_instab_l0_b39     =  1.653700e-01
f_instab_l1_b39     =  1.282880e-01
f_pwave_b39         =  4.029664e-01
f_width_b39         =  2.942363e-02
f_sym_b39           =  2.156940e-01
f_slope_b39         =  3.761407e-01


Total analysis time (seconds) = 69.467

Total elapsed time (seconds) = 87.502 

Total DRAM available = 15982.191 MB.
DRAM currently available = 1251.770 MB.
Maximum ngspice program size =  157.555 MB.
Current ngspice program size =  157.555 MB.

