Using SPARSE 1.3 as Direct Linear Solver
Note: Starting dynamic gmin stepping
Note: Dynamic gmin stepping completed

Note: No compatibility mode selected!


Circuit: accuracy_batch_8

Doing analysis at TEMP = 27.000000 and TNOM = 27.000000


Initial Transient Solution
--------------------------

Node                                   Voltage
----                                   -------
vdd                                        0.9
vss                                          0
vbias                                     0.35
vref                                      0.45
ecg_in                                    0.25
ecg_in_l1                                 0.25
rpeak_trigger                                0
qrs_gate                                     0
qrs_sym_gate                                 0
pwave_gate                                   0
xrr.rpeak_bar                              0.9
xrr.net_timer                      1.91447e-06
xrr.xctimer.a                                0
xrr.xctimer.b1                               0
xrr.tail_r                           0.0546598
xrr.net_r1                             0.46929
f_rr_ratio                            0.130959
xrr.mid_ref                           0.218464
xrr.tail_a                          0.00433493
xrr.net_a1                             0.40478
f_rr_asym                             0.195574
xinstab0.qrs_gate_bar                      0.9
xinstab0.xota_pk.net1                 0.399253
xinstab0.net_pk_raw                0.000109329
xinstab0.peak_node                 3.46089e-06
xinstab0.xota_pk.net_tail          2.68835e-05
xinstab0.net_pk_gated                      0.9
xinstab0.xcpeak.a                            0
xinstab0.xcpeak.b1                           0
peak_out_l0                        3.46089e-06
xinstab0.tail_i                       0.112023
xinstab0.net_i1                       0.537961
f_instab_l0                           0.128208
xinstab1.qrs_gate_bar                      0.9
xinstab1.xota_pk.net1                 0.399253
xinstab1.net_pk_raw                0.000109329
xinstab1.peak_node                 3.46089e-06
xinstab1.xota_pk.net_tail          2.68835e-05
xinstab1.net_pk_gated                      0.9
xinstab1.xcpeak.a                            0
xinstab1.xcpeak.b1                           0
peak_out_l1                        3.46089e-06
xinstab1.tail_i                       0.112023
xinstab1.net_i1                       0.537961
f_instab_l1                           0.128208
xpwave.xota_hpf_lp.net1               0.171615
xpwave.hpf_vlp                        0.249366
xpwave.xota_hpf_lp.net_tail         0.00970674
xpwave.xchpf_lp.a                            0
xpwave.xchpf_lp.b1                           0
xpwave.xota_hpf_sub.net1              0.171615
xpwave.bpf_mid                        0.249366
xpwave.xota_hpf_sub.net_tail        0.00970674
xpwave.xota_lpf.net1                  0.172056
xpwave.bpf_pw                           0.2487
xpwave.xota_lpf.net_tail            0.00956573
xpwave.xclpf.a                               0
xpwave.xclpf.b1                              0
xpwave.pwave_gate_bar                      0.9
xpwave.vbias_pk                    4.52517e-10
xpwave.xota_pk.net1                   0.371126
xpwave.net_pk_cmp                  1.16348e-09
xpwave.xota_pk.net_tail               0.165873
f_pwave                              0.0160234
xpwave.net_pk_cmp_bar                      0.9
xpwave.xcpk.a                                0
xpwave.xcpk.b1                               0
xwidth.xota_wcmp.net1                 0.171633
xwidth.width_cmp_out                0.00987155
xwidth.xota_wcmp.net_tail           0.00972096
xwidth.qrs_gate_bar                        0.9
xwidth.width_gate_gated            1.41373e-10
xwidth.net_w_bias                          0.9
xwidth.net_w_sw                       0.226117
f_width                             0.00253791
xwidth.xcwidth.a                             0
xwidth.xcwidth.b1                            0
xsym.qrs_onset_bar                         0.9
xsym.rpeak_bar                             0.9
xsym.net_latch                     4.16118e-11
xsym.xclatch.a                               0
xsym.xclatch.b1                              0
xsym.net_latch_bar                         0.9
xsym.net_rise_bias                         0.9
xsym.net_rise_sw                      0.197215
xsym.rise_timer                    4.15428e-11
xsym.xcrise.a                                0
xsym.xcrise.b1                               0
rise_timer_out                     4.15428e-11
xsym.net_fall_bias                         0.9
xsym.net_fall_sw                      0.197215
xsym.fall_timer                     0.00253791
xsym.xcfall.a                                0
xsym.xcfall.b1                               0
fall_timer_out                      0.00253791
xsym.tail_s                         2.8926e-05
xsym.net_sy1                          0.399259
f_sym                                 0.396846
xslope.tail_sl                      2.8926e-05
xslope.net_sl1                        0.396846
f_slope                               0.399259
vpwave#branch                                0
vsym#branch                                  0
vqrs#branch                                  0
vrpeak#branch                                0
vecg2#branch                                 0
vecg#branch                                  0
vref#branch                                  0
vbias#branch                      -1.29081e-13
vss#branch                          8.0044e-10
vdd#branch                        -8.00312e-10


No. of Data Rows : 84660

  Measurements for Transient Analysis

f_rr_ratio_b0       =  1.309588e-01
f_rr_asym_b0        =  1.955743e-01
f_instab_l0_b0      =  1.596599e-01
f_instab_l1_b0      =  1.307976e-01
f_pwave_b0          =  4.017120e-01
f_width_b0          =  2.451649e-03
f_sym_b0            =  1.425860e-01
f_slope_b0          =  4.032902e-01
f_rr_ratio_b1       =  2.271907e-01
f_rr_asym_b1        =  3.517956e-01
f_instab_l0_b1      =  1.652822e-01
f_instab_l1_b1      =  1.319079e-01
f_pwave_b1          =  4.024626e-01
f_width_b1          =  3.972607e-02
f_sym_b1            =  3.769827e-01
f_slope_b1          =  3.955311e-01
f_rr_ratio_b2       =  2.260917e-01
f_rr_asym_b2        =  3.506320e-01
f_instab_l0_b2      =  1.654628e-01
f_instab_l1_b2      =  1.329156e-01
f_pwave_b2          =  3.995702e-01
f_width_b2          =  8.915145e-02
f_sym_b2            =  3.812832e-01
f_slope_b2          =  3.750439e-01
f_rr_ratio_b3       =  2.263562e-01
f_rr_asym_b3        =  3.509122e-01
f_instab_l0_b3      =  1.649853e-01
f_instab_l1_b3      =  1.373212e-01
f_pwave_b3          =  4.026600e-01
f_width_b3          =  8.649052e-02
f_sym_b3            =  3.851648e-01
f_slope_b3          =  3.868627e-01
f_rr_ratio_b4       =  2.271060e-01
f_rr_asym_b4        =  3.517059e-01
f_instab_l0_b4      =  1.617139e-01
f_instab_l1_b4      =  1.364515e-01
f_pwave_b4          =  3.984823e-01
f_width_b4          =  2.988942e-02
f_sym_b4            =  1.425851e-01
f_slope_b4          =  4.031325e-01
f_rr_ratio_b5       =  2.272825e-01
f_rr_asym_b5        =  3.518927e-01
f_instab_l0_b5      =  1.648048e-01
f_instab_l1_b5      =  1.340897e-01
f_pwave_b5          =  4.029879e-01
f_width_b5          =  3.004640e-02
f_sym_b5            =  1.654456e-01
f_slope_b5          =  3.835941e-01
f_rr_ratio_b6       =  2.276676e-01
f_rr_asym_b6        =  3.523007e-01
f_instab_l0_b6      =  1.655320e-01
f_instab_l1_b6      =  1.339082e-01
f_pwave_b6          =  4.022460e-01
f_width_b6          =  7.569939e-02
f_sym_b6            =  3.773769e-01
f_slope_b6          =  3.926699e-01
f_rr_ratio_b7       =  2.276610e-01
f_rr_asym_b7        =  3.522937e-01
f_instab_l0_b7      =  1.643554e-01
f_instab_l1_b7      =  1.366917e-01
f_pwave_b7          =  4.002544e-01
f_width_b7          =  5.763201e-02
f_sym_b7            =  3.872860e-01
f_slope_b7          =  3.870027e-01
f_rr_ratio_b8       =  2.275236e-01
f_rr_asym_b8        =  3.521479e-01
f_instab_l0_b8      =  1.482422e-01
f_instab_l1_b8      =  1.300863e-01
f_pwave_b8          =  4.027337e-01
f_width_b8          =  5.167181e-02
f_sym_b8            =  1.358365e-01
f_slope_b8          =  4.173755e-01
f_rr_ratio_b9       =  2.275118e-01
f_rr_asym_b9        =  3.521355e-01
f_instab_l0_b9      =  1.468302e-01
f_instab_l1_b9      =  1.305798e-01
f_pwave_b9          =  4.031895e-01
f_width_b9          =  4.261928e-02
f_sym_b9            =  1.358360e-01
f_slope_b9          =  4.173902e-01
f_rr_ratio_b10      =  2.274034e-01
f_rr_asym_b10       =  3.520207e-01
f_instab_l0_b10     =  1.645243e-01
f_instab_l1_b10     =  1.307912e-01
f_pwave_b10         =  3.984144e-01
f_width_b10         =  3.061632e-02
f_sym_b10           =  3.772252e-01
f_slope_b10         =  4.116471e-01
f_rr_ratio_b11      =  2.263079e-01
f_rr_asym_b11       =  3.508611e-01
f_instab_l0_b11     =  1.656719e-01
f_instab_l1_b11     =  1.368470e-01
f_pwave_b11         =  4.031011e-01
f_width_b11         =  9.098534e-02
f_sym_b11           =  3.825463e-01
f_slope_b11         =  3.855014e-01
f_rr_ratio_b12      =  2.272211e-01
f_rr_asym_b12       =  3.518277e-01
f_instab_l0_b12     =  1.638508e-01
f_instab_l1_b12     =  1.344086e-01
f_pwave_b12         =  4.019783e-01
f_width_b12         =  9.235152e-02
f_sym_b12           =  3.851412e-01
f_slope_b12         =  3.868589e-01
f_rr_ratio_b13      =  2.272234e-01
f_rr_asym_b13       =  3.518302e-01
f_instab_l0_b13     =  1.636939e-01
f_instab_l1_b13     =  1.334447e-01
f_pwave_b13         =  3.983341e-01
f_width_b13         =  4.723233e-02
f_sym_b13           =  1.525640e-01
f_slope_b13         =  3.971563e-01
f_rr_ratio_b14      =  2.270551e-01
f_rr_asym_b14       =  3.516520e-01
f_instab_l0_b14     =  1.656293e-01
f_instab_l1_b14     =  1.358782e-01
f_pwave_b14         =  4.026625e-01
f_width_b14         =  6.978330e-02
f_sym_b14           =  3.769941e-01
f_slope_b14         =  3.914393e-01
f_rr_ratio_b15      =  2.272824e-01
f_rr_asym_b15       =  3.518926e-01
f_instab_l0_b15     =  1.653418e-01
f_instab_l1_b15     =  1.398171e-01
f_pwave_b15         =  4.011907e-01
f_width_b15         =  1.198781e-01
f_sym_b15           =  3.850930e-01
f_slope_b15         =  3.868328e-01
f_rr_ratio_b16      =  2.272824e-01
f_rr_asym_b16       =  3.518925e-01
f_instab_l0_b16     =  1.647233e-01
f_instab_l1_b16     =  1.429627e-01
f_pwave_b16         =  4.029187e-01
f_width_b16         =  5.254009e-02
f_sym_b16           =  1.727893e-01
f_slope_b16         =  3.908088e-01
f_rr_ratio_b17      =  2.275234e-01
f_rr_asym_b17       =  3.521477e-01
f_instab_l0_b17     =  1.626820e-01
f_instab_l1_b17     =  1.342735e-01
f_pwave_b17         =  4.024802e-01
f_width_b17         =  3.488498e-02
f_sym_b17           =  1.727882e-01
f_slope_b17         =  3.908455e-01
f_rr_ratio_b18      =  2.275118e-01
f_rr_asym_b18       =  3.521355e-01
f_instab_l0_b18     =  1.650443e-01
f_instab_l1_b18     =  1.327748e-01
f_pwave_b18         =  4.021496e-01
f_width_b18         =  5.785835e-02
f_sym_b18           =  3.769930e-01
f_slope_b18         =  3.882167e-01
f_rr_ratio_b19      =  2.272629e-01
f_rr_asym_b19       =  3.518720e-01
f_instab_l0_b19     =  1.635118e-01
f_instab_l1_b19     =  1.319446e-01
f_pwave_b19         =  4.025452e-01
f_width_b19         =  7.620189e-02
f_sym_b19           =  3.812319e-01
f_slope_b19         =  3.855145e-01
f_rr_ratio_b20      =  2.272001e-01
f_rr_asym_b20       =  3.518055e-01
f_instab_l0_b20     =  1.579474e-01
f_instab_l1_b20     =  1.330624e-01
f_pwave_b20         =  4.024925e-01
f_width_b20         =  6.605891e-02
f_sym_b20           =  1.358384e-01
f_slope_b20         =  4.101820e-01
f_rr_ratio_b21      =  2.273013e-01
f_rr_asym_b21       =  3.519126e-01
f_instab_l0_b21     =  1.630773e-01
f_instab_l1_b21     =  1.351352e-01
f_pwave_b21         =  4.029719e-01
f_width_b21         =  3.882782e-02
f_sym_b21           =  1.525631e-01
f_slope_b21         =  3.971750e-01
f_rr_ratio_b22      =  2.271549e-01
f_rr_asym_b22       =  3.517576e-01
f_instab_l0_b22     =  1.654779e-01
f_instab_l1_b22     =  1.419047e-01
f_pwave_b22         =  4.005371e-01
f_width_b22         =  8.652708e-02
f_sym_b22           =  3.772121e-01
f_slope_b22         =  3.842859e-01
f_rr_ratio_b23      =  2.273014e-01
f_rr_asym_b23       =  3.519127e-01
f_instab_l0_b23     =  1.640271e-01
f_instab_l1_b23     =  1.299585e-01
f_pwave_b23         =  3.996621e-01
f_width_b23         =  3.845596e-02
f_sym_b23           =  3.825094e-01
f_slope_b23         =  3.855445e-01
f_rr_ratio_b24      =  2.273876e-01
f_rr_asym_b24       =  3.520040e-01
f_instab_l0_b24     =  1.633088e-01
f_instab_l1_b24     =  1.336717e-01
f_pwave_b24         =  4.004346e-01
f_width_b24         =  6.773837e-02
f_sym_b24           =  1.586724e-01
f_slope_b24         =  3.946863e-01
f_rr_ratio_b25      =  2.274996e-01
f_rr_asym_b25       =  3.521225e-01
f_instab_l0_b25     =  1.576363e-01
f_instab_l1_b25     =  1.300904e-01
f_pwave_b25         =  4.026435e-01
f_width_b25         =  2.269141e-02
f_sym_b25           =  1.727832e-01
f_slope_b25         =  4.000082e-01
f_rr_ratio_b26      =  2.273017e-01
f_rr_asym_b26       =  3.519130e-01
f_instab_l0_b26     =  1.656146e-01
f_instab_l1_b26     =  1.328051e-01
f_pwave_b26         =  4.010918e-01
f_width_b26         =  9.052651e-02
f_sym_b26           =  3.772466e-01
f_slope_b26         =  3.799658e-01
f_rr_ratio_b27      =  2.272002e-01
f_rr_asym_b27       =  3.518056e-01
f_instab_l0_b27     =  1.654887e-01
f_instab_l1_b27     =  1.311730e-01
f_pwave_b27         =  4.025912e-01
f_width_b27         =  7.096137e-02
f_sym_b27           =  3.873520e-01
f_slope_b27         =  3.764300e-01
f_rr_ratio_b28      =  2.273030e-01
f_rr_asym_b28       =  3.519144e-01
f_instab_l0_b28     =  1.636358e-01
f_instab_l1_b28     =  1.299582e-01
f_pwave_b28         =  4.020724e-01
f_width_b28         =  4.089716e-02
f_sym_b28           =  1.727893e-01
f_slope_b28         =  3.908252e-01
f_rr_ratio_b29      =  2.271780e-01
f_rr_asym_b29       =  3.517821e-01
f_instab_l0_b29     =  1.656841e-01
f_instab_l1_b29     =  1.322378e-01
f_pwave_b29         =  3.999420e-01
f_width_b29         =  7.816690e-02
f_sym_b29           =  3.772364e-01
f_slope_b29         =  3.799677e-01
f_rr_ratio_b30      =  2.268461e-01
f_rr_asym_b30       =  3.514308e-01
f_instab_l0_b30     =  1.642149e-01
f_instab_l1_b30     =  1.291633e-01
f_pwave_b30         =  4.011734e-01
f_width_b30         =  4.961703e-02
f_sym_b30           =  3.825294e-01
f_slope_b30         =  3.855282e-01
f_rr_ratio_b31      =  2.265413e-01
f_rr_asym_b31       =  3.511082e-01
f_instab_l0_b31     =  1.629978e-01
f_instab_l1_b31     =  1.297763e-01
f_pwave_b31         =  4.012127e-01
f_width_b31         =  6.531327e-02
f_sym_b31           =  1.727891e-01
f_slope_b31         =  3.908047e-01
f_rr_ratio_b32      =  2.272421e-01
f_rr_asym_b32       =  3.518499e-01
f_instab_l0_b32     =  1.645848e-01
f_instab_l1_b32     =  1.302717e-01
f_pwave_b32         =  3.990397e-01
f_width_b32         =  5.955408e-02
f_sym_b32           =  3.772334e-01
f_slope_b32         =  3.912886e-01
f_rr_ratio_b33      =  2.273374e-01
f_rr_asym_b33       =  3.519508e-01
f_instab_l0_b33     =  1.654151e-01
f_instab_l1_b33     =  1.299583e-01
f_pwave_b33         =  4.016071e-01
f_width_b33         =  8.157002e-02
f_sym_b33           =  3.873165e-01
f_slope_b33         =  3.868595e-01
f_rr_ratio_b34      =  2.271777e-01
f_rr_asym_b34       =  3.517818e-01
f_instab_l0_b34     =  1.638381e-01
f_instab_l1_b34     =  1.300912e-01
f_pwave_b34         =  4.010587e-01
f_width_b34         =  6.562956e-02
f_sym_b34           =  3.873288e-01
f_slope_b34         =  3.868661e-01
f_rr_ratio_b35      =  2.274032e-01
f_rr_asym_b35       =  3.520204e-01
f_instab_l0_b35     =  1.621023e-01
f_instab_l1_b35     =  1.311444e-01
f_pwave_b35         =  3.982888e-01
f_width_b35         =  4.979594e-02
f_sym_b35           =  1.727893e-01
f_slope_b35         =  3.908219e-01
f_rr_ratio_b36      =  2.274743e-01
f_rr_asym_b36       =  3.520957e-01
f_instab_l0_b36     =  1.655412e-01
f_instab_l1_b36     =  1.307748e-01
f_pwave_b36         =  4.010728e-01
f_width_b36         =  6.177879e-02
f_sym_b36           =  3.769931e-01
f_slope_b36         =  3.882092e-01
f_rr_ratio_b37      =  2.273376e-01
f_rr_asym_b37       =  3.519510e-01
f_instab_l0_b37     =  1.653034e-01
f_instab_l1_b37     =  1.300914e-01
f_pwave_b37         =  4.001802e-01
f_width_b37         =  9.256578e-02
f_sym_b37           =  3.851566e-01
f_slope_b37         =  3.868540e-01
f_rr_ratio_b38      =  2.269720e-01
f_rr_asym_b38       =  3.515641e-01
f_instab_l0_b38     =  1.652294e-01
f_instab_l1_b38     =  1.319368e-01
f_pwave_b38         =  4.034226e-01
f_width_b38         =  8.666455e-02
f_sym_b38           =  1.654470e-01
f_slope_b38         =  3.835472e-01
f_rr_ratio_b39      =  2.272422e-01
f_rr_asym_b39       =  3.518500e-01
f_instab_l0_b39     =  1.614168e-01
f_instab_l1_b39     =  1.298020e-01
f_pwave_b39         =  4.024434e-01
f_width_b39         =  5.302348e-02
f_sym_b39           =  3.769969e-01
f_slope_b39         =  3.890410e-01


Total analysis time (seconds) = 74.332

Total elapsed time (seconds) = 98.034 

Total DRAM available = 15982.191 MB.
DRAM currently available =  839.039 MB.
Maximum ngspice program size =  154.223 MB.
Current ngspice program size =  154.223 MB.

