Using SPARSE 1.3 as Direct Linear Solver
Note: Starting dynamic gmin stepping
Note: Dynamic gmin stepping completed

Note: No compatibility mode selected!


Circuit: accuracy_batch_3

Doing analysis at TEMP = 27.000000 and TNOM = 27.000000


Initial Transient Solution
--------------------------

Node                                   Voltage
----                                   -------
vdd                                        0.9
vss                                          0
vbias                                     0.35
vref                                      0.45
ecg_in                                    0.25
ecg_in_l1                                 0.25
rpeak_trigger                                0
qrs_gate                                     0
qrs_sym_gate                                 0
pwave_gate                                   0
xrr.rpeak_bar                              0.9
xrr.net_timer                      1.91447e-06
xrr.xctimer.a                                0
xrr.xctimer.b1                               0
xrr.tail_r                           0.0546598
xrr.net_r1                             0.46929
f_rr_ratio                            0.130959
xrr.mid_ref                           0.218464
xrr.tail_a                          0.00433493
xrr.net_a1                             0.40478
f_rr_asym                             0.195574
xinstab0.qrs_gate_bar                      0.9
xinstab0.xota_pk.net1                 0.399253
xinstab0.net_pk_raw                0.000109329
xinstab0.peak_node                 3.46089e-06
xinstab0.xota_pk.net_tail          2.68835e-05
xinstab0.net_pk_gated                      0.9
xinstab0.xcpeak.a                            0
xinstab0.xcpeak.b1                           0
peak_out_l0                        3.46089e-06
xinstab0.tail_i                       0.112023
xinstab0.net_i1                       0.537961
f_instab_l0                           0.128208
xinstab1.qrs_gate_bar                      0.9
xinstab1.xota_pk.net1                 0.399253
xinstab1.net_pk_raw                0.000109329
xinstab1.peak_node                 3.46089e-06
xinstab1.xota_pk.net_tail          2.68835e-05
xinstab1.net_pk_gated                      0.9
xinstab1.xcpeak.a                            0
xinstab1.xcpeak.b1                           0
peak_out_l1                        3.46089e-06
xinstab1.tail_i                       0.112023
xinstab1.net_i1                       0.537961
f_instab_l1                           0.128208
xpwave.xota_hpf_lp.net1               0.171615
xpwave.hpf_vlp                        0.249366
xpwave.xota_hpf_lp.net_tail         0.00970674
xpwave.xchpf_lp.a                            0
xpwave.xchpf_lp.b1                           0
xpwave.xota_hpf_sub.net1              0.171615
xpwave.bpf_mid                        0.249366
xpwave.xota_hpf_sub.net_tail        0.00970674
xpwave.xota_lpf.net1                  0.172056
xpwave.bpf_pw                           0.2487
xpwave.xota_lpf.net_tail            0.00956573
xpwave.xclpf.a                               0
xpwave.xclpf.b1                              0
xpwave.pwave_gate_bar                      0.9
xpwave.vbias_pk                    4.52517e-10
xpwave.xota_pk.net1                   0.371126
xpwave.net_pk_cmp                  1.16348e-09
xpwave.xota_pk.net_tail               0.165873
f_pwave                              0.0160234
xpwave.net_pk_cmp_bar                      0.9
xpwave.xcpk.a                                0
xpwave.xcpk.b1                               0
xwidth.xota_wcmp.net1                 0.171633
xwidth.width_cmp_out                0.00987155
xwidth.xota_wcmp.net_tail           0.00972096
xwidth.qrs_gate_bar                        0.9
xwidth.width_gate_gated            1.41373e-10
xwidth.net_w_bias                          0.9
xwidth.net_w_sw                       0.226117
f_width                             0.00253791
xwidth.xcwidth.a                             0
xwidth.xcwidth.b1                            0
xsym.qrs_onset_bar                         0.9
xsym.rpeak_bar                             0.9
xsym.net_latch                     4.16118e-11
xsym.xclatch.a                               0
xsym.xclatch.b1                              0
xsym.net_latch_bar                         0.9
xsym.net_rise_bias                         0.9
xsym.net_rise_sw                      0.197215
xsym.rise_timer                    4.15428e-11
xsym.xcrise.a                                0
xsym.xcrise.b1                               0
rise_timer_out                     4.15428e-11
xsym.net_fall_bias                         0.9
xsym.net_fall_sw                      0.197215
xsym.fall_timer                     0.00253791
xsym.xcfall.a                                0
xsym.xcfall.b1                               0
fall_timer_out                      0.00253791
xsym.tail_s                         2.8926e-05
xsym.net_sy1                          0.399259
f_sym                                 0.396846
xslope.tail_sl                      2.8926e-05
xslope.net_sl1                        0.396846
f_slope                               0.399259
vpwave#branch                                0
vsym#branch                                  0
vqrs#branch                                  0
vrpeak#branch                                0
vecg2#branch                                 0
vecg#branch                                  0
vref#branch                                  0
vbias#branch                      -1.29081e-13
vss#branch                          8.0044e-10
vdd#branch                        -8.00312e-10


No. of Data Rows : 82241

  Measurements for Transient Analysis

f_rr_ratio_b0       =  1.309588e-01
f_rr_asym_b0        =  1.955743e-01
f_instab_l0_b0      =  1.316695e-01
f_instab_l1_b0      =  1.282076e-01
f_pwave_b0          =  1.316004e-01
f_width_b0          =  2.510297e-03
f_sym_b0            =  4.072071e-01
f_slope_b0          =  1.631044e-01
f_rr_ratio_b1       =  2.272798e-01
f_rr_asym_b1        =  3.518898e-01
f_instab_l0_b1      =  1.295866e-01
f_instab_l1_b1      =  1.282076e-01
f_pwave_b1          =  4.024558e-01
f_width_b1          =  2.883579e-03
f_sym_b1            =  4.090749e-01
f_slope_b1          =  1.565488e-01
f_rr_ratio_b2       =  2.272633e-01
f_rr_asym_b2        =  3.518724e-01
f_instab_l0_b2      =  1.441605e-01
f_instab_l1_b2      =  1.284197e-01
f_pwave_b2          =  3.903188e-01
f_width_b2          =  6.130808e-03
f_sym_b2            =  4.072085e-01
f_slope_b2          =  1.631041e-01
f_rr_ratio_b3       =  2.273201e-01
f_rr_asym_b3        =  3.519324e-01
f_instab_l0_b3      =  1.605731e-01
f_instab_l1_b3      =  1.282076e-01
f_pwave_b3          =  4.026868e-01
f_width_b3          =  4.802019e-02
f_sym_b3            =  4.032238e-01
f_slope_b3          =  1.861015e-01
f_rr_ratio_b4       =  2.272004e-01
f_rr_asym_b4        =  3.518058e-01
f_instab_l0_b4      =  1.658806e-01
f_instab_l1_b4      =  1.282076e-01
f_pwave_b4          =  3.369371e-02
f_width_b4          =  1.421062e-01
f_sym_b4            =  4.023445e-01
f_slope_b4          =  1.946251e-01
f_rr_ratio_b5       =  2.274327e-01
f_rr_asym_b5        =  3.520517e-01
f_instab_l0_b5      =  1.539348e-01
f_instab_l1_b5      =  1.282076e-01
f_pwave_b5          =  4.861305e-02
f_width_b5          =  4.596214e-02
f_sym_b5            =  4.023445e-01
f_slope_b5          =  1.946251e-01
f_rr_ratio_b6       =  2.274874e-01
f_rr_asym_b6        =  3.521096e-01
f_instab_l0_b6      =  1.552939e-01
f_instab_l1_b6      =  1.282076e-01
f_pwave_b6          =  5.122720e-02
f_width_b6          =  2.277107e-02
f_sym_b6            =  4.016495e-01
f_slope_b6          =  2.034630e-01
f_rr_ratio_b7       =  2.275864e-01
f_rr_asym_b7        =  3.522145e-01
f_instab_l0_b7      =  1.656704e-01
f_instab_l1_b7      =  1.282076e-01
f_pwave_b7          =  5.355483e-02
f_width_b7          =  7.340473e-02
f_sym_b7            =  4.023485e-01
f_slope_b7          =  1.946249e-01
f_rr_ratio_b8       =  2.274746e-01
f_rr_asym_b8        =  3.520960e-01
f_instab_l0_b8      =  1.657419e-01
f_instab_l1_b8      =  1.282076e-01
f_pwave_b8          =  3.884911e-01
f_width_b8          =  1.957334e-01
f_sym_b8            =  1.426122e-01
f_slope_b8          =  3.698765e-01
f_rr_ratio_b9       =  2.275234e-01
f_rr_asym_b9        =  3.521477e-01
f_instab_l0_b9      =  1.657830e-01
f_instab_l1_b9      =  1.282076e-01
f_pwave_b9          =  4.034861e-01
f_width_b9          =  2.185091e-01
f_sym_b9            =  1.300978e-01
f_slope_b9          =  3.950006e-01
f_rr_ratio_b10      =  2.273714e-01
f_rr_asym_b10       =  3.519868e-01
f_instab_l0_b10     =  1.655676e-01
f_instab_l1_b10     =  1.282076e-01
f_pwave_b10         =  4.031887e-01
f_width_b10         =  3.227950e-01
f_sym_b10           =  1.388507e-01
f_slope_b10         =  3.574051e-01
f_rr_ratio_b11      =  2.273197e-01
f_rr_asym_b11       =  3.519320e-01
f_instab_l0_b11     =  1.656802e-01
f_instab_l1_b11     =  1.282076e-01
f_pwave_b11         =  4.029783e-01
f_width_b11         =  3.615523e-01
f_sym_b11           =  1.300944e-01
f_slope_b11         =  4.016504e-01
f_rr_ratio_b12      =  2.273546e-01
f_rr_asym_b12       =  3.519690e-01
f_instab_l0_b12     =  1.656300e-01
f_instab_l1_b12     =  1.282076e-01
f_pwave_b12         =  4.029941e-01
f_width_b12         =  1.525128e-01
f_sym_b12           =  4.023435e-01
f_slope_b12         =  1.946250e-01
f_rr_ratio_b13      =  2.274607e-01
f_rr_asym_b13       =  3.520813e-01
f_instab_l0_b13     =  1.657692e-01
f_instab_l1_b13     =  1.282076e-01
f_pwave_b13         =  4.029389e-01
f_width_b13         =  1.249025e-01
f_sym_b13           =  1.300920e-01
f_slope_b13         =  4.080580e-01
f_rr_ratio_b14      =  2.274472e-01
f_rr_asym_b14       =  3.520671e-01
f_instab_l0_b14     =  1.657820e-01
f_instab_l1_b14     =  1.282076e-01
f_pwave_b14         =  4.029449e-01
f_width_b14         =  2.067812e-01
f_sym_b14           =  1.300944e-01
f_slope_b14         =  4.016538e-01
f_rr_ratio_b15      =  2.275116e-01
f_rr_asym_b15       =  3.521353e-01
f_instab_l0_b15     =  1.658636e-01
f_instab_l1_b15     =  1.282076e-01
f_pwave_b15         =  4.016115e-01
f_width_b15         =  2.522350e-01
f_sym_b15           =  1.320064e-01
f_slope_b15         =  3.977681e-01
f_rr_ratio_b16      =  2.275862e-01
f_rr_asym_b16       =  3.522144e-01
f_instab_l0_b16     =  1.658581e-01
f_instab_l1_b16     =  1.282076e-01
f_pwave_b16         =  4.030340e-01
f_width_b16         =  2.167114e-01
f_sym_b16           =  4.023448e-01
f_slope_b16         =  1.946252e-01
f_rr_ratio_b17      =  2.276382e-01
f_rr_asym_b17       =  3.522695e-01
f_instab_l0_b17     =  1.658128e-01
f_instab_l1_b17     =  1.282076e-01
f_pwave_b17         =  4.030175e-01
f_width_b17         =  1.422322e-01
f_sym_b17           =  1.300901e-01
f_slope_b17         =  4.141378e-01
f_rr_ratio_b18      =  2.275667e-01
f_rr_asym_b18       =  3.521936e-01
f_instab_l0_b18     =  1.658460e-01
f_instab_l1_b18     =  1.282076e-01
f_pwave_b18         =  4.028121e-01
f_width_b18         =  2.081135e-01
f_sym_b18           =  1.308800e-01
f_slope_b18         =  3.961675e-01
f_rr_ratio_b19      =  2.275457e-01
f_rr_asym_b19       =  3.521714e-01
f_instab_l0_b19     =  1.656033e-01
f_instab_l1_b19     =  1.282076e-01
f_pwave_b19         =  4.029997e-01
f_width_b19         =  3.113222e-01
f_sym_b19           =  1.358638e-01
f_slope_b19         =  3.715068e-01
f_rr_ratio_b20      =  2.274184e-01
f_rr_asym_b20       =  3.520365e-01
f_instab_l0_b20     =  1.655854e-01
f_instab_l1_b20     =  1.282076e-01
f_pwave_b20         =  4.030632e-01
f_width_b20         =  3.393187e-01
f_sym_b20           =  1.308800e-01
f_slope_b20         =  3.961643e-01
f_rr_ratio_b21      =  2.273547e-01
f_rr_asym_b21       =  3.519691e-01
f_instab_l0_b21     =  1.656333e-01
f_instab_l1_b21     =  1.282076e-01
f_pwave_b21         =  4.029961e-01
f_width_b21         =  3.788454e-01
f_sym_b21           =  1.288773e-01
f_slope_b21         =  4.168527e-01
f_rr_ratio_b22      =  2.274471e-01
f_rr_asym_b22       =  3.520669e-01
f_instab_l0_b22     =  1.656295e-01
f_instab_l1_b22     =  1.282076e-01
f_pwave_b22         =  4.029340e-01
f_width_b22         =  2.890387e-01
f_sym_b22           =  1.291592e-01
f_slope_b22         =  4.061730e-01
f_rr_ratio_b23      =  2.274609e-01
f_rr_asym_b23       =  3.520815e-01
f_instab_l0_b23     =  1.656557e-01
f_instab_l1_b23     =  1.282076e-01
f_pwave_b23         =  4.030519e-01
f_width_b23         =  3.062087e-01
f_sym_b23           =  1.336283e-01
f_slope_b23         =  3.772388e-01
f_rr_ratio_b24      =  2.276219e-01
f_rr_asym_b24       =  3.522522e-01
f_instab_l0_b24     =  1.658967e-01
f_instab_l1_b24     =  1.282036e-01
f_pwave_b24         =  4.027154e-01
f_width_b24         =  2.529577e-01
f_sym_b24           =  3.711186e-01
f_slope_b24         =  3.834846e-01
f_rr_ratio_b25      =  2.275119e-01
f_rr_asym_b25       =  3.521355e-01
f_instab_l0_b25     =  1.655664e-01
f_instab_l1_b25     =  1.282076e-01
f_pwave_b25         =  4.029611e-01
f_width_b25         =  4.763029e-01
f_sym_b25           =  1.300979e-01
f_slope_b25         =  3.949965e-01
f_rr_ratio_b26      =  2.276046e-01
f_rr_asym_b26       =  3.522339e-01
f_instab_l0_b26     =  1.659100e-01
f_instab_l1_b26     =  1.282076e-01
f_pwave_b26         =  4.021296e-01
f_width_b26         =  3.296268e-01
f_sym_b26           =  1.308742e-01
f_slope_b26         =  4.094311e-01
f_rr_ratio_b27      =  2.275234e-01
f_rr_asym_b27       =  3.521478e-01
f_instab_l0_b27     =  1.656632e-01
f_instab_l1_b27     =  1.282076e-01
f_pwave_b27         =  4.025744e-01
f_width_b27         =  3.180146e-01
f_sym_b27           =  1.336214e-01
f_slope_b27         =  3.850597e-01
f_rr_ratio_b28      =  2.275862e-01
f_rr_asym_b28       =  3.522144e-01
f_instab_l0_b28     =  1.655850e-01
f_instab_l1_b28     =  1.282076e-01
f_pwave_b28         =  4.028734e-01
f_width_b28         =  3.354288e-01
f_sym_b28           =  1.336283e-01
f_slope_b28         =  3.772348e-01
f_rr_ratio_b29      =  2.275117e-01
f_rr_asym_b29       =  3.521354e-01
f_instab_l0_b29     =  1.655685e-01
f_instab_l1_b29     =  1.282076e-01
f_pwave_b29         =  4.030610e-01
f_width_b29         =  4.035224e-01
f_sym_b29           =  1.320160e-01
f_slope_b29         =  3.831518e-01
f_rr_ratio_b30      =  2.274609e-01
f_rr_asym_b30       =  3.520816e-01
f_instab_l0_b30     =  1.655664e-01
f_instab_l1_b30     =  1.282076e-01
f_pwave_b30         =  4.031152e-01
f_width_b30         =  4.693820e-01
f_sym_b30           =  1.358638e-01
f_slope_b30         =  3.715058e-01
f_rr_ratio_b31      =  2.272426e-01
f_rr_asym_b31       =  3.518505e-01
f_instab_l0_b31     =  1.655665e-01
f_instab_l1_b31     =  1.282076e-01
f_pwave_b31         =  4.030958e-01
f_width_b31         =  4.663351e-01
f_sym_b31           =  1.308844e-01
f_slope_b31         =  3.891152e-01
f_rr_ratio_b32      =  2.271777e-01
f_rr_asym_b32       =  3.517817e-01
f_instab_l0_b32     =  1.656198e-01
f_instab_l1_b32     =  1.282076e-01
f_pwave_b32         =  4.029994e-01
f_width_b32         =  3.724302e-01
f_sym_b32           =  1.336283e-01
f_slope_b32         =  3.772364e-01
f_rr_ratio_b33      =  2.274869e-01
f_rr_asym_b33       =  3.521091e-01
f_instab_l0_b33     =  1.655681e-01
f_instab_l1_b33     =  1.282076e-01
f_pwave_b33         =  4.029555e-01
f_width_b33         =  4.114197e-01
f_sym_b33           =  1.472230e-01
f_slope_b33         =  3.566198e-01
f_rr_ratio_b34      =  2.275457e-01
f_rr_asym_b34       =  3.521713e-01
f_instab_l0_b34     =  1.655696e-01
f_instab_l1_b34     =  1.282076e-01
f_pwave_b34         =  4.029929e-01
f_width_b34         =  4.548461e-01
f_sym_b34           =  1.587234e-01
f_slope_b34         =  3.492297e-01
f_rr_ratio_b35      =  2.274871e-01
f_rr_asym_b35       =  3.521093e-01
f_instab_l0_b35     =  1.655682e-01
f_instab_l1_b35     =  1.282076e-01
f_pwave_b35         =  4.028873e-01
f_width_b35         =  4.283692e-01
f_sym_b35           =  1.654776e-01
f_slope_b35         =  3.557465e-01
f_rr_ratio_b36      =  2.273548e-01
f_rr_asym_b36       =  3.519692e-01
f_instab_l0_b36     =  1.655662e-01
f_instab_l1_b36     =  1.282076e-01
f_pwave_b36         =  4.028845e-01
f_width_b36         =  5.431675e-01
f_sym_b36           =  3.711844e-01
f_slope_b36         =  3.341631e-01
f_rr_ratio_b37      =  2.274741e-01
f_rr_asym_b37       =  3.520956e-01
f_instab_l0_b37     =  1.655658e-01
f_instab_l1_b37     =  1.282076e-01
f_pwave_b37         =  4.031120e-01
f_width_b37         =  5.544545e-01
f_sym_b37           =  1.587459e-01
f_slope_b37         =  3.398128e-01
f_rr_ratio_b38      =  2.274742e-01
f_rr_asym_b38       =  3.520956e-01
f_instab_l0_b38     =  1.655727e-01
f_instab_l1_b38     =  1.282076e-01
f_pwave_b38         =  4.029894e-01
f_width_b38         =  4.558241e-01
f_sym_b38           =  1.526089e-01
f_slope_b38         =  3.526556e-01
f_rr_ratio_b39      =  2.273014e-01
f_rr_asym_b39       =  3.519127e-01
f_instab_l0_b39     =  1.655663e-01
f_instab_l1_b39     =  1.282076e-01
f_pwave_b39         =  4.030860e-01
f_width_b39         =  4.739342e-01
f_sym_b39           =  1.587234e-01
f_slope_b39         =  3.492290e-01


Total analysis time (seconds) = 198.939

Total elapsed time (seconds) = 216.320 

Total DRAM available = 15982.191 MB.
DRAM currently available =  976.332 MB.
Maximum ngspice program size =  155.059 MB.
Current ngspice program size =  155.059 MB.

