Using SPARSE 1.3 as Direct Linear Solver
Note: Starting dynamic gmin stepping
Note: Dynamic gmin stepping completed

Note: No compatibility mode selected!


Circuit: Cascaded OTA-C BPF AC Test

Doing analysis at TEMP = 27.000000 and TNOM = 27.000000


No. of Data Rows : 91
                           Cascaded OTA-C BPF AC Test
                           AC Analysis  Wed Sep 30 21:25:09  2026
--------------------------------------------------------------------------------
Index   frequency       vm(lpf8)        vm(lpf3)        
--------------------------------------------------------------------------------
0	1.000000e-01	9.829906e-03	9.846748e-03	
1	1.079775e-01	9.829802e-03	9.845482e-03	
2	1.165914e-01	9.829681e-03	9.844006e-03	
3	1.258925e-01	9.829540e-03	9.842287e-03	
4	1.359356e-01	9.829376e-03	9.840283e-03	
5	1.467799e-01	9.829184e-03	9.837948e-03	
6	1.584893e-01	9.828960e-03	9.835228e-03	
7	1.711328e-01	9.828699e-03	9.832060e-03	
8	1.847850e-01	9.828395e-03	9.828369e-03	
9	1.995262e-01	9.828040e-03	9.824072e-03	
10	2.154435e-01	9.827627e-03	9.819069e-03	
11	2.326305e-01	9.827145e-03	9.813245e-03	
12	2.511886e-01	9.826584e-03	9.806469e-03	
13	2.712273e-01	9.825929e-03	9.798585e-03	
14	2.928645e-01	9.825166e-03	9.789418e-03	
15	3.162278e-01	9.824276e-03	9.778762e-03	
16	3.414549e-01	9.823239e-03	9.766382e-03	
17	3.686945e-01	9.822031e-03	9.752007e-03	
18	3.981072e-01	9.820622e-03	9.735327e-03	
19	4.298662e-01	9.818981e-03	9.715987e-03	
20	4.641589e-01	9.817068e-03	9.693583e-03	
21	5.011872e-01	9.814840e-03	9.667657e-03	
22	5.411695e-01	9.812243e-03	9.637691e-03	
23	5.843414e-01	9.809218e-03	9.603102e-03	
24	6.309573e-01	9.805695e-03	9.563241e-03	
25	6.812921e-01	9.801592e-03	9.517387e-03	
26	7.356423e-01	9.796814e-03	9.464749e-03	
27	7.943282e-01	9.791252e-03	9.404467e-03	
28	8.576959e-01	9.784780e-03	9.335618e-03	
29	9.261187e-01	9.777249e-03	9.257223e-03	
30	1.000000e+00	9.768490e-03	9.168269e-03	
31	1.079775e+00	9.758308e-03	9.067726e-03	
32	1.165914e+00	9.746475e-03	8.954576e-03	
33	1.258925e+00	9.732733e-03	8.827855e-03	
34	1.359356e+00	9.716782e-03	8.686692e-03	
35	1.467799e+00	9.698283e-03	8.530359e-03	
36	1.584893e+00	9.676845e-03	8.358330e-03	
37	1.711328e+00	9.652028e-03	8.170326e-03	
38	1.847850e+00	9.623331e-03	7.966372e-03	
39	1.995262e+00	9.590190e-03	7.746834e-03	
40	2.154435e+00	9.551978e-03	7.512443e-03	
41	2.326305e+00	9.507994e-03	7.264306e-03	
42	2.511886e+00	9.457469e-03	7.003886e-03	
43	2.712273e+00	9.399561e-03	6.732971e-03	
44	2.928645e+00	9.333367e-03	6.453608e-03	
45	3.162278e+00	9.257925e-03	6.168036e-03	
46	3.414549e+00	9.172229e-03	5.878597e-03	
47	3.686945e+00	9.075254e-03	5.587650e-03	
48	3.981072e+00	8.965979e-03	5.297488e-03	
49	4.298662e+00	8.843421e-03	5.010267e-03	
50	4.641589e+00	8.706679e-03	4.727942e-03	
51	5.011872e+00	8.554985e-03	4.452232e-03	
52	5.411695e+00	8.387749e-03	4.184591e-03	
53	5.843414e+00	8.204620e-03	3.926203e-03	
54	6.309573e+00	8.005535e-03	3.677983e-03	

Index   frequency       vm(lpf8)        vm(lpf3)        
--------------------------------------------------------------------------------
55	6.812921e+00	7.790760e-03	3.440594e-03	
56	7.356423e+00	7.560922e-03	3.214473e-03	
57	7.943282e+00	7.317021e-03	2.999849e-03	
58	8.576959e+00	7.060421e-03	2.796782e-03	
59	9.261187e+00	6.792821e-03	2.605184e-03	
60	1.000000e+01	6.516197e-03	2.424850e-03	
61	1.079775e+01	6.232741e-03	2.255481e-03	
62	1.165914e+01	5.944767e-03	2.096710e-03	
63	1.258925e+01	5.654635e-03	1.948116e-03	
64	1.359356e+01	5.364660e-03	1.809246e-03	
65	1.467799e+01	5.077036e-03	1.679623e-03	
66	1.584893e+01	4.793777e-03	1.558762e-03	
67	1.711328e+01	4.516667e-03	1.446173e-03	
68	1.847850e+01	4.247233e-03	1.341376e-03	
69	1.995262e+01	3.986732e-03	1.243899e-03	
70	2.154435e+01	3.736151e-03	1.153284e-03	
71	2.326305e+01	3.496221e-03	1.069091e-03	
72	2.511886e+01	3.267439e-03	9.909003e-04	
73	2.712273e+01	3.050089e-03	9.183109e-04	
74	2.928645e+01	2.844275e-03	8.509436e-04	
75	3.162278e+01	2.649947e-03	7.884398e-04	
76	3.414549e+01	2.466933e-03	7.304620e-04	
77	3.686945e+01	2.294956e-03	6.766932e-04	
78	3.981072e+01	2.133668e-03	6.268362e-04	
79	4.298662e+01	1.982660e-03	5.806126e-04	
80	4.641589e+01	1.841488e-03	5.377626e-04	
81	5.011872e+01	1.709680e-03	4.980436e-04	
82	5.411695e+01	1.586752e-03	4.612294e-04	
83	5.843414e+01	1.472217e-03	4.271092e-04	
84	6.309573e+01	1.365590e-03	3.954871e-04	
85	6.812921e+01	1.266397e-03	3.661807e-04	
86	7.356423e+01	1.174176e-03	3.390204e-04	
87	7.943282e+01	1.088483e-03	3.138488e-04	
88	8.576959e+01	1.008892e-03	2.905196e-04	
89	9.261187e+01	9.349972e-04	2.688969e-04	
90	1.000000e+02	8.664144e-04	2.488547e-04	

                           Cascaded OTA-C BPF AC Test
                           AC Analysis  Wed Sep 30 21:25:09  2026
--------------------------------------------------------------------------------
Index   frequency       vm(bpf_out)     
--------------------------------------------------------------------------------
0	1.000000e-01	1.336745e-04	
1	1.079775e-01	1.433092e-04	
2	1.165914e-01	1.537759e-04	
3	1.258925e-01	1.651361e-04	
4	1.359356e-01	1.774555e-04	
5	1.467799e-01	1.908050e-04	
6	1.584893e-01	2.052605e-04	
7	1.711328e-01	2.209038e-04	
8	1.847850e-01	2.378223e-04	
9	1.995262e-01	2.561097e-04	
10	2.154435e-01	2.758658e-04	
11	2.326305e-01	2.971973e-04	
12	2.511886e-01	3.202172e-04	
13	2.712273e-01	3.450455e-04	
14	2.928645e-01	3.718086e-04	
15	3.162278e-01	4.006395e-04	
16	3.414549e-01	4.316768e-04	
17	3.686945e-01	4.650648e-04	
18	3.981072e-01	5.009517e-04	
19	4.298662e-01	5.394888e-04	
20	4.641589e-01	5.808283e-04	
21	5.011872e-01	6.251210e-04	
22	5.411695e-01	6.725132e-04	
23	5.843414e-01	7.231430e-04	
24	6.309573e-01	7.771352e-04	
25	6.812921e-01	8.345958e-04	
26	7.356423e-01	8.956047e-04	
27	7.943282e-01	9.602085e-04	
28	8.576959e-01	1.028411e-03	
29	9.261187e-01	1.100162e-03	
30	1.000000e+00	1.175350e-03	
31	1.079775e+00	1.253787e-03	
32	1.165914e+00	1.335201e-03	
33	1.258925e+00	1.419224e-03	
34	1.359356e+00	1.505387e-03	
35	1.467799e+00	1.593112e-03	
36	1.584893e+00	1.681716e-03	
37	1.711328e+00	1.770413e-03	
38	1.847850e+00	1.858324e-03	
39	1.995262e+00	1.944496e-03	
40	2.154435e+00	2.027922e-03	
41	2.326305e+00	2.107568e-03	
42	2.511886e+00	2.182404e-03	
43	2.712273e+00	2.251429e-03	
44	2.928645e+00	2.313706e-03	
45	3.162278e+00	2.368378e-03	
46	3.414549e+00	2.414695e-03	
47	3.686945e+00	2.452024e-03	
48	3.981072e+00	2.479861e-03	
49	4.298662e+00	2.497833e-03	
50	4.641589e+00	2.505701e-03	
51	5.011872e+00	2.503362e-03	
52	5.411695e+00	2.490845e-03	
53	5.843414e+00	2.468316e-03	
54	6.309573e+00	2.436075e-03	

Index   frequency       vm(bpf_out)     
--------------------------------------------------------------------------------
55	6.812921e+00	2.394555e-03	
56	7.356423e+00	2.344320e-03	
57	7.943282e+00	2.286059e-03	
58	8.576959e+00	2.220570e-03	
59	9.261187e+00	2.148751e-03	
60	1.000000e+01	2.071570e-03	
61	1.079775e+01	1.990046e-03	
62	1.165914e+01	1.905215e-03	
63	1.258925e+01	1.818100e-03	
64	1.359356e+01	1.729687e-03	
65	1.467799e+01	1.640898e-03	
66	1.584893e+01	1.552571e-03	
67	1.711328e+01	1.465445e-03	
68	1.847850e+01	1.380157e-03	
69	1.995262e+01	1.297233e-03	
70	2.154435e+01	1.217096e-03	
71	2.326305e+01	1.140067e-03	
72	2.511886e+01	1.066381e-03	
73	2.712273e+01	9.961867e-04	
74	2.928645e+01	9.295678e-04	
75	3.162278e+01	8.665474e-04	
76	3.414549e+01	8.071009e-04	
77	3.686945e+01	7.511650e-04	
78	3.981072e+01	6.986465e-04	
79	4.298662e+01	6.494296e-04	
80	4.641589e+01	6.033824e-04	
81	5.011872e+01	5.603620e-04	
82	5.411695e+01	5.202190e-04	
83	5.843414e+01	4.828011e-04	
84	6.309573e+01	4.479556e-04	
85	6.812921e+01	4.155317e-04	
86	7.356423e+01	3.853821e-04	
87	7.943282e+01	3.573643e-04	
88	8.576959e+01	3.313412e-04	
89	9.261187e+01	3.071820e-04	
90	1.000000e+02	2.847622e-04	


Total analysis time (seconds) = 0.014

Total elapsed time (seconds) = 8.954 

Total DRAM available = 15982.191 MB.
DRAM currently available = 1670.676 MB.
Maximum ngspice program size =   49.820 MB.
Current ngspice program size =   49.820 MB.

