Using SPARSE 1.3 as Direct Linear Solver
Note: Starting dynamic gmin stepping
Note: Dynamic gmin stepping completed

Note: No compatibility mode selected!


Circuit: full_acc_batch_25

Doing analysis at TEMP = 27.000000 and TNOM = 27.000000


Initial Transient Solution
--------------------------

Node                                   Voltage
----                                   -------
vdd                                        0.9
vss                                          0
vbias                                     0.35
vref                                      0.45
ecg_in                                    0.25
ecg_in_l1                                 0.25
rpeak_trigger                                0
qrs_gate                                     0
qrs_sym_gate                                 0
pwave_gate                                   0
xrr.rpeak_bar                              0.9
xrr.net_timer                      1.91447e-06
xrr.xctimer.a                                0
xrr.xctimer.b1                               0
xrr.tail_r                           0.0546598
xrr.net_r1                             0.46929
f_rr_ratio                            0.130959
xrr.mid_ref                           0.218464
xrr.tail_a                          0.00433493
xrr.net_a1                             0.40478
f_rr_asym                             0.195574
xinstab0.qrs_gate_bar                      0.9
xinstab0.xota_pk.net1                 0.399253
xinstab0.net_pk_raw                0.000109329
xinstab0.peak_node                 3.46089e-06
xinstab0.xota_pk.net_tail          2.68835e-05
xinstab0.net_pk_gated                      0.9
xinstab0.xcpeak.a                            0
xinstab0.xcpeak.b1                           0
peak_out_l0                        3.46089e-06
xinstab0.tail_i                       0.112023
xinstab0.net_i1                       0.537961
f_instab_l0                           0.128208
xinstab1.qrs_gate_bar                      0.9
xinstab1.xota_pk.net1                 0.399253
xinstab1.net_pk_raw                0.000109329
xinstab1.peak_node                 3.46089e-06
xinstab1.xota_pk.net_tail          2.68835e-05
xinstab1.net_pk_gated                      0.9
xinstab1.xcpeak.a                            0
xinstab1.xcpeak.b1                           0
peak_out_l1                        3.46089e-06
xinstab1.tail_i                       0.112023
xinstab1.net_i1                       0.537961
f_instab_l1                           0.128208
xpwave.xota_hpf_lp.net1               0.171615
xpwave.hpf_vlp                        0.249366
xpwave.xota_hpf_lp.net_tail         0.00970674
xpwave.xchpf_lp.a                            0
xpwave.xchpf_lp.b1                           0
xpwave.xota_hpf_sub.net1              0.171615
xpwave.bpf_mid                        0.249366
xpwave.xota_hpf_sub.net_tail        0.00970674
xpwave.xota_lpf.net1                  0.172056
xpwave.bpf_pw                           0.2487
xpwave.xota_lpf.net_tail            0.00956573
xpwave.xclpf.a                               0
xpwave.xclpf.b1                              0
xpwave.pwave_gate_bar                      0.9
xpwave.vbias_pk                    4.52517e-10
xpwave.xota_pk.net1                   0.371126
xpwave.net_pk_cmp                  1.16348e-09
xpwave.xota_pk.net_tail               0.165873
f_pwave                              0.0160234
xpwave.net_pk_cmp_bar                      0.9
xpwave.xcpk.a                                0
xpwave.xcpk.b1                               0
xwidth.xota_wcmp.net1                 0.171633
xwidth.width_cmp_out                0.00987155
xwidth.xota_wcmp.net_tail           0.00972096
xwidth.qrs_gate_bar                        0.9
xwidth.width_gate_gated            1.41373e-10
xwidth.net_w_bias                          0.9
xwidth.net_w_sw                       0.226117
f_width                             0.00253791
xwidth.xcwidth.a                             0
xwidth.xcwidth.b1                            0
xsym.qrs_onset_bar                         0.9
xsym.rpeak_bar                             0.9
xsym.net_latch                     4.16118e-11
xsym.xclatch.a                               0
xsym.xclatch.b1                              0
xsym.net_latch_bar                         0.9
xsym.net_rise_bias                         0.9
xsym.net_rise_sw                      0.197215
xsym.rise_timer                    4.15428e-11
xsym.xcrise.a                                0
xsym.xcrise.b1                               0
rise_timer_out                     4.15428e-11
xsym.net_fall_bias                         0.9
xsym.net_fall_sw                      0.197215
xsym.fall_timer                     0.00253791
xsym.xcfall.a                                0
xsym.xcfall.b1                               0
fall_timer_out                      0.00253791
xsym.tail_s                         2.8926e-05
xsym.net_sy1                          0.399259
f_sym                                 0.396846
xslope.tail_sl                      2.8926e-05
xslope.net_sl1                        0.396846
f_slope                               0.399259
vpwave#branch                                0
vsym#branch                                  0
vqrs#branch                                  0
vrpeak#branch                                0
vecg2#branch                                 0
vecg#branch                                  0
vref#branch                                  0
vbias#branch                      -1.29081e-13
vss#branch                          8.0044e-10
vdd#branch                        -8.00312e-10


No. of Data Rows : 201452

  Measurements for Transient Analysis

f_rr_ratio_b0       =  1.309588e-01
f_rr_asym_b0        =  1.955743e-01
f_instab_l0_b0      =  1.658344e-01
f_instab_l1_b0      =  1.282076e-01
f_pwave_b0          =  3.963567e-01
f_width_b0          =  7.418650e-02
f_sym_b0            =  2.345639e-01
f_slope_b0          =  3.656321e-01
f_rr_ratio_b1       =  2.233438e-01
f_rr_asym_b1        =  3.477074e-01
f_instab_l0_b1      =  1.659171e-01
f_instab_l1_b1      =  1.282076e-01
f_pwave_b1          =  3.967272e-01
f_width_b1          =  2.200943e-01
f_sym_b1            =  3.774356e-01
f_slope_b1          =  3.548124e-01
f_rr_ratio_b2       =  2.221440e-01
f_rr_asym_b2        =  3.464222e-01
f_instab_l0_b2      =  1.658216e-01
f_instab_l1_b2      =  1.282076e-01
f_pwave_b2          =  3.951163e-01
f_width_b2          =  3.269651e-01
f_sym_b2            =  3.877843e-01
f_slope_b2          =  3.560363e-01
f_rr_ratio_b3       =  2.233999e-01
f_rr_asym_b3        =  3.477674e-01
f_instab_l0_b3      =  1.659144e-01
f_instab_l1_b3      =  1.282076e-01
f_pwave_b3          =  3.985037e-01
f_width_b3          =  2.226742e-01
f_sym_b3            =  3.900996e-01
f_slope_b3          =  3.654803e-01
f_rr_ratio_b4       =  2.229444e-01
f_rr_asym_b4        =  3.472803e-01
f_instab_l0_b4      =  1.659053e-01
f_instab_l1_b4      =  1.282076e-01
f_pwave_b4          =  3.949388e-01
f_width_b4          =  1.769942e-01
f_sym_b4            =  2.540064e-01
f_slope_b4          =  3.551537e-01
f_rr_ratio_b5       =  2.239214e-01
f_rr_asym_b5        =  3.483243e-01
f_instab_l0_b5      =  1.659111e-01
f_instab_l1_b5      =  1.282076e-01
f_pwave_b5          =  3.941701e-01
f_width_b5          =  2.043627e-01
f_sym_b5            =  3.693552e-01
f_slope_b5          =  3.563169e-01
f_rr_ratio_b6       =  2.198644e-01
f_rr_asym_b6        =  3.439663e-01
f_instab_l0_b6      =  1.659124e-01
f_instab_l1_b6      =  1.282076e-01
f_pwave_b6          =  3.967858e-01
f_width_b6          =  2.195550e-01
f_sym_b6            =  3.901628e-01
f_slope_b6          =  3.546356e-01
f_rr_ratio_b7       =  2.205701e-01
f_rr_asym_b7        =  3.447285e-01
f_instab_l0_b7      =  1.658775e-01
f_instab_l1_b7      =  1.282076e-01
f_pwave_b7          =  3.974379e-01
f_width_b7          =  1.802578e-01
f_sym_b7            =  2.250854e-01
f_slope_b7          =  3.660198e-01
f_rr_ratio_b8       =  2.233990e-01
f_rr_asym_b8        =  3.477664e-01
f_instab_l0_b8      =  1.658587e-01
f_instab_l1_b8      =  1.282076e-01
f_pwave_b8          =  3.963503e-01
f_width_b8          =  1.215893e-01
f_sym_b8            =  2.346194e-01
f_slope_b8          =  3.557988e-01
f_rr_ratio_b9       =  2.223169e-01
f_rr_asym_b9        =  3.466078e-01
f_instab_l0_b9      =  1.659101e-01
f_instab_l1_b9      =  1.282076e-01
f_pwave_b9          =  3.958993e-01
f_width_b9          =  1.281629e-01
f_sym_b9            =  3.691006e-01
f_slope_b9          =  3.685719e-01
f_rr_ratio_b10      =  2.223155e-01
f_rr_asym_b10       =  3.466063e-01
f_instab_l0_b10     =  1.658937e-01
f_instab_l1_b10     =  1.282076e-01
f_pwave_b10         =  3.979681e-01
f_width_b10         =  1.185790e-01
f_sym_b10           =  2.443330e-01
f_slope_b10         =  3.554344e-01
f_rr_ratio_b11      =  2.236691e-01
f_rr_asym_b11       =  3.480550e-01
f_instab_l0_b11     =  1.646756e-01
f_instab_l1_b11     =  1.282076e-01
f_pwave_b11         =  3.947679e-01
f_width_b11         =  2.850801e-02
f_sym_b11           =  4.056263e-01
f_slope_b11         =  1.702739e-01
f_rr_ratio_b12      =  2.244897e-01
f_rr_asym_b12       =  3.489301e-01
f_instab_l0_b12     =  1.658780e-01
f_instab_l1_b12     =  1.282076e-01
f_pwave_b12         =  3.955066e-01
f_width_b12         =  9.133089e-02
f_sym_b12           =  2.345640e-01
f_slope_b12         =  3.655848e-01
f_rr_ratio_b13      =  2.209727e-01
f_rr_asym_b13       =  3.451627e-01
f_instab_l0_b13     =  1.658624e-01
f_instab_l1_b13     =  1.282076e-01
f_pwave_b13         =  3.978517e-01
f_width_b13         =  9.386258e-02
f_sym_b13           =  2.443319e-01
f_slope_b13         =  3.652393e-01
f_rr_ratio_b14      =  2.203465e-01
f_rr_asym_b14       =  3.444872e-01
f_instab_l0_b14     =  1.659064e-01
f_instab_l1_b14     =  1.282076e-01
f_pwave_b14         =  3.966499e-01
f_width_b14         =  1.434191e-01
f_sym_b14           =  2.251700e-01
f_slope_b14         =  3.562592e-01
f_rr_ratio_b15      =  2.226461e-01
f_rr_asym_b15       =  3.469608e-01
f_instab_l0_b15     =  1.658163e-01
f_instab_l1_b15     =  1.282076e-01
f_pwave_b15         =  3.983788e-01
f_width_b15         =  7.200055e-02
f_sym_b15           =  2.157337e-01
f_slope_b15         =  3.665851e-01
f_rr_ratio_b16      =  2.201209e-01
f_rr_asym_b16       =  3.442435e-01
f_instab_l0_b16     =  1.657672e-01
f_instab_l1_b16     =  1.282076e-01
f_pwave_b16         =  3.974333e-01
f_width_b16         =  6.864084e-02
f_sym_b16           =  2.156721e-01
f_slope_b16         =  3.664985e-01
f_rr_ratio_b17      =  2.236493e-01
f_rr_asym_b17       =  3.480339e-01
f_instab_l0_b17     =  1.658819e-01
f_instab_l1_b17     =  1.282076e-01
f_pwave_b17         =  3.974283e-01
f_width_b17         =  1.188210e-01
f_sym_b17           =  2.540141e-01
f_slope_b17         =  3.551559e-01
f_rr_ratio_b18      =  2.241677e-01
f_rr_asym_b18       =  3.485871e-01
f_instab_l0_b18     =  1.659187e-01
f_instab_l1_b18     =  1.282076e-01
f_pwave_b18         =  3.978122e-01
f_width_b18         =  1.403011e-01
f_sym_b18           =  3.693424e-01
f_slope_b18         =  3.563189e-01
f_rr_ratio_b19      =  2.240487e-01
f_rr_asym_b19       =  3.484602e-01
f_instab_l0_b19     =  1.658846e-01
f_instab_l1_b19     =  1.282076e-01
f_pwave_b19         =  3.969563e-01
f_width_b19         =  1.238301e-01
f_sym_b19           =  2.346181e-01
f_slope_b19         =  3.557981e-01
f_rr_ratio_b20      =  2.180719e-01
f_rr_asym_b20       =  3.420219e-01
f_instab_l0_b20     =  1.657696e-01
f_instab_l1_b20     =  1.282076e-01
f_pwave_b20         =  3.978090e-01
f_width_b20         =  7.086853e-02
f_sym_b20           =  2.065810e-01
f_slope_b20         =  3.672997e-01
f_rr_ratio_b21      =  2.205655e-01
f_rr_asym_b21       =  3.447236e-01
f_instab_l0_b21     =  1.656841e-01
f_instab_l1_b21     =  1.282076e-01
f_pwave_b21         =  3.974364e-01
f_width_b21         =  6.091267e-02
f_sym_b21           =  1.975707e-01
f_slope_b21         =  3.680482e-01
f_rr_ratio_b22      =  2.226185e-01
f_rr_asym_b22       =  3.469312e-01
f_instab_l0_b22     =  1.657756e-01
f_instab_l1_b22     =  1.282076e-01
f_pwave_b22         =  3.928429e-01
f_width_b22         =  7.344833e-02
f_sym_b22           =  2.065601e-01
f_slope_b22         =  3.673021e-01
f_rr_ratio_b23      =  2.217816e-01
f_rr_asym_b23       =  3.460331e-01
f_instab_l0_b23     =  1.658593e-01
f_instab_l1_b23     =  1.282076e-01
f_pwave_b23         =  3.959076e-01
f_width_b23         =  8.337522e-02
f_sym_b23           =  1.286734e-01
f_slope_b23         =  4.263725e-01
f_rr_ratio_b24      =  2.229604e-01
f_rr_asym_b24       =  3.472974e-01
f_instab_l0_b24     =  1.659182e-01
f_instab_l1_b24     =  1.282076e-01
f_pwave_b24         =  3.972755e-01
f_width_b24         =  1.701093e-01
f_sym_b24           =  3.772450e-01
f_slope_b24         =  4.089025e-01
f_rr_ratio_b25      =  2.231090e-01
f_rr_asym_b25       =  3.474564e-01
f_instab_l0_b25     =  1.659102e-01
f_instab_l1_b25     =  1.282076e-01
f_pwave_b25         =  3.983034e-01
f_width_b25         =  1.682122e-01
f_sym_b25           =  2.540052e-01
f_slope_b25         =  3.551543e-01
f_rr_ratio_b26      =  2.232412e-01
f_rr_asym_b26       =  3.475978e-01
f_instab_l0_b26     =  1.659093e-01
f_instab_l1_b26     =  1.282076e-01
f_pwave_b26         =  3.973377e-01
f_width_b26         =  1.312621e-01
f_sym_b26           =  2.346141e-01
f_slope_b26         =  3.557984e-01
f_rr_ratio_b27      =  2.201225e-01
f_rr_asym_b27       =  3.442453e-01
f_instab_l0_b27     =  1.659186e-01
f_instab_l1_b27     =  1.282076e-01
f_pwave_b27         =  3.970018e-01
f_width_b27         =  1.775303e-01
f_sym_b27           =  2.739847e-01
f_slope_b27         =  3.547633e-01
f_rr_ratio_b28      =  2.219624e-01
f_rr_asym_b28       =  3.462274e-01
f_instab_l0_b28     =  1.659180e-01
f_instab_l1_b28     =  1.282076e-01
f_pwave_b28         =  3.978211e-01
f_width_b28         =  1.919901e-01
f_sym_b28           =  3.695984e-01
f_slope_b28         =  3.561849e-01
f_rr_ratio_b29      =  2.221434e-01
f_rr_asym_b29       =  3.464216e-01
f_instab_l0_b29     =  1.657705e-01
f_instab_l1_b29     =  1.282076e-01
f_pwave_b29         =  3.976720e-01
f_width_b29         =  2.882091e-01
f_sym_b29           =  3.901829e-01
f_slope_b29         =  3.443938e-01
f_rr_ratio_b30      =  2.198874e-01
f_rr_asym_b30       =  3.439910e-01
f_instab_l0_b30     =  1.657918e-01
f_instab_l1_b30     =  1.282076e-01
f_pwave_b30         =  3.974566e-01
f_width_b30         =  3.351647e-01
f_sym_b30           =  3.878623e-01
f_slope_b30         =  3.560356e-01
f_rr_ratio_b31      =  2.224811e-01
f_rr_asym_b31       =  3.467839e-01
f_instab_l0_b31     =  1.658969e-01
f_instab_l1_b31     =  1.282076e-01
f_pwave_b31         =  3.989921e-01
f_width_b31         =  1.964151e-01
f_sym_b31           =  3.901835e-01
f_slope_b31         =  3.654798e-01
f_rr_ratio_b32      =  2.233995e-01
f_rr_asym_b32       =  3.477670e-01
f_instab_l0_b32     =  1.658814e-01
f_instab_l1_b32     =  1.282076e-01
f_pwave_b32         =  3.949347e-01
f_width_b32         =  2.700476e-01
f_sym_b32           =  3.877578e-01
f_slope_b32         =  3.560363e-01
f_rr_ratio_b33      =  2.227898e-01
f_rr_asym_b33       =  3.471147e-01
f_instab_l0_b33     =  1.659004e-01
f_instab_l1_b33     =  1.282076e-01
f_pwave_b33         =  3.953706e-01
f_width_b33         =  2.201470e-01
f_sym_b33           =  3.919901e-01
f_slope_b33         =  3.560347e-01
f_rr_ratio_b34      =  2.177509e-01
f_rr_asym_b34       =  3.416724e-01
f_instab_l0_b34     =  1.659090e-01
f_instab_l1_b34     =  1.282076e-01
f_pwave_b34         =  3.891354e-01
f_width_b34         =  1.596904e-01
f_sym_b34           =  3.901955e-01
f_slope_b34         =  3.546525e-01
f_rr_ratio_b35      =  2.165564e-01
f_rr_asym_b35       =  3.403690e-01
f_instab_l0_b35     =  1.659106e-01
f_instab_l1_b35     =  1.282076e-01
f_pwave_b35         =  3.946075e-01
f_width_b35         =  1.721411e-01
f_sym_b35           =  2.541119e-01
f_slope_b35         =  3.551515e-01
f_rr_ratio_b36      =  2.203453e-01
f_rr_asym_b36       =  3.444859e-01
f_instab_l0_b36     =  1.659170e-01
f_instab_l1_b36     =  1.282076e-01
f_pwave_b36         =  3.970194e-01
f_width_b36         =  1.597108e-01
f_sym_b36           =  3.693647e-01
f_slope_b36         =  3.560674e-01
f_rr_ratio_b37      =  2.198850e-01
f_rr_asym_b37       =  3.439885e-01
f_instab_l0_b37     =  1.659179e-01
f_instab_l1_b37     =  1.282076e-01
f_pwave_b37         =  3.979760e-01
f_width_b37         =  2.020251e-01
f_sym_b37           =  3.901644e-01
f_slope_b37         =  3.546720e-01
f_rr_ratio_b38      =  2.209649e-01
f_rr_asym_b38       =  3.451543e-01
f_instab_l0_b38     =  1.659027e-01
f_instab_l1_b38     =  1.282076e-01
f_pwave_b38         =  3.991024e-01
f_width_b38         =  1.693084e-01
f_sym_b38           =  3.877800e-01
f_slope_b38         =  3.677846e-01
f_rr_ratio_b39      =  2.223163e-01
f_rr_asym_b39       =  3.466071e-01
f_instab_l0_b39     =  1.659049e-01
f_instab_l1_b39     =  1.282076e-01
f_pwave_b39         =  3.986047e-01
f_width_b39         =  1.585127e-01
f_sym_b39           =  3.920298e-01
f_slope_b39         =  3.675712e-01
f_rr_ratio_b40      =  2.207847e-01
f_rr_asym_b40       =  3.449600e-01
f_instab_l0_b40     =  1.659142e-01
f_instab_l1_b40     =  1.282076e-01
f_pwave_b40         =  3.987616e-01
f_width_b40         =  1.724752e-01
f_sym_b40           =  3.902233e-01
f_slope_b40         =  3.654805e-01
f_rr_ratio_b41      =  2.162354e-01
f_rr_asym_b41       =  3.400179e-01
f_instab_l0_b41     =  1.659153e-01
f_instab_l1_b41     =  1.282076e-01
f_pwave_b41         =  3.976274e-01
f_width_b41         =  2.085173e-01
f_sym_b41           =  3.879168e-01
f_slope_b41         =  3.560362e-01
f_rr_ratio_b42      =  2.193978e-01
f_rr_asym_b42       =  3.434613e-01
f_instab_l0_b42     =  1.659020e-01
f_instab_l1_b42     =  1.282076e-01
f_pwave_b42         =  3.952101e-01
f_width_b42         =  1.611945e-01
f_sym_b42           =  3.920876e-01
f_slope_b42         =  3.677817e-01
f_rr_ratio_b43      =  2.213962e-01
f_rr_asym_b43       =  3.456186e-01
f_instab_l0_b43     =  1.658853e-01
f_instab_l1_b43     =  1.282076e-01
f_pwave_b43         =  3.986212e-01
f_width_b43         =  1.289564e-01
f_sym_b43           =  2.443576e-01
f_slope_b43         =  3.554333e-01
f_rr_ratio_b44      =  2.201185e-01
f_rr_asym_b44       =  3.442409e-01
f_instab_l0_b44     =  1.658312e-01
f_instab_l1_b44     =  1.282076e-01
f_pwave_b44         =  3.988012e-01
f_width_b44         =  7.798789e-02
f_sym_b44           =  1.654972e-01
f_slope_b44         =  3.653415e-01
f_rr_ratio_b45      =  2.231122e-01
f_rr_asym_b45       =  3.474598e-01
f_instab_l0_b45     =  1.657735e-01
f_instab_l1_b45     =  1.282076e-01
f_pwave_b45         =  3.940334e-01
f_width_b45         =  7.670598e-02
f_sym_b45           =  2.345946e-01
f_slope_b45         =  3.655863e-01
f_rr_ratio_b46      =  2.235375e-01
f_rr_asym_b46       =  3.479145e-01
f_instab_l0_b46     =  1.658675e-01
f_instab_l1_b46     =  1.282076e-01
f_pwave_b46         =  3.998767e-01
f_width_b46         =  9.117675e-02
f_sym_b46           =  3.774017e-01
f_slope_b46         =  3.656134e-01
f_rr_ratio_b47      =  2.209680e-01
f_rr_asym_b47       =  3.451576e-01
f_instab_l0_b47     =  1.658481e-01
f_instab_l1_b47     =  1.282076e-01
f_pwave_b47         =  3.979301e-01
f_width_b47         =  1.162438e-01
f_sym_b47           =  2.065674e-01
f_slope_b47         =  3.672990e-01
f_rr_ratio_b48      =  2.207855e-01
f_rr_asym_b48       =  3.449609e-01
f_instab_l0_b48     =  1.657843e-01
f_instab_l1_b48     =  1.282076e-01
f_pwave_b48         =  3.944103e-01
f_width_b48         =  2.968821e-01
f_sym_b48           =  3.773018e-01
f_slope_b48         =  3.550004e-01
f_rr_ratio_b49      =  2.180350e-01
f_rr_asym_b49       =  3.419817e-01
f_instab_l0_b49     =  1.658635e-01
f_instab_l1_b49     =  1.282076e-01
f_pwave_b49         =  3.968752e-01
f_width_b49         =  3.732514e-01
f_sym_b49           =  3.875326e-01
f_slope_b49         =  3.546724e-01
f_rr_ratio_b50      =  2.231108e-01
f_rr_asym_b50       =  3.474583e-01
f_instab_l0_b50     =  1.659141e-01
f_instab_l1_b50     =  1.282076e-01
f_pwave_b50         =  3.939437e-01
f_width_b50         =  2.412980e-01
f_sym_b50           =  3.883899e-01
f_slope_b50         =  3.675576e-01
f_rr_ratio_b51      =  2.219617e-01
f_rr_asym_b51       =  3.462266e-01
f_instab_l0_b51     =  1.659122e-01
f_instab_l1_b51     =  1.282076e-01
f_pwave_b51         =  3.967093e-01
f_width_b51         =  1.581346e-01
f_sym_b51           =  2.541131e-01
f_slope_b51         =  3.551518e-01
f_rr_ratio_b52      =  2.235353e-01
f_rr_asym_b52       =  3.479122e-01
f_instab_l0_b52     =  1.658747e-01
f_instab_l1_b52     =  1.282076e-01
f_pwave_b52         =  3.972330e-01
f_width_b52         =  1.431477e-01
f_sym_b52           =  1.286721e-01
f_slope_b52         =  4.264002e-01
f_rr_ratio_b53      =  2.245027e-01
f_rr_asym_b53       =  3.489440e-01
f_instab_l0_b53     =  1.657637e-01
f_instab_l1_b53     =  1.282076e-01
f_pwave_b53         =  3.992749e-01
f_width_b53         =  9.433238e-02
f_sym_b53           =  3.770479e-01
f_slope_b53         =  4.361317e-01
f_rr_ratio_b54      =  2.196264e-01
f_rr_asym_b54       =  3.437087e-01
f_instab_l0_b54     =  1.434312e-01
f_instab_l1_b54     =  1.282076e-01
f_pwave_b54         =  3.965903e-01
f_width_b54         =  4.841266e-02
f_sym_b54           =  2.444160e-01
f_slope_b54         =  3.062192e-01
f_rr_ratio_b55      =  2.191087e-01
f_rr_asym_b55       =  3.431479e-01
f_instab_l0_b55     =  1.313833e-01
f_instab_l1_b55     =  1.282076e-01
f_pwave_b55         =  3.897402e-01
f_width_b55         =  3.051071e-03
f_sym_b55           =  2.252907e-01
f_slope_b55         =  2.974232e-01
f_rr_ratio_b56      =  2.224830e-01
f_rr_asym_b56       =  3.467859e-01
f_instab_l0_b56     =  1.656538e-01
f_instab_l1_b56     =  1.282076e-01
f_pwave_b56         =  3.959009e-01
f_width_b56         =  4.572104e-02
f_sym_b56           =  2.250376e-01
f_slope_b56         =  3.658744e-01
f_rr_ratio_b57      =  2.227854e-01
f_rr_asym_b57       =  3.471100e-01
f_instab_l0_b57     =  1.654909e-01
f_instab_l1_b57     =  1.282076e-01
f_pwave_b57         =  3.970898e-01
f_width_b57         =  3.683067e-02
f_sym_b57           =  2.345620e-01
f_slope_b57         =  3.654465e-01
f_rr_ratio_b58      =  2.193676e-01
f_rr_asym_b58       =  3.434285e-01
f_instab_l0_b58     =  1.633830e-01
f_instab_l1_b58     =  1.282076e-01
f_pwave_b58         =  3.988596e-01
f_width_b58         =  8.862424e-03
f_sym_b58           =  4.136821e-01
f_slope_b58         =  1.455527e-01
f_rr_ratio_b59      =  2.224535e-01
f_rr_asym_b59       =  3.467543e-01
f_instab_l0_b59     =  1.658806e-01
f_instab_l1_b59     =  1.282076e-01
f_pwave_b59         =  3.980010e-01
f_width_b59         =  2.800332e-01
f_sym_b59           =  3.983291e-01
f_slope_b59         =  3.560328e-01
f_rr_ratio_b60      =  2.236693e-01
f_rr_asym_b60       =  3.480552e-01
f_instab_l0_b60     =  1.655662e-01
f_instab_l1_b60     =  1.282076e-01
f_pwave_b60         =  3.985754e-01
f_width_b60         =  6.100521e-01
f_sym_b60           =  3.841929e-01
f_slope_b60         =  3.543117e-01
f_rr_ratio_b61      =  2.196199e-01
f_rr_asym_b61       =  3.437017e-01
f_instab_l0_b61     =  1.658577e-01
f_instab_l1_b61     =  1.282076e-01
f_pwave_b61         =  3.967913e-01
f_width_b61         =  5.282841e-01
f_sym_b61           =  3.853420e-01
f_slope_b61         =  3.545930e-01
f_rr_ratio_b62      =  2.186203e-01
f_rr_asym_b62       =  3.426179e-01
f_instab_l0_b62     =  1.658752e-01
f_instab_l1_b62     =  1.282076e-01
f_pwave_b62         =  3.943557e-01
f_width_b62         =  1.932726e-01
f_sym_b62           =  2.347068e-01
f_slope_b62         =  3.653019e-01
f_rr_ratio_b63      =  2.186127e-01
f_rr_asym_b63       =  3.426097e-01
f_instab_l0_b63     =  1.307672e-01
f_instab_l1_b63     =  1.282076e-01
f_pwave_b63         =  3.921292e-01
f_width_b63         =  1.826222e-02
f_sym_b63           =  4.090812e-01
f_slope_b63         =  1.565490e-01
f_rr_ratio_b64      =  2.213972e-01
f_rr_asym_b64       =  3.456198e-01
f_instab_l0_b64     =  1.636057e-01
f_instab_l1_b64     =  1.282076e-01
f_pwave_b64         =  3.886531e-01
f_width_b64         =  1.112421e-02
f_sym_b64           =  4.164175e-01
f_slope_b64         =  1.411990e-01
f_rr_ratio_b65      =  2.211893e-01
f_rr_asym_b65       =  3.453960e-01
f_instab_l0_b65     =  1.325112e-01
f_instab_l1_b65     =  1.282076e-01
f_pwave_b65         =  3.975451e-01
f_width_b65         =  3.255203e-03
f_sym_b65           =  4.224636e-01
f_slope_b65         =  1.350123e-01
f_rr_ratio_b66      =  2.226266e-01
f_rr_asym_b66       =  3.469398e-01
f_instab_l0_b66     =  1.657414e-01
f_instab_l1_b66     =  1.282076e-01
f_pwave_b66         =  3.977868e-01
f_width_b66         =  6.170666e-02
f_sym_b66           =  1.286728e-01
f_slope_b66         =  4.309593e-01
f_rr_ratio_b67      =  2.233972e-01
f_rr_asym_b67       =  3.477645e-01
f_instab_l0_b67     =  1.658502e-01
f_instab_l1_b67     =  1.282076e-01
f_pwave_b67         =  3.955887e-01
f_width_b67         =  2.247078e-01
f_sym_b67           =  3.770773e-01
f_slope_b67         =  3.807939e-01
f_rr_ratio_b68      =  2.168523e-01
f_rr_asym_b68       =  3.406923e-01
f_instab_l0_b68     =  1.658799e-01
f_instab_l1_b68     =  1.282076e-01
f_pwave_b68         =  3.960149e-01
f_width_b68         =  2.690421e-01
f_sym_b68           =  3.875737e-01
f_slope_b68         =  3.548510e-01
f_rr_ratio_b69      =  2.171842e-01
f_rr_asym_b69       =  3.410547e-01
f_instab_l0_b69     =  1.659159e-01
f_instab_l1_b69     =  1.282076e-01
f_pwave_b69         =  3.961573e-01
f_width_b69         =  2.526897e-01
f_sym_b69           =  3.876260e-01
f_slope_b69         =  3.543947e-01
f_rr_ratio_b70      =  2.180584e-01
f_rr_asym_b70       =  3.420072e-01
f_instab_l0_b70     =  1.659165e-01
f_instab_l1_b70     =  1.282076e-01
f_pwave_b70         =  3.985315e-01
f_width_b70         =  2.876785e-01
f_sym_b70           =  3.875927e-01
f_slope_b70         =  3.545734e-01
f_rr_ratio_b71      =  2.217803e-01
f_rr_asym_b71       =  3.460317e-01
f_instab_l0_b71     =  1.648079e-01
f_instab_l1_b71     =  1.282076e-01
f_pwave_b71         =  3.990855e-01
f_width_b71         =  7.030112e-02
f_sym_b71           =  2.065736e-01
f_slope_b71         =  3.767755e-01
f_rr_ratio_b72      =  2.211966e-01
f_rr_asym_b72       =  3.454038e-01
f_instab_l0_b72     =  1.659068e-01
f_instab_l1_b72     =  1.282076e-01
f_pwave_b72         =  3.938670e-01
f_width_b72         =  1.691931e-01
f_sym_b72           =  3.773678e-01
f_slope_b72         =  3.550226e-01
f_rr_ratio_b73      =  2.221403e-01
f_rr_asym_b73       =  3.464183e-01
f_instab_l0_b73     =  1.659161e-01
f_instab_l1_b73     =  1.282076e-01
f_pwave_b73         =  3.962801e-01
f_width_b73         =  2.483044e-01
f_sym_b73           =  3.875826e-01
f_slope_b73         =  3.543833e-01
f_rr_ratio_b74      =  2.226442e-01
f_rr_asym_b74       =  3.469588e-01
f_instab_l0_b74     =  1.659150e-01
f_instab_l1_b74     =  1.282076e-01
f_pwave_b74         =  3.937344e-01
f_width_b74         =  2.107883e-01
f_sym_b74           =  3.874464e-01
f_slope_b74         =  3.543961e-01
f_rr_ratio_b75      =  2.198825e-01
f_rr_asym_b75       =  3.439858e-01
f_instab_l0_b75     =  1.659180e-01
f_instab_l1_b75     =  1.282076e-01
f_pwave_b75         =  3.880876e-01
f_width_b75         =  2.186951e-01
f_sym_b75           =  3.875406e-01
f_slope_b75         =  3.546723e-01
f_rr_ratio_b76      =  2.180703e-01
f_rr_asym_b76       =  3.420202e-01
f_instab_l0_b76     =  1.634830e-01
f_instab_l1_b76     =  1.282076e-01
f_pwave_b76         =  3.940793e-01
f_width_b76         =  9.046936e-02
f_sym_b76           =  1.308870e-01
f_slope_b76         =  4.217809e-01
f_rr_ratio_b77      =  2.223101e-01
f_rr_asym_b77       =  3.466005e-01
f_instab_l0_b77     =  1.655875e-01
f_instab_l1_b77     =  1.282076e-01
f_pwave_b77         =  3.955445e-01
f_width_b77         =  6.484063e-02
f_sym_b77           =  3.688157e-01
f_slope_b77         =  4.360396e-01
f_rr_ratio_b78      =  2.205680e-01
f_rr_asym_b78       =  3.447262e-01
f_instab_l0_b78     =  1.658787e-01
f_instab_l1_b78     =  1.282076e-01
f_pwave_b78         =  3.896085e-01
f_width_b78         =  2.364455e-01
f_sym_b78           =  3.901996e-01
f_slope_b78         =  3.545811e-01
f_rr_ratio_b79      =  2.215929e-01
f_rr_asym_b79       =  3.458302e-01
f_instab_l0_b79     =  1.656901e-01
f_instab_l1_b79     =  1.282076e-01
f_pwave_b79         =  3.966229e-01
f_width_b79         =  1.330280e-01
f_sym_b79           =  2.157016e-01
f_slope_b79         =  3.665849e-01


Total analysis time (seconds) = 192.492

Total elapsed time (seconds) = 223.175 

Total DRAM available = 15982.191 MB.
DRAM currently available = 1958.395 MB.
Maximum ngspice program size =  163.844 MB.
Current ngspice program size =  163.844 MB.

