Using SPARSE 1.3 as Direct Linear Solver
Note: Starting dynamic gmin stepping
Note: Dynamic gmin stepping completed

Note: No compatibility mode selected!


Circuit: full_acc_batch_20

Doing analysis at TEMP = 27.000000 and TNOM = 27.000000


Initial Transient Solution
--------------------------

Node                                   Voltage
----                                   -------
vdd                                        0.9
vss                                          0
vbias                                     0.35
vref                                      0.45
ecg_in                                    0.25
ecg_in_l1                                 0.25
rpeak_trigger                                0
qrs_gate                                     0
qrs_sym_gate                                 0
pwave_gate                                   0
xrr.rpeak_bar                              0.9
xrr.net_timer                      1.91447e-06
xrr.xctimer.a                                0
xrr.xctimer.b1                               0
xrr.tail_r                           0.0546598
xrr.net_r1                             0.46929
f_rr_ratio                            0.130959
xrr.mid_ref                           0.218464
xrr.tail_a                          0.00433493
xrr.net_a1                             0.40478
f_rr_asym                             0.195574
xinstab0.qrs_gate_bar                      0.9
xinstab0.xota_pk.net1                 0.399253
xinstab0.net_pk_raw                0.000109329
xinstab0.peak_node                 3.46089e-06
xinstab0.xota_pk.net_tail          2.68835e-05
xinstab0.net_pk_gated                      0.9
xinstab0.xcpeak.a                            0
xinstab0.xcpeak.b1                           0
peak_out_l0                        3.46089e-06
xinstab0.tail_i                       0.112023
xinstab0.net_i1                       0.537961
f_instab_l0                           0.128208
xinstab1.qrs_gate_bar                      0.9
xinstab1.xota_pk.net1                 0.399253
xinstab1.net_pk_raw                0.000109329
xinstab1.peak_node                 3.46089e-06
xinstab1.xota_pk.net_tail          2.68835e-05
xinstab1.net_pk_gated                      0.9
xinstab1.xcpeak.a                            0
xinstab1.xcpeak.b1                           0
peak_out_l1                        3.46089e-06
xinstab1.tail_i                       0.112023
xinstab1.net_i1                       0.537961
f_instab_l1                           0.128208
xpwave.xota_hpf_lp.net1               0.171615
xpwave.hpf_vlp                        0.249366
xpwave.xota_hpf_lp.net_tail         0.00970674
xpwave.xchpf_lp.a                            0
xpwave.xchpf_lp.b1                           0
xpwave.xota_hpf_sub.net1              0.171615
xpwave.bpf_mid                        0.249366
xpwave.xota_hpf_sub.net_tail        0.00970674
xpwave.xota_lpf.net1                  0.172056
xpwave.bpf_pw                           0.2487
xpwave.xota_lpf.net_tail            0.00956573
xpwave.xclpf.a                               0
xpwave.xclpf.b1                              0
xpwave.pwave_gate_bar                      0.9
xpwave.vbias_pk                    4.52517e-10
xpwave.xota_pk.net1                   0.371126
xpwave.net_pk_cmp                  1.16348e-09
xpwave.xota_pk.net_tail               0.165873
f_pwave                              0.0160234
xpwave.net_pk_cmp_bar                      0.9
xpwave.xcpk.a                                0
xpwave.xcpk.b1                               0
xwidth.xota_wcmp.net1                 0.171633
xwidth.width_cmp_out                0.00987155
xwidth.xota_wcmp.net_tail           0.00972096
xwidth.qrs_gate_bar                        0.9
xwidth.width_gate_gated            1.41373e-10
xwidth.net_w_bias                          0.9
xwidth.net_w_sw                       0.226117
f_width                             0.00253791
xwidth.xcwidth.a                             0
xwidth.xcwidth.b1                            0
xsym.qrs_onset_bar                         0.9
xsym.rpeak_bar                             0.9
xsym.net_latch                     4.16118e-11
xsym.xclatch.a                               0
xsym.xclatch.b1                              0
xsym.net_latch_bar                         0.9
xsym.net_rise_bias                         0.9
xsym.net_rise_sw                      0.197215
xsym.rise_timer                    4.15428e-11
xsym.xcrise.a                                0
xsym.xcrise.b1                               0
rise_timer_out                     4.15428e-11
xsym.net_fall_bias                         0.9
xsym.net_fall_sw                      0.197215
xsym.fall_timer                     0.00253791
xsym.xcfall.a                                0
xsym.xcfall.b1                               0
fall_timer_out                      0.00253791
xsym.tail_s                         2.8926e-05
xsym.net_sy1                          0.399259
f_sym                                 0.396846
xslope.tail_sl                      2.8926e-05
xslope.net_sl1                        0.396846
f_slope                               0.399259
vpwave#branch                                0
vsym#branch                                  0
vqrs#branch                                  0
vrpeak#branch                                0
vecg2#branch                                 0
vecg#branch                                  0
vref#branch                                  0
vbias#branch                      -1.29081e-13
vss#branch                          8.0044e-10
vdd#branch                        -8.00312e-10


No. of Data Rows : 181171

  Measurements for Transient Analysis

f_rr_ratio_b0       =  1.309588e-01
f_rr_asym_b0        =  1.955743e-01
f_instab_l0_b0      =  1.658508e-01
f_instab_l1_b0      =  1.282076e-01
f_pwave_b0          =  4.024526e-01
f_width_b0          =  8.594975e-02
f_sym_b0            =  3.758760e-01
f_slope_b0          =  3.641716e-01
f_rr_ratio_b1       =  2.261982e-01
f_rr_asym_b1        =  3.507448e-01
f_instab_l0_b1      =  1.656813e-01
f_instab_l1_b1      =  1.281941e-01
f_pwave_b1          =  3.974458e-01
f_width_b1          =  1.748356e-01
f_sym_b1            =  3.727362e-01
f_slope_b1          =  3.743072e-01
f_rr_ratio_b2       =  2.263058e-01
f_rr_asym_b2        =  3.508589e-01
f_instab_l0_b2      =  1.658861e-01
f_instab_l1_b2      =  1.282076e-01
f_pwave_b2          =  3.816315e-01
f_width_b2          =  2.347881e-01
f_sym_b2            =  3.727458e-01
f_slope_b2          =  3.640015e-01
f_rr_ratio_b3       =  2.254908e-01
f_rr_asym_b3        =  3.499946e-01
f_instab_l0_b3      =  1.659148e-01
f_instab_l1_b3      =  1.282076e-01
f_pwave_b3          =  3.386776e-02
f_width_b3          =  2.581189e-01
f_sym_b3            =  3.727664e-01
f_slope_b3          =  3.642534e-01
f_rr_ratio_b4       =  2.262019e-01
f_rr_asym_b4        =  3.507488e-01
f_instab_l0_b4      =  1.658579e-01
f_instab_l1_b4      =  1.282076e-01
f_pwave_b4          =  4.001020e-02
f_width_b4          =  2.283896e-01
f_sym_b4            =  3.727605e-01
f_slope_b4          =  3.642524e-01
f_rr_ratio_b5       =  2.267405e-01
f_rr_asym_b5        =  3.513191e-01
f_instab_l0_b5      =  1.658490e-01
f_instab_l1_b5      =  1.282076e-01
f_pwave_b5          =  6.110133e-02
f_width_b5          =  1.957475e-01
f_sym_b5            =  3.727541e-01
f_slope_b5          =  3.642439e-01
f_rr_ratio_b6       =  2.265416e-01
f_rr_asym_b6        =  3.511085e-01
f_instab_l0_b6      =  1.658635e-01
f_instab_l1_b6      =  1.282076e-01
f_pwave_b6          =  4.032734e-01
f_width_b6          =  2.022215e-01
f_sym_b6            =  3.727441e-01
f_slope_b6          =  3.642752e-01
f_rr_ratio_b7       =  2.265840e-01
f_rr_asym_b7        =  3.511534e-01
f_instab_l0_b7      =  1.658212e-01
f_instab_l1_b7      =  1.282584e-01
f_pwave_b7          =  3.969253e-01
f_width_b7          =  1.959586e-01
f_sym_b7            =  3.727304e-01
f_slope_b7          =  3.745672e-01
f_rr_ratio_b8       =  2.263574e-01
f_rr_asym_b8        =  3.509135e-01
f_instab_l0_b8      =  1.658907e-01
f_instab_l1_b8      =  1.282076e-01
f_pwave_b8          =  3.918821e-01
f_width_b8          =  2.044371e-01
f_sym_b8            =  3.802523e-01
f_slope_b8          =  3.643190e-01
f_rr_ratio_b9       =  2.262543e-01
f_rr_asym_b9        =  3.508043e-01
f_instab_l0_b9      =  1.658609e-01
f_instab_l1_b9      =  1.282076e-01
f_pwave_b9          =  9.162660e-02
f_width_b9          =  1.821430e-01
f_sym_b9            =  3.732608e-01
f_slope_b9          =  3.745063e-01
f_rr_ratio_b10      =  2.264051e-01
f_rr_asym_b10       =  3.509640e-01
f_instab_l0_b10     =  1.658700e-01
f_instab_l1_b10     =  1.282076e-01
f_pwave_b10         =  3.654314e-01
f_width_b10         =  2.211051e-01
f_sym_b10           =  3.727324e-01
f_slope_b10         =  3.743038e-01
f_rr_ratio_b11      =  2.267759e-01
f_rr_asym_b11       =  3.513566e-01
f_instab_l0_b11     =  1.658347e-01
f_instab_l1_b11     =  1.282076e-01
f_pwave_b11         =  3.800651e-01
f_width_b11         =  2.140381e-01
f_sym_b11           =  3.727266e-01
f_slope_b11         =  3.742956e-01
f_rr_ratio_b12      =  2.261471e-01
f_rr_asym_b12       =  3.506907e-01
f_instab_l0_b12     =  1.658632e-01
f_instab_l1_b12     =  1.282076e-01
f_pwave_b12         =  3.983969e-01
f_width_b12         =  2.083960e-01
f_sym_b12           =  3.802605e-01
f_slope_b12         =  3.645975e-01
f_rr_ratio_b13      =  2.258462e-01
f_rr_asym_b13       =  3.503717e-01
f_instab_l0_b13     =  1.659040e-01
f_instab_l1_b13     =  1.282076e-01
f_pwave_b13         =  3.976042e-01
f_width_b13         =  2.046563e-01
f_sym_b13           =  3.732693e-01
f_slope_b13         =  3.642750e-01
f_rr_ratio_b14      =  2.264519e-01
f_rr_asym_b14       =  3.510136e-01
f_instab_l0_b14     =  1.658842e-01
f_instab_l1_b14     =  1.282076e-01
f_pwave_b14         =  3.975491e-01
f_width_b14         =  2.115524e-01
f_sym_b14           =  3.802497e-01
f_slope_b14         =  3.643156e-01
f_rr_ratio_b15      =  2.267758e-01
f_rr_asym_b15       =  3.513565e-01
f_instab_l0_b15     =  1.657536e-01
f_instab_l1_b15     =  1.282078e-01
f_pwave_b15         =  3.760338e-01
f_width_b15         =  1.568093e-01
f_sym_b15           =  3.732436e-01
f_slope_b15         =  3.745675e-01
f_rr_ratio_b16      =  2.264978e-01
f_rr_asym_b16       =  3.510622e-01
f_instab_l0_b16     =  1.658547e-01
f_instab_l1_b16     =  1.282076e-01
f_pwave_b16         =  1.494469e-01
f_width_b16         =  1.979388e-01
f_sym_b16           =  3.729198e-01
f_slope_b16         =  3.641414e-01
f_rr_ratio_b17      =  2.263107e-01
f_rr_asym_b17       =  3.508640e-01
f_instab_l0_b17     =  1.658609e-01
f_instab_l1_b17     =  1.282071e-01
f_pwave_b17         =  2.758390e-01
f_width_b17         =  2.143101e-01
f_sym_b17           =  3.728645e-01
f_slope_b17         =  3.640665e-01
f_rr_ratio_b18      =  2.259770e-01
f_rr_asym_b18       =  3.505104e-01
f_instab_l0_b18     =  1.659010e-01
f_instab_l1_b18     =  1.282076e-01
f_pwave_b18         =  3.563645e-01
f_width_b18         =  2.301781e-01
f_sym_b18           =  3.727584e-01
f_slope_b18         =  3.640154e-01
f_rr_ratio_b19      =  2.264505e-01
f_rr_asym_b19       =  3.510121e-01
f_instab_l0_b19     =  1.658127e-01
f_instab_l1_b19     =  1.282076e-01
f_pwave_b19         =  3.436461e-01
f_width_b19         =  1.707680e-01
f_sym_b19           =  3.727466e-01
f_slope_b19         =  3.640229e-01
f_rr_ratio_b20      =  2.264965e-01
f_rr_asym_b20       =  3.510608e-01
f_instab_l0_b20     =  1.658432e-01
f_instab_l1_b20     =  1.282076e-01
f_pwave_b20         =  3.965041e-01
f_width_b20         =  2.080074e-01
f_sym_b20           =  3.802533e-01
f_slope_b20         =  3.645976e-01
f_rr_ratio_b21      =  2.260332e-01
f_rr_asym_b21       =  3.505700e-01
f_instab_l0_b21     =  1.657662e-01
f_instab_l1_b21     =  1.282068e-01
f_pwave_b21         =  3.918193e-01
f_width_b21         =  1.513828e-01
f_sym_b21           =  3.732536e-01
f_slope_b21         =  3.745681e-01
f_rr_ratio_b22      =  2.259103e-01
f_rr_asym_b22       =  3.504397e-01
f_instab_l0_b22     =  1.658371e-01
f_instab_l1_b22     =  1.282076e-01
f_pwave_b22         =  3.345966e-01
f_width_b22         =  1.945893e-01
f_sym_b22           =  3.727954e-01
f_slope_b22         =  3.743223e-01
f_rr_ratio_b23      =  2.264559e-01
f_rr_asym_b23       =  3.510178e-01
f_instab_l0_b23     =  1.658585e-01
f_instab_l1_b23     =  1.282076e-01
f_pwave_b23         =  3.703949e-01
f_width_b23         =  2.138791e-01
f_sym_b23           =  3.727472e-01
f_slope_b23         =  3.640078e-01
f_rr_ratio_b24      =  2.267023e-01
f_rr_asym_b24       =  3.512787e-01
f_instab_l0_b24     =  1.658466e-01
f_instab_l1_b24     =  1.282076e-01
f_pwave_b24         =  1.572912e-01
f_width_b24         =  2.102178e-01
f_sym_b24           =  3.727511e-01
f_slope_b24         =  3.641307e-01
f_rr_ratio_b25      =  2.264967e-01
f_rr_asym_b25       =  3.510610e-01
f_instab_l0_b25     =  1.658899e-01
f_instab_l1_b25     =  1.282076e-01
f_pwave_b25         =  3.716894e-01
f_width_b25         =  2.317002e-01
f_sym_b25           =  3.727442e-01
f_slope_b25         =  3.640033e-01
f_rr_ratio_b26      =  2.262547e-01
f_rr_asym_b26       =  3.508047e-01
f_instab_l0_b26     =  1.658057e-01
f_instab_l1_b26     =  1.282076e-01
f_pwave_b26         =  4.004037e-01
f_width_b26         =  1.941334e-01
f_sym_b26           =  3.727325e-01
f_slope_b26         =  3.742904e-01
f_rr_ratio_b27      =  2.260310e-01
f_rr_asym_b27       =  3.505677e-01
f_instab_l0_b27     =  1.659080e-01
f_instab_l1_b27     =  1.282076e-01
f_pwave_b27         =  6.119564e-02
f_width_b27         =  2.573479e-01
f_sym_b27           =  3.727622e-01
f_slope_b27         =  3.642436e-01
f_rr_ratio_b28      =  2.272215e-01
f_rr_asym_b28       =  3.518281e-01
f_instab_l0_b28     =  1.363497e-01
f_instab_l1_b28     =  1.282076e-01
f_pwave_b28         =  8.182121e-02
f_width_b28         =  1.733724e-01
f_sym_b28           =  4.290129e-01
f_slope_b28         =  1.315725e-01
f_rr_ratio_b29      =  2.250824e-01
f_rr_asym_b29       =  3.495607e-01
f_instab_l0_b29     =  1.656711e-01
f_instab_l1_b29     =  1.282076e-01
f_pwave_b29         =  2.453623e-01
f_width_b29         =  5.269656e-02
f_sym_b29           =  3.761467e-01
f_slope_b29         =  3.743999e-01
f_rr_ratio_b30      =  2.262072e-01
f_rr_asym_b30       =  3.507543e-01
f_instab_l0_b30     =  1.659138e-01
f_instab_l1_b30     =  1.282076e-01
f_pwave_b30         =  4.017247e-01
f_width_b30         =  2.546249e-01
f_sym_b30           =  3.727660e-01
f_slope_b30         =  3.542310e-01
f_rr_ratio_b31      =  2.259103e-01
f_rr_asym_b31       =  3.504397e-01
f_instab_l0_b31     =  1.658962e-01
f_instab_l1_b31     =  1.282086e-01
f_pwave_b31         =  4.019684e-01
f_width_b31         =  2.211400e-01
f_sym_b31           =  3.727505e-01
f_slope_b31         =  3.642755e-01
f_rr_ratio_b32      =  2.264517e-01
f_rr_asym_b32       =  3.510134e-01
f_instab_l0_b32     =  1.657788e-01
f_instab_l1_b32     =  1.282076e-01
f_pwave_b32         =  3.860251e-01
f_width_b32         =  1.716306e-01
f_sym_b32           =  3.727318e-01
f_slope_b32         =  3.745678e-01
f_rr_ratio_b33      =  2.264523e-01
f_rr_asym_b33       =  3.510140e-01
f_instab_l0_b33     =  1.659112e-01
f_instab_l1_b33     =  1.282076e-01
f_pwave_b33         =  4.065551e-02
f_width_b33         =  2.601608e-01
f_sym_b33           =  3.727752e-01
f_slope_b33         =  3.542086e-01
f_rr_ratio_b34      =  2.263573e-01
f_rr_asym_b34       =  3.509134e-01
f_instab_l0_b34     =  1.658718e-01
f_instab_l1_b34     =  1.282076e-01
f_pwave_b34         =  1.454860e-01
f_width_b34         =  2.170846e-01
f_sym_b34           =  3.727670e-01
f_slope_b34         =  3.641470e-01
f_rr_ratio_b35      =  2.262076e-01
f_rr_asym_b35       =  3.507548e-01
f_instab_l0_b35     =  1.658763e-01
f_instab_l1_b35     =  1.282076e-01
f_pwave_b35         =  3.773210e-01
f_width_b35         =  2.272509e-01
f_sym_b35           =  3.802584e-01
f_slope_b35         =  3.643270e-01
f_rr_ratio_b36      =  2.256387e-01
f_rr_asym_b36       =  3.501516e-01
f_instab_l0_b36     =  1.659124e-01
f_instab_l1_b36     =  1.282076e-01
f_pwave_b36         =  4.028131e-01
f_width_b36         =  2.188982e-01
f_sym_b36           =  3.622986e-01
f_slope_b36         =  3.641709e-01
f_rr_ratio_b37      =  2.259722e-01
f_rr_asym_b37       =  3.505054e-01
f_instab_l0_b37     =  1.658883e-01
f_instab_l1_b37     =  1.281924e-01
f_pwave_b37         =  4.026225e-01
f_width_b37         =  2.482090e-01
f_sym_b37           =  3.723514e-01
f_slope_b37         =  3.642758e-01
f_rr_ratio_b38      =  2.263072e-01
f_rr_asym_b38       =  3.508603e-01
f_instab_l0_b38     =  1.658901e-01
f_instab_l1_b38     =  1.282076e-01
f_pwave_b38         =  1.973319e-01
f_width_b38         =  2.124927e-01
f_sym_b38           =  3.727716e-01
f_slope_b38         =  3.640992e-01
f_rr_ratio_b39      =  2.263118e-01
f_rr_asym_b39       =  3.508651e-01
f_instab_l0_b39     =  1.658798e-01
f_instab_l1_b39     =  1.282076e-01
f_pwave_b39         =  3.974393e-02
f_width_b39         =  2.379273e-01
f_sym_b39           =  3.727469e-01
f_slope_b39         =  3.745451e-01
f_rr_ratio_b40      =  2.253356e-01
f_rr_asym_b40       =  3.498298e-01
f_instab_l0_b40     =  1.659093e-01
f_instab_l1_b40     =  1.282076e-01
f_pwave_b40         =  1.384766e-01
f_width_b40         =  2.333580e-01
f_sym_b40           =  3.620903e-01
f_slope_b40         =  3.640524e-01
f_rr_ratio_b41      =  2.259092e-01
f_rr_asym_b41       =  3.504385e-01
f_instab_l0_b41     =  1.659065e-01
f_instab_l1_b41     =  1.282076e-01
f_pwave_b41         =  3.753701e-01
f_width_b41         =  2.707595e-01
f_sym_b41           =  3.723511e-01
f_slope_b41         =  3.640054e-01
f_rr_ratio_b42      =  2.260306e-01
f_rr_asym_b42       =  3.505672e-01
f_instab_l0_b42     =  1.659120e-01
f_instab_l1_b42     =  1.282093e-01
f_pwave_b42         =  4.025945e-01
f_width_b42         =  2.607596e-01
f_sym_b42           =  3.727471e-01
f_slope_b42         =  3.639896e-01
f_rr_ratio_b43      =  2.259078e-01
f_rr_asym_b43       =  3.504370e-01
f_instab_l0_b43     =  1.658237e-01
f_instab_l1_b43     =  1.282076e-01
f_pwave_b43         =  3.970061e-01
f_width_b43         =  2.066547e-01
f_sym_b43           =  3.727375e-01
f_slope_b43         =  3.745671e-01
f_rr_ratio_b44      =  2.262555e-01
f_rr_asym_b44       =  3.508056e-01
f_instab_l0_b44     =  1.659087e-01
f_instab_l1_b44     =  1.282076e-01
f_pwave_b44         =  5.201349e-02
f_width_b44         =  2.485763e-01
f_sym_b44           =  3.727600e-01
f_slope_b44         =  3.642486e-01
f_rr_ratio_b45      =  2.257116e-01
f_rr_asym_b45       =  3.502290e-01
f_instab_l0_b45     =  1.658953e-01
f_instab_l1_b45     =  1.282076e-01
f_pwave_b45         =  3.748580e-02
f_width_b45         =  2.950644e-01
f_sym_b45           =  3.727823e-01
f_slope_b45         =  3.542092e-01
f_rr_ratio_b46      =  2.260908e-01
f_rr_asym_b46       =  3.506310e-01
f_instab_l0_b46     =  1.658992e-01
f_instab_l1_b46     =  1.282076e-01
f_pwave_b46         =  1.232789e-01
f_width_b46         =  2.295705e-01
f_sym_b46           =  3.727616e-01
f_slope_b46         =  3.641788e-01
f_rr_ratio_b47      =  2.264052e-01
f_rr_asym_b47       =  3.509641e-01
f_instab_l0_b47     =  1.658849e-01
f_instab_l1_b47     =  1.282076e-01
f_pwave_b47         =  4.061754e-02
f_width_b47         =  2.189502e-01
f_sym_b47           =  3.727580e-01
f_slope_b47         =  3.642526e-01
f_rr_ratio_b48      =  2.264522e-01
f_rr_asym_b48       =  3.510139e-01
f_instab_l0_b48     =  1.658961e-01
f_instab_l1_b48     =  1.282076e-01
f_pwave_b48         =  4.007377e-01
f_width_b48         =  2.165741e-01
f_sym_b48           =  3.727429e-01
f_slope_b48         =  3.639905e-01
f_rr_ratio_b49      =  2.254909e-01
f_rr_asym_b49       =  3.499947e-01
f_instab_l0_b49     =  1.658646e-01
f_instab_l1_b49     =  1.282079e-01
f_pwave_b49         =  3.974754e-01
f_width_b49         =  2.005946e-01
f_sym_b49           =  3.727541e-01
f_slope_b49         =  3.642755e-01
f_rr_ratio_b50      =  2.263564e-01
f_rr_asym_b50       =  3.509125e-01
f_instab_l0_b50     =  1.658741e-01
f_instab_l1_b50     =  1.282076e-01
f_pwave_b50         =  3.768067e-02
f_width_b50         =  2.283487e-01
f_sym_b50           =  3.727456e-01
f_slope_b50         =  3.745451e-01
f_rr_ratio_b51      =  2.266249e-01
f_rr_asym_b51       =  3.511967e-01
f_instab_l0_b51     =  1.658889e-01
f_instab_l1_b51     =  1.282076e-01
f_pwave_b51         =  4.104322e-02
f_width_b51         =  2.253564e-01
f_sym_b51           =  3.727556e-01
f_slope_b51         =  3.642523e-01
f_rr_ratio_b52      =  2.263574e-01
f_rr_asym_b52       =  3.509135e-01
f_instab_l0_b52     =  1.658423e-01
f_instab_l1_b52     =  1.282070e-01
f_pwave_b52         =  4.214302e-02
f_width_b52         =  2.179171e-01
f_sym_b52           =  3.727585e-01
f_slope_b52         =  3.642522e-01
f_rr_ratio_b53      =  2.263572e-01
f_rr_asym_b53       =  3.509133e-01
f_instab_l0_b53     =  1.658787e-01
f_instab_l1_b53     =  1.282076e-01
f_pwave_b53         =  1.880681e-01
f_width_b53         =  2.207430e-01
f_sym_b53           =  3.802768e-01
f_slope_b53         =  3.644263e-01
f_rr_ratio_b54      =  2.260964e-01
f_rr_asym_b54       =  3.506370e-01
f_instab_l0_b54     =  1.659006e-01
f_instab_l1_b54     =  1.282076e-01
f_pwave_b54         =  3.985651e-01
f_width_b54         =  1.973736e-01
f_sym_b54           =  3.732672e-01
f_slope_b54         =  3.642750e-01
f_rr_ratio_b55      =  2.259104e-01
f_rr_asym_b55       =  3.504398e-01
f_instab_l0_b55     =  1.657773e-01
f_instab_l1_b55     =  1.282076e-01
f_pwave_b55         =  3.983651e-01
f_width_b55         =  1.636581e-01
f_sym_b55           =  3.727371e-01
f_slope_b55         =  3.745681e-01
f_rr_ratio_b56      =  2.259724e-01
f_rr_asym_b56       =  3.505056e-01
f_instab_l0_b56     =  1.658064e-01
f_instab_l1_b56     =  1.282076e-01
f_pwave_b56         =  3.646270e-02
f_width_b56         =  1.922704e-01
f_sym_b56           =  3.802779e-01
f_slope_b56         =  3.752009e-01
f_rr_ratio_b57      =  2.259723e-01
f_rr_asym_b57       =  3.505054e-01
f_instab_l0_b57     =  1.658736e-01
f_instab_l1_b57     =  1.282076e-01
f_pwave_b57         =  3.660474e-02
f_width_b57         =  1.841964e-01
f_sym_b57           =  3.732637e-01
f_slope_b57         =  3.745445e-01
f_rr_ratio_b58      =  2.243846e-01
f_rr_asym_b58       =  3.488182e-01
f_instab_l0_b58     =  1.659008e-01
f_instab_l1_b58     =  1.282076e-01
f_pwave_b58         =  3.973883e-02
f_width_b58         =  2.360900e-01
f_sym_b58           =  3.727812e-01
f_slope_b58         =  3.642526e-01
f_rr_ratio_b59      =  2.257176e-01
f_rr_asym_b59       =  3.502353e-01
f_instab_l0_b59     =  1.659026e-01
f_instab_l1_b59     =  1.282076e-01
f_pwave_b59         =  5.492313e-02
f_width_b59         =  2.309714e-01
f_sym_b59           =  3.727652e-01
f_slope_b59         =  3.642475e-01
f_rr_ratio_b60      =  2.262555e-01
f_rr_asym_b60       =  3.508056e-01
f_instab_l0_b60     =  1.659098e-01
f_instab_l1_b60     =  1.282076e-01
f_pwave_b60         =  4.010905e-01
f_width_b60         =  2.319163e-01
f_sym_b60           =  3.727479e-01
f_slope_b60         =  3.642755e-01
f_rr_ratio_b61      =  2.257108e-01
f_rr_asym_b61       =  3.502281e-01
f_instab_l0_b61     =  1.658750e-01
f_instab_l1_b61     =  1.282076e-01
f_pwave_b61         =  3.934306e-01
f_width_b61         =  2.163906e-01
f_sym_b61           =  3.727525e-01
f_slope_b61         =  3.642756e-01
f_rr_ratio_b62      =  2.258454e-01
f_rr_asym_b62       =  3.503708e-01
f_instab_l0_b62     =  1.658989e-01
f_instab_l1_b62     =  1.282076e-01
f_pwave_b62         =  3.804058e-02
f_width_b62         =  2.141105e-01
f_sym_b62           =  3.727505e-01
f_slope_b62         =  3.745452e-01
f_rr_ratio_b63      =  2.255676e-01
f_rr_asym_b63       =  3.500761e-01
f_instab_l0_b63     =  1.659037e-01
f_instab_l1_b63     =  1.282076e-01
f_pwave_b63         =  3.482464e-02
f_width_b63         =  2.749267e-01
f_sym_b63           =  3.727659e-01
f_slope_b63         =  3.642534e-01
f_rr_ratio_b64      =  2.261472e-01
f_rr_asym_b64       =  3.506908e-01
f_instab_l0_b64     =  1.658567e-01
f_instab_l1_b64     =  1.282075e-01
f_pwave_b64         =  9.175144e-02
f_width_b64         =  2.091710e-01
f_sym_b64           =  3.727484e-01
f_slope_b64         =  3.745066e-01
f_rr_ratio_b65      =  2.263567e-01
f_rr_asym_b65       =  3.509127e-01
f_instab_l0_b65     =  1.658897e-01
f_instab_l1_b65     =  1.282076e-01
f_pwave_b65         =  3.908815e-01
f_width_b65         =  2.417503e-01
f_sym_b65           =  3.802525e-01
f_slope_b65         =  3.643195e-01
f_rr_ratio_b66      =  2.263557e-01
f_rr_asym_b66       =  3.509117e-01
f_instab_l0_b66     =  1.658790e-01
f_instab_l1_b66     =  1.282076e-01
f_pwave_b66         =  3.973888e-01
f_width_b66         =  2.623793e-01
f_sym_b66           =  3.732799e-01
f_slope_b66         =  3.539499e-01
f_rr_ratio_b67      =  2.259708e-01
f_rr_asym_b67       =  3.505038e-01
f_instab_l0_b67     =  1.658851e-01
f_instab_l1_b67     =  1.282076e-01
f_pwave_b67         =  3.981698e-01
f_width_b67         =  2.170930e-01
f_sym_b67           =  3.727480e-01
f_slope_b67         =  3.639923e-01
f_rr_ratio_b68      =  2.264502e-01
f_rr_asym_b68       =  3.510118e-01
f_instab_l0_b68     =  1.658427e-01
f_instab_l1_b68     =  1.282076e-01
f_pwave_b68         =  3.500835e-01
f_width_b68         =  2.121473e-01
f_sym_b68           =  3.727228e-01
f_slope_b68         =  3.846548e-01
f_rr_ratio_b69      =  2.269096e-01
f_rr_asym_b69       =  3.514981e-01
f_instab_l0_b69     =  1.659131e-01
f_instab_l1_b69     =  1.282076e-01
f_pwave_b69         =  5.342733e-02
f_width_b69         =  2.736970e-01
f_sym_b69           =  3.727513e-01
f_slope_b69         =  3.642482e-01
f_rr_ratio_b70      =  2.265418e-01
f_rr_asym_b70       =  3.511087e-01
f_instab_l0_b70     =  1.657851e-01
f_instab_l1_b70     =  1.282076e-01
f_pwave_b70         =  3.733481e-01
f_width_b70         =  1.857732e-01
f_sym_b70           =  3.727299e-01
f_slope_b70         =  3.742993e-01
f_rr_ratio_b71      =  2.264965e-01
f_rr_asym_b71       =  3.510608e-01
f_instab_l0_b71     =  1.658818e-01
f_instab_l1_b71     =  1.282076e-01
f_pwave_b71         =  3.813393e-01
f_width_b71         =  2.178082e-01
f_sym_b71           =  3.727450e-01
f_slope_b71         =  3.642756e-01
f_rr_ratio_b72      =  2.262558e-01
f_rr_asym_b72       =  3.508059e-01
f_instab_l0_b72     =  1.659057e-01
f_instab_l1_b72     =  1.282076e-01
f_pwave_b72         =  4.014677e-01
f_width_b72         =  2.316686e-01
f_sym_b72           =  3.727476e-01
f_slope_b72         =  3.642753e-01
f_rr_ratio_b73      =  2.262559e-01
f_rr_asym_b73       =  3.508060e-01
f_instab_l0_b73     =  1.657996e-01
f_instab_l1_b73     =  1.281967e-01
f_pwave_b73         =  3.987711e-01
f_width_b73         =  1.879316e-01
f_sym_b73           =  3.802450e-01
f_slope_b73         =  3.749568e-01
f_rr_ratio_b74      =  2.264507e-01
f_rr_asym_b74       =  3.510123e-01
f_instab_l0_b74     =  1.659086e-01
f_instab_l1_b74     =  1.282076e-01
f_pwave_b74         =  7.875348e-02
f_width_b74         =  2.076647e-01
f_sym_b74           =  3.732723e-01
f_slope_b74         =  3.642294e-01
f_rr_ratio_b75      =  2.266249e-01
f_rr_asym_b75       =  3.511968e-01
f_instab_l0_b75     =  1.659127e-01
f_instab_l1_b75     =  1.282076e-01
f_pwave_b75         =  1.248027e-01
f_width_b75         =  2.541517e-01
f_sym_b75           =  3.727555e-01
f_slope_b75         =  3.641768e-01
f_rr_ratio_b76      =  2.259107e-01
f_rr_asym_b76       =  3.504401e-01
f_instab_l0_b76     =  1.658681e-01
f_instab_l1_b76     =  1.282076e-01
f_pwave_b76         =  1.180182e-01
f_width_b76         =  1.999173e-01
f_sym_b76           =  3.727636e-01
f_slope_b76         =  3.641861e-01
f_rr_ratio_b77      =  2.262555e-01
f_rr_asym_b77       =  3.508056e-01
f_instab_l0_b77     =  1.658999e-01
f_instab_l1_b77     =  1.282076e-01
f_pwave_b77         =  2.955040e-01
f_width_b77         =  2.214304e-01
f_sym_b77           =  3.804534e-01
f_slope_b77         =  3.643764e-01
f_rr_ratio_b78      =  2.267048e-01
f_rr_asym_b78       =  3.512814e-01
f_instab_l0_b78     =  1.658881e-01
f_instab_l1_b78     =  1.282076e-01
f_pwave_b78         =  4.029570e-01
f_width_b78         =  2.029516e-01
f_sym_b78           =  3.812878e-01
f_slope_b78         =  3.643121e-01
f_rr_ratio_b79      =  2.275953e-01
f_rr_asym_b79       =  3.522240e-01
f_instab_l0_b79     =  1.427242e-01
f_instab_l1_b79     =  1.282076e-01
f_pwave_b79         =  3.849816e-01
f_width_b79         =  1.036795e-01
f_sym_b79           =  1.286718e-01
f_slope_b79         =  4.465424e-01


Total analysis time (seconds) = 153.263

Total elapsed time (seconds) = 185.015 

Total DRAM available = 15982.191 MB.
DRAM currently available = 3043.324 MB.
Maximum ngspice program size =  170.527 MB.
Current ngspice program size =  170.527 MB.

