Using SPARSE 1.3 as Direct Linear Solver
Note: Starting dynamic gmin stepping
Note: Dynamic gmin stepping completed

Note: No compatibility mode selected!


Circuit: full_acc_batch_36

Doing analysis at TEMP = 27.000000 and TNOM = 27.000000


Initial Transient Solution
--------------------------

Node                                   Voltage
----                                   -------
vdd                                        0.9
vss                                          0
vbias                                     0.35
vref                                      0.45
ecg_in                                    0.25
ecg_in_l1                                 0.25
rpeak_trigger                                0
qrs_gate                                     0
qrs_sym_gate                                 0
pwave_gate                                   0
xrr.rpeak_bar                              0.9
xrr.net_timer                      1.91447e-06
xrr.xctimer.a                                0
xrr.xctimer.b1                               0
xrr.tail_r                           0.0546598
xrr.net_r1                             0.46929
f_rr_ratio                            0.130959
xrr.mid_ref                           0.218464
xrr.tail_a                          0.00433493
xrr.net_a1                             0.40478
f_rr_asym                             0.195574
xinstab0.qrs_gate_bar                      0.9
xinstab0.xota_pk.net1                 0.399253
xinstab0.net_pk_raw                0.000109329
xinstab0.peak_node                 3.46089e-06
xinstab0.xota_pk.net_tail          2.68835e-05
xinstab0.net_pk_gated                      0.9
xinstab0.xcpeak.a                            0
xinstab0.xcpeak.b1                           0
peak_out_l0                        3.46089e-06
xinstab0.tail_i                       0.112023
xinstab0.net_i1                       0.537961
f_instab_l0                           0.128208
xinstab1.qrs_gate_bar                      0.9
xinstab1.xota_pk.net1                 0.399253
xinstab1.net_pk_raw                0.000109329
xinstab1.peak_node                 3.46089e-06
xinstab1.xota_pk.net_tail          2.68835e-05
xinstab1.net_pk_gated                      0.9
xinstab1.xcpeak.a                            0
xinstab1.xcpeak.b1                           0
peak_out_l1                        3.46089e-06
xinstab1.tail_i                       0.112023
xinstab1.net_i1                       0.537961
f_instab_l1                           0.128208
xpwave.xota_hpf_lp.net1               0.171615
xpwave.hpf_vlp                        0.249366
xpwave.xota_hpf_lp.net_tail         0.00970674
xpwave.xchpf_lp.a                            0
xpwave.xchpf_lp.b1                           0
xpwave.xota_hpf_sub.net1              0.171615
xpwave.bpf_mid                        0.249366
xpwave.xota_hpf_sub.net_tail        0.00970674
xpwave.xota_lpf.net1                  0.172056
xpwave.bpf_pw                           0.2487
xpwave.xota_lpf.net_tail            0.00956573
xpwave.xclpf.a                               0
xpwave.xclpf.b1                              0
xpwave.pwave_gate_bar                      0.9
xpwave.vbias_pk                    4.52517e-10
xpwave.xota_pk.net1                   0.371126
xpwave.net_pk_cmp                  1.16348e-09
xpwave.xota_pk.net_tail               0.165873
f_pwave                              0.0160234
xpwave.net_pk_cmp_bar                      0.9
xpwave.xcpk.a                                0
xpwave.xcpk.b1                               0
xwidth.xota_wcmp.net1                 0.171633
xwidth.width_cmp_out                0.00987155
xwidth.xota_wcmp.net_tail           0.00972096
xwidth.qrs_gate_bar                        0.9
xwidth.width_gate_gated            1.41373e-10
xwidth.net_w_bias                          0.9
xwidth.net_w_sw                       0.226117
f_width                             0.00253791
xwidth.xcwidth.a                             0
xwidth.xcwidth.b1                            0
xsym.qrs_onset_bar                         0.9
xsym.rpeak_bar                             0.9
xsym.net_latch                     4.16118e-11
xsym.xclatch.a                               0
xsym.xclatch.b1                              0
xsym.net_latch_bar                         0.9
xsym.net_rise_bias                         0.9
xsym.net_rise_sw                      0.197215
xsym.rise_timer                    4.15428e-11
xsym.xcrise.a                                0
xsym.xcrise.b1                               0
rise_timer_out                     4.15428e-11
xsym.net_fall_bias                         0.9
xsym.net_fall_sw                      0.197215
xsym.fall_timer                     0.00253791
xsym.xcfall.a                                0
xsym.xcfall.b1                               0
fall_timer_out                      0.00253791
xsym.tail_s                         2.8926e-05
xsym.net_sy1                          0.399259
f_sym                                 0.396846
xslope.tail_sl                      2.8926e-05
xslope.net_sl1                        0.396846
f_slope                               0.399259
vpwave#branch                                0
vsym#branch                                  0
vqrs#branch                                  0
vrpeak#branch                                0
vecg2#branch                                 0
vecg#branch                                  0
vref#branch                                  0
vbias#branch                      -1.29081e-13
vss#branch                          8.0044e-10
vdd#branch                        -8.00312e-10


No. of Data Rows : 184170

  Measurements for Transient Analysis

f_rr_ratio_b0       =  1.309588e-01
f_rr_asym_b0        =  1.955743e-01
f_instab_l0_b0      =  1.658510e-01
f_instab_l1_b0      =  1.283625e-01
f_pwave_b0          =  4.017891e-01
f_width_b0          =  8.258283e-02
f_sym_b0            =  3.862016e-01
f_slope_b0          =  3.750435e-01
f_rr_ratio_b1       =  2.211817e-01
f_rr_asym_b1        =  3.453878e-01
f_instab_l0_b1      =  1.658562e-01
f_instab_l1_b1      =  1.284126e-01
f_pwave_b1          =  3.986663e-01
f_width_b1          =  1.413730e-01
f_sym_b1            =  3.733859e-01
f_slope_b1          =  3.743325e-01
f_rr_ratio_b2       =  2.277590e-01
f_rr_asym_b2        =  3.523978e-01
f_instab_l0_b2      =  1.655780e-01
f_instab_l1_b2      =  1.282075e-01
f_pwave_b2          =  3.996370e-01
f_width_b2          =  3.833576e-01
f_sym_b2            =  3.377878e-01
f_slope_b2          =  3.243940e-01
f_rr_ratio_b3       =  1.954861e-01
f_rr_asym_b3        =  3.164592e-01
f_instab_l0_b3      =  1.657318e-01
f_instab_l1_b3      =  1.283881e-01
f_pwave_b3          =  3.996592e-01
f_width_b3          =  2.284751e-01
f_sym_b3            =  3.784306e-01
f_slope_b3          =  3.749545e-01
f_rr_ratio_b4       =  2.266500e-01
f_rr_asym_b4        =  3.512233e-01
f_instab_l0_b4      =  1.656906e-01
f_instab_l1_b4      =  1.283524e-01
f_pwave_b4          =  4.012904e-01
f_width_b4          =  1.311394e-01
f_sym_b4            =  3.812628e-01
f_slope_b4          =  3.750036e-01
f_rr_ratio_b5       =  2.244919e-01
f_rr_asym_b5        =  3.489325e-01
f_instab_l0_b5      =  1.656706e-01
f_instab_l1_b5      =  1.284100e-01
f_pwave_b5          =  4.024865e-01
f_width_b5          =  8.990525e-02
f_sym_b5            =  3.814362e-01
f_slope_b5          =  3.750417e-01
f_rr_ratio_b6       =  2.278300e-01
f_rr_asym_b6        =  3.524736e-01
f_instab_l0_b6      =  1.655689e-01
f_instab_l1_b6      =  1.282076e-01
f_pwave_b6          =  4.026657e-01
f_width_b6          =  3.858953e-01
f_sym_b6            =  3.623979e-01
f_slope_b6          =  3.243200e-01
f_rr_ratio_b7       =  2.227987e-01
f_rr_asym_b7        =  3.471243e-01
f_instab_l0_b7      =  1.655377e-01
f_instab_l1_b7      =  1.283657e-01
f_pwave_b7          =  4.020046e-01
f_width_b7          =  1.858817e-01
f_sym_b7            =  3.795732e-01
f_slope_b7          =  3.752243e-01
f_rr_ratio_b8       =  2.272647e-01
f_rr_asym_b8        =  3.518738e-01
f_instab_l0_b8      =  1.658335e-01
f_instab_l1_b8      =  1.284460e-01
f_pwave_b8          =  3.983731e-01
f_width_b8          =  1.552959e-01
f_sym_b8            =  3.812566e-01
f_slope_b8          =  3.643495e-01
f_rr_ratio_b9       =  1.416109e-01
f_rr_asym_b9        =  2.307477e-01
f_instab_l0_b9      =  1.657816e-01
f_instab_l1_b9      =  1.283398e-01
f_pwave_b9          =  3.993284e-01
f_width_b9          =  7.958691e-02
f_sym_b9            =  3.815020e-01
f_slope_b9          =  3.752700e-01
f_rr_ratio_b10      =  2.259954e-01
f_rr_asym_b10       =  3.505299e-01
f_instab_l0_b10     =  1.658241e-01
f_instab_l1_b10     =  1.283364e-01
f_pwave_b10         =  4.016942e-01
f_width_b10         =  1.563048e-01
f_sym_b10           =  3.812741e-01
f_slope_b10         =  3.749795e-01
f_rr_ratio_b11      =  2.171550e-01
f_rr_asym_b11       =  3.410229e-01
f_instab_l0_b11     =  1.657803e-01
f_instab_l1_b11     =  1.282725e-01
f_pwave_b11         =  4.012998e-01
f_width_b11         =  1.160686e-01
f_sym_b11           =  3.813949e-01
f_slope_b11         =  3.750166e-01
f_rr_ratio_b12      =  2.037073e-01
f_rr_asym_b12       =  3.260136e-01
f_instab_l0_b12     =  1.657543e-01
f_instab_l1_b12     =  1.283830e-01
f_pwave_b12         =  3.991642e-01
f_width_b12         =  1.045430e-01
f_sym_b12           =  3.853533e-01
f_slope_b12         =  3.765691e-01
f_rr_ratio_b13      =  2.099297e-01
f_rr_asym_b13       =  3.330441e-01
f_instab_l0_b13     =  1.655680e-01
f_instab_l1_b13     =  1.283439e-01
f_pwave_b13         =  3.990543e-01
f_width_b13         =  5.988102e-02
f_sym_b13           =  3.827042e-01
f_slope_b13         =  3.750540e-01
f_rr_ratio_b14      =  2.268797e-01
f_rr_asym_b14       =  3.514664e-01
f_instab_l0_b14     =  1.657925e-01
f_instab_l1_b14     =  1.284106e-01
f_pwave_b14         =  4.020109e-01
f_width_b14         =  1.400205e-01
f_sym_b14           =  3.812584e-01
f_slope_b14         =  3.749939e-01
f_rr_ratio_b15      =  2.265410e-01
f_rr_asym_b15       =  3.511079e-01
f_instab_l0_b15     =  1.657833e-01
f_instab_l1_b15     =  1.284260e-01
f_pwave_b15         =  4.023482e-01
f_width_b15         =  1.267545e-01
f_sym_b15           =  3.812592e-01
f_slope_b15         =  3.752225e-01
f_rr_ratio_b16      =  2.277844e-01
f_rr_asym_b16       =  3.524249e-01
f_instab_l0_b16     =  1.658907e-01
f_instab_l1_b16     =  1.282076e-01
f_pwave_b16         =  4.018573e-01
f_width_b16         =  2.641091e-01
f_sym_b16           =  3.377549e-01
f_slope_b16         =  3.345426e-01
f_rr_ratio_b17      =  2.217729e-01
f_rr_asym_b17       =  3.460238e-01
f_instab_l0_b17     =  1.657507e-01
f_instab_l1_b17     =  1.283273e-01
f_pwave_b17         =  4.027960e-01
f_width_b17         =  2.326037e-01
f_sym_b17           =  3.719453e-01
f_slope_b17         =  3.742861e-01
f_rr_ratio_b18      =  2.269724e-01
f_rr_asym_b18       =  3.515645e-01
f_instab_l0_b18     =  1.657974e-01
f_instab_l1_b18     =  1.284111e-01
f_pwave_b18         =  4.021360e-01
f_width_b18         =  1.680784e-01
f_sym_b18           =  3.833220e-01
f_slope_b18         =  3.763522e-01
f_rr_ratio_b19      =  2.269409e-01
f_rr_asym_b19       =  3.515312e-01
f_instab_l0_b19     =  1.657784e-01
f_instab_l1_b19     =  1.283174e-01
f_pwave_b19         =  3.980538e-01
f_width_b19         =  1.174031e-01
f_sym_b19           =  3.825333e-01
f_slope_b19         =  3.750129e-01
f_rr_ratio_b20      =  2.278354e-01
f_rr_asym_b20       =  3.524793e-01
f_instab_l0_b20     =  1.656443e-01
f_instab_l1_b20     =  1.282075e-01
f_pwave_b20         =  4.021551e-01
f_width_b20         =  3.217004e-01
f_sym_b20           =  3.500206e-01
f_slope_b20         =  3.342211e-01
f_rr_ratio_b21      =  2.000943e-01
f_rr_asym_b21       =  3.218556e-01
f_instab_l0_b21     =  1.651559e-01
f_instab_l1_b21     =  1.282127e-01
f_pwave_b21         =  4.014162e-01
f_width_b21         =  1.741922e-01
f_sym_b21           =  3.790061e-01
f_slope_b21         =  3.854154e-01
f_rr_ratio_b22      =  2.152007e-01
f_rr_asym_b22       =  3.388835e-01
f_instab_l0_b22     =  1.657078e-01
f_instab_l1_b22     =  1.282791e-01
f_pwave_b22         =  3.989161e-01
f_width_b22         =  1.069070e-01
f_sym_b22           =  3.813719e-01
f_slope_b22         =  3.750250e-01
f_rr_ratio_b23      =  2.238708e-01
f_rr_asym_b23       =  3.482704e-01
f_instab_l0_b23     =  1.658689e-01
f_instab_l1_b23     =  1.283585e-01
f_pwave_b23         =  3.965241e-01
f_width_b23         =  1.324303e-01
f_sym_b23           =  3.814456e-01
f_slope_b23         =  3.749998e-01
f_rr_ratio_b24      =  2.277998e-01
f_rr_asym_b24       =  3.524413e-01
f_instab_l0_b24     =  1.655743e-01
f_instab_l1_b24     =  1.282076e-01
f_pwave_b24         =  4.022597e-01
f_width_b24         =  3.709185e-01
f_sym_b24           =  3.500234e-01
f_slope_b24         =  3.342207e-01
f_rr_ratio_b25      =  1.897728e-01
f_rr_asym_b25       =  3.095969e-01
f_instab_l0_b25     =  1.657470e-01
f_instab_l1_b25     =  1.283557e-01
f_pwave_b25         =  4.013782e-01
f_width_b25         =  2.108448e-01
f_sym_b25           =  3.720855e-01
f_slope_b25         =  3.743807e-01
f_rr_ratio_b26      =  2.274073e-01
f_rr_asym_b26       =  3.520248e-01
f_instab_l0_b26     =  1.658769e-01
f_instab_l1_b26     =  1.283657e-01
f_pwave_b26         =  4.017339e-01
f_width_b26         =  2.144307e-01
f_sym_b26           =  3.802062e-01
f_slope_b26         =  3.752217e-01
f_rr_ratio_b27      =  2.271314e-01
f_rr_asym_b27       =  3.517328e-01
f_instab_l0_b27     =  1.658739e-01
f_instab_l1_b27     =  1.283659e-01
f_pwave_b27         =  4.021974e-01
f_width_b27         =  1.963162e-01
f_sym_b27           =  3.812336e-01
f_slope_b27         =  3.749460e-01
f_rr_ratio_b28      =  2.262025e-01
f_rr_asym_b28       =  3.507494e-01
f_instab_l0_b28     =  1.657799e-01
f_instab_l1_b28     =  1.284073e-01
f_pwave_b28         =  3.994150e-01
f_width_b28         =  1.359544e-01
f_sym_b28           =  3.732646e-01
f_slope_b28         =  3.743380e-01
f_rr_ratio_b29      =  1.552277e-01
f_rr_asym_b29       =  2.598353e-01
f_instab_l0_b29     =  1.658589e-01
f_instab_l1_b29     =  1.283561e-01
f_pwave_b29         =  4.002650e-01
f_width_b29         =  1.221336e-01
f_sym_b29           =  3.804245e-01
f_slope_b29         =  3.752377e-01
f_rr_ratio_b30      =  2.262725e-01
f_rr_asym_b30       =  3.508235e-01
f_instab_l0_b30     =  1.656639e-01
f_instab_l1_b30     =  1.283551e-01
f_pwave_b30         =  4.012052e-01
f_width_b30         =  1.438606e-01
f_sym_b30           =  3.732444e-01
f_slope_b30         =  3.846722e-01
f_rr_ratio_b31      =  2.261496e-01
f_rr_asym_b31       =  3.506933e-01
f_instab_l0_b31     =  1.657692e-01
f_instab_l1_b31     =  1.283378e-01
f_pwave_b31         =  3.967761e-01
f_width_b31         =  1.601006e-01
f_sym_b31           =  3.802527e-01
f_slope_b31         =  3.749779e-01
f_rr_ratio_b32      =  2.203249e-01
f_rr_asym_b32       =  3.444638e-01
f_instab_l0_b32     =  1.658241e-01
f_instab_l1_b32     =  1.283114e-01
f_pwave_b32         =  4.003884e-01
f_width_b32         =  1.517692e-01
f_sym_b32           =  3.814648e-01
f_slope_b32         =  3.749822e-01
f_rr_ratio_b33      =  2.261506e-01
f_rr_asym_b33       =  3.506944e-01
f_instab_l0_b33     =  1.657810e-01
f_instab_l1_b33     =  1.283223e-01
f_pwave_b33         =  3.958924e-01
f_width_b33         =  1.301227e-01
f_sym_b33           =  3.732857e-01
f_slope_b33         =  3.743431e-01
f_rr_ratio_b34      =  2.263615e-01
f_rr_asym_b34       =  3.509178e-01
f_instab_l0_b34     =  1.656367e-01
f_instab_l1_b34     =  1.283200e-01
f_pwave_b34         =  3.973534e-01
f_width_b34         =  1.431681e-01
f_sym_b34           =  3.802775e-01
f_slope_b34         =  3.749946e-01
f_rr_ratio_b35      =  2.278053e-01
f_rr_asym_b35       =  3.524472e-01
f_instab_l0_b35     =  1.658873e-01
f_instab_l1_b35     =  1.282076e-01
f_pwave_b35         =  3.975959e-01
f_width_b35         =  2.551089e-01
f_sym_b35           =  3.500223e-01
f_slope_b35         =  3.342233e-01
f_rr_ratio_b36      =  2.221335e-01
f_rr_asym_b36       =  3.464110e-01
f_instab_l0_b36     =  1.653644e-01
f_instab_l1_b36     =  1.282075e-01
f_pwave_b36         =  4.020993e-01
f_width_b36         =  1.849800e-01
f_sym_b36           =  3.722363e-01
f_slope_b36         =  3.849043e-01
f_rr_ratio_b37      =  2.267433e-01
f_rr_asym_b37       =  3.513221e-01
f_instab_l0_b37     =  1.634343e-01
f_instab_l1_b37     =  1.282936e-01
f_pwave_b37         =  3.940516e-01
f_width_b37         =  9.763352e-02
f_sym_b37           =  3.802723e-01
f_slope_b37         =  3.750552e-01
f_rr_ratio_b38      =  2.240374e-01
f_rr_asym_b38       =  3.484481e-01
f_instab_l0_b38     =  1.658183e-01
f_instab_l1_b38     =  1.281957e-01
f_pwave_b38         =  4.026263e-01
f_width_b38         =  1.189530e-01
f_sym_b38           =  3.813634e-01
f_slope_b38         =  3.750157e-01
f_rr_ratio_b39      =  2.278104e-01
f_rr_asym_b39       =  3.524527e-01
f_instab_l0_b39     =  1.655818e-01
f_instab_l1_b39     =  1.282076e-01
f_pwave_b39         =  4.026584e-01
f_width_b39         =  3.368622e-01
f_sym_b39           =  3.623534e-01
f_slope_b39         =  3.344717e-01
f_rr_ratio_b40      =  2.241610e-01
f_rr_asym_b40       =  3.485799e-01
f_instab_l0_b40     =  1.644792e-01
f_instab_l1_b40     =  1.282767e-01
f_pwave_b40         =  4.020259e-01
f_width_b40         =  1.885841e-01
f_sym_b40           =  3.724101e-01
f_slope_b40         =  3.846487e-01
f_rr_ratio_b41      =  2.271793e-01
f_rr_asym_b41       =  3.517834e-01
f_instab_l0_b41     =  1.655647e-01
f_instab_l1_b41     =  1.283443e-01
f_pwave_b41         =  4.017696e-01
f_width_b41         =  1.261133e-01
f_sym_b41           =  3.802365e-01
f_slope_b41         =  3.750099e-01
f_rr_ratio_b42      =  2.084779e-01
f_rr_asym_b42       =  3.314175e-01
f_instab_l0_b42     =  1.655106e-01
f_instab_l1_b42     =  1.283810e-01
f_pwave_b42         =  4.006072e-01
f_width_b42         =  7.911966e-02
f_sym_b42           =  3.811135e-01
f_slope_b42         =  3.750532e-01
f_rr_ratio_b43      =  2.252541e-01
f_rr_asym_b43       =  3.497432e-01
f_instab_l0_b43     =  1.658600e-01
f_instab_l1_b43     =  1.284612e-01
f_pwave_b43         =  3.953887e-01
f_width_b43         =  1.518224e-01
f_sym_b43           =  3.813093e-01
f_slope_b43         =  3.645978e-01
f_rr_ratio_b44      =  2.277938e-01
f_rr_asym_b44       =  3.524349e-01
f_instab_l0_b44     =  1.658813e-01
f_instab_l1_b44     =  1.282076e-01
f_pwave_b44         =  3.961626e-01
f_width_b44         =  2.743361e-01
f_sym_b44           =  3.500211e-01
f_slope_b44         =  3.345040e-01
f_rr_ratio_b45      =  2.246021e-01
f_rr_asym_b45       =  3.490498e-01
f_instab_l0_b45     =  1.658343e-01
f_instab_l1_b45     =  1.283167e-01
f_pwave_b45         =  3.973537e-01
f_width_b45         =  2.400730e-01
f_sym_b45           =  3.788600e-01
f_slope_b45         =  3.752271e-01
f_rr_ratio_b46      =  2.272211e-01
f_rr_asym_b46       =  3.518277e-01
f_instab_l0_b46     =  1.658516e-01
f_instab_l1_b46     =  1.283284e-01
f_pwave_b46         =  4.005038e-01
f_width_b46         =  1.710588e-01
f_sym_b46           =  3.812325e-01
f_slope_b46         =  3.752208e-01
f_rr_ratio_b47      =  2.266255e-01
f_rr_asym_b47       =  3.511974e-01
f_instab_l0_b47     =  1.657984e-01
f_instab_l1_b47     =  1.283728e-01
f_pwave_b47         =  4.023712e-01
f_width_b47         =  1.400113e-01
f_sym_b47           =  3.812623e-01
f_slope_b47         =  3.749932e-01
f_rr_ratio_b48      =  2.271060e-01
f_rr_asym_b48       =  3.517059e-01
f_instab_l0_b48     =  1.658832e-01
f_instab_l1_b48     =  1.283430e-01
f_pwave_b48         =  3.985181e-01
f_width_b48         =  1.859518e-01
f_sym_b48           =  3.812502e-01
f_slope_b48         =  3.645971e-01
f_rr_ratio_b49      =  2.237918e-01
f_rr_asym_b49       =  3.481860e-01
f_instab_l0_b49     =  1.654992e-01
f_instab_l1_b49     =  1.282847e-01
f_pwave_b49         =  3.985429e-01
f_width_b49         =  1.086835e-01
f_sym_b49           =  3.814039e-01
f_slope_b49         =  3.859183e-01
f_rr_ratio_b50      =  2.266680e-01
f_rr_asym_b50       =  3.512424e-01
f_instab_l0_b50     =  1.657956e-01
f_instab_l1_b50     =  1.282648e-01
f_pwave_b50         =  4.013877e-01
f_width_b50         =  1.611533e-01
f_sym_b50           =  3.812698e-01
f_slope_b50         =  3.749744e-01
f_rr_ratio_b51      =  2.278279e-01
f_rr_asym_b51       =  3.524714e-01
f_instab_l0_b51     =  1.658745e-01
f_instab_l1_b51     =  1.282076e-01
f_pwave_b51         =  3.977325e-01
f_width_b51         =  2.912832e-01
f_sym_b51           =  3.500209e-01
f_slope_b51         =  3.342236e-01
f_rr_ratio_b52      =  2.000941e-01
f_rr_asym_b52       =  3.218553e-01
f_instab_l0_b52     =  1.657542e-01
f_instab_l1_b52     =  1.282796e-01
f_pwave_b52         =  3.985332e-01
f_width_b52         =  1.727144e-01
f_sym_b52           =  3.789139e-01
f_slope_b52         =  3.749714e-01
f_rr_ratio_b53      =  2.273818e-01
f_rr_asym_b53       =  3.519978e-01
f_instab_l0_b53     =  1.656092e-01
f_instab_l1_b53     =  1.282634e-01
f_pwave_b53         =  4.007086e-01
f_width_b53         =  1.067150e-01
f_sym_b53           =  3.812325e-01
f_slope_b53         =  3.750255e-01
f_rr_ratio_b54      =  2.263075e-01
f_rr_asym_b54       =  3.508606e-01
f_instab_l0_b54     =  1.658334e-01
f_instab_l1_b54     =  1.282850e-01
f_pwave_b54         =  3.996421e-01
f_width_b54         =  1.386444e-01
f_sym_b54           =  3.812723e-01
f_slope_b54         =  3.749943e-01
f_rr_ratio_b55      =  2.269722e-01
f_rr_asym_b55       =  3.515643e-01
f_instab_l0_b55     =  1.657509e-01
f_instab_l1_b55     =  1.282588e-01
f_pwave_b55         =  3.971209e-01
f_width_b55         =  1.305420e-01
f_sym_b55           =  3.812520e-01
f_slope_b55         =  3.750021e-01
f_rr_ratio_b56      =  1.443089e-01
f_rr_asym_b56       =  2.373694e-01
f_instab_l0_b56     =  1.657910e-01
f_instab_l1_b56     =  1.285791e-01
f_pwave_b56         =  4.014562e-01
f_width_b56         =  7.589995e-02
f_sym_b56           =  3.733754e-01
f_slope_b56         =  3.746159e-01
f_rr_ratio_b57      =  1.852734e-01
f_rr_asym_b57       =  3.040296e-01
f_instab_l0_b57     =  1.656231e-01
f_instab_l1_b57     =  1.282902e-01
f_pwave_b57         =  3.900603e-01
f_width_b57         =  1.039838e-01
f_sym_b57           =  3.804093e-01
f_slope_b57         =  3.750323e-01
f_rr_ratio_b58      =  2.261467e-01
f_rr_asym_b58       =  3.506902e-01
f_instab_l0_b58     =  1.641367e-01
f_instab_l1_b58     =  1.282731e-01
f_pwave_b58         =  3.944246e-01
f_width_b58         =  8.653769e-02
f_sym_b58           =  3.812776e-01
f_slope_b58         =  3.855185e-01
f_rr_ratio_b59      =  2.274028e-01
f_rr_asym_b59       =  3.520200e-01
f_instab_l0_b59     =  1.657035e-01
f_instab_l1_b59     =  1.283292e-01
f_pwave_b59         =  4.020347e-01
f_width_b59         =  1.398506e-01
f_sym_b59           =  3.850792e-01
f_slope_b59         =  3.763725e-01
f_rr_ratio_b60      =  2.268789e-01
f_rr_asym_b60       =  3.514655e-01
f_instab_l0_b60     =  1.654220e-01
f_instab_l1_b60     =  1.283421e-01
f_pwave_b60         =  4.012417e-01
f_width_b60         =  8.009273e-02
f_sym_b60           =  3.825310e-01
f_slope_b60         =  3.855146e-01
f_rr_ratio_b61      =  2.274467e-01
f_rr_asym_b61       =  3.520665e-01
f_instab_l0_b61     =  1.656044e-01
f_instab_l1_b61     =  1.283097e-01
f_pwave_b61         =  3.978531e-01
f_width_b61         =  1.162708e-01
f_sym_b61           =  3.812263e-01
f_slope_b61         =  3.750173e-01
f_rr_ratio_b62      =  2.241586e-01
f_rr_asym_b62       =  3.485774e-01
f_instab_l0_b62     =  1.644252e-01
f_instab_l1_b62     =  1.284319e-01
f_pwave_b62         =  3.969404e-01
f_width_b62         =  6.390737e-02
f_sym_b62           =  3.813386e-01
f_slope_b62         =  3.855218e-01
f_rr_ratio_b63      =  2.267063e-01
f_rr_asym_b63       =  3.512829e-01
f_instab_l0_b63     =  1.656893e-01
f_instab_l1_b63     =  1.283294e-01
f_pwave_b63         =  3.989661e-01
f_width_b63         =  1.276068e-01
f_sym_b63           =  3.812673e-01
f_slope_b63         =  3.750070e-01
f_rr_ratio_b64      =  2.242714e-01
f_rr_asym_b64       =  3.486975e-01
f_instab_l0_b64     =  1.658292e-01
f_instab_l1_b64     =  1.283557e-01
f_pwave_b64         =  3.997181e-01
f_width_b64         =  1.355279e-01
f_sym_b64           =  3.812972e-01
f_slope_b64         =  3.752219e-01
f_rr_ratio_b65      =  2.213804e-01
f_rr_asym_b65       =  3.456016e-01
f_instab_l0_b65     =  1.657853e-01
f_instab_l1_b65     =  1.283416e-01
f_pwave_b65         =  3.994331e-01
f_width_b65         =  9.837931e-02
f_sym_b65           =  3.813211e-01
f_slope_b65         =  3.752234e-01
f_rr_ratio_b66      =  2.277318e-01
f_rr_asym_b66       =  3.523689e-01
f_instab_l0_b66     =  1.658910e-01
f_instab_l1_b66     =  1.282076e-01
f_pwave_b66         =  4.023637e-01
f_width_b66         =  2.425620e-01
f_sym_b66           =  3.261805e-01
f_slope_b66         =  3.343057e-01
f_rr_ratio_b67      =  1.968421e-01
f_rr_asym_b67       =  3.180589e-01
f_instab_l0_b67     =  1.658182e-01
f_instab_l1_b67     =  1.282929e-01
f_pwave_b67         =  4.014984e-01
f_width_b67         =  2.214288e-01
f_sym_b67           =  3.780647e-01
f_slope_b67         =  3.749584e-01
f_rr_ratio_b68      =  2.274127e-01
f_rr_asym_b68       =  3.520305e-01
f_instab_l0_b68     =  1.655713e-01
f_instab_l1_b68     =  1.283271e-01
f_pwave_b68         =  4.002190e-01
f_width_b68         =  1.020573e-01
f_sym_b68           =  3.812216e-01
f_slope_b68         =  3.854938e-01
f_rr_ratio_b69      =  2.256417e-01
f_rr_asym_b69       =  3.501548e-01
f_instab_l0_b69     =  1.657854e-01
f_instab_l1_b69     =  1.283202e-01
f_pwave_b69         =  3.987424e-01
f_width_b69         =  1.485197e-01
f_sym_b69           =  3.813153e-01
f_slope_b69         =  3.749776e-01
f_rr_ratio_b70      =  2.278555e-01
f_rr_asym_b70       =  3.525009e-01
f_instab_l0_b70     =  1.656776e-01
f_instab_l1_b70     =  1.282076e-01
f_pwave_b70         =  4.002615e-01
f_width_b70         =  3.274751e-01
f_sym_b70           =  3.376985e-01
f_slope_b70         =  3.540025e-01
f_rr_ratio_b71      =  2.053834e-01
f_rr_asym_b71       =  3.279229e-01
f_instab_l0_b71     =  1.657211e-01
f_instab_l1_b71     =  1.283264e-01
f_pwave_b71         =  3.990011e-01
f_width_b71         =  3.600395e-01
f_sym_b71           =  3.784391e-01
f_slope_b71         =  3.749548e-01
f_rr_ratio_b72      =  2.267042e-01
f_rr_asym_b72       =  3.512807e-01
f_instab_l0_b72     =  1.658307e-01
f_instab_l1_b72     =  1.283475e-01
f_pwave_b72         =  4.002324e-01
f_width_b72         =  1.525124e-01
f_sym_b72           =  3.812597e-01
f_slope_b72         =  3.749815e-01
f_rr_ratio_b73      =  2.168518e-01
f_rr_asym_b73       =  3.406918e-01
f_instab_l0_b73     =  1.656578e-01
f_instab_l1_b73     =  1.283390e-01
f_pwave_b73         =  4.000910e-01
f_width_b73         =  1.008101e-01
f_sym_b73           =  3.814267e-01
f_slope_b73         =  3.854957e-01
f_rr_ratio_b74      =  2.270820e-01
f_rr_asym_b74       =  3.516805e-01
f_instab_l0_b74     =  1.656046e-01
f_instab_l1_b74     =  1.283974e-01
f_pwave_b74         =  3.993721e-01
f_width_b74         =  1.412815e-01
f_sym_b74           =  3.812423e-01
f_slope_b74         =  3.856720e-01
f_rr_ratio_b75      =  2.263578e-01
f_rr_asym_b75       =  3.509139e-01
f_instab_l0_b75     =  1.656957e-01
f_instab_l1_b75     =  1.283293e-01
f_pwave_b75         =  3.996180e-01
f_width_b75         =  1.410942e-01
f_sym_b75           =  3.812642e-01
f_slope_b75         =  3.752217e-01
f_rr_ratio_b76      =  2.275116e-01
f_rr_asym_b76       =  3.521352e-01
f_instab_l0_b76     =  1.645903e-01
f_instab_l1_b76     =  1.283715e-01
f_pwave_b76         =  3.992851e-01
f_width_b76         =  7.839350e-02
f_sym_b76           =  3.812175e-01
f_slope_b76         =  3.855212e-01
f_rr_ratio_b77      =  2.267773e-01
f_rr_asym_b77       =  3.513581e-01
f_instab_l0_b77     =  1.656056e-01
f_instab_l1_b77     =  1.283297e-01
f_pwave_b77         =  4.001025e-01
f_width_b77         =  1.075867e-01
f_sym_b77           =  3.812630e-01
f_slope_b77         =  3.750255e-01
f_rr_ratio_b78      =  2.278317e-01
f_rr_asym_b78       =  3.524754e-01
f_instab_l0_b78     =  1.658743e-01
f_instab_l1_b78     =  1.282076e-01
f_pwave_b78         =  4.025464e-01
f_width_b78         =  2.872800e-01
f_sym_b78           =  3.500212e-01
f_slope_b78         =  3.342206e-01
f_rr_ratio_b79      =  2.168635e-01
f_rr_asym_b79       =  3.407046e-01
f_instab_l0_b79     =  1.655756e-01
f_instab_l1_b79     =  1.282901e-01
f_pwave_b79         =  3.998127e-01
f_width_b79         =  1.614173e-01
f_sym_b79           =  3.720663e-01
f_slope_b79         =  3.743204e-01


Total analysis time (seconds) = 179.883

Total elapsed time (seconds) = 210.140 

Total DRAM available = 15982.191 MB.
DRAM currently available = 1830.395 MB.
Maximum ngspice program size =  170.621 MB.
Current ngspice program size =  170.621 MB.

