Using SPARSE 1.3 as Direct Linear Solver
Note: Starting dynamic gmin stepping
Note: Dynamic gmin stepping completed

Note: No compatibility mode selected!


Circuit: full_acc_batch_8

Doing analysis at TEMP = 27.000000 and TNOM = 27.000000


Initial Transient Solution
--------------------------

Node                                   Voltage
----                                   -------
vdd                                        0.9
vss                                          0
vbias                                     0.35
vref                                      0.45
ecg_in                                    0.25
ecg_in_l1                                 0.25
rpeak_trigger                                0
qrs_gate                                     0
qrs_sym_gate                                 0
pwave_gate                                   0
xrr.rpeak_bar                              0.9
xrr.net_timer                      1.91447e-06
xrr.xctimer.a                                0
xrr.xctimer.b1                               0
xrr.tail_r                           0.0546598
xrr.net_r1                             0.46929
f_rr_ratio                            0.130959
xrr.mid_ref                           0.218464
xrr.tail_a                          0.00433493
xrr.net_a1                             0.40478
f_rr_asym                             0.195574
xinstab0.qrs_gate_bar                      0.9
xinstab0.xota_pk.net1                 0.399253
xinstab0.net_pk_raw                0.000109329
xinstab0.peak_node                 3.46089e-06
xinstab0.xota_pk.net_tail          2.68835e-05
xinstab0.net_pk_gated                      0.9
xinstab0.xcpeak.a                            0
xinstab0.xcpeak.b1                           0
peak_out_l0                        3.46089e-06
xinstab0.tail_i                       0.112023
xinstab0.net_i1                       0.537961
f_instab_l0                           0.128208
xinstab1.qrs_gate_bar                      0.9
xinstab1.xota_pk.net1                 0.399253
xinstab1.net_pk_raw                0.000109329
xinstab1.peak_node                 3.46089e-06
xinstab1.xota_pk.net_tail          2.68835e-05
xinstab1.net_pk_gated                      0.9
xinstab1.xcpeak.a                            0
xinstab1.xcpeak.b1                           0
peak_out_l1                        3.46089e-06
xinstab1.tail_i                       0.112023
xinstab1.net_i1                       0.537961
f_instab_l1                           0.128208
xpwave.xota_hpf_lp.net1               0.171615
xpwave.hpf_vlp                        0.249366
xpwave.xota_hpf_lp.net_tail         0.00970674
xpwave.xchpf_lp.a                            0
xpwave.xchpf_lp.b1                           0
xpwave.xota_hpf_sub.net1              0.171615
xpwave.bpf_mid                        0.249366
xpwave.xota_hpf_sub.net_tail        0.00970674
xpwave.xota_lpf.net1                  0.172056
xpwave.bpf_pw                           0.2487
xpwave.xota_lpf.net_tail            0.00956573
xpwave.xclpf.a                               0
xpwave.xclpf.b1                              0
xpwave.pwave_gate_bar                      0.9
xpwave.vbias_pk                    4.52517e-10
xpwave.xota_pk.net1                   0.371126
xpwave.net_pk_cmp                  1.16348e-09
xpwave.xota_pk.net_tail               0.165873
f_pwave                              0.0160234
xpwave.net_pk_cmp_bar                      0.9
xpwave.xcpk.a                                0
xpwave.xcpk.b1                               0
xwidth.xota_wcmp.net1                 0.171633
xwidth.width_cmp_out                0.00987155
xwidth.xota_wcmp.net_tail           0.00972096
xwidth.qrs_gate_bar                        0.9
xwidth.width_gate_gated            1.41373e-10
xwidth.net_w_bias                          0.9
xwidth.net_w_sw                       0.226117
f_width                             0.00253791
xwidth.xcwidth.a                             0
xwidth.xcwidth.b1                            0
xsym.qrs_onset_bar                         0.9
xsym.rpeak_bar                             0.9
xsym.net_latch                     4.16118e-11
xsym.xclatch.a                               0
xsym.xclatch.b1                              0
xsym.net_latch_bar                         0.9
xsym.net_rise_bias                         0.9
xsym.net_rise_sw                      0.197215
xsym.rise_timer                    4.15428e-11
xsym.xcrise.a                                0
xsym.xcrise.b1                               0
rise_timer_out                     4.15428e-11
xsym.net_fall_bias                         0.9
xsym.net_fall_sw                      0.197215
xsym.fall_timer                     0.00253791
xsym.xcfall.a                                0
xsym.xcfall.b1                               0
fall_timer_out                      0.00253791
xsym.tail_s                         2.8926e-05
xsym.net_sy1                          0.399259
f_sym                                 0.396846
xslope.tail_sl                      2.8926e-05
xslope.net_sl1                        0.396846
f_slope                               0.399259
vpwave#branch                                0
vsym#branch                                  0
vqrs#branch                                  0
vrpeak#branch                                0
vecg2#branch                                 0
vecg#branch                                  0
vref#branch                                  0
vbias#branch                      -1.29081e-13
vss#branch                          8.0044e-10
vdd#branch                        -8.00312e-10


No. of Data Rows : 194806

  Measurements for Transient Analysis

f_rr_ratio_b0       =  1.309588e-01
f_rr_asym_b0        =  1.955743e-01
f_instab_l0_b0      =  1.284838e-01
f_instab_l1_b0      =  1.282076e-01
f_pwave_b0          =  3.817941e-01
f_width_b0          =  2.518582e-03
f_sym_b0            =  4.032304e-01
f_slope_b0          =  1.861012e-01
f_rr_ratio_b1       =  2.235182e-01
f_rr_asym_b1        =  3.478938e-01
f_instab_l0_b1      =  1.283583e-01
f_instab_l1_b1      =  1.282076e-01
f_pwave_b1          =  3.838634e-01
f_width_b1          =  2.592883e-03
f_sym_b1            =  4.023573e-01
f_slope_b1          =  1.946251e-01
f_rr_ratio_b2       =  2.244853e-01
f_rr_asym_b2        =  3.489254e-01
f_instab_l0_b2      =  1.284470e-01
f_instab_l1_b2      =  1.282076e-01
f_pwave_b2          =  3.918268e-01
f_width_b2          =  2.613278e-03
f_sym_b2            =  4.023553e-01
f_slope_b2          =  1.946248e-01
f_rr_ratio_b3       =  2.240383e-01
f_rr_asym_b3        =  3.484490e-01
f_instab_l0_b3      =  1.284371e-01
f_instab_l1_b3      =  1.282076e-01
f_pwave_b3          =  4.036187e-01
f_width_b3          =  2.632902e-03
f_sym_b3            =  4.023572e-01
f_slope_b3          =  1.946248e-01
f_rr_ratio_b4       =  2.235057e-01
f_rr_asym_b4        =  3.478805e-01
f_instab_l0_b4      =  1.284851e-01
f_instab_l1_b4      =  1.282076e-01
f_pwave_b4          =  3.904334e-01
f_width_b4          =  2.624292e-03
f_sym_b4            =  4.011075e-01
f_slope_b4          =  2.125581e-01
f_rr_ratio_b5       =  2.245957e-01
f_rr_asym_b5        =  3.490430e-01
f_instab_l0_b5      =  1.283478e-01
f_instab_l1_b5      =  1.282076e-01
f_pwave_b5          =  3.847756e-01
f_width_b5          =  2.638152e-03
f_sym_b5            =  4.016576e-01
f_slope_b5          =  2.034629e-01
f_rr_ratio_b6       =  2.248972e-01
f_rr_asym_b6        =  3.493638e-01
f_instab_l0_b6      =  1.282529e-01
f_instab_l1_b6      =  1.282076e-01
f_pwave_b6          =  3.828694e-01
f_width_b6          =  2.607337e-03
f_sym_b6            =  4.016563e-01
f_slope_b6          =  2.034629e-01
f_rr_ratio_b7       =  2.219562e-01
f_rr_asym_b7        =  3.462206e-01
f_instab_l0_b7      =  1.282326e-01
f_instab_l1_b7      =  1.282076e-01
f_pwave_b7          =  3.886785e-01
f_width_b7          =  2.570079e-03
f_sym_b7            =  4.016582e-01
f_slope_b7          =  2.034629e-01
f_rr_ratio_b8       =  2.219653e-01
f_rr_asym_b8        =  3.462304e-01
f_instab_l0_b8      =  1.282069e-01
f_instab_l1_b8      =  1.282076e-01
f_pwave_b8          =  3.983899e-01
f_width_b8          =  2.555998e-03
f_sym_b8            =  4.043154e-01
f_slope_b8          =  1.779579e-01
f_rr_ratio_b9       =  2.229599e-01
f_rr_asym_b9        =  3.472968e-01
f_instab_l0_b9      =  1.281935e-01
f_instab_l1_b9      =  1.282076e-01
f_pwave_b9          =  4.035982e-01
f_width_b9          =  2.561357e-03
f_sym_b9            =  4.032346e-01
f_slope_b9          =  1.861016e-01
f_rr_ratio_b10      =  2.229576e-01
f_rr_asym_b10       =  3.472943e-01
f_instab_l0_b10     =  1.282123e-01
f_instab_l1_b10     =  1.282077e-01
f_pwave_b10         =  3.916088e-01
f_width_b10         =  2.570717e-03
f_sym_b10           =  4.032311e-01
f_slope_b10         =  1.861015e-01
f_rr_ratio_b11      =  2.237979e-01
f_rr_asym_b11       =  3.481926e-01
f_instab_l0_b11     =  1.288201e-01
f_instab_l1_b11     =  1.282076e-01
f_pwave_b11         =  4.035906e-01
f_width_b11         =  2.575629e-03
f_sym_b11           =  4.016569e-01
f_slope_b11         =  2.034632e-01
f_rr_ratio_b12      =  2.230745e-01
f_rr_asym_b12       =  3.474194e-01
f_instab_l0_b12     =  1.287214e-01
f_instab_l1_b12     =  1.282076e-01
f_pwave_b12         =  3.883546e-01
f_width_b12         =  2.711897e-03
f_sym_b12           =  4.023578e-01
f_slope_b12         =  1.946250e-01
f_rr_ratio_b13      =  2.248786e-01
f_rr_asym_b13       =  3.493440e-01
f_instab_l0_b13     =  1.284768e-01
f_instab_l1_b13     =  1.282076e-01
f_pwave_b13         =  4.034830e-01
f_width_b13         =  2.707357e-03
f_sym_b13           =  4.023557e-01
f_slope_b13         =  1.946249e-01
f_rr_ratio_b14      =  2.243748e-01
f_rr_asym_b14       =  3.488078e-01
f_instab_l0_b14     =  1.285054e-01
f_instab_l1_b14     =  1.282076e-01
f_pwave_b14         =  3.998999e-01
f_width_b14         =  2.656272e-03
f_sym_b14           =  4.016579e-01
f_slope_b14         =  2.034630e-01
f_rr_ratio_b15      =  2.237735e-01
f_rr_asym_b15       =  3.481665e-01
f_instab_l0_b15     =  1.282904e-01
f_instab_l1_b15     =  1.282076e-01
f_pwave_b15         =  4.034177e-01
f_width_b15         =  2.621736e-03
f_sym_b15           =  4.032339e-01
f_slope_b15         =  1.861013e-01
f_rr_ratio_b16      =  2.241383e-01
f_rr_asym_b16       =  3.485557e-01
f_instab_l0_b16     =  1.282129e-01
f_instab_l1_b16     =  1.282076e-01
f_pwave_b16         =  3.973659e-01
f_width_b16         =  2.572786e-03
f_sym_b16           =  4.016580e-01
f_slope_b16         =  2.034632e-01
f_rr_ratio_b17      =  2.242812e-01
f_rr_asym_b17       =  3.487080e-01
f_instab_l0_b17     =  1.283181e-01
f_instab_l1_b17     =  1.282125e-01
f_pwave_b17         =  3.968892e-01
f_width_b17         =  2.569650e-03
f_sym_b17           =  4.032344e-01
f_slope_b17         =  1.861012e-01
f_rr_ratio_b18      =  2.243945e-01
f_rr_asym_b18       =  3.488287e-01
f_instab_l0_b18     =  1.281990e-01
f_instab_l1_b18     =  1.282076e-01
f_pwave_b18         =  4.027332e-01
f_width_b18         =  2.557898e-03
f_sym_b18           =  4.032352e-01
f_slope_b18         =  1.861015e-01
f_rr_ratio_b19      =  2.251757e-01
f_rr_asym_b19       =  3.496599e-01
f_instab_l0_b19     =  1.282390e-01
f_instab_l1_b19     =  1.282077e-01
f_pwave_b19         =  4.035981e-01
f_width_b19         =  2.565034e-03
f_sym_b19           =  4.023527e-01
f_slope_b19         =  1.946248e-01
f_rr_ratio_b20      =  2.250865e-01
f_rr_asym_b20       =  3.495651e-01
f_instab_l0_b20     =  1.284966e-01
f_instab_l1_b20     =  1.282076e-01
f_pwave_b20         =  3.981798e-01
f_width_b20         =  2.581417e-03
f_sym_b20           =  4.032313e-01
f_slope_b20         =  1.861012e-01
f_rr_ratio_b21      =  2.246097e-01
f_rr_asym_b21       =  3.490579e-01
f_instab_l0_b21     =  1.285822e-01
f_instab_l1_b21     =  1.282076e-01
f_pwave_b21         =  3.991774e-01
f_width_b21         =  2.604224e-03
f_sym_b21           =  4.023579e-01
f_slope_b21         =  1.946251e-01
f_rr_ratio_b22      =  2.249966e-01
f_rr_asym_b22       =  3.494695e-01
f_instab_l0_b22     =  1.284519e-01
f_instab_l1_b22     =  1.282076e-01
f_pwave_b22         =  4.032066e-01
f_width_b22         =  2.663131e-03
f_sym_b22           =  4.023538e-01
f_slope_b22         =  1.946251e-01
f_rr_ratio_b23      =  2.248056e-01
f_rr_asym_b23       =  3.492664e-01
f_instab_l0_b23     =  1.285989e-01
f_instab_l1_b23     =  1.282752e-01
f_pwave_b23         =  3.835232e-01
f_width_b23         =  2.641481e-03
f_sym_b23           =  4.016579e-01
f_slope_b23         =  2.034630e-01
f_rr_ratio_b24      =  2.240461e-01
f_rr_asym_b24       =  3.484574e-01
f_instab_l0_b24     =  1.289857e-01
f_instab_l1_b24     =  1.282076e-01
f_pwave_b24         =  3.843279e-01
f_width_b24         =  2.672502e-03
f_sym_b24           =  4.016556e-01
f_slope_b24         =  2.034629e-01
f_rr_ratio_b25      =  2.250846e-01
f_rr_asym_b25       =  3.495631e-01
f_instab_l0_b25     =  1.286299e-01
f_instab_l1_b25     =  1.282076e-01
f_pwave_b25         =  3.819008e-01
f_width_b25         =  2.704505e-03
f_sym_b25           =  4.016633e-01
f_slope_b25         =  2.034629e-01
f_rr_ratio_b26      =  2.232437e-01
f_rr_asym_b26       =  3.476004e-01
f_instab_l0_b26     =  1.286037e-01
f_instab_l1_b26     =  1.282076e-01
f_pwave_b26         =  4.147748e-01
f_width_b26         =  2.694554e-03
f_sym_b26           =  4.011053e-01
f_slope_b26         =  2.125580e-01
f_rr_ratio_b27      =  2.235337e-01
f_rr_asym_b27       =  3.479104e-01
f_instab_l0_b27     =  1.288756e-01
f_instab_l1_b27     =  1.282076e-01
f_pwave_b27         =  3.780280e-01
f_width_b27         =  2.706429e-03
f_sym_b27           =  4.032329e-01
f_slope_b27         =  1.861013e-01
f_rr_ratio_b28      =  2.236492e-01
f_rr_asym_b28       =  3.480337e-01
f_instab_l0_b28     =  1.289864e-01
f_instab_l1_b28     =  1.282076e-01
f_pwave_b28         =  3.841195e-01
f_width_b28         =  2.729227e-03
f_sym_b28           =  4.016563e-01
f_slope_b28         =  2.034629e-01
f_rr_ratio_b29      =  2.219493e-01
f_rr_asym_b29       =  3.462132e-01
f_instab_l0_b29     =  1.286477e-01
f_instab_l1_b29     =  1.282076e-01
f_pwave_b29         =  3.795043e-01
f_width_b29         =  2.684180e-03
f_sym_b29           =  4.011062e-01
f_slope_b29         =  2.125580e-01
f_rr_ratio_b30      =  2.230974e-01
f_rr_asym_b30       =  3.474439e-01
f_instab_l0_b30     =  1.287131e-01
f_instab_l1_b30     =  1.282076e-01
f_pwave_b30         =  3.817150e-01
f_width_b30         =  2.697394e-03
f_sym_b30           =  4.023529e-01
f_slope_b30         =  1.946251e-01
f_rr_ratio_b31      =  2.232553e-01
f_rr_asym_b31       =  3.476129e-01
f_instab_l0_b31     =  1.291401e-01
f_instab_l1_b31     =  1.282076e-01
f_pwave_b31         =  3.925897e-01
f_width_b31         =  2.725620e-03
f_sym_b31           =  4.023501e-01
f_slope_b31         =  1.946249e-01
f_rr_ratio_b32      =  2.221473e-01
f_rr_asym_b32       =  3.464258e-01
f_instab_l0_b32     =  1.291115e-01
f_instab_l1_b32     =  1.282076e-01
f_pwave_b32         =  3.857532e-01
f_width_b32         =  2.753501e-03
f_sym_b32           =  4.016550e-01
f_slope_b32         =  2.034629e-01
f_rr_ratio_b33      =  2.267761e-01
f_rr_asym_b33       =  3.513568e-01
f_instab_l0_b33     =  1.282075e-01
f_instab_l1_b33     =  1.282076e-01
f_pwave_b33         =  4.156949e-01
f_width_b33         =  2.970193e-02
f_sym_b33           =  1.286710e-01
f_slope_b33         =  4.310516e-01
f_rr_ratio_b34      =  2.148398e-01
f_rr_asym_b34       =  3.384869e-01
f_instab_l0_b34     =  1.291706e-01
f_instab_l1_b34     =  1.282076e-01
f_pwave_b34         =  3.858830e-01
f_width_b34         =  2.747095e-03
f_sym_b34           =  4.011018e-01
f_slope_b34         =  2.125597e-01
f_rr_ratio_b35      =  2.229053e-01
f_rr_asym_b35       =  3.472384e-01
f_instab_l0_b35     =  1.288028e-01
f_instab_l1_b35     =  1.282076e-01
f_pwave_b35         =  3.966242e-01
f_width_b35         =  2.896580e-03
f_sym_b35           =  4.016557e-01
f_slope_b35         =  2.034630e-01
f_rr_ratio_b36      =  2.229602e-01
f_rr_asym_b36       =  3.472971e-01
f_instab_l0_b36     =  1.288587e-01
f_instab_l1_b36     =  1.282076e-01
f_pwave_b36         =  3.844125e-01
f_width_b36         =  2.805874e-03
f_sym_b36           =  4.011039e-01
f_slope_b36         =  2.125579e-01
f_rr_ratio_b37      =  2.231074e-01
f_rr_asym_b37       =  3.474547e-01
f_instab_l0_b37     =  1.294723e-01
f_instab_l1_b37     =  1.282076e-01
f_pwave_b37         =  3.877472e-01
f_width_b37         =  2.807233e-03
f_sym_b37           =  4.011081e-01
f_slope_b37         =  2.125580e-01
f_rr_ratio_b38      =  2.234012e-01
f_rr_asym_b38       =  3.477688e-01
f_instab_l0_b38     =  1.288407e-01
f_instab_l1_b38     =  1.282076e-01
f_pwave_b38         =  3.845576e-01
f_width_b38         =  2.842475e-03
f_sym_b38           =  4.016529e-01
f_slope_b38         =  2.034632e-01
f_rr_ratio_b39      =  2.231175e-01
f_rr_asym_b39       =  3.474655e-01
f_instab_l0_b39     =  1.285980e-01
f_instab_l1_b39     =  1.282076e-01
f_pwave_b39         =  3.813028e-01
f_width_b39         =  2.793940e-03
f_sym_b39           =  4.016589e-01
f_slope_b39         =  2.034629e-01
f_rr_ratio_b40      =  2.233969e-01
f_rr_asym_b40       =  3.477642e-01
f_instab_l0_b40     =  1.295719e-01
f_instab_l1_b40     =  1.282076e-01
f_pwave_b40         =  3.798733e-01
f_width_b40         =  2.763820e-03
f_sym_b40           =  4.016566e-01
f_slope_b40         =  2.034629e-01
f_rr_ratio_b41      =  2.237978e-01
f_rr_asym_b41       =  3.481924e-01
f_instab_l0_b41     =  1.284896e-01
f_instab_l1_b41     =  1.282085e-01
f_pwave_b41         =  4.026661e-01
f_width_b41         =  3.190520e-03
f_sym_b41           =  4.016527e-01
f_slope_b41         =  2.034627e-01
f_rr_ratio_b42      =  2.243945e-01
f_rr_asym_b42       =  3.488288e-01
f_instab_l0_b42     =  1.287263e-01
f_instab_l1_b42     =  1.282076e-01
f_pwave_b42         =  3.819098e-01
f_width_b42         =  2.725338e-03
f_sym_b42           =  4.011074e-01
f_slope_b42         =  2.125580e-01
f_rr_ratio_b43      =  2.254980e-01
f_rr_asym_b43       =  3.500022e-01
f_instab_l0_b43     =  1.296498e-01
f_instab_l1_b43     =  1.282076e-01
f_pwave_b43         =  3.845220e-01
f_width_b43         =  2.845966e-03
f_sym_b43           =  4.011034e-01
f_slope_b43         =  2.125582e-01
f_rr_ratio_b44      =  2.249053e-01
f_rr_asym_b44       =  3.493725e-01
f_instab_l0_b44     =  1.321635e-01
f_instab_l1_b44     =  1.282076e-01
f_pwave_b44         =  3.943566e-01
f_width_b44         =  2.879967e-03
f_sym_b44           =  4.011070e-01
f_slope_b44         =  2.125575e-01
f_rr_ratio_b45      =  2.256436e-01
f_rr_asym_b45       =  3.501568e-01
f_instab_l0_b45     =  1.282412e-01
f_instab_l1_b45     =  1.282076e-01
f_pwave_b45         =  3.817044e-01
f_width_b45         =  3.259325e-03
f_sym_b45           =  4.016605e-01
f_slope_b45         =  2.034629e-01
f_rr_ratio_b46      =  2.257178e-01
f_rr_asym_b46       =  3.502355e-01
f_instab_l0_b46     =  1.282428e-01
f_instab_l1_b46     =  1.282076e-01
f_pwave_b46         =  3.882253e-01
f_width_b46         =  2.602961e-03
f_sym_b46           =  4.023588e-01
f_slope_b46         =  1.946251e-01
f_rr_ratio_b47      =  2.243941e-01
f_rr_asym_b47       =  3.488283e-01
f_instab_l0_b47     =  1.283903e-01
f_instab_l1_b47     =  1.282076e-01
f_pwave_b47         =  3.841190e-01
f_width_b47         =  2.581266e-03
f_sym_b47           =  4.016584e-01
f_slope_b47         =  2.034629e-01
f_rr_ratio_b48      =  2.249000e-01
f_rr_asym_b48       =  3.493668e-01
f_instab_l0_b48     =  1.288004e-01
f_instab_l1_b48     =  1.282076e-01
f_pwave_b48         =  3.807484e-01
f_width_b48         =  2.706001e-03
f_sym_b48           =  4.016636e-01
f_slope_b48         =  2.034620e-01
f_rr_ratio_b49      =  2.244954e-01
f_rr_asym_b49       =  3.489362e-01
f_instab_l0_b49     =  1.286179e-01
f_instab_l1_b49     =  1.282076e-01
f_pwave_b49         =  3.812073e-01
f_width_b49         =  2.778162e-03
f_sym_b49           =  4.011003e-01
f_slope_b49         =  2.125581e-01
f_rr_ratio_b50      =  2.233972e-01
f_rr_asym_b50       =  3.477646e-01
f_instab_l0_b50     =  1.291936e-01
f_instab_l1_b50     =  1.282076e-01
f_pwave_b50         =  3.779990e-01
f_width_b50         =  2.769764e-03
f_sym_b50           =  4.023597e-01
f_slope_b50         =  1.946240e-01
f_rr_ratio_b51      =  2.231116e-01
f_rr_asym_b51       =  3.474591e-01
f_instab_l0_b51     =  1.287899e-01
f_instab_l1_b51     =  1.282076e-01
f_pwave_b51         =  3.800977e-01
f_width_b51         =  2.857942e-03
f_sym_b51           =  4.010986e-01
f_slope_b51         =  2.125577e-01
f_rr_ratio_b52      =  2.223209e-01
f_rr_asym_b52       =  3.466121e-01
f_instab_l0_b52     =  1.300422e-01
f_instab_l1_b52     =  1.282152e-01
f_pwave_b52         =  3.809895e-01
f_width_b52         =  2.794368e-03
f_sym_b52           =  4.016592e-01
f_slope_b52         =  2.034629e-01
f_rr_ratio_b53      =  2.228102e-01
f_rr_asym_b53       =  3.471365e-01
f_instab_l0_b53     =  1.307481e-01
f_instab_l1_b53     =  1.282076e-01
f_pwave_b53         =  3.789708e-01
f_width_b53         =  2.951364e-03
f_sym_b53           =  4.016599e-01
f_slope_b53         =  2.034630e-01
f_rr_ratio_b54      =  2.224837e-01
f_rr_asym_b54       =  3.467867e-01
f_instab_l0_b54     =  1.291909e-01
f_instab_l1_b54     =  1.282076e-01
f_pwave_b54         =  3.821192e-01
f_width_b54         =  3.027002e-03
f_sym_b54           =  4.016508e-01
f_slope_b54         =  2.034629e-01
f_rr_ratio_b55      =  2.221403e-01
f_rr_asym_b55       =  3.464183e-01
f_instab_l0_b55     =  1.286891e-01
f_instab_l1_b55     =  1.282076e-01
f_pwave_b55         =  3.862373e-01
f_width_b55         =  2.909344e-03
f_sym_b55           =  4.011078e-01
f_slope_b55         =  2.125580e-01
f_rr_ratio_b56      =  2.217779e-01
f_rr_asym_b56       =  3.460291e-01
f_instab_l0_b56     =  1.300891e-01
f_instab_l1_b56     =  1.282249e-01
f_pwave_b56         =  3.914303e-01
f_width_b56         =  2.757654e-03
f_sym_b56           =  4.023580e-01
f_slope_b56         =  1.946249e-01
f_rr_ratio_b57      =  2.219058e-01
f_rr_asym_b57       =  3.461665e-01
f_instab_l0_b57     =  1.307144e-01
f_instab_l1_b57     =  1.282413e-01
f_pwave_b57         =  4.013367e-01
f_width_b57         =  2.966807e-03
f_sym_b57           =  4.016590e-01
f_slope_b57         =  2.034632e-01
f_rr_ratio_b58      =  2.227576e-01
f_rr_asym_b58       =  3.470802e-01
f_instab_l0_b58     =  1.288838e-01
f_instab_l1_b58     =  1.282076e-01
f_pwave_b58         =  3.787438e-01
f_width_b58         =  3.138106e-03
f_sym_b58           =  4.023639e-01
f_slope_b58         =  1.946250e-01
f_rr_ratio_b59      =  2.226263e-01
f_rr_asym_b59       =  3.469396e-01
f_instab_l0_b59     =  1.287452e-01
f_instab_l1_b59     =  1.282076e-01
f_pwave_b59         =  3.793969e-01
f_width_b59         =  2.824223e-03
f_sym_b59           =  4.011066e-01
f_slope_b59         =  2.125580e-01
f_rr_ratio_b60      =  2.231100e-01
f_rr_asym_b60       =  3.474575e-01
f_instab_l0_b60     =  1.292514e-01
f_instab_l1_b60     =  1.282150e-01
f_pwave_b60         =  3.999426e-01
f_width_b60         =  2.824765e-03
f_sym_b60           =  4.011063e-01
f_slope_b60         =  2.125582e-01
f_rr_ratio_b61      =  2.232522e-01
f_rr_asym_b61       =  3.476095e-01
f_instab_l0_b61     =  1.291763e-01
f_instab_l1_b61     =  1.282076e-01
f_pwave_b61         =  3.800764e-01
f_width_b61         =  2.867241e-03
f_sym_b61           =  4.011083e-01
f_slope_b61         =  2.125582e-01
f_rr_ratio_b62      =  2.232590e-01
f_rr_asym_b62       =  3.476168e-01
f_instab_l0_b62     =  1.284380e-01
f_instab_l1_b62     =  1.282076e-01
f_pwave_b62         =  3.849163e-01
f_width_b62         =  2.782697e-03
f_sym_b62           =  4.006729e-01
f_slope_b62         =  2.218622e-01
f_rr_ratio_b63      =  2.242864e-01
f_rr_asym_b63       =  3.487135e-01
f_instab_l0_b63     =  1.282907e-01
f_instab_l1_b63     =  1.282076e-01
f_pwave_b63         =  3.812194e-01
f_width_b63         =  2.667189e-03
f_sym_b63           =  4.023585e-01
f_slope_b63         =  1.946251e-01
f_rr_ratio_b64      =  2.228035e-01
f_rr_asym_b64       =  3.471293e-01
f_instab_l0_b64     =  1.283526e-01
f_instab_l1_b64     =  1.282076e-01
f_pwave_b64         =  3.805926e-01
f_width_b64         =  2.624648e-03
f_sym_b64           =  4.023585e-01
f_slope_b64         =  1.946248e-01
f_rr_ratio_b65      =  2.241514e-01
f_rr_asym_b65       =  3.485697e-01
f_instab_l0_b65     =  1.285274e-01
f_instab_l1_b65     =  1.282076e-01
f_pwave_b65         =  3.968252e-01
f_width_b65         =  2.614392e-03
f_sym_b65           =  4.023645e-01
f_slope_b65         =  1.946251e-01
f_rr_ratio_b66      =  2.232593e-01
f_rr_asym_b66       =  3.476171e-01
f_instab_l0_b66     =  1.287716e-01
f_instab_l1_b66     =  1.282076e-01
f_pwave_b66         =  3.976247e-01
f_width_b66         =  2.699473e-03
f_sym_b66           =  4.023585e-01
f_slope_b66         =  1.946249e-01
f_rr_ratio_b67      =  2.219645e-01
f_rr_asym_b67       =  3.462296e-01
f_instab_l0_b67     =  1.294987e-01
f_instab_l1_b67     =  1.282146e-01
f_pwave_b67         =  4.021177e-01
f_width_b67         =  2.830030e-03
f_sym_b67           =  4.023565e-01
f_slope_b67         =  1.946251e-01
f_rr_ratio_b68      =  2.236687e-01
f_rr_asym_b68       =  3.480546e-01
f_instab_l0_b68     =  1.288225e-01
f_instab_l1_b68     =  1.282076e-01
f_pwave_b68         =  3.800325e-01
f_width_b68         =  2.916701e-03
f_sym_b68           =  4.016602e-01
f_slope_b68         =  2.034629e-01
f_rr_ratio_b69      =  2.232577e-01
f_rr_asym_b69       =  3.476154e-01
f_instab_l0_b69     =  1.290991e-01
f_instab_l1_b69     =  1.282077e-01
f_pwave_b69         =  3.947211e-01
f_width_b69         =  2.880689e-03
f_sym_b69           =  4.011076e-01
f_slope_b69         =  2.125579e-01
f_rr_ratio_b70      =  2.223142e-01
f_rr_asym_b70       =  3.466049e-01
f_instab_l0_b70     =  1.288706e-01
f_instab_l1_b70     =  1.282076e-01
f_pwave_b70         =  3.767482e-01
f_width_b70         =  2.847238e-03
f_sym_b70           =  4.016530e-01
f_slope_b70         =  2.034632e-01
f_rr_ratio_b71      =  2.237989e-01
f_rr_asym_b71       =  3.481936e-01
f_instab_l0_b71     =  1.287650e-01
f_instab_l1_b71     =  1.282086e-01
f_pwave_b71         =  3.800613e-01
f_width_b71         =  2.767912e-03
f_sym_b71           =  4.023595e-01
f_slope_b71         =  1.946238e-01
f_rr_ratio_b72      =  2.231099e-01
f_rr_asym_b72       =  3.474574e-01
f_instab_l0_b72     =  1.291023e-01
f_instab_l1_b72     =  1.282076e-01
f_pwave_b72         =  3.792749e-01
f_width_b72         =  2.685085e-03
f_sym_b72           =  4.011083e-01
f_slope_b72         =  2.125580e-01
f_rr_ratio_b73      =  2.236737e-01
f_rr_asym_b73       =  3.480599e-01
f_instab_l0_b73     =  1.289251e-01
f_instab_l1_b73     =  1.282133e-01
f_pwave_b73         =  3.924145e-01
f_width_b73         =  2.727976e-03
f_sym_b73           =  4.023564e-01
f_slope_b73         =  1.946249e-01
f_rr_ratio_b74      =  2.239197e-01
f_rr_asym_b74       =  3.483225e-01
f_instab_l0_b74     =  1.292878e-01
f_instab_l1_b74     =  1.282088e-01
f_pwave_b74         =  3.797812e-01
f_width_b74         =  2.720066e-03
f_sym_b74           =  4.016620e-01
f_slope_b74         =  2.034628e-01
f_rr_ratio_b75      =  2.242821e-01
f_rr_asym_b75       =  3.487090e-01
f_instab_l0_b75     =  1.285643e-01
f_instab_l1_b75     =  1.282076e-01
f_pwave_b75         =  3.801335e-01
f_width_b75         =  2.816860e-03
f_sym_b75           =  4.023571e-01
f_slope_b75         =  1.946248e-01
f_rr_ratio_b76      =  2.233704e-01
f_rr_asym_b76       =  3.477359e-01
f_instab_l0_b76     =  1.285750e-01
f_instab_l1_b76     =  1.282141e-01
f_pwave_b76         =  3.791783e-01
f_width_b76         =  2.771127e-03
f_sym_b76           =  4.023584e-01
f_slope_b76         =  1.946249e-01
f_rr_ratio_b77      =  2.229628e-01
f_rr_asym_b77       =  3.472999e-01
f_instab_l0_b77     =  1.286745e-01
f_instab_l1_b77     =  1.282084e-01
f_pwave_b77         =  3.927379e-01
f_width_b77         =  2.694532e-03
f_sym_b77           =  4.016564e-01
f_slope_b77         =  2.034629e-01
f_rr_ratio_b78      =  2.242858e-01
f_rr_asym_b78       =  3.487129e-01
f_instab_l0_b78     =  1.284610e-01
f_instab_l1_b78     =  1.282076e-01
f_pwave_b78         =  3.805835e-01
f_width_b78         =  2.737830e-03
f_sym_b78           =  4.023608e-01
f_slope_b78         =  1.946249e-01
f_rr_ratio_b79      =  2.239246e-01
f_rr_asym_b79       =  3.483277e-01
f_instab_l0_b79     =  1.282122e-01
f_instab_l1_b79     =  1.282076e-01
f_pwave_b79         =  3.848542e-01
f_width_b79         =  2.683200e-03
f_sym_b79           =  4.016555e-01
f_slope_b79         =  2.034630e-01


Total analysis time (seconds) = 149.251

Total elapsed time (seconds) = 171.732 

Total DRAM available = 15982.191 MB.
DRAM currently available = 1340.223 MB.
Maximum ngspice program size =  163.082 MB.
Current ngspice program size =  163.082 MB.

