Using SPARSE 1.3 as Direct Linear Solver
Note: Starting dynamic gmin stepping
Note: Dynamic gmin stepping completed

Note: No compatibility mode selected!


Circuit: full_acc_batch_24

Doing analysis at TEMP = 27.000000 and TNOM = 27.000000


Initial Transient Solution
--------------------------

Node                                   Voltage
----                                   -------
vdd                                        0.9
vss                                          0
vbias                                     0.35
vref                                      0.45
ecg_in                                    0.25
ecg_in_l1                                 0.25
rpeak_trigger                                0
qrs_gate                                     0
qrs_sym_gate                                 0
pwave_gate                                   0
xrr.rpeak_bar                              0.9
xrr.net_timer                      1.91447e-06
xrr.xctimer.a                                0
xrr.xctimer.b1                               0
xrr.tail_r                           0.0546598
xrr.net_r1                             0.46929
f_rr_ratio                            0.130959
xrr.mid_ref                           0.218464
xrr.tail_a                          0.00433493
xrr.net_a1                             0.40478
f_rr_asym                             0.195574
xinstab0.qrs_gate_bar                      0.9
xinstab0.xota_pk.net1                 0.399253
xinstab0.net_pk_raw                0.000109329
xinstab0.peak_node                 3.46089e-06
xinstab0.xota_pk.net_tail          2.68835e-05
xinstab0.net_pk_gated                      0.9
xinstab0.xcpeak.a                            0
xinstab0.xcpeak.b1                           0
peak_out_l0                        3.46089e-06
xinstab0.tail_i                       0.112023
xinstab0.net_i1                       0.537961
f_instab_l0                           0.128208
xinstab1.qrs_gate_bar                      0.9
xinstab1.xota_pk.net1                 0.399253
xinstab1.net_pk_raw                0.000109329
xinstab1.peak_node                 3.46089e-06
xinstab1.xota_pk.net_tail          2.68835e-05
xinstab1.net_pk_gated                      0.9
xinstab1.xcpeak.a                            0
xinstab1.xcpeak.b1                           0
peak_out_l1                        3.46089e-06
xinstab1.tail_i                       0.112023
xinstab1.net_i1                       0.537961
f_instab_l1                           0.128208
xpwave.xota_hpf_lp.net1               0.171615
xpwave.hpf_vlp                        0.249366
xpwave.xota_hpf_lp.net_tail         0.00970674
xpwave.xchpf_lp.a                            0
xpwave.xchpf_lp.b1                           0
xpwave.xota_hpf_sub.net1              0.171615
xpwave.bpf_mid                        0.249366
xpwave.xota_hpf_sub.net_tail        0.00970674
xpwave.xota_lpf.net1                  0.172056
xpwave.bpf_pw                           0.2487
xpwave.xota_lpf.net_tail            0.00956573
xpwave.xclpf.a                               0
xpwave.xclpf.b1                              0
xpwave.pwave_gate_bar                      0.9
xpwave.vbias_pk                    4.52517e-10
xpwave.xota_pk.net1                   0.371126
xpwave.net_pk_cmp                  1.16348e-09
xpwave.xota_pk.net_tail               0.165873
f_pwave                              0.0160234
xpwave.net_pk_cmp_bar                      0.9
xpwave.xcpk.a                                0
xpwave.xcpk.b1                               0
xwidth.xota_wcmp.net1                 0.171633
xwidth.width_cmp_out                0.00987155
xwidth.xota_wcmp.net_tail           0.00972096
xwidth.qrs_gate_bar                        0.9
xwidth.width_gate_gated            1.41373e-10
xwidth.net_w_bias                          0.9
xwidth.net_w_sw                       0.226117
f_width                             0.00253791
xwidth.xcwidth.a                             0
xwidth.xcwidth.b1                            0
xsym.qrs_onset_bar                         0.9
xsym.rpeak_bar                             0.9
xsym.net_latch                     4.16118e-11
xsym.xclatch.a                               0
xsym.xclatch.b1                              0
xsym.net_latch_bar                         0.9
xsym.net_rise_bias                         0.9
xsym.net_rise_sw                      0.197215
xsym.rise_timer                    4.15428e-11
xsym.xcrise.a                                0
xsym.xcrise.b1                               0
rise_timer_out                     4.15428e-11
xsym.net_fall_bias                         0.9
xsym.net_fall_sw                      0.197215
xsym.fall_timer                     0.00253791
xsym.xcfall.a                                0
xsym.xcfall.b1                               0
fall_timer_out                      0.00253791
xsym.tail_s                         2.8926e-05
xsym.net_sy1                          0.399259
f_sym                                 0.396846
xslope.tail_sl                      2.8926e-05
xslope.net_sl1                        0.396846
f_slope                               0.399259
vpwave#branch                                0
vsym#branch                                  0
vqrs#branch                                  0
vrpeak#branch                                0
vecg2#branch                                 0
vecg#branch                                  0
vref#branch                                  0
vbias#branch                      -1.29081e-13
vss#branch                          8.0044e-10
vdd#branch                        -8.00312e-10


No. of Data Rows : 178383

  Measurements for Transient Analysis

f_rr_ratio_b0       =  1.309588e-01
f_rr_asym_b0        =  1.955743e-01
f_instab_l0_b0      =  1.659155e-01
f_instab_l1_b0      =  1.281933e-01
f_pwave_b0          =  4.005244e-01
f_width_b0          =  1.328261e-01
f_sym_b0            =  3.934597e-01
f_slope_b0          =  3.544412e-01
f_rr_ratio_b1       =  2.268101e-01
f_rr_asym_b1        =  3.513928e-01
f_instab_l0_b1      =  1.659149e-01
f_instab_l1_b1      =  1.282079e-01
f_pwave_b1          =  4.008781e-01
f_width_b1          =  2.062525e-01
f_sym_b1            =  3.873924e-01
f_slope_b1          =  3.546715e-01
f_rr_ratio_b2       =  2.267770e-01
f_rr_asym_b2        =  3.513578e-01
f_instab_l0_b2      =  1.659155e-01
f_instab_l1_b2      =  1.286276e-01
f_pwave_b2          =  4.008218e-01
f_width_b2          =  2.295372e-01
f_sym_b2            =  3.873967e-01
f_slope_b2          =  3.544417e-01
f_rr_ratio_b3       =  2.265834e-01
f_rr_asym_b3        =  3.511528e-01
f_instab_l0_b3      =  1.659067e-01
f_instab_l1_b3      =  1.284090e-01
f_pwave_b3          =  3.954343e-01
f_width_b3          =  2.175329e-01
f_sym_b3            =  3.873994e-01
f_slope_b3          =  3.546717e-01
f_rr_ratio_b4       =  2.259729e-01
f_rr_asym_b4        =  3.505061e-01
f_instab_l0_b4      =  1.659080e-01
f_instab_l1_b4      =  1.282076e-01
f_pwave_b4          =  4.003271e-01
f_width_b4          =  2.166231e-01
f_sym_b4            =  3.825787e-01
f_slope_b4          =  3.540296e-01
f_rr_ratio_b5       =  2.260889e-01
f_rr_asym_b5        =  3.506290e-01
f_instab_l0_b5      =  1.659158e-01
f_instab_l1_b5      =  1.282029e-01
f_pwave_b5          =  3.955843e-01
f_width_b5          =  2.553353e-01
f_sym_b5            =  3.851912e-01
f_slope_b5          =  3.543435e-01
f_rr_ratio_b6       =  2.265441e-01
f_rr_asym_b6        =  3.511112e-01
f_instab_l0_b6      =  1.659019e-01
f_instab_l1_b6      =  1.287601e-01
f_pwave_b6          =  3.991886e-01
f_width_b6          =  2.064664e-01
f_sym_b6            =  3.825663e-01
f_slope_b6          =  3.645976e-01
f_rr_ratio_b7       =  2.269105e-01
f_rr_asym_b7        =  3.514990e-01
f_instab_l0_b7      =  1.659144e-01
f_instab_l1_b7      =  1.281923e-01
f_pwave_b7          =  3.979262e-01
f_width_b7          =  2.638871e-01
f_sym_b7            =  3.851225e-01
f_slope_b7          =  3.544025e-01
f_rr_ratio_b8       =  2.270274e-01
f_rr_asym_b8        =  3.516227e-01
f_instab_l0_b8      =  1.659144e-01
f_instab_l1_b8      =  1.282077e-01
f_pwave_b8          =  3.900074e-01
f_width_b8          =  2.300672e-01
f_sym_b8            =  3.825253e-01
f_slope_b8          =  3.543113e-01
f_rr_ratio_b9       =  2.269713e-01
f_rr_asym_b9        =  3.515634e-01
f_instab_l0_b9      =  1.659140e-01
f_instab_l1_b9      =  1.281927e-01
f_pwave_b9          =  3.939674e-01
f_width_b9          =  2.560859e-01
f_sym_b9            =  3.852404e-01
f_slope_b9          =  3.545371e-01
f_rr_ratio_b10      =  2.266679e-01
f_rr_asym_b10       =  3.512423e-01
f_instab_l0_b10     =  1.659136e-01
f_instab_l1_b10     =  1.283813e-01
f_pwave_b10         =  3.985448e-01
f_width_b10         =  2.047655e-01
f_sym_b10           =  3.825776e-01
f_slope_b10         =  3.543140e-01
f_rr_ratio_b11      =  2.260911e-01
f_rr_asym_b11       =  3.506313e-01
f_instab_l0_b11     =  1.659108e-01
f_instab_l1_b11     =  1.282076e-01
f_pwave_b11         =  3.993412e-01
f_width_b11         =  2.284162e-01
f_sym_b11           =  3.732838e-01
f_slope_b11         =  3.542317e-01
f_rr_ratio_b12      =  2.263571e-01
f_rr_asym_b12       =  3.509132e-01
f_instab_l0_b12     =  1.659096e-01
f_instab_l1_b12     =  1.283360e-01
f_pwave_b12         =  3.974936e-01
f_width_b12         =  3.014916e-01
f_sym_b12           =  3.803531e-01
f_slope_b12         =  3.540304e-01
f_rr_ratio_b13      =  2.262608e-01
f_rr_asym_b13       =  3.508112e-01
f_instab_l0_b13     =  1.659121e-01
f_instab_l1_b13     =  1.282855e-01
f_pwave_b13         =  3.975886e-01
f_width_b13         =  2.360684e-01
f_sym_b13           =  3.852410e-01
f_slope_b13         =  3.543976e-01
f_rr_ratio_b14      =  2.265019e-01
f_rr_asym_b14       =  3.510665e-01
f_instab_l0_b14     =  1.658616e-01
f_instab_l1_b14     =  1.282105e-01
f_pwave_b14         =  3.992316e-01
f_width_b14         =  1.706854e-01
f_sym_b14           =  3.825663e-01
f_slope_b14         =  3.645984e-01
f_rr_ratio_b15      =  2.264056e-01
f_rr_asym_b15       =  3.509646e-01
f_instab_l0_b15     =  1.659086e-01
f_instab_l1_b15     =  1.281998e-01
f_pwave_b15         =  3.942462e-01
f_width_b15         =  2.359413e-01
f_sym_b15           =  3.851143e-01
f_slope_b15         =  3.545124e-01
f_rr_ratio_b16      =  2.269099e-01
f_rr_asym_b16       =  3.514984e-01
f_instab_l0_b16     =  1.658737e-01
f_instab_l1_b16     =  1.282093e-01
f_pwave_b16         =  3.949329e-01
f_width_b16         =  1.614164e-01
f_sym_b16           =  3.874094e-01
f_slope_b16         =  3.652347e-01
f_rr_ratio_b17      =  2.269117e-01
f_rr_asym_b17       =  3.515003e-01
f_instab_l0_b17     =  1.658633e-01
f_instab_l1_b17     =  1.282076e-01
f_pwave_b17         =  3.996632e-01
f_width_b17         =  1.949127e-01
f_sym_b17           =  3.873747e-01
f_slope_b17         =  3.652150e-01
f_rr_ratio_b18      =  2.278464e-01
f_rr_asym_b18       =  3.524911e-01
f_instab_l0_b18     =  1.655730e-01
f_instab_l1_b18     =  1.313573e-01
f_pwave_b18         =  3.939831e-01
f_width_b18         =  3.629694e-01
f_sym_b18           =  3.738550e-01
f_slope_b18         =  3.639932e-01
f_rr_ratio_b19      =  2.031242e-01
f_rr_asym_b19       =  3.253465e-01
f_instab_l0_b19     =  1.659147e-01
f_instab_l1_b19     =  1.282076e-01
f_pwave_b19         =  4.003587e-01
f_width_b19         =  2.601307e-01
f_sym_b19           =  3.835392e-01
f_slope_b19         =  3.543928e-01
f_rr_ratio_b20      =  2.260913e-01
f_rr_asym_b20       =  3.506315e-01
f_instab_l0_b20     =  1.659138e-01
f_instab_l1_b20     =  1.282081e-01
f_pwave_b20         =  3.694623e-01
f_width_b20         =  2.169486e-01
f_sym_b20           =  3.825802e-01
f_slope_b20         =  3.540456e-01
f_rr_ratio_b21      =  2.260309e-01
f_rr_asym_b21       =  3.505676e-01
f_instab_l0_b21     =  1.659035e-01
f_instab_l1_b21     =  1.282090e-01
f_pwave_b21         =  4.012005e-01
f_width_b21         =  2.109661e-01
f_sym_b21           =  3.812920e-01
f_slope_b21         =  3.645967e-01
f_rr_ratio_b22      =  2.263072e-01
f_rr_asym_b22       =  3.508603e-01
f_instab_l0_b22     =  1.658720e-01
f_instab_l1_b22     =  1.282391e-01
f_pwave_b22         =  3.943848e-01
f_width_b22         =  2.341162e-01
f_sym_b22           =  3.812797e-01
f_slope_b22         =  3.645963e-01
f_rr_ratio_b23      =  2.266648e-01
f_rr_asym_b23       =  3.512390e-01
f_instab_l0_b23     =  1.658909e-01
f_instab_l1_b23     =  1.282031e-01
f_pwave_b23         =  3.943117e-01
f_width_b23         =  2.072998e-01
f_sym_b23           =  3.851387e-01
f_slope_b23         =  3.654861e-01
f_rr_ratio_b24      =  2.270000e-01
f_rr_asym_b24       =  3.515937e-01
f_instab_l0_b24     =  1.658885e-01
f_instab_l1_b24     =  1.282085e-01
f_pwave_b24         =  4.008105e-01
f_width_b24         =  1.540074e-01
f_sym_b24           =  3.872937e-01
f_slope_b24         =  3.654798e-01
f_rr_ratio_b25      =  2.266652e-01
f_rr_asym_b25       =  3.512394e-01
f_instab_l0_b25     =  1.659117e-01
f_instab_l1_b25     =  1.282076e-01
f_pwave_b25         =  3.952714e-01
f_width_b25         =  2.176551e-01
f_sym_b25           =  3.825746e-01
f_slope_b25         =  3.540308e-01
f_rr_ratio_b26      =  2.266240e-01
f_rr_asym_b26       =  3.511958e-01
f_instab_l0_b26     =  1.659157e-01
f_instab_l1_b26     =  1.281930e-01
f_pwave_b26         =  3.847526e-01
f_width_b26         =  2.409893e-01
f_sym_b26           =  3.851569e-01
f_slope_b26         =  3.546734e-01
f_rr_ratio_b27      =  2.278450e-01
f_rr_asym_b27       =  3.524896e-01
f_instab_l0_b27     =  1.655665e-01
f_instab_l1_b27     =  1.301695e-01
f_pwave_b27         =  3.894730e-01
f_width_b27         =  3.894426e-01
f_sym_b27           =  3.738522e-01
f_slope_b27         =  3.639932e-01
f_rr_ratio_b28      =  1.994622e-01
f_rr_asym_b28       =  3.211219e-01
f_instab_l0_b28     =  1.658951e-01
f_instab_l1_b28     =  1.282104e-01
f_pwave_b28         =  4.012465e-01
f_width_b28         =  2.375902e-01
f_sym_b28           =  3.835346e-01
f_slope_b28         =  3.652100e-01
f_rr_ratio_b29      =  2.259506e-01
f_rr_asym_b29       =  3.504824e-01
f_instab_l0_b29     =  1.659129e-01
f_instab_l1_b29     =  1.281991e-01
f_pwave_b29         =  3.922731e-01
f_width_b29         =  2.381693e-01
f_sym_b29           =  3.874360e-01
f_slope_b29         =  3.546773e-01
f_rr_ratio_b30      =  2.264540e-01
f_rr_asym_b30       =  3.510158e-01
f_instab_l0_b30     =  1.658884e-01
f_instab_l1_b30     =  1.286853e-01
f_pwave_b30         =  3.967482e-01
f_width_b30         =  1.784026e-01
f_sym_b30           =  3.825963e-01
f_slope_b30         =  3.646007e-01
f_rr_ratio_b31      =  2.264977e-01
f_rr_asym_b31       =  3.510620e-01
f_instab_l0_b31     =  1.659120e-01
f_instab_l1_b31     =  1.282089e-01
f_pwave_b31         =  4.022414e-01
f_width_b31         =  2.260566e-01
f_sym_b31           =  3.812978e-01
f_slope_b31         =  3.543114e-01
f_rr_ratio_b32      =  2.267770e-01
f_rr_asym_b32       =  3.513577e-01
f_instab_l0_b32     =  1.659170e-01
f_instab_l1_b32     =  1.283561e-01
f_pwave_b32         =  3.964560e-01
f_width_b32         =  2.540827e-01
f_sym_b32           =  3.851458e-01
f_slope_b32         =  3.546751e-01
f_rr_ratio_b33      =  2.270000e-01
f_rr_asym_b33       =  3.515938e-01
f_instab_l0_b33     =  1.659115e-01
f_instab_l1_b33     =  1.284462e-01
f_pwave_b33         =  3.947645e-01
f_width_b33         =  2.381720e-01
f_sym_b33           =  3.873434e-01
f_slope_b33         =  3.652107e-01
f_rr_ratio_b34      =  2.271307e-01
f_rr_asym_b34       =  3.517320e-01
f_instab_l0_b34     =  1.658461e-01
f_instab_l1_b34     =  1.283911e-01
f_pwave_b34         =  4.012876e-01
f_width_b34         =  1.955148e-01
f_sym_b34           =  3.874143e-01
f_slope_b34         =  3.654827e-01
f_rr_ratio_b35      =  2.266672e-01
f_rr_asym_b35       =  3.512415e-01
f_instab_l0_b35     =  1.659121e-01
f_instab_l1_b35     =  1.282080e-01
f_pwave_b35         =  3.729928e-01
f_width_b35         =  1.939805e-01
f_sym_b35           =  3.825811e-01
f_slope_b35         =  3.540437e-01
f_rr_ratio_b36      =  2.259093e-01
f_rr_asym_b36       =  3.504386e-01
f_instab_l0_b36     =  1.659092e-01
f_instab_l1_b36     =  1.281961e-01
f_pwave_b36         =  3.978309e-01
f_width_b36         =  2.466503e-01
f_sym_b36           =  3.813864e-01
f_slope_b36         =  3.540310e-01
f_rr_ratio_b37      =  2.264562e-01
f_rr_asym_b37       =  3.510181e-01
f_instab_l0_b37     =  1.659145e-01
f_instab_l1_b37     =  1.281929e-01
f_pwave_b37         =  3.960112e-01
f_width_b37         =  2.557741e-01
f_sym_b37           =  3.813302e-01
f_slope_b37         =  3.543120e-01
f_rr_ratio_b38      =  2.265456e-01
f_rr_asym_b38       =  3.511128e-01
f_instab_l0_b38     =  1.659096e-01
f_instab_l1_b38     =  1.286303e-01
f_pwave_b38         =  3.992953e-01
f_width_b38         =  2.765880e-01
f_sym_b38           =  3.851958e-01
f_slope_b38         =  3.543908e-01
f_rr_ratio_b39      =  2.266682e-01
f_rr_asym_b39       =  3.512426e-01
f_instab_l0_b39     =  1.659000e-01
f_instab_l1_b39     =  1.282142e-01
f_pwave_b39         =  3.976560e-01
f_width_b39         =  2.143595e-01
f_sym_b39           =  3.739336e-01
f_slope_b39         =  3.642737e-01
f_rr_ratio_b40      =  2.268118e-01
f_rr_asym_b40       =  3.513946e-01
f_instab_l0_b40     =  1.659166e-01
f_instab_l1_b40     =  1.282086e-01
f_pwave_b40         =  4.007922e-01
f_width_b40         =  2.791005e-01
f_sym_b40           =  3.833482e-01
f_slope_b40         =  3.543127e-01
f_rr_ratio_b41      =  2.269436e-01
f_rr_asym_b41       =  3.515340e-01
f_instab_l0_b41     =  1.658844e-01
f_instab_l1_b41     =  1.282979e-01
f_pwave_b41         =  3.998017e-01
f_width_b41         =  2.794128e-01
f_sym_b41           =  3.874419e-01
f_slope_b41         =  3.543929e-01
f_rr_ratio_b42      =  2.268485e-01
f_rr_asym_b42       =  3.514335e-01
f_instab_l0_b42     =  1.659051e-01
f_instab_l1_b42     =  1.282055e-01
f_pwave_b42         =  3.989978e-01
f_width_b42         =  2.757839e-01
f_sym_b42           =  3.826927e-01
f_slope_b42         =  3.540311e-01
f_rr_ratio_b43      =  2.268144e-01
f_rr_asym_b43       =  3.513973e-01
f_instab_l0_b43     =  1.658974e-01
f_instab_l1_b43     =  1.283843e-01
f_pwave_b43         =  3.987272e-01
f_width_b43         =  3.158906e-01
f_sym_b43           =  3.852558e-01
f_slope_b43         =  3.546729e-01
f_rr_ratio_b44      =  2.265861e-01
f_rr_asym_b44       =  3.511556e-01
f_instab_l0_b44     =  1.659162e-01
f_instab_l1_b44     =  1.282073e-01
f_pwave_b44         =  4.015447e-01
f_width_b44         =  2.578756e-01
f_sym_b44           =  3.826347e-01
f_slope_b44         =  3.543125e-01
f_rr_ratio_b45      =  2.278026e-01
f_rr_asym_b45       =  3.524443e-01
f_instab_l0_b45     =  1.655670e-01
f_instab_l1_b45     =  1.387483e-01
f_pwave_b45         =  3.959073e-01
f_width_b45         =  4.696395e-01
f_sym_b45           =  3.732305e-01
f_slope_b45         =  3.539504e-01
f_rr_ratio_b46      =  2.031227e-01
f_rr_asym_b46       =  3.253447e-01
f_instab_l0_b46     =  1.658805e-01
f_instab_l1_b46     =  1.282082e-01
f_pwave_b46         =  4.013115e-01
f_width_b46         =  3.283124e-01
f_sym_b46           =  3.803982e-01
f_slope_b46         =  3.543123e-01
f_rr_ratio_b47      =  2.264536e-01
f_rr_asym_b47       =  3.510154e-01
f_instab_l0_b47     =  1.659141e-01
f_instab_l1_b47     =  1.282071e-01
f_pwave_b47         =  4.017456e-01
f_width_b47         =  2.975273e-01
f_sym_b47           =  3.812852e-01
f_slope_b47         =  3.645961e-01
f_rr_ratio_b48      =  2.268458e-01
f_rr_asym_b48       =  3.514305e-01
f_instab_l0_b48     =  1.659119e-01
f_instab_l1_b48     =  1.283215e-01
f_pwave_b48         =  3.797682e-01
f_width_b48         =  2.845597e-01
f_sym_b48           =  3.812593e-01
f_slope_b48         =  3.643255e-01
f_rr_ratio_b49      =  2.270544e-01
f_rr_asym_b49       =  3.516513e-01
f_instab_l0_b49     =  1.659017e-01
f_instab_l1_b49     =  1.282123e-01
f_pwave_b49         =  4.005684e-01
f_width_b49         =  2.284549e-01
f_sym_b49           =  3.813103e-01
f_slope_b49         =  3.645965e-01
f_rr_ratio_b50      =  2.269734e-01
f_rr_asym_b50       =  3.515655e-01
f_instab_l0_b50     =  1.659048e-01
f_instab_l1_b50     =  1.282099e-01
f_pwave_b50         =  4.016418e-01
f_width_b50         =  2.371114e-01
f_sym_b50           =  3.812858e-01
f_slope_b50         =  3.540282e-01
f_rr_ratio_b51      =  2.270807e-01
f_rr_asym_b51       =  3.516792e-01
f_instab_l0_b51     =  1.659090e-01
f_instab_l1_b51     =  1.282136e-01
f_pwave_b51         =  3.991459e-01
f_width_b51         =  2.204664e-01
f_sym_b51           =  3.814570e-01
f_slope_b51         =  3.540290e-01
f_rr_ratio_b52      =  2.265011e-01
f_rr_asym_b52       =  3.510657e-01
f_instab_l0_b52     =  1.659147e-01
f_instab_l1_b52     =  1.282085e-01
f_pwave_b52         =  3.984544e-01
f_width_b52         =  2.586757e-01
f_sym_b52           =  3.813201e-01
f_slope_b52         =  3.543122e-01
f_rr_ratio_b53      =  2.262612e-01
f_rr_asym_b53       =  3.508116e-01
f_instab_l0_b53     =  1.659062e-01
f_instab_l1_b53     =  1.282303e-01
f_pwave_b53         =  3.977468e-01
f_width_b53         =  2.275486e-01
f_sym_b53           =  3.814614e-01
f_slope_b53         =  3.645987e-01
f_rr_ratio_b54      =  2.263613e-01
f_rr_asym_b54       =  3.509176e-01
f_instab_l0_b54     =  1.659101e-01
f_instab_l1_b54     =  1.282104e-01
f_pwave_b54         =  4.002875e-01
f_width_b54         =  2.887742e-01
f_sym_b54           =  3.814958e-01
f_slope_b54         =  3.540246e-01
f_rr_ratio_b55      =  2.267430e-01
f_rr_asym_b55       =  3.513218e-01
f_instab_l0_b55     =  1.658933e-01
f_instab_l1_b55     =  1.282043e-01
f_pwave_b55         =  3.993315e-01
f_width_b55         =  2.343371e-01
f_sym_b55           =  3.812863e-01
f_slope_b55         =  3.643153e-01
f_rr_ratio_b56      =  2.264966e-01
f_rr_asym_b56       =  3.510609e-01
f_instab_l0_b56     =  1.659099e-01
f_instab_l1_b56     =  1.281923e-01
f_pwave_b56         =  4.011626e-01
f_width_b56         =  2.727673e-01
f_sym_b56           =  3.851638e-01
f_slope_b56         =  3.546732e-01
f_rr_ratio_b57      =  2.267033e-01
f_rr_asym_b57       =  3.512798e-01
f_instab_l0_b57     =  1.659143e-01
f_instab_l1_b57     =  1.282083e-01
f_pwave_b57         =  3.937969e-01
f_width_b57         =  2.451106e-01
f_sym_b57           =  3.825694e-01
f_slope_b57         =  3.541078e-01
f_rr_ratio_b58      =  2.269995e-01
f_rr_asym_b58       =  3.515932e-01
f_instab_l0_b58     =  1.659157e-01
f_instab_l1_b58     =  1.284452e-01
f_pwave_b58         =  3.932771e-01
f_width_b58         =  2.503142e-01
f_sym_b58           =  3.851671e-01
f_slope_b58         =  3.543949e-01
f_rr_ratio_b59      =  2.269732e-01
f_rr_asym_b59       =  3.515653e-01
f_instab_l0_b59     =  1.659123e-01
f_instab_l1_b59     =  1.282083e-01
f_pwave_b59         =  3.966796e-01
f_width_b59         =  2.113486e-01
f_sym_b59           =  3.825808e-01
f_slope_b59         =  3.540304e-01
f_rr_ratio_b60      =  2.268453e-01
f_rr_asym_b60       =  3.514301e-01
f_instab_l0_b60     =  1.659155e-01
f_instab_l1_b60     =  1.282107e-01
f_pwave_b60         =  3.987881e-01
f_width_b60         =  2.456857e-01
f_sym_b60           =  3.812778e-01
f_slope_b60         =  3.543126e-01
f_rr_ratio_b61      =  2.264979e-01
f_rr_asym_b61       =  3.510623e-01
f_instab_l0_b61     =  1.659074e-01
f_instab_l1_b61     =  1.281948e-01
f_pwave_b61         =  3.917770e-01
f_width_b61         =  2.803986e-01
f_sym_b61           =  3.851973e-01
f_slope_b61         =  3.546735e-01
f_rr_ratio_b62      =  2.259724e-01
f_rr_asym_b62       =  3.505056e-01
f_instab_l0_b62     =  1.659159e-01
f_instab_l1_b62     =  1.282077e-01
f_pwave_b62         =  4.012656e-01
f_width_b62         =  2.674733e-01
f_sym_b62           =  3.874649e-01
f_slope_b62         =  3.546731e-01
f_rr_ratio_b63      =  2.262075e-01
f_rr_asym_b63       =  3.507547e-01
f_instab_l0_b63     =  1.658904e-01
f_instab_l1_b63     =  1.282165e-01
f_pwave_b63         =  4.010529e-01
f_width_b63         =  2.182054e-01
f_sym_b63           =  3.824319e-01
f_slope_b63         =  3.645989e-01
f_rr_ratio_b64      =  2.265832e-01
f_rr_asym_b64       =  3.511526e-01
f_instab_l0_b64     =  1.659157e-01
f_instab_l1_b64     =  1.282010e-01
f_pwave_b64         =  3.987012e-01
f_width_b64         =  2.445972e-01
f_sym_b64           =  3.851489e-01
f_slope_b64         =  3.546782e-01
f_rr_ratio_b65      =  2.268139e-01
f_rr_asym_b65       =  3.513968e-01
f_instab_l0_b65     =  1.659094e-01
f_instab_l1_b65     =  1.285463e-01
f_pwave_b65         =  3.971354e-01
f_width_b65         =  2.246551e-01
f_sym_b65           =  3.874058e-01
f_slope_b65         =  3.546775e-01
f_rr_ratio_b66      =  2.269433e-01
f_rr_asym_b66       =  3.515337e-01
f_instab_l0_b66     =  1.658896e-01
f_instab_l1_b66     =  1.282185e-01
f_pwave_b66         =  4.000563e-01
f_width_b66         =  2.111212e-01
f_sym_b66           =  3.874688e-01
f_slope_b66         =  3.656214e-01
f_rr_ratio_b67      =  2.267414e-01
f_rr_asym_b67       =  3.513201e-01
f_instab_l0_b67     =  1.658180e-01
f_instab_l1_b67     =  1.283694e-01
f_pwave_b67         =  3.958984e-01
f_width_b67         =  1.813327e-01
f_sym_b67           =  3.826857e-01
f_slope_b67         =  3.645992e-01
f_rr_ratio_b68      =  2.268127e-01
f_rr_asym_b68       =  3.513955e-01
f_instab_l0_b68     =  1.659108e-01
f_instab_l1_b68     =  1.282073e-01
f_pwave_b68         =  3.953359e-01
f_width_b68         =  2.326340e-01
f_sym_b68           =  3.812908e-01
f_slope_b68         =  3.543127e-01
f_rr_ratio_b69      =  2.264979e-01
f_rr_asym_b69       =  3.510623e-01
f_instab_l0_b69     =  1.658952e-01
f_instab_l1_b69     =  1.286690e-01
f_pwave_b69         =  4.009647e-01
f_width_b69         =  2.440161e-01
f_sym_b69           =  3.814413e-01
f_slope_b69         =  3.645966e-01
f_rr_ratio_b70      =  2.263605e-01
f_rr_asym_b70       =  3.509167e-01
f_instab_l0_b70     =  1.659148e-01
f_instab_l1_b70     =  1.290314e-01
f_pwave_b70         =  3.994982e-01
f_width_b70         =  2.622474e-01
f_sym_b70           =  3.852216e-01
f_slope_b70         =  3.546737e-01
f_rr_ratio_b71      =  2.262029e-01
f_rr_asym_b71       =  3.507498e-01
f_instab_l0_b71     =  1.659054e-01
f_instab_l1_b71     =  1.282154e-01
f_pwave_b71         =  3.990592e-01
f_width_b71         =  2.232193e-01
f_sym_b71           =  3.739246e-01
f_slope_b71         =  3.640703e-01
f_rr_ratio_b72      =  2.264964e-01
f_rr_asym_b72       =  3.510607e-01
f_instab_l0_b72     =  1.659161e-01
f_instab_l1_b72     =  1.282090e-01
f_pwave_b72         =  3.990870e-01
f_width_b72         =  2.974398e-01
f_sym_b72           =  3.833450e-01
f_slope_b72         =  3.546741e-01
f_rr_ratio_b73      =  2.266251e-01
f_rr_asym_b73       =  3.511969e-01
f_instab_l0_b73     =  1.659154e-01
f_instab_l1_b73     =  1.283165e-01
f_pwave_b73         =  4.011007e-01
f_width_b73         =  2.560977e-01
f_sym_b73           =  3.825137e-01
f_slope_b73         =  3.543135e-01
f_rr_ratio_b74      =  2.268783e-01
f_rr_asym_b74       =  3.514650e-01
f_instab_l0_b74     =  1.659031e-01
f_instab_l1_b74     =  1.282614e-01
f_pwave_b74         =  4.004662e-01
f_width_b74         =  2.368353e-01
f_sym_b74           =  3.851631e-01
f_slope_b74         =  3.545567e-01
f_rr_ratio_b75      =  2.269105e-01
f_rr_asym_b75       =  3.514990e-01
f_instab_l0_b75     =  1.659126e-01
f_instab_l1_b75     =  1.287845e-01
f_pwave_b75         =  3.994179e-01
f_width_b75         =  2.138206e-01
f_sym_b75           =  3.874222e-01
f_slope_b75         =  3.543941e-01
f_rr_ratio_b76      =  2.270302e-01
f_rr_asym_b76       =  3.516257e-01
f_instab_l0_b76     =  1.658712e-01
f_instab_l1_b76     =  1.282151e-01
f_pwave_b76         =  4.009337e-01
f_width_b76         =  1.721472e-01
f_sym_b76           =  3.873023e-01
f_slope_b76         =  3.654876e-01
f_rr_ratio_b77      =  2.263578e-01
f_rr_asym_b77       =  3.509139e-01
f_instab_l0_b77     =  1.659066e-01
f_instab_l1_b77     =  1.282098e-01
f_pwave_b77         =  3.994113e-01
f_width_b77         =  2.134857e-01
f_sym_b77           =  3.826458e-01
f_slope_b77         =  3.543124e-01
f_rr_ratio_b78      =  2.278153e-01
f_rr_asym_b78       =  3.524578e-01
f_instab_l0_b78     =  1.655669e-01
f_instab_l1_b78     =  1.524505e-01
f_pwave_b78         =  3.917654e-01
f_width_b78         =  4.488820e-01
f_sym_b78           =  3.811806e-01
f_slope_b78         =  3.540331e-01
f_rr_ratio_b79      =  1.954882e-01
f_rr_asym_b79       =  3.164617e-01
f_instab_l0_b79     =  1.659130e-01
f_instab_l1_b79     =  1.284807e-01
f_pwave_b79         =  3.902903e-01
f_width_b79         =  2.549657e-01
f_sym_b79           =  3.854710e-01
f_slope_b79         =  3.543653e-01


Total analysis time (seconds) = 172.494

Total elapsed time (seconds) = 202.645 

Total DRAM available = 15982.191 MB.
DRAM currently available = 2138.918 MB.
Maximum ngspice program size =  170.145 MB.
Current ngspice program size =  170.145 MB.

