Using SPARSE 1.3 as Direct Linear Solver
Note: Starting dynamic gmin stepping
Note: Dynamic gmin stepping completed

Note: No compatibility mode selected!


Circuit: full_acc_batch_19

Doing analysis at TEMP = 27.000000 and TNOM = 27.000000


Initial Transient Solution
--------------------------

Node                                   Voltage
----                                   -------
vdd                                        0.9
vss                                          0
vbias                                     0.35
vref                                      0.45
ecg_in                                    0.25
ecg_in_l1                                 0.25
rpeak_trigger                                0
qrs_gate                                     0
qrs_sym_gate                                 0
pwave_gate                                   0
xrr.rpeak_bar                              0.9
xrr.net_timer                      1.91447e-06
xrr.xctimer.a                                0
xrr.xctimer.b1                               0
xrr.tail_r                           0.0546598
xrr.net_r1                             0.46929
f_rr_ratio                            0.130959
xrr.mid_ref                           0.218464
xrr.tail_a                          0.00433493
xrr.net_a1                             0.40478
f_rr_asym                             0.195574
xinstab0.qrs_gate_bar                      0.9
xinstab0.xota_pk.net1                 0.399253
xinstab0.net_pk_raw                0.000109329
xinstab0.peak_node                 3.46089e-06
xinstab0.xota_pk.net_tail          2.68835e-05
xinstab0.net_pk_gated                      0.9
xinstab0.xcpeak.a                            0
xinstab0.xcpeak.b1                           0
peak_out_l0                        3.46089e-06
xinstab0.tail_i                       0.112023
xinstab0.net_i1                       0.537961
f_instab_l0                           0.128208
xinstab1.qrs_gate_bar                      0.9
xinstab1.xota_pk.net1                 0.399253
xinstab1.net_pk_raw                0.000109329
xinstab1.peak_node                 3.46089e-06
xinstab1.xota_pk.net_tail          2.68835e-05
xinstab1.net_pk_gated                      0.9
xinstab1.xcpeak.a                            0
xinstab1.xcpeak.b1                           0
peak_out_l1                        3.46089e-06
xinstab1.tail_i                       0.112023
xinstab1.net_i1                       0.537961
f_instab_l1                           0.128208
xpwave.xota_hpf_lp.net1               0.171615
xpwave.hpf_vlp                        0.249366
xpwave.xota_hpf_lp.net_tail         0.00970674
xpwave.xchpf_lp.a                            0
xpwave.xchpf_lp.b1                           0
xpwave.xota_hpf_sub.net1              0.171615
xpwave.bpf_mid                        0.249366
xpwave.xota_hpf_sub.net_tail        0.00970674
xpwave.xota_lpf.net1                  0.172056
xpwave.bpf_pw                           0.2487
xpwave.xota_lpf.net_tail            0.00956573
xpwave.xclpf.a                               0
xpwave.xclpf.b1                              0
xpwave.pwave_gate_bar                      0.9
xpwave.vbias_pk                    4.52517e-10
xpwave.xota_pk.net1                   0.371126
xpwave.net_pk_cmp                  1.16348e-09
xpwave.xota_pk.net_tail               0.165873
f_pwave                              0.0160234
xpwave.net_pk_cmp_bar                      0.9
xpwave.xcpk.a                                0
xpwave.xcpk.b1                               0
xwidth.xota_wcmp.net1                 0.171633
xwidth.width_cmp_out                0.00987155
xwidth.xota_wcmp.net_tail           0.00972096
xwidth.qrs_gate_bar                        0.9
xwidth.width_gate_gated            1.41373e-10
xwidth.net_w_bias                          0.9
xwidth.net_w_sw                       0.226117
f_width                             0.00253791
xwidth.xcwidth.a                             0
xwidth.xcwidth.b1                            0
xsym.qrs_onset_bar                         0.9
xsym.rpeak_bar                             0.9
xsym.net_latch                     4.16118e-11
xsym.xclatch.a                               0
xsym.xclatch.b1                              0
xsym.net_latch_bar                         0.9
xsym.net_rise_bias                         0.9
xsym.net_rise_sw                      0.197215
xsym.rise_timer                    4.15428e-11
xsym.xcrise.a                                0
xsym.xcrise.b1                               0
rise_timer_out                     4.15428e-11
xsym.net_fall_bias                         0.9
xsym.net_fall_sw                      0.197215
xsym.fall_timer                     0.00253791
xsym.xcfall.a                                0
xsym.xcfall.b1                               0
fall_timer_out                      0.00253791
xsym.tail_s                         2.8926e-05
xsym.net_sy1                          0.399259
f_sym                                 0.396846
xslope.tail_sl                      2.8926e-05
xslope.net_sl1                        0.396846
f_slope                               0.399259
vpwave#branch                                0
vsym#branch                                  0
vqrs#branch                                  0
vrpeak#branch                                0
vecg2#branch                                 0
vecg#branch                                  0
vref#branch                                  0
vbias#branch                      -1.29081e-13
vss#branch                          8.0044e-10
vdd#branch                        -8.00312e-10


No. of Data Rows : 195365

  Measurements for Transient Analysis

f_rr_ratio_b0       =  1.309588e-01
f_rr_asym_b0        =  1.955743e-01
f_instab_l0_b0      =  1.384885e-01
f_instab_l1_b0      =  1.282016e-01
f_pwave_b0          =  3.983655e-01
f_width_b0          =  2.515527e-03
f_sym_b0            =  2.941089e-01
f_slope_b0          =  3.937649e-01
f_rr_ratio_b1       =  2.232369e-01
f_rr_asym_b1        =  3.475931e-01
f_instab_l0_b1      =  1.568914e-01
f_instab_l1_b1      =  1.281993e-01
f_pwave_b1          =  3.960890e-01
f_width_b1          =  4.764554e-02
f_sym_b1            =  2.941683e-01
f_slope_b1          =  3.841482e-01
f_rr_ratio_b2       =  2.238002e-01
f_rr_asym_b2        =  3.481950e-01
f_instab_l0_b2      =  1.529369e-01
f_instab_l1_b2      =  1.282171e-01
f_pwave_b2          =  3.965609e-01
f_width_b2          =  2.059595e-02
f_sym_b2            =  2.941058e-01
f_slope_b2          =  3.939197e-01
f_rr_ratio_b3       =  2.227913e-01
f_rr_asym_b3        =  3.471163e-01
f_instab_l0_b3      =  1.647180e-01
f_instab_l1_b3      =  1.282438e-01
f_pwave_b3          =  3.935327e-01
f_width_b3          =  6.839557e-02
f_sym_b3            =  3.044936e-01
f_slope_b3          =  3.838744e-01
f_rr_ratio_b4       =  2.230900e-01
f_rr_asym_b4        =  3.474361e-01
f_instab_l0_b4      =  1.564486e-01
f_instab_l1_b4      =  1.285894e-01
f_pwave_b4          =  3.949186e-01
f_width_b4          =  3.776515e-02
f_sym_b4            =  3.044985e-01
f_slope_b4          =  3.941286e-01
f_rr_ratio_b5       =  2.236716e-01
f_rr_asym_b5        =  3.480578e-01
f_instab_l0_b5      =  1.620456e-01
f_instab_l1_b5      =  1.282457e-01
f_pwave_b5          =  3.948602e-01
f_width_b5          =  5.720276e-02
f_sym_b5            =  3.151069e-01
f_slope_b5          =  3.838723e-01
f_rr_ratio_b6       =  2.230929e-01
f_rr_asym_b6        =  3.474392e-01
f_instab_l0_b6      =  1.595336e-01
f_instab_l1_b6      =  1.281993e-01
f_pwave_b6          =  3.970104e-01
f_width_b6          =  2.112571e-02
f_sym_b6            =  3.044936e-01
f_slope_b6          =  3.839685e-01
f_rr_ratio_b7       =  2.229438e-01
f_rr_asym_b7        =  3.472796e-01
f_instab_l0_b7      =  1.556833e-01
f_instab_l1_b7      =  1.281970e-01
f_pwave_b7          =  3.968353e-01
f_width_b7          =  5.137289e-02
f_sym_b7            =  3.044917e-01
f_slope_b7          =  3.939686e-01
f_rr_ratio_b8       =  2.243938e-01
f_rr_asym_b8        =  3.488280e-01
f_instab_l0_b8      =  1.610794e-01
f_instab_l1_b8      =  1.282031e-01
f_pwave_b8          =  3.973297e-01
f_width_b8          =  4.484974e-02
f_sym_b8            =  3.044936e-01
f_slope_b8          =  3.839421e-01
f_rr_ratio_b9       =  2.232421e-01
f_rr_asym_b9        =  3.475988e-01
f_instab_l0_b9      =  1.641663e-01
f_instab_l1_b9      =  1.282076e-01
f_pwave_b9          =  3.967234e-01
f_width_b9          =  3.352704e-02
f_sym_b9            =  3.046310e-01
f_slope_b9          =  3.839107e-01
f_rr_ratio_b10      =  2.235361e-01
f_rr_asym_b10       =  3.479130e-01
f_instab_l0_b10     =  1.639305e-01
f_instab_l1_b10     =  1.292676e-01
f_pwave_b10         =  3.959928e-01
f_width_b10         =  4.210020e-02
f_sym_b10           =  3.044940e-01
f_slope_b10         =  3.839050e-01
f_rr_ratio_b11      =  2.226280e-01
f_rr_asym_b11       =  3.469413e-01
f_instab_l0_b11     =  1.631902e-01
f_instab_l1_b11     =  1.282527e-01
f_pwave_b11         =  3.955413e-01
f_width_b11         =  3.080948e-02
f_sym_b11           =  3.044940e-01
f_slope_b11         =  3.839278e-01
f_rr_ratio_b12      =  2.233808e-01
f_rr_asym_b12       =  3.477470e-01
f_instab_l0_b12     =  1.625540e-01
f_instab_l1_b12     =  1.281980e-01
f_pwave_b12         =  3.958177e-01
f_width_b12         =  3.825575e-02
f_sym_b12           =  3.044936e-01
f_slope_b12         =  3.839203e-01
f_rr_ratio_b13      =  2.240332e-01
f_rr_asym_b13       =  3.484436e-01
f_instab_l0_b13     =  1.630584e-01
f_instab_l1_b13     =  1.287458e-01
f_pwave_b13         =  3.954485e-01
f_width_b13         =  4.382922e-02
f_sym_b13           =  3.044936e-01
f_slope_b13         =  3.839036e-01
f_rr_ratio_b14      =  2.226290e-01
f_rr_asym_b14       =  3.469424e-01
f_instab_l0_b14     =  1.506895e-01
f_instab_l1_b14     =  1.283346e-01
f_pwave_b14         =  3.948981e-01
f_width_b14         =  3.799243e-02
f_sym_b14           =  3.044866e-01
f_slope_b14         =  3.938441e-01
f_rr_ratio_b15      =  2.224645e-01
f_rr_asym_b15       =  3.467661e-01
f_instab_l0_b15     =  1.559736e-01
f_instab_l1_b15     =  1.282044e-01
f_pwave_b15         =  3.957979e-01
f_width_b15         =  6.049749e-02
f_sym_b15           =  3.044937e-01
f_slope_b15         =  3.839387e-01
f_rr_ratio_b16      =  2.243791e-01
f_rr_asym_b16       =  3.488123e-01
f_instab_l0_b16     =  1.487345e-01
f_instab_l1_b16     =  1.282129e-01
f_pwave_b16         =  3.970768e-01
f_width_b16         =  5.039205e-02
f_sym_b16           =  2.941071e-01
f_slope_b16         =  3.938672e-01
f_rr_ratio_b17      =  2.226376e-01
f_rr_asym_b17       =  3.469517e-01
f_instab_l0_b17     =  1.627551e-01
f_instab_l1_b17     =  1.292223e-01
f_pwave_b17         =  3.958275e-01
f_width_b17         =  5.335727e-02
f_sym_b17           =  2.941569e-01
f_slope_b17         =  3.841132e-01
f_rr_ratio_b18      =  2.238005e-01
f_rr_asym_b18       =  3.481953e-01
f_instab_l0_b18     =  1.460088e-01
f_instab_l1_b18     =  1.284889e-01
f_pwave_b18         =  3.957267e-01
f_width_b18         =  2.776439e-02
f_sym_b18           =  2.941065e-01
f_slope_b18         =  3.942818e-01
f_rr_ratio_b19      =  2.229497e-01
f_rr_asym_b19       =  3.472859e-01
f_instab_l0_b19     =  1.556906e-01
f_instab_l1_b19     =  1.286027e-01
f_pwave_b19         =  3.964987e-01
f_width_b19         =  3.152380e-02
f_sym_b19           =  3.045846e-01
f_slope_b19         =  3.938446e-01
f_rr_ratio_b20      =  2.232587e-01
f_rr_asym_b20       =  3.476165e-01
f_instab_l0_b20     =  1.634306e-01
f_instab_l1_b20     =  1.283766e-01
f_pwave_b20         =  3.958864e-01
f_width_b20         =  6.500577e-02
f_sym_b20           =  3.044936e-01
f_slope_b20         =  3.838788e-01
f_rr_ratio_b21      =  2.244872e-01
f_rr_asym_b21       =  3.489275e-01
f_instab_l0_b21     =  1.638825e-01
f_instab_l1_b21     =  1.282115e-01
f_pwave_b21         =  3.950040e-01
f_width_b21         =  6.019203e-02
f_sym_b21           =  3.044936e-01
f_slope_b21         =  3.838823e-01
f_rr_ratio_b22      =  2.227948e-01
f_rr_asym_b22       =  3.471201e-01
f_instab_l0_b22     =  1.643346e-01
f_instab_l1_b22     =  1.282190e-01
f_pwave_b22         =  3.938494e-01
f_width_b22         =  4.831831e-02
f_sym_b22           =  3.044936e-01
f_slope_b22         =  3.838929e-01
f_rr_ratio_b23      =  2.232375e-01
f_rr_asym_b23       =  3.475939e-01
f_instab_l0_b23     =  1.596252e-01
f_instab_l1_b23     =  1.282561e-01
f_pwave_b23         =  3.959057e-01
f_width_b23         =  4.282669e-02
f_sym_b23           =  3.151068e-01
f_slope_b23         =  3.840708e-01
f_rr_ratio_b24      =  2.239124e-01
f_rr_asym_b24       =  3.483147e-01
f_instab_l0_b24     =  1.620450e-01
f_instab_l1_b24     =  1.282286e-01
f_pwave_b24         =  3.957174e-01
f_width_b24         =  4.639479e-02
f_sym_b24           =  3.044935e-01
f_slope_b24         =  3.840863e-01
f_rr_ratio_b25      =  2.236569e-01
f_rr_asym_b25       =  3.480420e-01
f_instab_l0_b25     =  1.549169e-01
f_instab_l1_b25     =  1.282987e-01
f_pwave_b25         =  3.969602e-01
f_width_b25         =  4.979626e-02
f_sym_b25           =  2.941070e-01
f_slope_b25         =  3.941316e-01
f_rr_ratio_b26      =  2.236597e-01
f_rr_asym_b26       =  3.480450e-01
f_instab_l0_b26     =  1.624708e-01
f_instab_l1_b26     =  1.282232e-01
f_pwave_b26         =  3.956284e-01
f_width_b26         =  7.426419e-02
f_sym_b26           =  3.044936e-01
f_slope_b26         =  3.838777e-01
f_rr_ratio_b27      =  2.227864e-01
f_rr_asym_b27       =  3.471111e-01
f_instab_l0_b27     =  1.644884e-01
f_instab_l1_b27     =  1.282669e-01
f_pwave_b27         =  3.956755e-01
f_width_b27         =  5.237679e-02
f_sym_b27           =  3.151066e-01
f_slope_b27         =  3.843061e-01
f_rr_ratio_b28      =  2.241574e-01
f_rr_asym_b28       =  3.485761e-01
f_instab_l0_b28     =  1.636910e-01
f_instab_l1_b28     =  1.282303e-01
f_pwave_b28         =  3.960058e-01
f_width_b28         =  3.723020e-02
f_sym_b28           =  3.151070e-01
f_slope_b28         =  3.838845e-01
f_rr_ratio_b29      =  2.240340e-01
f_rr_asym_b29       =  3.484444e-01
f_instab_l0_b29     =  1.635606e-01
f_instab_l1_b29     =  1.282164e-01
f_pwave_b29         =  3.954391e-01
f_width_b29         =  4.407051e-02
f_sym_b29           =  3.045428e-01
f_slope_b29         =  3.838976e-01
f_rr_ratio_b30      =  2.229566e-01
f_rr_asym_b30       =  3.472933e-01
f_instab_l0_b30     =  1.619418e-01
f_instab_l1_b30     =  1.283762e-01
f_pwave_b30         =  3.956075e-01
f_width_b30         =  4.448852e-02
f_sym_b30           =  3.044936e-01
f_slope_b30         =  3.839128e-01
f_rr_ratio_b31      =  2.236527e-01
f_rr_asym_b31       =  3.480376e-01
f_instab_l0_b31     =  1.580729e-01
f_instab_l1_b31     =  1.281951e-01
f_pwave_b31         =  3.948334e-01
f_width_b31         =  5.405885e-02
f_sym_b31           =  3.044936e-01
f_slope_b31         =  3.839192e-01
f_rr_ratio_b32      =  2.239109e-01
f_rr_asym_b32       =  3.483132e-01
f_instab_l0_b32     =  1.632848e-01
f_instab_l1_b32     =  1.282986e-01
f_pwave_b32         =  3.953218e-01
f_width_b32         =  6.902228e-02
f_sym_b32           =  3.152873e-01
f_slope_b32         =  3.838536e-01
f_rr_ratio_b33      =  2.228056e-01
f_rr_asym_b33       =  3.471316e-01
f_instab_l0_b33     =  1.526556e-01
f_instab_l1_b33     =  1.287769e-01
f_pwave_b33         =  3.946647e-01
f_width_b33         =  5.876612e-02
f_sym_b33           =  3.150998e-01
f_slope_b33         =  3.938120e-01
f_rr_ratio_b34      =  2.237832e-01
f_rr_asym_b34       =  3.481769e-01
f_instab_l0_b34     =  1.613556e-01
f_instab_l1_b34     =  1.282918e-01
f_pwave_b34         =  3.948868e-01
f_width_b34         =  5.853089e-02
f_sym_b34           =  3.044934e-01
f_slope_b34         =  3.842469e-01
f_rr_ratio_b35      =  2.226354e-01
f_rr_asym_b35       =  3.469493e-01
f_instab_l0_b35     =  1.585551e-01
f_instab_l1_b35     =  1.287800e-01
f_pwave_b35         =  3.951143e-01
f_width_b35         =  6.294722e-02
f_sym_b35           =  3.044866e-01
f_slope_b35         =  3.938260e-01
f_rr_ratio_b36      =  2.239102e-01
f_rr_asym_b36       =  3.483124e-01
f_instab_l0_b36     =  1.616541e-01
f_instab_l1_b36     =  1.282124e-01
f_pwave_b36         =  3.966353e-01
f_width_b36         =  5.710030e-02
f_sym_b36           =  3.154179e-01
f_slope_b36         =  3.838724e-01
f_rr_ratio_b37      =  2.241660e-01
f_rr_asym_b37       =  3.485852e-01
f_instab_l0_b37     =  1.634683e-01
f_instab_l1_b37     =  1.281984e-01
f_pwave_b37         =  3.967170e-01
f_width_b37         =  5.208520e-02
f_sym_b37           =  3.154548e-01
f_slope_b37         =  3.838672e-01
f_rr_ratio_b38      =  2.219629e-01
f_rr_asym_b38       =  3.462278e-01
f_instab_l0_b38     =  1.645805e-01
f_instab_l1_b38     =  1.289139e-01
f_pwave_b38         =  3.953743e-01
f_width_b38         =  5.735637e-02
f_sym_b38           =  3.044941e-01
f_slope_b38         =  3.838876e-01
f_rr_ratio_b39      =  2.230983e-01
f_rr_asym_b39       =  3.474449e-01
f_instab_l0_b39     =  1.599270e-01
f_instab_l1_b39     =  1.282646e-01
f_pwave_b39         =  3.942706e-01
f_width_b39         =  4.191791e-02
f_sym_b39           =  3.044936e-01
f_slope_b39         =  3.839337e-01
f_rr_ratio_b40      =  2.240331e-01
f_rr_asym_b40       =  3.484435e-01
f_instab_l0_b40     =  1.636204e-01
f_instab_l1_b40     =  1.282078e-01
f_pwave_b40         =  3.902588e-01
f_width_b40         =  4.998952e-02
f_sym_b40           =  3.046514e-01
f_slope_b40         =  3.838904e-01
f_rr_ratio_b41      =  2.226467e-01
f_rr_asym_b41       =  3.469613e-01
f_instab_l0_b41     =  1.588247e-01
f_instab_l1_b41     =  1.282292e-01
f_pwave_b41         =  3.945151e-01
f_width_b41         =  4.283868e-02
f_sym_b41           =  3.151069e-01
f_slope_b41         =  3.839185e-01
f_rr_ratio_b42      =  2.239094e-01
f_rr_asym_b42       =  3.483116e-01
f_instab_l0_b42     =  1.486241e-01
f_instab_l1_b42     =  1.282072e-01
f_pwave_b42         =  3.962932e-01
f_width_b42         =  4.605425e-02
f_sym_b42           =  3.048418e-01
f_slope_b42         =  3.938325e-01
f_rr_ratio_b43      =  2.223166e-01
f_rr_asym_b43       =  3.466075e-01
f_instab_l0_b43     =  1.599630e-01
f_instab_l1_b43     =  1.283556e-01
f_pwave_b43         =  3.933535e-01
f_width_b43         =  4.008606e-02
f_sym_b43           =  3.044866e-01
f_slope_b43         =  3.938095e-01
f_rr_ratio_b44      =  2.237824e-01
f_rr_asym_b44       =  3.481760e-01
f_instab_l0_b44     =  1.481600e-01
f_instab_l1_b44     =  1.282258e-01
f_pwave_b44         =  3.924397e-01
f_width_b44         =  4.226610e-02
f_sym_b44           =  3.045029e-01
f_slope_b44         =  3.938426e-01
f_rr_ratio_b45      =  2.234020e-01
f_rr_asym_b45       =  3.477697e-01
f_instab_l0_b45     =  1.553985e-01
f_instab_l1_b45     =  1.281955e-01
f_pwave_b45         =  3.943507e-01
f_width_b45         =  5.395832e-02
f_sym_b45           =  2.941140e-01
f_slope_b45         =  3.839878e-01
f_rr_ratio_b46      =  2.215705e-01
f_rr_asym_b46       =  3.458062e-01
f_instab_l0_b46     =  1.623091e-01
f_instab_l1_b46     =  1.282045e-01
f_pwave_b46         =  3.947825e-01
f_width_b46         =  4.059262e-02
f_sym_b46           =  3.045672e-01
f_slope_b46         =  3.839174e-01
f_rr_ratio_b47      =  2.235369e-01
f_rr_asym_b47       =  3.479138e-01
f_instab_l0_b47     =  1.546814e-01
f_instab_l1_b47     =  1.282389e-01
f_pwave_b47         =  3.956878e-01
f_width_b47         =  3.926301e-02
f_sym_b47           =  3.044995e-01
f_slope_b47         =  3.940007e-01
f_rr_ratio_b48      =  2.243945e-01
f_rr_asym_b48       =  3.488288e-01
f_instab_l0_b48     =  1.533016e-01
f_instab_l1_b48     =  1.282017e-01
f_pwave_b48         =  3.948828e-01
f_width_b48         =  5.964366e-02
f_sym_b48           =  2.941053e-01
f_slope_b48         =  3.938331e-01
f_rr_ratio_b49      =  2.230960e-01
f_rr_asym_b49       =  3.474424e-01
f_instab_l0_b49     =  1.604074e-01
f_instab_l1_b49     =  1.282047e-01
f_pwave_b49         =  3.946832e-01
f_width_b49         =  5.612620e-02
f_sym_b49           =  3.151069e-01
f_slope_b49         =  3.838827e-01
f_rr_ratio_b50      =  2.239097e-01
f_rr_asym_b50       =  3.483118e-01
f_instab_l0_b50     =  1.618848e-01
f_instab_l1_b50     =  1.281966e-01
f_pwave_b50         =  3.949007e-01
f_width_b50         =  4.490943e-02
f_sym_b50           =  3.151064e-01
f_slope_b50         =  3.838894e-01
f_rr_ratio_b51      =  2.243856e-01
f_rr_asym_b51       =  3.488192e-01
f_instab_l0_b51     =  1.611685e-01
f_instab_l1_b51     =  1.285619e-01
f_pwave_b51         =  7.795034e-02
f_width_b51         =  3.861708e-02
f_sym_b51           =  3.044866e-01
f_slope_b51         =  3.938755e-01
f_rr_ratio_b52      =  2.242712e-01
f_rr_asym_b52       =  3.486973e-01
f_instab_l0_b52     =  1.560034e-01
f_instab_l1_b52     =  1.281926e-01
f_pwave_b52         =  3.019695e-01
f_width_b52         =  4.118611e-02
f_sym_b52           =  3.151069e-01
f_slope_b52         =  3.839331e-01
f_rr_ratio_b53      =  2.242694e-01
f_rr_asym_b53       =  3.486955e-01
f_instab_l0_b53     =  1.492656e-01
f_instab_l1_b53     =  1.282658e-01
f_pwave_b53         =  1.543515e-01
f_width_b53         =  4.191488e-02
f_sym_b53           =  3.150998e-01
f_slope_b53         =  3.938297e-01
f_rr_ratio_b54      =  2.230958e-01
f_rr_asym_b54       =  3.474423e-01
f_instab_l0_b54     =  1.634659e-01
f_instab_l1_b54     =  1.282005e-01
f_pwave_b54         =  2.169795e-01
f_width_b54         =  4.906832e-02
f_sym_b54           =  3.044937e-01
f_slope_b54         =  3.838928e-01
f_rr_ratio_b55      =  2.236525e-01
f_rr_asym_b55       =  3.480373e-01
f_instab_l0_b55     =  1.541714e-01
f_instab_l1_b55     =  1.282861e-01
f_pwave_b55         =  6.666951e-02
f_width_b55         =  4.037585e-02
f_sym_b55           =  3.044865e-01
f_slope_b55         =  3.939057e-01
f_rr_ratio_b56      =  2.277366e-01
f_rr_asym_b56       =  3.523741e-01
f_instab_l0_b56     =  1.549875e-01
f_instab_l1_b56     =  1.282011e-01
f_pwave_b56         =  3.964525e-01
f_width_b56         =  8.097075e-02
f_sym_b56           =  3.150995e-01
f_slope_b56         =  3.941545e-01
f_rr_ratio_b57      =  2.084952e-01
f_rr_asym_b57       =  3.314370e-01
f_instab_l0_b57     =  1.645021e-01
f_instab_l1_b57     =  1.281920e-01
f_pwave_b57         =  3.553318e-01
f_width_b57         =  2.738923e-02
f_sym_b57           =  3.151488e-01
f_slope_b57         =  3.838967e-01
f_rr_ratio_b58      =  2.219584e-01
f_rr_asym_b58       =  3.462231e-01
f_instab_l0_b58     =  1.638916e-01
f_instab_l1_b58     =  1.281948e-01
f_pwave_b58         =  3.853099e-01
f_width_b58         =  2.992413e-02
f_sym_b58           =  3.151070e-01
f_slope_b58         =  3.838961e-01
f_rr_ratio_b59      =  2.219386e-01
f_rr_asym_b59       =  3.462018e-01
f_instab_l0_b59     =  1.635628e-01
f_instab_l1_b59     =  1.281947e-01
f_pwave_b59         =  2.654775e-01
f_width_b59         =  2.630037e-02
f_sym_b59           =  3.044937e-01
f_slope_b59         =  3.839277e-01
f_rr_ratio_b60      =  2.222920e-01
f_rr_asym_b60       =  3.465811e-01
f_instab_l0_b60     =  1.638389e-01
f_instab_l1_b60     =  1.281971e-01
f_pwave_b60         =  1.410864e-01
f_width_b60         =  4.726685e-02
f_sym_b60           =  3.151069e-01
f_slope_b60         =  3.839071e-01
f_rr_ratio_b61      =  2.226259e-01
f_rr_asym_b61       =  3.469391e-01
f_instab_l0_b61     =  1.617133e-01
f_instab_l1_b61     =  1.282633e-01
f_pwave_b61         =  3.635267e-01
f_width_b61         =  3.083873e-02
f_sym_b61           =  3.044935e-01
f_slope_b61         =  3.841543e-01
f_rr_ratio_b62      =  2.205510e-01
f_rr_asym_b62       =  3.447079e-01
f_instab_l0_b62     =  1.614518e-01
f_instab_l1_b62     =  1.282373e-01
f_pwave_b62         =  3.040318e-01
f_width_b62         =  5.865388e-02
f_sym_b62           =  3.151069e-01
f_slope_b62         =  3.838731e-01
f_rr_ratio_b63      =  2.222857e-01
f_rr_asym_b63       =  3.465744e-01
f_instab_l0_b63     =  1.634640e-01
f_instab_l1_b63     =  1.281920e-01
f_pwave_b63         =  3.959723e-01
f_width_b63         =  4.188742e-02
f_sym_b63           =  3.151070e-01
f_slope_b63         =  3.838790e-01
f_rr_ratio_b64      =  2.241499e-01
f_rr_asym_b64       =  3.485680e-01
f_instab_l0_b64     =  1.612317e-01
f_instab_l1_b64     =  1.281965e-01
f_pwave_b64         =  3.956246e-01
f_width_b64         =  3.624807e-02
f_sym_b64           =  3.044867e-01
f_slope_b64         =  3.938055e-01
f_rr_ratio_b65      =  2.237859e-01
f_rr_asym_b65       =  3.481797e-01
f_instab_l0_b65     =  1.634963e-01
f_instab_l1_b65     =  1.281997e-01
f_pwave_b65         =  3.946373e-01
f_width_b65         =  3.957325e-02
f_sym_b65           =  3.044940e-01
f_slope_b65         =  3.839049e-01
f_rr_ratio_b66      =  2.224645e-01
f_rr_asym_b66       =  3.467661e-01
f_instab_l0_b66     =  1.620411e-01
f_instab_l1_b66     =  1.281998e-01
f_pwave_b66         =  3.946024e-01
f_width_b66         =  3.288508e-02
f_sym_b66           =  2.941137e-01
f_slope_b66         =  3.839796e-01
f_rr_ratio_b67      =  2.232383e-01
f_rr_asym_b67       =  3.475947e-01
f_instab_l0_b67     =  1.599175e-01
f_instab_l1_b67     =  1.284457e-01
f_pwave_b67         =  3.949600e-01
f_width_b67         =  6.566966e-02
f_sym_b67           =  3.046130e-01
f_slope_b67         =  3.937873e-01
f_rr_ratio_b68      =  2.242804e-01
f_rr_asym_b68       =  3.487071e-01
f_instab_l0_b68     =  1.540053e-01
f_instab_l1_b68     =  1.285656e-01
f_pwave_b68         =  3.946398e-01
f_width_b68         =  5.590087e-02
f_sym_b68           =  2.943476e-01
f_slope_b68         =  3.938343e-01
f_rr_ratio_b69      =  2.232569e-01
f_rr_asym_b69       =  3.476146e-01
f_instab_l0_b69     =  1.530898e-01
f_instab_l1_b69     =  1.282693e-01
f_pwave_b69         =  3.946171e-01
f_width_b69         =  6.413873e-02
f_sym_b69           =  2.942331e-01
f_slope_b69         =  3.995180e-01
f_rr_ratio_b70      =  2.231126e-01
f_rr_asym_b70       =  3.474603e-01
f_instab_l0_b70     =  1.577036e-01
f_instab_l1_b70     =  1.283684e-01
f_pwave_b70         =  3.965707e-01
f_width_b70         =  6.443441e-02
f_sym_b70           =  3.044869e-01
f_slope_b70         =  3.937773e-01
f_rr_ratio_b71      =  2.241515e-01
f_rr_asym_b71       =  3.485697e-01
f_instab_l0_b71     =  1.518664e-01
f_instab_l1_b71     =  1.282079e-01
f_pwave_b71         =  3.951100e-01
f_width_b71         =  4.820811e-02
f_sym_b71           =  2.941068e-01
f_slope_b71         =  3.938573e-01
f_rr_ratio_b72      =  2.235222e-01
f_rr_asym_b72       =  3.478982e-01
f_instab_l0_b72     =  1.516442e-01
f_instab_l1_b72     =  1.283387e-01
f_pwave_b72         =  3.948793e-01
f_width_b72         =  5.547685e-02
f_sym_b72           =  3.044865e-01
f_slope_b72         =  3.937924e-01
f_rr_ratio_b73      =  2.229421e-01
f_rr_asym_b73       =  3.472778e-01
f_instab_l0_b73     =  1.631483e-01
f_instab_l1_b73     =  1.281922e-01
f_pwave_b73         =  3.947303e-01
f_width_b73         =  2.512843e-02
f_sym_b73           =  3.044866e-01
f_slope_b73         =  3.938111e-01
f_rr_ratio_b74      =  2.224634e-01
f_rr_asym_b74       =  3.467649e-01
f_instab_l0_b74     =  1.556523e-01
f_instab_l1_b74     =  1.282594e-01
f_pwave_b74         =  3.949105e-01
f_width_b74         =  3.609051e-02
f_sym_b74           =  2.941071e-01
f_slope_b74         =  3.938619e-01
f_rr_ratio_b75      =  2.227876e-01
f_rr_asym_b75       =  3.471123e-01
f_instab_l0_b75     =  1.593608e-01
f_instab_l1_b75     =  1.282109e-01
f_pwave_b75         =  3.959857e-01
f_width_b75         =  6.146378e-02
f_sym_b75           =  3.044934e-01
f_slope_b75         =  3.840768e-01
f_rr_ratio_b76      =  2.233932e-01
f_rr_asym_b76       =  3.477602e-01
f_instab_l0_b76     =  1.647049e-01
f_instab_l1_b76     =  1.286650e-01
f_pwave_b76         =  3.951455e-01
f_width_b76         =  7.725422e-02
f_sym_b76           =  3.044936e-01
f_slope_b76         =  3.838775e-01
f_rr_ratio_b77      =  2.215673e-01
f_rr_asym_b77       =  3.458028e-01
f_instab_l0_b77     =  1.610154e-01
f_instab_l1_b77     =  1.281942e-01
f_pwave_b77         =  3.936819e-01
f_width_b77         =  4.701620e-02
f_sym_b77           =  2.941140e-01
f_slope_b77         =  3.839614e-01
f_rr_ratio_b78      =  2.226230e-01
f_rr_asym_b78       =  3.469360e-01
f_instab_l0_b78     =  1.632791e-01
f_instab_l1_b78     =  1.281991e-01
f_pwave_b78         =  3.928510e-01
f_width_b78         =  6.690218e-02
f_sym_b78           =  3.044939e-01
f_slope_b78         =  3.838786e-01
f_rr_ratio_b79      =  2.235168e-01
f_rr_asym_b79       =  3.478923e-01
f_instab_l0_b79     =  1.626275e-01
f_instab_l1_b79     =  1.281975e-01
f_pwave_b79         =  3.962873e-01
f_width_b79         =  4.593917e-02
f_sym_b79           =  3.044936e-01
f_slope_b79         =  3.839021e-01


Total analysis time (seconds) = 164.942

Total elapsed time (seconds) = 195.293 

Total DRAM available = 15982.191 MB.
DRAM currently available = 3146.457 MB.
Maximum ngspice program size =  162.938 MB.
Current ngspice program size =  162.938 MB.

