Using SPARSE 1.3 as Direct Linear Solver
Note: Starting dynamic gmin stepping
Note: Dynamic gmin stepping completed

Note: No compatibility mode selected!


Circuit: full_acc_batch_3

Doing analysis at TEMP = 27.000000 and TNOM = 27.000000


Initial Transient Solution
--------------------------

Node                                   Voltage
----                                   -------
vdd                                        0.9
vss                                          0
vbias                                     0.35
vref                                      0.45
ecg_in                                    0.25
ecg_in_l1                                 0.25
rpeak_trigger                                0
qrs_gate                                     0
qrs_sym_gate                                 0
pwave_gate                                   0
xrr.rpeak_bar                              0.9
xrr.net_timer                      1.91447e-06
xrr.xctimer.a                                0
xrr.xctimer.b1                               0
xrr.tail_r                           0.0546598
xrr.net_r1                             0.46929
f_rr_ratio                            0.130959
xrr.mid_ref                           0.218464
xrr.tail_a                          0.00433493
xrr.net_a1                             0.40478
f_rr_asym                             0.195574
xinstab0.qrs_gate_bar                      0.9
xinstab0.xota_pk.net1                 0.399253
xinstab0.net_pk_raw                0.000109329
xinstab0.peak_node                 3.46089e-06
xinstab0.xota_pk.net_tail          2.68835e-05
xinstab0.net_pk_gated                      0.9
xinstab0.xcpeak.a                            0
xinstab0.xcpeak.b1                           0
peak_out_l0                        3.46089e-06
xinstab0.tail_i                       0.112023
xinstab0.net_i1                       0.537961
f_instab_l0                           0.128208
xinstab1.qrs_gate_bar                      0.9
xinstab1.xota_pk.net1                 0.399253
xinstab1.net_pk_raw                0.000109329
xinstab1.peak_node                 3.46089e-06
xinstab1.xota_pk.net_tail          2.68835e-05
xinstab1.net_pk_gated                      0.9
xinstab1.xcpeak.a                            0
xinstab1.xcpeak.b1                           0
peak_out_l1                        3.46089e-06
xinstab1.tail_i                       0.112023
xinstab1.net_i1                       0.537961
f_instab_l1                           0.128208
xpwave.xota_hpf_lp.net1               0.171615
xpwave.hpf_vlp                        0.249366
xpwave.xota_hpf_lp.net_tail         0.00970674
xpwave.xchpf_lp.a                            0
xpwave.xchpf_lp.b1                           0
xpwave.xota_hpf_sub.net1              0.171615
xpwave.bpf_mid                        0.249366
xpwave.xota_hpf_sub.net_tail        0.00970674
xpwave.xota_lpf.net1                  0.172056
xpwave.bpf_pw                           0.2487
xpwave.xota_lpf.net_tail            0.00956573
xpwave.xclpf.a                               0
xpwave.xclpf.b1                              0
xpwave.pwave_gate_bar                      0.9
xpwave.vbias_pk                    4.52517e-10
xpwave.xota_pk.net1                   0.371126
xpwave.net_pk_cmp                  1.16348e-09
xpwave.xota_pk.net_tail               0.165873
f_pwave                              0.0160234
xpwave.net_pk_cmp_bar                      0.9
xpwave.xcpk.a                                0
xpwave.xcpk.b1                               0
xwidth.xota_wcmp.net1                 0.171633
xwidth.width_cmp_out                0.00987155
xwidth.xota_wcmp.net_tail           0.00972096
xwidth.qrs_gate_bar                        0.9
xwidth.width_gate_gated            1.41373e-10
xwidth.net_w_bias                          0.9
xwidth.net_w_sw                       0.226117
f_width                             0.00253791
xwidth.xcwidth.a                             0
xwidth.xcwidth.b1                            0
xsym.qrs_onset_bar                         0.9
xsym.rpeak_bar                             0.9
xsym.net_latch                     4.16118e-11
xsym.xclatch.a                               0
xsym.xclatch.b1                              0
xsym.net_latch_bar                         0.9
xsym.net_rise_bias                         0.9
xsym.net_rise_sw                      0.197215
xsym.rise_timer                    4.15428e-11
xsym.xcrise.a                                0
xsym.xcrise.b1                               0
rise_timer_out                     4.15428e-11
xsym.net_fall_bias                         0.9
xsym.net_fall_sw                      0.197215
xsym.fall_timer                     0.00253791
xsym.xcfall.a                                0
xsym.xcfall.b1                               0
fall_timer_out                      0.00253791
xsym.tail_s                         2.8926e-05
xsym.net_sy1                          0.399259
f_sym                                 0.396846
xslope.tail_sl                      2.8926e-05
xslope.net_sl1                        0.396846
f_slope                               0.399259
vpwave#branch                                0
vsym#branch                                  0
vqrs#branch                                  0
vrpeak#branch                                0
vecg2#branch                                 0
vecg#branch                                  0
vref#branch                                  0
vbias#branch                      -1.29081e-13
vss#branch                          8.0044e-10
vdd#branch                        -8.00312e-10


No. of Data Rows : 167602

  Measurements for Transient Analysis

f_rr_ratio_b0       =  1.309588e-01
f_rr_asym_b0        =  1.955743e-01
f_instab_l0_b0      =  1.306948e-01
f_instab_l1_b0      =  1.282076e-01
f_pwave_b0          =  1.805621e-01
f_width_b0          =  2.512522e-03
f_sym_b0            =  4.072092e-01
f_slope_b0          =  1.631044e-01
f_rr_ratio_b1       =  2.272859e-01
f_rr_asym_b1        =  3.518963e-01
f_instab_l0_b1      =  1.293306e-01
f_instab_l1_b1      =  1.282076e-01
f_pwave_b1          =  4.030516e-01
f_width_b1          =  2.825959e-03
f_sym_b1            =  4.090749e-01
f_slope_b1          =  1.565488e-01
f_rr_ratio_b2       =  2.272633e-01
f_rr_asym_b2        =  3.518723e-01
f_instab_l0_b2      =  1.381081e-01
f_instab_l1_b2      =  1.284340e-01
f_pwave_b2          =  3.914537e-01
f_width_b2          =  2.707822e-03
f_sym_b2            =  4.072085e-01
f_slope_b2          =  1.631041e-01
f_rr_ratio_b3       =  2.273202e-01
f_rr_asym_b3        =  3.519326e-01
f_instab_l0_b3      =  1.505531e-01
f_instab_l1_b3      =  1.282076e-01
f_pwave_b3          =  4.027873e-01
f_width_b3          =  2.342814e-02
f_sym_b3            =  4.032238e-01
f_slope_b3          =  1.861015e-01
f_rr_ratio_b4       =  2.272005e-01
f_rr_asym_b4        =  3.518059e-01
f_instab_l0_b4      =  1.657040e-01
f_instab_l1_b4      =  1.282076e-01
f_pwave_b4          =  3.416840e-02
f_width_b4          =  9.133430e-02
f_sym_b4            =  4.023445e-01
f_slope_b4          =  1.946251e-01
f_rr_ratio_b5       =  2.274331e-01
f_rr_asym_b5        =  3.520521e-01
f_instab_l0_b5      =  1.449901e-01
f_instab_l1_b5      =  1.282076e-01
f_pwave_b5          =  4.923457e-02
f_width_b5          =  1.687048e-02
f_sym_b5            =  4.023444e-01
f_slope_b5          =  1.946251e-01
f_rr_ratio_b6       =  2.274872e-01
f_rr_asym_b6        =  3.521094e-01
f_instab_l0_b6      =  1.459187e-01
f_instab_l1_b6      =  1.282076e-01
f_pwave_b6          =  4.686604e-02
f_width_b6          =  8.043943e-03
f_sym_b6            =  4.016518e-01
f_slope_b6          =  2.034630e-01
f_rr_ratio_b7       =  2.275861e-01
f_rr_asym_b7        =  3.522143e-01
f_instab_l0_b7      =  1.640802e-01
f_instab_l1_b7      =  1.282076e-01
f_pwave_b7          =  5.019930e-02
f_width_b7          =  4.050800e-02
f_sym_b7            =  4.023485e-01
f_slope_b7          =  1.946249e-01
f_rr_ratio_b8       =  2.274746e-01
f_rr_asym_b8        =  3.520960e-01
f_instab_l0_b8      =  1.654375e-01
f_instab_l1_b8      =  1.282076e-01
f_pwave_b8          =  3.871100e-01
f_width_b8          =  1.223567e-01
f_sym_b8            =  1.426121e-01
f_slope_b8          =  3.699454e-01
f_rr_ratio_b9       =  2.275234e-01
f_rr_asym_b9        =  3.521478e-01
f_instab_l0_b9      =  1.658543e-01
f_instab_l1_b9      =  1.282076e-01
f_pwave_b9          =  4.034743e-01
f_width_b9          =  1.528453e-01
f_sym_b9            =  1.300978e-01
f_slope_b9          =  3.950404e-01
f_rr_ratio_b10      =  2.273714e-01
f_rr_asym_b10       =  3.519868e-01
f_instab_l0_b10     =  1.656414e-01
f_instab_l1_b10     =  1.282076e-01
f_pwave_b10         =  4.031825e-01
f_width_b10         =  2.421615e-01
f_sym_b10           =  1.388532e-01
f_slope_b10         =  3.574063e-01
f_rr_ratio_b11      =  2.273197e-01
f_rr_asym_b11       =  3.519320e-01
f_instab_l0_b11     =  1.658551e-01
f_instab_l1_b11     =  1.282076e-01
f_pwave_b11         =  4.030411e-01
f_width_b11         =  2.609619e-01
f_sym_b11           =  1.300944e-01
f_slope_b11         =  4.016504e-01
f_rr_ratio_b12      =  2.273546e-01
f_rr_asym_b12       =  3.519690e-01
f_instab_l0_b12     =  1.622849e-01
f_instab_l1_b12     =  1.282076e-01
f_pwave_b12         =  4.029905e-01
f_width_b12         =  8.168506e-02
f_sym_b12           =  4.023435e-01
f_slope_b12         =  1.946249e-01
f_rr_ratio_b13      =  2.274610e-01
f_rr_asym_b13       =  3.520816e-01
f_instab_l0_b13     =  1.649332e-01
f_instab_l1_b13     =  1.282076e-01
f_pwave_b13         =  4.029315e-01
f_width_b13         =  7.162379e-02
f_sym_b13           =  1.300920e-01
f_slope_b13         =  4.080900e-01
f_rr_ratio_b14      =  2.274472e-01
f_rr_asym_b14       =  3.520671e-01
f_instab_l0_b14     =  1.658714e-01
f_instab_l1_b14     =  1.282076e-01
f_pwave_b14         =  4.029328e-01
f_width_b14         =  1.491142e-01
f_sym_b14           =  1.300944e-01
f_slope_b14         =  4.016919e-01
f_rr_ratio_b15      =  2.275116e-01
f_rr_asym_b15       =  3.521353e-01
f_instab_l0_b15     =  1.659012e-01
f_instab_l1_b15     =  1.282076e-01
f_pwave_b15         =  4.015899e-01
f_width_b15         =  1.782268e-01
f_sym_b15           =  1.320064e-01
f_slope_b15         =  3.977838e-01
f_rr_ratio_b16      =  2.275862e-01
f_rr_asym_b16       =  3.522144e-01
f_instab_l0_b16     =  1.656225e-01
f_instab_l1_b16     =  1.282076e-01
f_pwave_b16         =  4.030162e-01
f_width_b16         =  1.403802e-01
f_sym_b16           =  4.023448e-01
f_slope_b16         =  1.946252e-01
f_rr_ratio_b17      =  2.276382e-01
f_rr_asym_b17       =  3.522695e-01
f_instab_l0_b17     =  1.653814e-01
f_instab_l1_b17     =  1.282076e-01
f_pwave_b17         =  4.029515e-01
f_width_b17         =  8.102209e-02
f_sym_b17           =  1.300901e-01
f_slope_b17         =  4.141714e-01
f_rr_ratio_b18      =  2.275667e-01
f_rr_asym_b18       =  3.521936e-01
f_instab_l0_b18     =  1.658656e-01
f_instab_l1_b18     =  1.282076e-01
f_pwave_b18         =  4.027674e-01
f_width_b18         =  1.406185e-01
f_sym_b18           =  1.308800e-01
f_slope_b18         =  3.962123e-01
f_rr_ratio_b19      =  2.275457e-01
f_rr_asym_b19       =  3.521714e-01
f_instab_l0_b19     =  1.658316e-01
f_instab_l1_b19     =  1.282076e-01
f_pwave_b19         =  4.030005e-01
f_width_b19         =  2.296858e-01
f_sym_b19           =  1.358638e-01
f_slope_b19         =  3.715068e-01
f_rr_ratio_b20      =  2.274184e-01
f_rr_asym_b20       =  3.520365e-01
f_instab_l0_b20     =  1.657888e-01
f_instab_l1_b20     =  1.282076e-01
f_pwave_b20         =  4.030607e-01
f_width_b20         =  2.605810e-01
f_sym_b20           =  1.308800e-01
f_slope_b20         =  3.961643e-01
f_rr_ratio_b21      =  2.273547e-01
f_rr_asym_b21       =  3.519691e-01
f_instab_l0_b21     =  1.658599e-01
f_instab_l1_b21     =  1.282076e-01
f_pwave_b21         =  4.029994e-01
f_width_b21         =  2.844120e-01
f_sym_b21           =  1.288773e-01
f_slope_b21         =  4.168527e-01
f_rr_ratio_b22      =  2.274471e-01
f_rr_asym_b22       =  3.520669e-01
f_instab_l0_b22     =  1.658644e-01
f_instab_l1_b22     =  1.282076e-01
f_pwave_b22         =  4.029143e-01
f_width_b22         =  2.016559e-01
f_sym_b22           =  1.291592e-01
f_slope_b22         =  4.061777e-01
f_rr_ratio_b23      =  2.274609e-01
f_rr_asym_b23       =  3.520815e-01
f_instab_l0_b23     =  1.658730e-01
f_instab_l1_b23     =  1.282076e-01
f_pwave_b23         =  4.030476e-01
f_width_b23         =  2.232264e-01
f_sym_b23           =  1.336283e-01
f_slope_b23         =  3.772388e-01
f_rr_ratio_b24      =  2.276219e-01
f_rr_asym_b24       =  3.522522e-01
f_instab_l0_b24     =  1.658668e-01
f_instab_l1_b24     =  1.282057e-01
f_pwave_b24         =  4.026786e-01
f_width_b24         =  1.920490e-01
f_sym_b24           =  3.711133e-01
f_slope_b24         =  3.834909e-01
f_rr_ratio_b25      =  2.275119e-01
f_rr_asym_b25       =  3.521355e-01
f_instab_l0_b25     =  1.655712e-01
f_instab_l1_b25     =  1.282076e-01
f_pwave_b25         =  4.029485e-01
f_width_b25         =  4.215052e-01
f_sym_b25           =  1.300979e-01
f_slope_b25         =  3.949965e-01
f_rr_ratio_b26      =  2.276046e-01
f_rr_asym_b26       =  3.522339e-01
f_instab_l0_b26     =  1.658758e-01
f_instab_l1_b26     =  1.282076e-01
f_pwave_b26         =  4.019842e-01
f_width_b26         =  2.568799e-01
f_sym_b26           =  1.308742e-01
f_slope_b26         =  4.094312e-01
f_rr_ratio_b27      =  2.275234e-01
f_rr_asym_b27       =  3.521478e-01
f_instab_l0_b27     =  1.658755e-01
f_instab_l1_b27     =  1.282076e-01
f_pwave_b27         =  4.025697e-01
f_width_b27         =  2.365180e-01
f_sym_b27           =  1.336214e-01
f_slope_b27         =  3.850597e-01
f_rr_ratio_b28      =  2.275862e-01
f_rr_asym_b28       =  3.522144e-01
f_instab_l0_b28     =  1.657500e-01
f_instab_l1_b28     =  1.282076e-01
f_pwave_b28         =  4.028693e-01
f_width_b28         =  2.601997e-01
f_sym_b28           =  1.336283e-01
f_slope_b28         =  3.772348e-01
f_rr_ratio_b29      =  2.275117e-01
f_rr_asym_b29       =  3.521354e-01
f_instab_l0_b29     =  1.656236e-01
f_instab_l1_b29     =  1.282076e-01
f_pwave_b29         =  4.030201e-01
f_width_b29         =  3.290170e-01
f_sym_b29           =  1.320160e-01
f_slope_b29         =  3.831518e-01
f_rr_ratio_b30      =  2.274609e-01
f_rr_asym_b30       =  3.520816e-01
f_instab_l0_b30     =  1.655721e-01
f_instab_l1_b30     =  1.282076e-01
f_pwave_b30         =  4.031064e-01
f_width_b30         =  3.942722e-01
f_sym_b30           =  1.358638e-01
f_slope_b30         =  3.715059e-01
f_rr_ratio_b31      =  2.272426e-01
f_rr_asym_b31       =  3.518505e-01
f_instab_l0_b31     =  1.655860e-01
f_instab_l1_b31     =  1.282076e-01
f_pwave_b31         =  4.030908e-01
f_width_b31         =  3.921458e-01
f_sym_b31           =  1.308844e-01
f_slope_b31         =  3.891152e-01
f_rr_ratio_b32      =  2.271777e-01
f_rr_asym_b32       =  3.517817e-01
f_instab_l0_b32     =  1.658317e-01
f_instab_l1_b32     =  1.282076e-01
f_pwave_b32         =  4.029946e-01
f_width_b32         =  2.990170e-01
f_sym_b32           =  1.336283e-01
f_slope_b32         =  3.772364e-01
f_rr_ratio_b33      =  2.274869e-01
f_rr_asym_b33       =  3.521091e-01
f_instab_l0_b33     =  1.655977e-01
f_instab_l1_b33     =  1.282076e-01
f_pwave_b33         =  4.028235e-01
f_width_b33         =  3.400873e-01
f_sym_b33           =  1.472230e-01
f_slope_b33         =  3.566198e-01
f_rr_ratio_b34      =  2.275457e-01
f_rr_asym_b34       =  3.521713e-01
f_instab_l0_b34     =  1.656139e-01
f_instab_l1_b34     =  1.282076e-01
f_pwave_b34         =  4.029641e-01
f_width_b34         =  3.865312e-01
f_sym_b34           =  1.587234e-01
f_slope_b34         =  3.492298e-01
f_rr_ratio_b35      =  2.274871e-01
f_rr_asym_b35       =  3.521093e-01
f_instab_l0_b35     =  1.656066e-01
f_instab_l1_b35     =  1.282076e-01
f_pwave_b35         =  4.028729e-01
f_width_b35         =  3.625518e-01
f_sym_b35           =  1.654776e-01
f_slope_b35         =  3.557465e-01
f_rr_ratio_b36      =  2.273548e-01
f_rr_asym_b36       =  3.519692e-01
f_instab_l0_b36     =  1.655663e-01
f_instab_l1_b36     =  1.282076e-01
f_pwave_b36         =  4.028728e-01
f_width_b36         =  4.711009e-01
f_sym_b36           =  3.711844e-01
f_slope_b36         =  3.341631e-01
f_rr_ratio_b37      =  2.274741e-01
f_rr_asym_b37       =  3.520956e-01
f_instab_l0_b37     =  1.655659e-01
f_instab_l1_b37     =  1.282076e-01
f_pwave_b37         =  4.031046e-01
f_width_b37         =  4.811835e-01
f_sym_b37           =  1.587459e-01
f_slope_b37         =  3.398128e-01
f_rr_ratio_b38      =  2.274742e-01
f_rr_asym_b38       =  3.520956e-01
f_instab_l0_b38     =  1.656549e-01
f_instab_l1_b38     =  1.282076e-01
f_pwave_b38         =  4.029832e-01
f_width_b38         =  3.852778e-01
f_sym_b38           =  1.526089e-01
f_slope_b38         =  3.526556e-01
f_rr_ratio_b39      =  2.273014e-01
f_rr_asym_b39       =  3.519127e-01
f_instab_l0_b39     =  1.655748e-01
f_instab_l1_b39     =  1.282076e-01
f_pwave_b39         =  4.030281e-01
f_width_b39         =  3.991331e-01
f_sym_b39           =  1.587234e-01
f_slope_b39         =  3.492290e-01
f_rr_ratio_b40      =  2.272000e-01
f_rr_asym_b40       =  3.518054e-01
f_instab_l0_b40     =  1.656516e-01
f_instab_l1_b40     =  1.282076e-01
f_pwave_b40         =  4.029460e-01
f_width_b40         =  3.873252e-01
f_sym_b40           =  1.654776e-01
f_slope_b40         =  3.557464e-01
f_rr_ratio_b41      =  2.271063e-01
f_rr_asym_b41       =  3.517062e-01
f_instab_l0_b41     =  1.655708e-01
f_instab_l1_b41     =  1.282076e-01
f_pwave_b41         =  4.029334e-01
f_width_b41         =  4.200261e-01
f_sym_b41           =  1.472229e-01
f_slope_b41         =  3.566151e-01
f_rr_ratio_b42      =  2.271776e-01
f_rr_asym_b42       =  3.517816e-01
f_instab_l0_b42     =  1.655705e-01
f_instab_l1_b42     =  1.282076e-01
f_pwave_b42         =  4.030846e-01
f_width_b42         =  4.050878e-01
f_sym_b42           =  1.426227e-01
f_slope_b42         =  3.611063e-01
f_rr_ratio_b43      =  2.274328e-01
f_rr_asym_b43       =  3.520518e-01
f_instab_l0_b43     =  1.656499e-01
f_instab_l1_b43     =  1.282076e-01
f_pwave_b43         =  4.027668e-01
f_width_b43         =  3.802973e-01
f_sym_b43           =  1.388300e-01
f_slope_b43         =  3.745754e-01
f_rr_ratio_b44      =  2.274871e-01
f_rr_asym_b44       =  3.521093e-01
f_instab_l0_b44     =  1.658536e-01
f_instab_l1_b44     =  1.282076e-01
f_pwave_b44         =  4.014304e-01
f_width_b44         =  3.297362e-01
f_sym_b44           =  1.388300e-01
f_slope_b44         =  3.745768e-01
f_rr_ratio_b45      =  2.274183e-01
f_rr_asym_b45       =  3.520365e-01
f_instab_l0_b45     =  1.657064e-01
f_instab_l1_b45     =  1.282076e-01
f_pwave_b45         =  4.030437e-01
f_width_b45         =  3.009202e-01
f_sym_b45           =  1.526089e-01
f_slope_b45         =  3.526584e-01
f_rr_ratio_b46      =  2.273375e-01
f_rr_asym_b46       =  3.519509e-01
f_instab_l0_b46     =  1.659134e-01
f_instab_l1_b46     =  1.296284e-01
f_pwave_b46         =  4.024163e-01
f_width_b46         =  2.547827e-01
f_sym_b46           =  3.769864e-01
f_slope_b46         =  3.668001e-01
f_rr_ratio_b47      =  2.272631e-01
f_rr_asym_b47       =  3.518721e-01
f_instab_l0_b47     =  1.655656e-01
f_instab_l1_b47     =  1.282076e-01
f_pwave_b47         =  4.031205e-01
f_width_b47         =  4.221771e-01
f_sym_b47           =  3.733172e-01
f_slope_b47         =  3.341601e-01
f_rr_ratio_b48      =  2.273374e-01
f_rr_asym_b48       =  3.519508e-01
f_instab_l0_b48     =  1.655663e-01
f_instab_l1_b48     =  1.282076e-01
f_pwave_b48         =  4.027007e-01
f_width_b48         =  5.108435e-01
f_sym_b48           =  3.727978e-01
f_slope_b48         =  3.341603e-01
f_rr_ratio_b49      =  2.271064e-01
f_rr_asym_b49       =  3.517063e-01
f_instab_l0_b49     =  1.655660e-01
f_instab_l1_b49     =  1.282076e-01
f_pwave_b49         =  4.027185e-01
f_width_b49         =  5.167544e-01
f_sym_b49           =  3.728037e-01
f_slope_b49         =  3.341605e-01
f_rr_ratio_b50      =  2.270808e-01
f_rr_asym_b50       =  3.516792e-01
f_instab_l0_b50     =  1.655668e-01
f_instab_l1_b50     =  1.282076e-01
f_pwave_b50         =  4.028055e-01
f_width_b50         =  5.150827e-01
f_sym_b50           =  3.727737e-01
f_slope_b50         =  3.440371e-01
f_rr_ratio_b51      =  2.271062e-01
f_rr_asym_b51       =  3.517061e-01
f_instab_l0_b51     =  1.655665e-01
f_instab_l1_b51     =  1.282076e-01
f_pwave_b51         =  4.029924e-01
f_width_b51         =  5.047310e-01
f_sym_b51           =  3.728034e-01
f_slope_b51         =  3.341605e-01
f_rr_ratio_b52      =  2.271998e-01
f_rr_asym_b52       =  3.518052e-01
f_instab_l0_b52     =  1.655742e-01
f_instab_l1_b52     =  1.282076e-01
f_pwave_b52         =  4.028461e-01
f_width_b52         =  4.444964e-01
f_sym_b52           =  3.727710e-01
f_slope_b52         =  3.440371e-01
f_rr_ratio_b53      =  2.273874e-01
f_rr_asym_b53       =  3.520037e-01
f_instab_l0_b53     =  1.655767e-01
f_instab_l1_b53     =  1.282076e-01
f_pwave_b53         =  4.028387e-01
f_width_b53         =  4.465976e-01
f_sym_b53           =  3.727656e-01
f_slope_b53         =  3.440371e-01
f_rr_ratio_b54      =  2.274031e-01
f_rr_asym_b54       =  3.520204e-01
f_instab_l0_b54     =  1.656062e-01
f_instab_l1_b54     =  1.282076e-01
f_pwave_b54         =  4.025102e-01
f_width_b54         =  4.293966e-01
f_sym_b54           =  3.727651e-01
f_slope_b54         =  3.440373e-01
f_rr_ratio_b55      =  2.273197e-01
f_rr_asym_b55       =  3.519321e-01
f_instab_l0_b55     =  1.655662e-01
f_instab_l1_b55     =  1.282076e-01
f_pwave_b55         =  4.027518e-01
f_width_b55         =  4.686494e-01
f_sym_b55           =  3.802764e-01
f_slope_b55         =  3.341378e-01
f_rr_ratio_b56      =  2.269412e-01
f_rr_asym_b56       =  3.515315e-01
f_instab_l0_b56     =  1.655664e-01
f_instab_l1_b56     =  1.282076e-01
f_pwave_b56         =  4.028139e-01
f_width_b56         =  4.374232e-01
f_sym_b56           =  2.065578e-01
f_slope_b56         =  3.378764e-01
f_rr_ratio_b57      =  2.276532e-01
f_rr_asym_b57       =  3.522854e-01
f_instab_l0_b57     =  1.366098e-01
f_instab_l1_b57     =  1.658606e-01
f_pwave_b57         =  4.007120e-01
f_width_b57         =  1.863704e-01
f_sym_b57           =  4.043090e-01
f_slope_b57         =  1.779579e-01
f_rr_ratio_b58      =  2.248992e-01
f_rr_asym_b58       =  3.493660e-01
f_instab_l0_b58     =  1.655685e-01
f_instab_l1_b58     =  1.282076e-01
f_pwave_b58         =  4.030535e-01
f_width_b58         =  2.654073e-01
f_sym_b58           =  1.472336e-01
f_slope_b58         =  3.566035e-01
f_rr_ratio_b59      =  2.269732e-01
f_rr_asym_b59       =  3.515654e-01
f_instab_l0_b59     =  1.655745e-01
f_instab_l1_b59     =  1.282076e-01
f_pwave_b59         =  4.029987e-01
f_width_b59         =  3.902147e-01
f_sym_b59           =  1.388399e-01
f_slope_b59         =  3.660916e-01
f_rr_ratio_b60      =  2.269706e-01
f_rr_asym_b60       =  3.515626e-01
f_instab_l0_b60     =  1.655724e-01
f_instab_l1_b60     =  1.282076e-01
f_pwave_b60         =  4.028258e-01
f_width_b60         =  3.677268e-01
f_sym_b60           =  1.587208e-01
f_slope_b60         =  3.492296e-01
f_rr_ratio_b61      =  2.271544e-01
f_rr_asym_b61       =  3.517571e-01
f_instab_l0_b61     =  1.656201e-01
f_instab_l1_b61     =  1.282076e-01
f_pwave_b61         =  4.024862e-01
f_width_b61         =  3.507066e-01
f_sym_b61           =  1.654773e-01
f_slope_b61         =  3.557469e-01
f_rr_ratio_b62      =  2.271776e-01
f_rr_asym_b62       =  3.517817e-01
f_instab_l0_b62     =  1.656386e-01
f_instab_l1_b62     =  1.282076e-01
f_pwave_b62         =  4.029425e-01
f_width_b62         =  3.832725e-01
f_sym_b62           =  1.728285e-01
f_slope_b62         =  3.534052e-01
f_rr_ratio_b63      =  2.273195e-01
f_rr_asym_b63       =  3.519319e-01
f_instab_l0_b63     =  1.655686e-01
f_instab_l1_b63     =  1.282076e-01
f_pwave_b63         =  4.030458e-01
f_width_b63         =  4.134843e-01
f_sym_b63           =  1.728479e-01
f_slope_b63         =  3.438772e-01
f_rr_ratio_b64      =  2.273875e-01
f_rr_asym_b64       =  3.520038e-01
f_instab_l0_b64     =  1.656276e-01
f_instab_l1_b64     =  1.282076e-01
f_pwave_b64         =  4.029997e-01
f_width_b64         =  3.746405e-01
f_sym_b64           =  1.654758e-01
f_slope_b64         =  3.557445e-01
f_rr_ratio_b65      =  2.270278e-01
f_rr_asym_b65       =  3.516232e-01
f_instab_l0_b65     =  1.655783e-01
f_instab_l1_b65     =  1.282076e-01
f_pwave_b65         =  4.031215e-01
f_width_b65         =  4.166785e-01
f_sym_b65           =  1.336214e-01
f_slope_b65         =  3.850533e-01
f_rr_ratio_b66      =  2.265409e-01
f_rr_asym_b66       =  3.511078e-01
f_instab_l0_b66     =  1.657156e-01
f_instab_l1_b66     =  1.282076e-01
f_pwave_b66         =  4.030407e-01
f_width_b66         =  3.793444e-01
f_sym_b66           =  1.472099e-01
f_slope_b66         =  3.655954e-01
f_rr_ratio_b67      =  2.268109e-01
f_rr_asym_b67       =  3.513936e-01
f_instab_l0_b67     =  1.656125e-01
f_instab_l1_b67     =  1.282076e-01
f_pwave_b67         =  4.029022e-01
f_width_b67         =  3.690437e-01
f_sym_b67           =  1.587070e-01
f_slope_b67         =  3.585406e-01
f_rr_ratio_b68      =  2.270273e-01
f_rr_asym_b68       =  3.516226e-01
f_instab_l0_b68     =  1.655664e-01
f_instab_l1_b68     =  1.282076e-01
f_pwave_b68         =  4.028747e-01
f_width_b68         =  4.578424e-01
f_sym_b68           =  1.889843e-01
f_slope_b68         =  3.402359e-01
f_rr_ratio_b69      =  2.269995e-01
f_rr_asym_b69       =  3.515932e-01
f_instab_l0_b69     =  1.655662e-01
f_instab_l1_b69     =  1.282076e-01
f_pwave_b69         =  4.029488e-01
f_width_b69         =  4.251031e-01
f_sym_b69           =  1.976014e-01
f_slope_b69         =  3.486325e-01
f_rr_ratio_b70      =  2.271998e-01
f_rr_asym_b70       =  3.518051e-01
f_instab_l0_b70     =  1.655666e-01
f_instab_l1_b70     =  1.282076e-01
f_pwave_b70         =  4.031062e-01
f_width_b70         =  4.790335e-01
f_sym_b70           =  1.587234e-01
f_slope_b70         =  3.492268e-01
f_rr_ratio_b71      =  2.271063e-01
f_rr_asym_b71       =  3.517062e-01
f_instab_l0_b71     =  1.655730e-01
f_instab_l1_b71     =  1.282076e-01
f_pwave_b71         =  4.030908e-01
f_width_b71         =  4.254554e-01
f_sym_b71           =  2.065558e-01
f_slope_b71         =  3.378784e-01
f_rr_ratio_b72      =  2.272626e-01
f_rr_asym_b72       =  3.518716e-01
f_instab_l0_b72     =  1.655687e-01
f_instab_l1_b72     =  1.282076e-01
f_pwave_b72         =  4.027336e-01
f_width_b72         =  4.243308e-01
f_sym_b72           =  3.770272e-01
f_slope_b72         =  3.341402e-01
f_rr_ratio_b73      =  2.272425e-01
f_rr_asym_b73       =  3.518503e-01
f_instab_l0_b73     =  1.655704e-01
f_instab_l1_b73     =  1.282076e-01
f_pwave_b73         =  4.026242e-01
f_width_b73         =  4.249570e-01
f_sym_b73           =  3.732865e-01
f_slope_b73         =  3.440372e-01
f_rr_ratio_b74      =  2.269709e-01
f_rr_asym_b74       =  3.515629e-01
f_instab_l0_b74     =  1.655662e-01
f_instab_l1_b74     =  1.282076e-01
f_pwave_b74         =  4.030432e-01
f_width_b74         =  4.850181e-01
f_sym_b74           =  3.728064e-01
f_slope_b74         =  3.341603e-01
f_rr_ratio_b75      =  2.263067e-01
f_rr_asym_b75       =  3.508598e-01
f_instab_l0_b75     =  1.655665e-01
f_instab_l1_b75     =  1.282076e-01
f_pwave_b75         =  4.028841e-01
f_width_b75         =  5.193073e-01
f_sym_b75           =  3.728157e-01
f_slope_b75         =  3.341602e-01
f_rr_ratio_b76      =  2.267756e-01
f_rr_asym_b76       =  3.513563e-01
f_instab_l0_b76     =  1.655675e-01
f_instab_l1_b76     =  1.282076e-01
f_pwave_b76         =  4.031309e-01
f_width_b76         =  5.018006e-01
f_sym_b76           =  3.728093e-01
f_slope_b76         =  3.341603e-01
f_rr_ratio_b77      =  2.269993e-01
f_rr_asym_b77       =  3.515929e-01
f_instab_l0_b77     =  1.655666e-01
f_instab_l1_b77     =  1.282076e-01
f_pwave_b77         =  4.030753e-01
f_width_b77         =  4.704685e-01
f_sym_b77           =  3.728059e-01
f_slope_b77         =  3.341601e-01
f_rr_ratio_b78      =  2.270807e-01
f_rr_asym_b78       =  3.516791e-01
f_instab_l0_b78     =  1.655661e-01
f_instab_l1_b78     =  1.282076e-01
f_pwave_b78         =  4.031293e-01
f_width_b78         =  4.556050e-01
f_sym_b78           =  3.802884e-01
f_slope_b78         =  3.341374e-01
f_rr_ratio_b79      =  2.272625e-01
f_rr_asym_b79       =  3.518716e-01
f_instab_l0_b79     =  1.655714e-01
f_instab_l1_b79     =  1.282076e-01
f_pwave_b79         =  4.025579e-01
f_width_b79         =  4.088928e-01
f_sym_b79           =  3.732859e-01
f_slope_b79         =  3.440373e-01


Total analysis time (seconds) = 150.139

Total elapsed time (seconds) = 176.109 

Total DRAM available = 15982.191 MB.
DRAM currently available = 1212.938 MB.
Maximum ngspice program size =  168.469 MB.
Current ngspice program size =  168.469 MB.

