Using SPARSE 1.3 as Direct Linear Solver
Note: Starting dynamic gmin stepping
Note: Dynamic gmin stepping completed

Note: No compatibility mode selected!


Circuit: full_acc_batch_21

Doing analysis at TEMP = 27.000000 and TNOM = 27.000000


Initial Transient Solution
--------------------------

Node                                   Voltage
----                                   -------
vdd                                        0.9
vss                                          0
vbias                                     0.35
vref                                      0.45
ecg_in                                    0.25
ecg_in_l1                                 0.25
rpeak_trigger                                0
qrs_gate                                     0
qrs_sym_gate                                 0
pwave_gate                                   0
xrr.rpeak_bar                              0.9
xrr.net_timer                      1.91447e-06
xrr.xctimer.a                                0
xrr.xctimer.b1                               0
xrr.tail_r                           0.0546598
xrr.net_r1                             0.46929
f_rr_ratio                            0.130959
xrr.mid_ref                           0.218464
xrr.tail_a                          0.00433493
xrr.net_a1                             0.40478
f_rr_asym                             0.195574
xinstab0.qrs_gate_bar                      0.9
xinstab0.xota_pk.net1                 0.399253
xinstab0.net_pk_raw                0.000109329
xinstab0.peak_node                 3.46089e-06
xinstab0.xota_pk.net_tail          2.68835e-05
xinstab0.net_pk_gated                      0.9
xinstab0.xcpeak.a                            0
xinstab0.xcpeak.b1                           0
peak_out_l0                        3.46089e-06
xinstab0.tail_i                       0.112023
xinstab0.net_i1                       0.537961
f_instab_l0                           0.128208
xinstab1.qrs_gate_bar                      0.9
xinstab1.xota_pk.net1                 0.399253
xinstab1.net_pk_raw                0.000109329
xinstab1.peak_node                 3.46089e-06
xinstab1.xota_pk.net_tail          2.68835e-05
xinstab1.net_pk_gated                      0.9
xinstab1.xcpeak.a                            0
xinstab1.xcpeak.b1                           0
peak_out_l1                        3.46089e-06
xinstab1.tail_i                       0.112023
xinstab1.net_i1                       0.537961
f_instab_l1                           0.128208
xpwave.xota_hpf_lp.net1               0.171615
xpwave.hpf_vlp                        0.249366
xpwave.xota_hpf_lp.net_tail         0.00970674
xpwave.xchpf_lp.a                            0
xpwave.xchpf_lp.b1                           0
xpwave.xota_hpf_sub.net1              0.171615
xpwave.bpf_mid                        0.249366
xpwave.xota_hpf_sub.net_tail        0.00970674
xpwave.xota_lpf.net1                  0.172056
xpwave.bpf_pw                           0.2487
xpwave.xota_lpf.net_tail            0.00956573
xpwave.xclpf.a                               0
xpwave.xclpf.b1                              0
xpwave.pwave_gate_bar                      0.9
xpwave.vbias_pk                    4.52517e-10
xpwave.xota_pk.net1                   0.371126
xpwave.net_pk_cmp                  1.16348e-09
xpwave.xota_pk.net_tail               0.165873
f_pwave                              0.0160234
xpwave.net_pk_cmp_bar                      0.9
xpwave.xcpk.a                                0
xpwave.xcpk.b1                               0
xwidth.xota_wcmp.net1                 0.171633
xwidth.width_cmp_out                0.00987155
xwidth.xota_wcmp.net_tail           0.00972096
xwidth.qrs_gate_bar                        0.9
xwidth.width_gate_gated            1.41373e-10
xwidth.net_w_bias                          0.9
xwidth.net_w_sw                       0.226117
f_width                             0.00253791
xwidth.xcwidth.a                             0
xwidth.xcwidth.b1                            0
xsym.qrs_onset_bar                         0.9
xsym.rpeak_bar                             0.9
xsym.net_latch                     4.16118e-11
xsym.xclatch.a                               0
xsym.xclatch.b1                              0
xsym.net_latch_bar                         0.9
xsym.net_rise_bias                         0.9
xsym.net_rise_sw                      0.197215
xsym.rise_timer                    4.15428e-11
xsym.xcrise.a                                0
xsym.xcrise.b1                               0
rise_timer_out                     4.15428e-11
xsym.net_fall_bias                         0.9
xsym.net_fall_sw                      0.197215
xsym.fall_timer                     0.00253791
xsym.xcfall.a                                0
xsym.xcfall.b1                               0
fall_timer_out                      0.00253791
xsym.tail_s                         2.8926e-05
xsym.net_sy1                          0.399259
f_sym                                 0.396846
xslope.tail_sl                      2.8926e-05
xslope.net_sl1                        0.396846
f_slope                               0.399259
vpwave#branch                                0
vsym#branch                                  0
vqrs#branch                                  0
vrpeak#branch                                0
vecg2#branch                                 0
vecg#branch                                  0
vref#branch                                  0
vbias#branch                      -1.29081e-13
vss#branch                          8.0044e-10
vdd#branch                        -8.00312e-10


No. of Data Rows : 183450

  Measurements for Transient Analysis

f_rr_ratio_b0       =  1.309588e-01
f_rr_asym_b0        =  1.955743e-01
f_instab_l0_b0      =  1.507732e-01
f_instab_l1_b0      =  1.302016e-01
f_pwave_b0          =  3.848507e-01
f_width_b0          =  2.494868e-03
f_sym_b0            =  3.992547e-01
f_slope_b0          =  3.590703e-01
f_rr_ratio_b1       =  2.266717e-01
f_rr_asym_b1        =  3.512462e-01
f_instab_l0_b1      =  1.495470e-01
f_instab_l1_b1      =  1.310344e-01
f_pwave_b1          =  3.825621e-01
f_width_b1          =  3.022569e-02
f_sym_b1            =  3.992766e-01
f_slope_b1          =  3.590703e-01
f_rr_ratio_b2       =  2.264058e-01
f_rr_asym_b2        =  3.509648e-01
f_instab_l0_b2      =  1.658308e-01
f_instab_l1_b2      =  1.614391e-01
f_pwave_b2          =  4.038444e-01
f_width_b2          =  1.057169e-01
f_sym_b2            =  2.941254e-01
f_slope_b2          =  3.740349e-01
f_rr_ratio_b3       =  2.266639e-01
f_rr_asym_b3        =  3.512380e-01
f_instab_l0_b3      =  1.654018e-01
f_instab_l1_b3      =  1.599730e-01
f_pwave_b3          =  4.037342e-01
f_width_b3          =  1.324992e-01
f_sym_b3            =  2.839106e-01
f_slope_b3          =  3.839483e-01
f_rr_ratio_b4       =  2.260381e-01
f_rr_asym_b4        =  3.505752e-01
f_instab_l0_b4      =  1.657255e-01
f_instab_l1_b4      =  1.614532e-01
f_pwave_b4          =  4.035865e-01
f_width_b4          =  1.679974e-01
f_sym_b4            =  3.713823e-01
f_slope_b4          =  3.743400e-01
f_rr_ratio_b5       =  2.263109e-01
f_rr_asym_b5        =  3.508643e-01
f_instab_l0_b5      =  1.658805e-01
f_instab_l1_b5      =  1.644335e-01
f_pwave_b5          =  4.037381e-01
f_width_b5          =  2.007017e-01
f_sym_b5            =  3.802628e-01
f_slope_b5          =  3.643126e-01
f_rr_ratio_b6       =  2.267020e-01
f_rr_asym_b6        =  3.512784e-01
f_instab_l0_b6      =  1.658509e-01
f_instab_l1_b6      =  1.639975e-01
f_pwave_b6          =  4.038929e-01
f_width_b6          =  1.617302e-01
f_sym_b6            =  2.941240e-01
f_slope_b6          =  3.739842e-01
f_rr_ratio_b7       =  2.267027e-01
f_rr_asym_b7        =  3.512791e-01
f_instab_l0_b7      =  1.658672e-01
f_instab_l1_b7      =  1.642989e-01
f_pwave_b7          =  4.037651e-01
f_width_b7          =  1.863249e-01
f_sym_b7            =  2.941232e-01
f_slope_b7          =  3.739639e-01
f_rr_ratio_b8       =  2.267399e-01
f_rr_asym_b8        =  3.513185e-01
f_instab_l0_b8      =  1.657899e-01
f_instab_l1_b8      =  1.650057e-01
f_pwave_b8          =  4.036746e-01
f_width_b8          =  1.618871e-01
f_sym_b8            =  2.941311e-01
f_slope_b8          =  3.739853e-01
f_rr_ratio_b9       =  2.267066e-01
f_rr_asym_b9        =  3.512832e-01
f_instab_l0_b9      =  1.658819e-01
f_instab_l1_b9      =  1.643857e-01
f_pwave_b9          =  4.038543e-01
f_width_b9          =  1.876833e-01
f_sym_b9            =  3.713349e-01
f_slope_b9          =  3.743125e-01
f_rr_ratio_b10      =  2.266241e-01
f_rr_asym_b10       =  3.511959e-01
f_instab_l0_b10     =  1.658182e-01
f_instab_l1_b10     =  1.647852e-01
f_pwave_b10         =  4.037644e-01
f_width_b10         =  1.925620e-01
f_sym_b10           =  2.941241e-01
f_slope_b10         =  3.739595e-01
f_rr_ratio_b11      =  2.265403e-01
f_rr_asym_b11       =  3.511072e-01
f_instab_l0_b11     =  1.658903e-01
f_instab_l1_b11     =  1.642673e-01
f_pwave_b11         =  4.037595e-01
f_width_b11         =  2.055023e-01
f_sym_b11           =  3.713329e-01
f_slope_b11         =  3.743020e-01
f_rr_ratio_b12      =  2.259710e-01
f_rr_asym_b12       =  3.505041e-01
f_instab_l0_b12     =  1.658752e-01
f_instab_l1_b12     =  1.639741e-01
f_pwave_b12         =  4.036325e-01
f_width_b12         =  1.978086e-01
f_sym_b12           =  3.802526e-01
f_slope_b12         =  3.752221e-01
f_rr_ratio_b13      =  2.262026e-01
f_rr_asym_b13       =  3.507495e-01
f_instab_l0_b13     =  1.658848e-01
f_instab_l1_b13     =  1.619502e-01
f_pwave_b13         =  4.038030e-01
f_width_b13         =  1.839246e-01
f_sym_b13           =  3.812659e-01
f_slope_b13         =  3.749556e-01
f_rr_ratio_b14      =  2.261461e-01
f_rr_asym_b14       =  3.506897e-01
f_instab_l0_b14     =  1.659058e-01
f_instab_l1_b14     =  1.606786e-01
f_pwave_b14         =  4.036185e-01
f_width_b14         =  2.011640e-01
f_sym_b14           =  3.812763e-01
f_slope_b14         =  3.643118e-01
f_rr_ratio_b15      =  2.259703e-01
f_rr_asym_b15       =  3.505033e-01
f_instab_l0_b15     =  1.657956e-01
f_instab_l1_b15     =  1.608327e-01
f_pwave_b15         =  4.037023e-01
f_width_b15         =  1.537840e-01
f_sym_b15           =  3.045041e-01
f_slope_b15         =  3.739250e-01
f_rr_ratio_b16      =  2.260895e-01
f_rr_asym_b16       =  3.506296e-01
f_instab_l0_b16     =  1.658812e-01
f_instab_l1_b16     =  1.619524e-01
f_pwave_b16         =  4.037042e-01
f_width_b16         =  1.802921e-01
f_sym_b16           =  3.714096e-01
f_slope_b16         =  3.743126e-01
f_rr_ratio_b17      =  2.259082e-01
f_rr_asym_b17       =  3.504375e-01
f_instab_l0_b17     =  1.655292e-01
f_instab_l1_b17     =  1.343083e-01
f_pwave_b17         =  3.825918e-01
f_width_b17         =  1.543983e-01
f_sym_b17           =  2.839101e-01
f_slope_b17         =  3.743252e-01
f_rr_ratio_b18      =  2.264972e-01
f_rr_asym_b18       =  3.510616e-01
f_instab_l0_b18     =  1.640007e-01
f_instab_l1_b18     =  1.349810e-01
f_pwave_b18         =  3.822918e-01
f_width_b18         =  5.971613e-02
f_sym_b18           =  2.839015e-01
f_slope_b18         =  3.840079e-01
f_rr_ratio_b19      =  2.263568e-01
f_rr_asym_b19       =  3.509128e-01
f_instab_l0_b19     =  1.639523e-01
f_instab_l1_b19     =  1.331625e-01
f_pwave_b19         =  3.833340e-01
f_width_b19         =  6.394868e-02
f_sym_b19           =  2.838934e-01
f_slope_b19         =  3.940556e-01
f_rr_ratio_b20      =  2.264525e-01
f_rr_asym_b20       =  3.510142e-01
f_instab_l0_b20     =  1.583163e-01
f_instab_l1_b20     =  1.326638e-01
f_pwave_b20         =  3.838163e-01
f_width_b20         =  5.867644e-02
f_sym_b20           =  3.989102e-01
f_slope_b20         =  3.720989e-01
f_rr_ratio_b21      =  2.259733e-01
f_rr_asym_b21       =  3.505065e-01
f_instab_l0_b21     =  1.634754e-01
f_instab_l1_b21     =  1.378874e-01
f_pwave_b21         =  3.841409e-01
f_width_b21         =  4.649736e-02
f_sym_b21           =  2.838957e-01
f_slope_b21         =  3.940902e-01
f_rr_ratio_b22      =  2.260327e-01
f_rr_asym_b22       =  3.505694e-01
f_instab_l0_b22     =  1.567696e-01
f_instab_l1_b22     =  1.328488e-01
f_pwave_b22         =  4.008630e-01
f_width_b22         =  3.529940e-02
f_sym_b22           =  3.989200e-01
f_slope_b22         =  3.590718e-01
f_rr_ratio_b23      =  2.267771e-01
f_rr_asym_b23       =  3.513578e-01
f_instab_l0_b23     =  1.582824e-01
f_instab_l1_b23     =  1.325950e-01
f_pwave_b23         =  3.800465e-01
f_width_b23         =  3.709011e-02
f_sym_b23           =  2.840201e-01
f_slope_b23         =  3.995679e-01
f_rr_ratio_b24      =  2.265872e-01
f_rr_asym_b24       =  3.511569e-01
f_instab_l0_b24     =  1.629627e-01
f_instab_l1_b24     =  1.324154e-01
f_pwave_b24         =  3.797922e-01
f_width_b24         =  5.460556e-02
f_sym_b24           =  2.738093e-01
f_slope_b24         =  3.939415e-01
f_rr_ratio_b25      =  2.269404e-01
f_rr_asym_b25       =  3.515307e-01
f_instab_l0_b25     =  1.641413e-01
f_instab_l1_b25     =  1.344712e-01
f_pwave_b25         =  3.789072e-01
f_width_b25         =  9.272661e-02
f_sym_b25           =  2.839003e-01
f_slope_b25         =  3.839958e-01
f_rr_ratio_b26      =  2.270548e-01
f_rr_asym_b26       =  3.516517e-01
f_instab_l0_b26     =  1.583591e-01
f_instab_l1_b26     =  1.316559e-01
f_pwave_b26         =  3.790559e-01
f_width_b26         =  3.306592e-02
f_sym_b26           =  2.840178e-01
f_slope_b26         =  3.995801e-01
f_rr_ratio_b27      =  2.270300e-01
f_rr_asym_b27       =  3.516255e-01
f_instab_l0_b27     =  1.575851e-01
f_instab_l1_b27     =  1.326908e-01
f_pwave_b27         =  3.814314e-01
f_width_b27         =  8.102737e-02
f_sym_b27           =  2.840166e-01
f_slope_b27         =  3.995793e-01
f_rr_ratio_b28      =  2.270022e-01
f_rr_asym_b28       =  3.515960e-01
f_instab_l0_b28     =  1.595093e-01
f_instab_l1_b28     =  1.321617e-01
f_pwave_b28         =  3.785320e-01
f_width_b28         =  7.004533e-02
f_sym_b28           =  3.990294e-01
f_slope_b28         =  3.590716e-01
f_rr_ratio_b29      =  2.267075e-01
f_rr_asym_b29       =  3.512841e-01
f_instab_l0_b29     =  1.636188e-01
f_instab_l1_b29     =  1.350805e-01
f_pwave_b29         =  3.803192e-01
f_width_b29         =  6.600917e-02
f_sym_b29           =  2.838954e-01
f_slope_b29         =  3.940153e-01
f_rr_ratio_b30      =  2.262028e-01
f_rr_asym_b30       =  3.507497e-01
f_instab_l0_b30     =  1.606914e-01
f_instab_l1_b30     =  1.326031e-01
f_pwave_b30         =  3.831762e-01
f_width_b30         =  3.623150e-02
f_sym_b30           =  2.840174e-01
f_slope_b30         =  3.995720e-01
f_rr_ratio_b31      =  2.257856e-01
f_rr_asym_b31       =  3.503074e-01
f_instab_l0_b31     =  1.625202e-01
f_instab_l1_b31     =  1.336196e-01
f_pwave_b31         =  3.821297e-01
f_width_b31         =  5.514166e-02
f_sym_b31           =  2.838936e-01
f_slope_b31         =  3.938678e-01
f_rr_ratio_b32      =  2.262547e-01
f_rr_asym_b32       =  3.508047e-01
f_instab_l0_b32     =  1.657764e-01
f_instab_l1_b32     =  1.619088e-01
f_pwave_b32         =  4.037152e-01
f_width_b32         =  1.180784e-01
f_sym_b32           =  3.774269e-01
f_slope_b32         =  3.855705e-01
f_rr_ratio_b33      =  2.259773e-01
f_rr_asym_b33       =  3.505107e-01
f_instab_l0_b33     =  1.658978e-01
f_instab_l1_b33     =  1.634709e-01
f_pwave_b33         =  4.038838e-01
f_width_b33         =  2.053375e-01
f_sym_b33           =  3.732599e-01
f_slope_b33         =  3.742811e-01
f_rr_ratio_b34      =  2.252494e-01
f_rr_asym_b34       =  3.497382e-01
f_instab_l0_b34     =  1.659048e-01
f_instab_l1_b34     =  1.644090e-01
f_pwave_b34         =  4.038995e-01
f_width_b34         =  2.159329e-01
f_sym_b34           =  3.727523e-01
f_slope_b34         =  3.742816e-01
f_rr_ratio_b35      =  2.254992e-01
f_rr_asym_b35       =  3.500035e-01
f_instab_l0_b35     =  1.658155e-01
f_instab_l1_b35     =  1.641169e-01
f_pwave_b35         =  4.037276e-01
f_width_b35         =  1.872111e-01
f_sym_b35           =  2.941294e-01
f_slope_b35         =  3.739635e-01
f_rr_ratio_b36      =  2.255739e-01
f_rr_asym_b36       =  3.500828e-01
f_instab_l0_b36     =  1.658090e-01
f_instab_l1_b36     =  1.648950e-01
f_pwave_b36         =  4.037956e-01
f_width_b36         =  1.902565e-01
f_sym_b36           =  2.941257e-01
f_slope_b36         =  3.739620e-01
f_rr_ratio_b37      =  2.260368e-01
f_rr_asym_b37       =  3.505738e-01
f_instab_l0_b37     =  1.659021e-01
f_instab_l1_b37     =  1.649052e-01
f_pwave_b37         =  4.038448e-01
f_width_b37         =  2.332322e-01
f_sym_b37           =  3.774090e-01
f_slope_b37         =  3.749845e-01
f_rr_ratio_b38      =  2.262537e-01
f_rr_asym_b38       =  3.508036e-01
f_instab_l0_b38     =  1.605002e-01
f_instab_l1_b38     =  1.337264e-01
f_pwave_b38         =  3.827404e-01
f_width_b38         =  1.007272e-01
f_sym_b38           =  2.738271e-01
f_slope_b38         =  3.939085e-01
f_rr_ratio_b39      =  2.260382e-01
f_rr_asym_b39       =  3.505752e-01
f_instab_l0_b39     =  1.643860e-01
f_instab_l1_b39     =  1.338069e-01
f_pwave_b39         =  3.829066e-01
f_width_b39         =  8.111228e-02
f_sym_b39           =  2.941135e-01
f_slope_b39         =  3.839314e-01
f_rr_ratio_b40      =  2.260320e-01
f_rr_asym_b40       =  3.505687e-01
f_instab_l0_b40     =  1.630289e-01
f_instab_l1_b40     =  1.347069e-01
f_pwave_b40         =  3.813087e-01
f_width_b40         =  5.278222e-02
f_sym_b40           =  2.738094e-01
f_slope_b40         =  3.939443e-01
f_rr_ratio_b41      =  2.259722e-01
f_rr_asym_b41       =  3.505053e-01
f_instab_l0_b41     =  1.641646e-01
f_instab_l1_b41     =  1.344509e-01
f_pwave_b41         =  3.817708e-01
f_width_b41         =  7.238914e-02
f_sym_b41           =  2.840606e-01
f_slope_b41         =  3.938354e-01
f_rr_ratio_b42      =  2.256455e-01
f_rr_asym_b42       =  3.501588e-01
f_instab_l0_b42     =  1.617104e-01
f_instab_l1_b42     =  1.325676e-01
f_pwave_b42         =  3.821538e-01
f_width_b42         =  3.673782e-02
f_sym_b42           =  2.839003e-01
f_slope_b42         =  3.840709e-01
f_rr_ratio_b43      =  2.251666e-01
f_rr_asym_b43       =  3.496503e-01
f_instab_l0_b43     =  1.548651e-01
f_instab_l1_b43     =  1.323641e-01
f_pwave_b43         =  3.829919e-01
f_width_b43         =  5.457446e-02
f_sym_b43           =  2.738158e-01
f_slope_b43         =  3.843183e-01
f_rr_ratio_b44      =  2.255675e-01
f_rr_asym_b44       =  3.500760e-01
f_instab_l0_b44     =  1.627160e-01
f_instab_l1_b44     =  1.328478e-01
f_pwave_b44         =  3.833409e-01
f_width_b44         =  6.598465e-03
f_sym_b44           =  2.838935e-01
f_slope_b44         =  3.939470e-01
f_rr_ratio_b45      =  2.251670e-01
f_rr_asym_b45       =  3.496507e-01
f_instab_l0_b45     =  1.658665e-01
f_instab_l1_b45     =  1.637146e-01
f_pwave_b45         =  4.038822e-01
f_width_b45         =  1.368999e-01
f_sym_b45           =  3.713262e-01
f_slope_b45         =  3.744480e-01
f_rr_ratio_b46      =  2.247096e-01
f_rr_asym_b46       =  3.491643e-01
f_instab_l0_b46     =  1.658730e-01
f_instab_l1_b46     =  1.651746e-01
f_pwave_b46         =  4.038525e-01
f_width_b46         =  2.075624e-01
f_sym_b46           =  3.727932e-01
f_slope_b46         =  3.742808e-01
f_rr_ratio_b47      =  2.253418e-01
f_rr_asym_b47       =  3.498364e-01
f_instab_l0_b47     =  1.659103e-01
f_instab_l1_b47     =  1.652606e-01
f_pwave_b47         =  4.038642e-01
f_width_b47         =  2.622206e-01
f_sym_b47           =  3.802670e-01
f_slope_b47         =  3.749435e-01
f_rr_ratio_b48      =  2.259154e-01
f_rr_asym_b48       =  3.504451e-01
f_instab_l0_b48     =  1.658850e-01
f_instab_l1_b48     =  1.644761e-01
f_pwave_b48         =  4.038059e-01
f_width_b48         =  2.029389e-01
f_sym_b48           =  3.732533e-01
f_slope_b48         =  3.742811e-01
f_rr_ratio_b49      =  2.258432e-01
f_rr_asym_b49       =  3.503686e-01
f_instab_l0_b49     =  1.658865e-01
f_instab_l1_b49     =  1.654350e-01
f_pwave_b49         =  4.038435e-01
f_width_b49         =  2.107230e-01
f_sym_b49           =  3.802241e-01
f_slope_b49         =  3.749433e-01
f_rr_ratio_b50      =  2.257082e-01
f_rr_asym_b50       =  3.502254e-01
f_instab_l0_b50     =  1.658798e-01
f_instab_l1_b50     =  1.640720e-01
f_pwave_b50         =  4.038639e-01
f_width_b50         =  1.893762e-01
f_sym_b50           =  3.732557e-01
f_slope_b50         =  3.742908e-01
f_rr_ratio_b51      =  2.264030e-01
f_rr_asym_b51       =  3.509618e-01
f_instab_l0_b51     =  1.658917e-01
f_instab_l1_b51     =  1.649285e-01
f_pwave_b51         =  4.038697e-01
f_width_b51         =  2.375748e-01
f_sym_b51           =  3.727278e-01
f_slope_b51         =  3.742819e-01
f_rr_ratio_b52      =  2.257779e-01
f_rr_asym_b52       =  3.502993e-01
f_instab_l0_b52     =  1.659108e-01
f_instab_l1_b52     =  1.655894e-01
f_pwave_b52         =  4.039177e-01
f_width_b52         =  2.295489e-01
f_sym_b52           =  3.802566e-01
f_slope_b52         =  3.749431e-01
f_rr_ratio_b53      =  2.254893e-01
f_rr_asym_b53       =  3.499930e-01
f_instab_l0_b53     =  1.647732e-01
f_instab_l1_b53     =  1.373381e-01
f_pwave_b53         =  4.018487e-01
f_width_b53         =  1.132058e-01
f_sym_b53           =  2.839016e-01
f_slope_b53         =  3.839672e-01
f_rr_ratio_b54      =  2.259706e-01
f_rr_asym_b54       =  3.505036e-01
f_instab_l0_b54     =  1.648653e-01
f_instab_l1_b54     =  1.381655e-01
f_pwave_b54         =  3.955398e-01
f_width_b54         =  9.099574e-02
f_sym_b54           =  2.839000e-01
f_slope_b54         =  3.839917e-01
f_rr_ratio_b55      =  2.259093e-01
f_rr_asym_b55       =  3.504386e-01
f_instab_l0_b55     =  1.630393e-01
f_instab_l1_b55     =  1.347394e-01
f_pwave_b55         =  3.823573e-01
f_width_b55         =  4.853186e-02
f_sym_b55           =  2.738093e-01
f_slope_b55         =  3.939523e-01
f_rr_ratio_b56      =  2.250785e-01
f_rr_asym_b56       =  3.495567e-01
f_instab_l0_b56     =  1.641052e-01
f_instab_l1_b56     =  1.363659e-01
f_pwave_b56         =  3.825362e-01
f_width_b56         =  6.967868e-02
f_sym_b56           =  2.839002e-01
f_slope_b56         =  3.841702e-01
f_rr_ratio_b57      =  2.233864e-01
f_rr_asym_b57       =  3.477530e-01
f_instab_l0_b57     =  1.624648e-01
f_instab_l1_b57     =  1.340333e-01
f_pwave_b57         =  3.829948e-01
f_width_b57         =  2.942689e-02
f_sym_b57           =  2.838935e-01
f_slope_b57         =  3.939126e-01
f_rr_ratio_b58      =  2.239112e-01
f_rr_asym_b58       =  3.483135e-01
f_instab_l0_b58     =  1.559609e-01
f_instab_l1_b58     =  1.343108e-01
f_pwave_b58         =  3.841316e-01
f_width_b58         =  4.316509e-02
f_sym_b58           =  2.738099e-01
f_slope_b58         =  3.941491e-01
f_rr_ratio_b59      =  2.240353e-01
f_rr_asym_b59       =  3.484458e-01
f_instab_l0_b59     =  1.601807e-01
f_instab_l1_b59     =  1.356212e-01
f_pwave_b59         =  3.816040e-01
f_width_b59         =  4.744526e-02
f_sym_b59           =  2.738087e-01
f_slope_b59         =  3.939869e-01
f_rr_ratio_b60      =  2.248936e-01
f_rr_asym_b60       =  3.493600e-01
f_instab_l0_b60     =  1.574501e-01
f_instab_l1_b60     =  1.372169e-01
f_pwave_b60         =  4.008391e-01
f_width_b60         =  3.947421e-02
f_sym_b60           =  2.838935e-01
f_slope_b60         =  3.939339e-01
f_rr_ratio_b61      =  2.257787e-01
f_rr_asym_b61       =  3.503001e-01
f_instab_l0_b61     =  1.457059e-01
f_instab_l1_b61     =  1.332816e-01
f_pwave_b61         =  3.825973e-01
f_width_b61         =  2.184360e-02
f_sym_b61           =  2.738092e-01
f_slope_b61         =  3.941514e-01
f_rr_ratio_b62      =  2.256409e-01
f_rr_asym_b62       =  3.501539e-01
f_instab_l0_b62     =  1.389441e-01
f_instab_l1_b62     =  1.328467e-01
f_pwave_b62         =  3.824323e-01
f_width_b62         =  1.059009e-02
f_sym_b62           =  3.990262e-01
f_slope_b62         =  3.590721e-01
f_rr_ratio_b63      =  2.261481e-01
f_rr_asym_b63       =  3.506917e-01
f_instab_l0_b63     =  1.412387e-01
f_instab_l1_b63     =  1.328794e-01
f_pwave_b63         =  3.826338e-01
f_width_b63         =  7.025742e-03
f_sym_b63           =  3.992765e-01
f_slope_b63         =  3.590703e-01
f_rr_ratio_b64      =  2.254139e-01
f_rr_asym_b64       =  3.499129e-01
f_instab_l0_b64     =  1.452328e-01
f_instab_l1_b64     =  1.310506e-01
f_pwave_b64         =  3.880162e-01
f_width_b64         =  6.576270e-03
f_sym_b64           =  3.992785e-01
f_slope_b64         =  3.590703e-01
f_rr_ratio_b65      =  2.246957e-01
f_rr_asym_b65       =  3.491495e-01
f_instab_l0_b65     =  1.347128e-01
f_instab_l1_b65     =  1.304135e-01
f_pwave_b65         =  3.841785e-01
f_width_b65         =  4.646999e-03
f_sym_b65           =  3.992781e-01
f_slope_b65         =  3.590703e-01
f_rr_ratio_b66      =  2.252446e-01
f_rr_asym_b66       =  3.497331e-01
f_instab_l0_b66     =  1.565893e-01
f_instab_l1_b66     =  1.329743e-01
f_pwave_b66         =  3.854131e-01
f_width_b66         =  3.897909e-03
f_sym_b66           =  2.738198e-01
f_slope_b66         =  3.940588e-01
f_rr_ratio_b67      =  2.256472e-01
f_rr_asym_b67       =  3.501606e-01
f_instab_l0_b67     =  1.482410e-01
f_instab_l1_b67     =  1.315878e-01
f_pwave_b67         =  3.854003e-01
f_width_b67         =  3.029078e-02
f_sym_b67           =  2.738092e-01
f_slope_b67         =  3.940348e-01
f_rr_ratio_b68      =  2.257796e-01
f_rr_asym_b68       =  3.503011e-01
f_instab_l0_b68     =  1.367733e-01
f_instab_l1_b68     =  1.316107e-01
f_pwave_b68         =  4.037308e-01
f_width_b68         =  5.510039e-03
f_sym_b68           =  3.990253e-01
f_slope_b68         =  3.590721e-01
f_rr_ratio_b69      =  2.247961e-01
f_rr_asym_b69       =  3.492563e-01
f_instab_l0_b69     =  1.549261e-01
f_instab_l1_b69     =  1.309118e-01
f_pwave_b69         =  3.917555e-01
f_width_b69         =  3.513322e-03
f_sym_b69           =  3.995224e-01
f_slope_b69         =  2.805088e-01
f_rr_ratio_b70      =  2.245948e-01
f_rr_asym_b70       =  3.490420e-01
f_instab_l0_b70     =  1.559423e-01
f_instab_l1_b70     =  1.344741e-01
f_pwave_b70         =  4.032566e-01
f_width_b70         =  2.913437e-02
f_sym_b70           =  2.739340e-01
f_slope_b70         =  3.996515e-01
f_rr_ratio_b71      =  2.247096e-01
f_rr_asym_b71       =  3.491643e-01
f_instab_l0_b71     =  1.566905e-01
f_instab_l1_b71     =  1.326224e-01
f_pwave_b71         =  4.034829e-01
f_width_b71         =  4.349531e-02
f_sym_b71           =  2.838935e-01
f_slope_b71         =  3.939248e-01
f_rr_ratio_b72      =  2.259712e-01
f_rr_asym_b72       =  3.505042e-01
f_instab_l0_b72     =  1.615601e-01
f_instab_l1_b72     =  1.333159e-01
f_pwave_b72         =  3.927539e-01
f_width_b72         =  6.427391e-02
f_sym_b72           =  2.738483e-01
f_slope_b72         =  3.841210e-01
f_rr_ratio_b73      =  2.257858e-01
f_rr_asym_b73       =  3.503076e-01
f_instab_l0_b73     =  1.628615e-01
f_instab_l1_b73     =  1.349592e-01
f_pwave_b73         =  3.823787e-01
f_width_b73         =  6.885244e-02
f_sym_b73           =  2.839240e-01
f_slope_b73         =  3.840087e-01
f_rr_ratio_b74      =  2.252604e-01
f_rr_asym_b74       =  3.497500e-01
f_instab_l0_b74     =  1.614617e-01
f_instab_l1_b74     =  1.364308e-01
f_pwave_b74         =  3.995295e-01
f_width_b74         =  4.366047e-02
f_sym_b74           =  2.738156e-01
f_slope_b74         =  3.841656e-01
f_rr_ratio_b75      =  2.242709e-01
f_rr_asym_b75       =  3.486971e-01
f_instab_l0_b75     =  1.602758e-01
f_instab_l1_b75     =  1.325981e-01
f_pwave_b75         =  3.927012e-01
f_width_b75         =  4.657707e-02
f_sym_b75           =  2.838935e-01
f_slope_b75         =  3.939086e-01
f_rr_ratio_b76      =  2.222978e-01
f_rr_asym_b76       =  3.465873e-01
f_instab_l0_b76     =  1.619236e-01
f_instab_l1_b76     =  1.333214e-01
f_pwave_b76         =  3.832388e-01
f_width_b76         =  2.591998e-02
f_sym_b76           =  2.738093e-01
f_slope_b76         =  3.940036e-01
f_rr_ratio_b77      =  2.229425e-01
f_rr_asym_b77       =  3.472782e-01
f_instab_l0_b77     =  1.645366e-01
f_instab_l1_b77     =  1.371609e-01
f_pwave_b77         =  4.029165e-01
f_width_b77         =  5.645843e-02
f_sym_b77           =  2.839003e-01
f_slope_b77         =  3.840126e-01
f_rr_ratio_b78      =  2.242663e-01
f_rr_asym_b78       =  3.486921e-01
f_instab_l0_b78     =  1.588868e-01
f_instab_l1_b78     =  1.343928e-01
f_pwave_b78         =  3.886298e-01
f_width_b78         =  3.496696e-02
f_sym_b78           =  2.838934e-01
f_slope_b78         =  3.940708e-01
f_rr_ratio_b79      =  2.235236e-01
f_rr_asym_b79       =  3.478996e-01
f_instab_l0_b79     =  1.635898e-01
f_instab_l1_b79     =  1.368285e-01
f_pwave_b79         =  4.002455e-01
f_width_b79         =  2.481320e-02
f_sym_b79           =  2.839092e-01
f_slope_b79         =  3.742297e-01


Total analysis time (seconds) = 139.486

Total elapsed time (seconds) = 169.916 

Total DRAM available = 15982.191 MB.
DRAM currently available = 2692.555 MB.
Maximum ngspice program size =  171.305 MB.
Current ngspice program size =  171.305 MB.

