Using SPARSE 1.3 as Direct Linear Solver
Note: Starting dynamic gmin stepping
Note: Dynamic gmin stepping completed

Note: No compatibility mode selected!


Circuit: full_acc_batch_13

Doing analysis at TEMP = 27.000000 and TNOM = 27.000000


Initial Transient Solution
--------------------------

Node                                   Voltage
----                                   -------
vdd                                        0.9
vss                                          0
vbias                                     0.35
vref                                      0.45
ecg_in                                    0.25
ecg_in_l1                                 0.25
rpeak_trigger                                0
qrs_gate                                     0
qrs_sym_gate                                 0
pwave_gate                                   0
xrr.rpeak_bar                              0.9
xrr.net_timer                      1.91447e-06
xrr.xctimer.a                                0
xrr.xctimer.b1                               0
xrr.tail_r                           0.0546598
xrr.net_r1                             0.46929
f_rr_ratio                            0.130959
xrr.mid_ref                           0.218464
xrr.tail_a                          0.00433493
xrr.net_a1                             0.40478
f_rr_asym                             0.195574
xinstab0.qrs_gate_bar                      0.9
xinstab0.xota_pk.net1                 0.399253
xinstab0.net_pk_raw                0.000109329
xinstab0.peak_node                 3.46089e-06
xinstab0.xota_pk.net_tail          2.68835e-05
xinstab0.net_pk_gated                      0.9
xinstab0.xcpeak.a                            0
xinstab0.xcpeak.b1                           0
peak_out_l0                        3.46089e-06
xinstab0.tail_i                       0.112023
xinstab0.net_i1                       0.537961
f_instab_l0                           0.128208
xinstab1.qrs_gate_bar                      0.9
xinstab1.xota_pk.net1                 0.399253
xinstab1.net_pk_raw                0.000109329
xinstab1.peak_node                 3.46089e-06
xinstab1.xota_pk.net_tail          2.68835e-05
xinstab1.net_pk_gated                      0.9
xinstab1.xcpeak.a                            0
xinstab1.xcpeak.b1                           0
peak_out_l1                        3.46089e-06
xinstab1.tail_i                       0.112023
xinstab1.net_i1                       0.537961
f_instab_l1                           0.128208
xpwave.xota_hpf_lp.net1               0.171615
xpwave.hpf_vlp                        0.249366
xpwave.xota_hpf_lp.net_tail         0.00970674
xpwave.xchpf_lp.a                            0
xpwave.xchpf_lp.b1                           0
xpwave.xota_hpf_sub.net1              0.171615
xpwave.bpf_mid                        0.249366
xpwave.xota_hpf_sub.net_tail        0.00970674
xpwave.xota_lpf.net1                  0.172056
xpwave.bpf_pw                           0.2487
xpwave.xota_lpf.net_tail            0.00956573
xpwave.xclpf.a                               0
xpwave.xclpf.b1                              0
xpwave.pwave_gate_bar                      0.9
xpwave.vbias_pk                    4.52517e-10
xpwave.xota_pk.net1                   0.371126
xpwave.net_pk_cmp                  1.16348e-09
xpwave.xota_pk.net_tail               0.165873
f_pwave                              0.0160234
xpwave.net_pk_cmp_bar                      0.9
xpwave.xcpk.a                                0
xpwave.xcpk.b1                               0
xwidth.xota_wcmp.net1                 0.171633
xwidth.width_cmp_out                0.00987155
xwidth.xota_wcmp.net_tail           0.00972096
xwidth.qrs_gate_bar                        0.9
xwidth.width_gate_gated            1.41373e-10
xwidth.net_w_bias                          0.9
xwidth.net_w_sw                       0.226117
f_width                             0.00253791
xwidth.xcwidth.a                             0
xwidth.xcwidth.b1                            0
xsym.qrs_onset_bar                         0.9
xsym.rpeak_bar                             0.9
xsym.net_latch                     4.16118e-11
xsym.xclatch.a                               0
xsym.xclatch.b1                              0
xsym.net_latch_bar                         0.9
xsym.net_rise_bias                         0.9
xsym.net_rise_sw                      0.197215
xsym.rise_timer                    4.15428e-11
xsym.xcrise.a                                0
xsym.xcrise.b1                               0
rise_timer_out                     4.15428e-11
xsym.net_fall_bias                         0.9
xsym.net_fall_sw                      0.197215
xsym.fall_timer                     0.00253791
xsym.xcfall.a                                0
xsym.xcfall.b1                               0
fall_timer_out                      0.00253791
xsym.tail_s                         2.8926e-05
xsym.net_sy1                          0.399259
f_sym                                 0.396846
xslope.tail_sl                      2.8926e-05
xslope.net_sl1                        0.396846
f_slope                               0.399259
vpwave#branch                                0
vsym#branch                                  0
vqrs#branch                                  0
vrpeak#branch                                0
vecg2#branch                                 0
vecg#branch                                  0
vref#branch                                  0
vbias#branch                      -1.29081e-13
vss#branch                          8.0044e-10
vdd#branch                        -8.00312e-10


No. of Data Rows : 154030

  Measurements for Transient Analysis

f_rr_ratio_b0       =  1.309588e-01
f_rr_asym_b0        =  1.955743e-01
f_instab_l0_b0      =  1.658794e-01
f_instab_l1_b0      =  1.282662e-01
f_pwave_b0          =  3.994596e-01
f_width_b0          =  1.402292e-01
f_sym_b0            =  3.759208e-01
f_slope_b0          =  3.443375e-01
f_rr_ratio_b1       =  2.278649e-01
f_rr_asym_b1        =  3.525110e-01
f_instab_l0_b1      =  1.622582e-01
f_instab_l1_b1      =  1.282672e-01
f_pwave_b1          =  4.030158e-01
f_width_b1          =  1.614590e-01
f_sym_b1            =  1.425964e-01
f_slope_b1          =  3.868372e-01
f_rr_ratio_b2       =  2.263087e-01
f_rr_asym_b2        =  3.508619e-01
f_instab_l0_b2      =  1.659154e-01
f_instab_l1_b2      =  1.283669e-01
f_pwave_b2          =  4.028909e-01
f_width_b2          =  1.397203e-01
f_sym_b2            =  1.295558e-01
f_slope_b2          =  4.128322e-01
f_rr_ratio_b3       =  2.276139e-01
f_rr_asym_b3        =  3.522437e-01
f_instab_l0_b3      =  1.659092e-01
f_instab_l1_b3      =  1.283679e-01
f_pwave_b3          =  4.005471e-01
f_width_b3          =  3.027942e-01
f_sym_b3            =  3.769718e-01
f_slope_b3          =  3.490052e-01
f_rr_ratio_b4       =  2.273201e-01
f_rr_asym_b4        =  3.519325e-01
f_instab_l0_b4      =  1.655778e-01
f_instab_l1_b4      =  1.282104e-01
f_pwave_b4          =  3.958863e-01
f_width_b4          =  4.049576e-01
f_sym_b4            =  3.623679e-01
f_slope_b4          =  3.341918e-01
f_rr_ratio_b5       =  2.278450e-01
f_rr_asym_b5        =  3.524896e-01
f_instab_l0_b5      =  1.659037e-01
f_instab_l1_b5      =  1.282076e-01
f_pwave_b5          =  4.015108e-01
f_width_b5          =  4.015665e-01
f_sym_b5            =  3.618838e-01
f_slope_b5          =  3.739803e-01
f_rr_ratio_b6       =  2.274474e-01
f_rr_asym_b6        =  3.520673e-01
f_instab_l0_b6      =  1.655669e-01
f_instab_l1_b6      =  1.282472e-01
f_pwave_b6          =  3.994107e-01
f_width_b6          =  4.788238e-01
f_sym_b6            =  3.794615e-01
f_slope_b6          =  3.443154e-01
f_rr_ratio_b7       =  2.278530e-01
f_rr_asym_b7        =  3.524983e-01
f_instab_l0_b7      =  1.282076e-01
f_instab_l1_b7      =  1.286322e-01
f_pwave_b7          =  3.926650e-01
f_width_b7          =  1.880698e-01
f_sym_b7            =  3.811468e-01
f_slope_b7          =  3.543141e-01
f_rr_ratio_b8       =  2.278789e-01
f_rr_asym_b8        =  3.525262e-01
f_instab_l0_b8      =  1.282076e-01
f_instab_l1_b8      =  1.344587e-01
f_pwave_b8          =  3.991616e-01
f_width_b8          =  7.971839e-03
f_sym_b8            =  3.811075e-01
f_slope_b8          =  3.750405e-01
f_rr_ratio_b9       =  2.278519e-01
f_rr_asym_b9        =  3.524971e-01
f_instab_l0_b9      =  1.652099e-01
f_instab_l1_b9      =  1.286631e-01
f_pwave_b9          =  4.015026e-01
f_width_b9          =  6.195686e-02
f_sym_b9            =  3.849301e-01
f_slope_b9          =  3.653329e-01
f_rr_ratio_b10      =  2.278618e-01
f_rr_asym_b10       =  3.525077e-01
f_instab_l0_b10     =  1.657918e-01
f_instab_l1_b10     =  1.282406e-01
f_pwave_b10         =  3.993323e-01
f_width_b10         =  1.465340e-01
f_sym_b10           =  3.823949e-01
f_slope_b10         =  3.749913e-01
f_rr_ratio_b11      =  2.278688e-01
f_rr_asym_b11       =  3.525153e-01
f_instab_l0_b11     =  1.658590e-01
f_instab_l1_b11     =  1.283469e-01
f_pwave_b11         =  4.031089e-01
f_width_b11         =  2.211449e-01
f_sym_b11           =  1.425963e-01
f_slope_b11         =  3.870226e-01
f_rr_ratio_b12      =  2.278618e-01
f_rr_asym_b12       =  3.525077e-01
f_instab_l0_b12     =  1.659035e-01
f_instab_l1_b12     =  1.282331e-01
f_pwave_b12         =  3.996964e-01
f_width_b12         =  2.622328e-01
f_sym_b12           =  2.065150e-01
f_slope_b12         =  3.576253e-01
f_rr_ratio_b13      =  2.277321e-01
f_rr_asym_b13       =  3.523692e-01
f_instab_l0_b13     =  1.658503e-01
f_instab_l1_b13     =  1.282587e-01
f_pwave_b13         =  4.022260e-01
f_width_b13         =  3.147031e-01
f_sym_b13           =  1.286739e-01
f_slope_b13         =  4.163225e-01
f_rr_ratio_b14      =  2.276746e-01
f_rr_asym_b14       =  3.523081e-01
f_instab_l0_b14     =  1.655659e-01
f_instab_l1_b14     =  1.282504e-01
f_pwave_b14         =  4.031070e-01
f_width_b14         =  3.879716e-01
f_sym_b14           =  3.614918e-01
f_slope_b14         =  3.345037e-01
f_rr_ratio_b15      =  2.278703e-01
f_rr_asym_b15       =  3.525169e-01
f_instab_l0_b15     =  1.657603e-01
f_instab_l1_b15     =  1.283196e-01
f_pwave_b15         =  3.996818e-01
f_width_b15         =  4.504433e-01
f_sym_b15           =  3.793772e-01
f_slope_b15         =  3.443151e-01
f_rr_ratio_b16      =  2.270006e-01
f_rr_asym_b16       =  3.515944e-01
f_instab_l0_b16     =  1.655689e-01
f_instab_l1_b16     =  1.282693e-01
f_pwave_b16         =  3.897482e-01
f_width_b16         =  4.149190e-01
f_sym_b16           =  3.733265e-01
f_slope_b16         =  3.344446e-01
f_rr_ratio_b17      =  2.278637e-01
f_rr_asym_b17       =  3.525098e-01
f_instab_l0_b17     =  1.282210e-01
f_instab_l1_b17     =  1.283678e-01
f_pwave_b17         =  4.002964e-01
f_width_b17         =  2.343501e-01
f_sym_b17           =  3.780704e-01
f_slope_b17         =  1.996825e-01
f_rr_ratio_b18      =  2.278628e-01
f_rr_asym_b18       =  3.525088e-01
f_instab_l0_b18     =  1.655656e-01
f_instab_l1_b18     =  1.282667e-01
f_pwave_b18         =  4.125292e-01
f_width_b18         =  3.235233e-01
f_sym_b18           =  3.727497e-01
f_slope_b18         =  3.344442e-01
f_rr_ratio_b19      =  2.271784e-01
f_rr_asym_b19       =  3.517825e-01
f_instab_l0_b19     =  1.658680e-01
f_instab_l1_b19     =  1.282175e-01
f_pwave_b19         =  3.981309e-01
f_width_b19         =  4.002585e-01
f_sym_b19           =  3.728047e-01
f_slope_b19         =  3.344445e-01
f_rr_ratio_b20      =  2.229521e-01
f_rr_asym_b20       =  3.472885e-01
f_instab_l0_b20     =  1.282075e-01
f_instab_l1_b20     =  1.282076e-01
f_pwave_b20         =  3.990803e-01
f_width_b20         =  7.837768e-02
f_sym_b20           =  3.620806e-01
f_slope_b20         =  3.741592e-01
f_rr_ratio_b21      =  2.277842e-01
f_rr_asym_b21       =  3.524247e-01
f_instab_l0_b21     =  1.551885e-01
f_instab_l1_b21     =  1.282078e-01
f_pwave_b21         =  4.029947e-01
f_width_b21         =  5.430352e-03
f_sym_b21           =  1.448346e-01
f_slope_b21         =  2.288059e-01
f_rr_ratio_b22      =  2.278655e-01
f_rr_asym_b22       =  3.525117e-01
f_instab_l0_b22     =  1.658874e-01
f_instab_l1_b22     =  1.281955e-01
f_pwave_b22         =  4.025477e-01
f_width_b22         =  1.469316e-01
f_sym_b22           =  3.712025e-01
f_slope_b22         =  3.342227e-01
f_rr_ratio_b23      =  2.275119e-01
f_rr_asym_b23       =  3.521355e-01
f_instab_l0_b23     =  1.653784e-01
f_instab_l1_b23     =  1.281973e-01
f_pwave_b23         =  4.031228e-01
f_width_b23         =  1.402844e-01
f_sym_b23           =  1.286710e-01
f_slope_b23         =  4.309809e-01
f_rr_ratio_b24      =  2.278280e-01
f_rr_asym_b24       =  3.524714e-01
f_instab_l0_b24     =  1.644712e-01
f_instab_l1_b24     =  1.282147e-01
f_pwave_b24         =  4.023650e-01
f_width_b24         =  9.234204e-02
f_sym_b24           =  1.288726e-01
f_slope_b24         =  3.171961e-01
f_rr_ratio_b25      =  2.277668e-01
f_rr_asym_b25       =  3.524061e-01
f_instab_l0_b25     =  1.658615e-01
f_instab_l1_b25     =  1.282131e-01
f_pwave_b25         =  3.902429e-01
f_width_b25         =  1.338123e-01
f_sym_b25           =  1.289396e-01
f_slope_b25         =  3.076778e-01
f_rr_ratio_b26      =  2.275958e-01
f_rr_asym_b26       =  3.522245e-01
f_instab_l0_b26     =  1.657876e-01
f_instab_l1_b26     =  1.282155e-01
f_pwave_b26         =  3.974793e-01
f_width_b26         =  2.744964e-01
f_sym_b26           =  3.614623e-01
f_slope_b26         =  3.446940e-01
f_rr_ratio_b27      =  2.278577e-01
f_rr_asym_b27       =  3.525033e-01
f_instab_l0_b27     =  1.655686e-01
f_instab_l1_b27     =  1.282164e-01
f_pwave_b27         =  4.025287e-01
f_width_b27         =  5.001696e-01
f_sym_b27           =  3.619757e-01
f_slope_b27         =  3.344718e-01
f_rr_ratio_b28      =  2.273202e-01
f_rr_asym_b28       =  3.519326e-01
f_instab_l0_b28     =  1.655953e-01
f_instab_l1_b28     =  1.282267e-01
f_pwave_b28         =  3.893490e-01
f_width_b28         =  4.486278e-01
f_sym_b28           =  3.619583e-01
f_slope_b28         =  3.440685e-01
f_rr_ratio_b29      =  2.278174e-01
f_rr_asym_b29       =  3.524601e-01
f_instab_l0_b29     =  1.655671e-01
f_instab_l1_b29     =  1.281993e-01
f_pwave_b29         =  4.030680e-01
f_width_b29         =  5.185171e-01
f_sym_b29           =  3.723760e-01
f_slope_b29         =  3.344440e-01
f_rr_ratio_b30      =  2.273551e-01
f_rr_asym_b30       =  3.519695e-01
f_instab_l0_b30     =  1.658654e-01
f_instab_l1_b30     =  1.282768e-01
f_pwave_b30         =  3.958167e-01
f_width_b30         =  3.885349e-01
f_sym_b30           =  3.727999e-01
f_slope_b30         =  3.344442e-01
f_rr_ratio_b31      =  2.257813e-01
f_rr_asym_b31       =  3.503028e-01
f_instab_l0_b31     =  1.657150e-01
f_instab_l1_b31     =  1.282102e-01
f_pwave_b31         =  4.034503e-01
f_width_b31         =  2.878125e-01
f_sym_b31           =  3.621632e-01
f_slope_b31         =  3.344720e-01
f_rr_ratio_b32      =  2.273711e-01
f_rr_asym_b32       =  3.519865e-01
f_instab_l0_b32     =  1.656037e-01
f_instab_l1_b32     =  1.282076e-01
f_pwave_b32         =  4.001476e-01
f_width_b32         =  3.800470e-01
f_sym_b32           =  3.724001e-01
f_slope_b32         =  3.341621e-01
f_rr_ratio_b33      =  2.155445e-01
f_rr_asym_b33       =  3.392608e-01
f_instab_l0_b33     =  1.658477e-01
f_instab_l1_b33     =  1.282138e-01
f_pwave_b33         =  4.012917e-01
f_width_b33         =  2.429814e-01
f_sym_b33           =  3.805220e-01
f_slope_b33         =  3.344212e-01
f_rr_ratio_b34      =  2.223123e-01
f_rr_asym_b34       =  3.466029e-01
f_instab_l0_b34     =  1.658535e-01
f_instab_l1_b34     =  1.282319e-01
f_pwave_b34         =  4.033431e-01
f_width_b34         =  1.399793e-01
f_sym_b34           =  3.734540e-01
f_slope_b34         =  3.440976e-01
f_rr_ratio_b35      =  2.278319e-01
f_rr_asym_b35       =  3.524756e-01
f_instab_l0_b35     =  1.657281e-01
f_instab_l1_b35     =  1.282097e-01
f_pwave_b35         =  4.027423e-01
f_width_b35         =  1.881291e-01
f_sym_b35           =  1.308767e-01
f_slope_b35         =  4.031133e-01
f_rr_ratio_b36      =  2.278696e-01
f_rr_asym_b36       =  3.525161e-01
f_instab_l0_b36     =  1.655872e-01
f_instab_l1_b36     =  1.282618e-01
f_pwave_b36         =  4.028404e-01
f_width_b36         =  1.589302e-01
f_sym_b36           =  1.286717e-01
f_slope_b36         =  4.263017e-01
f_rr_ratio_b37      =  2.260929e-01
f_rr_asym_b37       =  3.506333e-01
f_instab_l0_b37     =  1.656259e-01
f_instab_l1_b37     =  1.281923e-01
f_pwave_b37         =  3.964749e-01
f_width_b37         =  2.421169e-01
f_sym_b37           =  3.711688e-01
f_slope_b37         =  3.346517e-01
f_rr_ratio_b38      =  2.278404e-01
f_rr_asym_b38       =  3.524847e-01
f_instab_l0_b38     =  1.657741e-01
f_instab_l1_b38     =  1.282076e-01
f_pwave_b38         =  4.020884e-01
f_width_b38         =  3.490051e-01
f_sym_b38           =  3.727256e-01
f_slope_b38         =  3.440379e-01
f_rr_ratio_b39      =  2.274332e-01
f_rr_asym_b39       =  3.520522e-01
f_instab_l0_b39     =  1.655649e-01
f_instab_l1_b39     =  1.282110e-01
f_pwave_b39         =  4.033344e-01
f_width_b39         =  4.743956e-01
f_sym_b39           =  3.621525e-01
f_slope_b39         =  3.341877e-01
f_rr_ratio_b40      =  2.155453e-01
f_rr_asym_b40       =  3.392617e-01
f_instab_l0_b40     =  1.655658e-01
f_instab_l1_b40     =  1.281961e-01
f_pwave_b40         =  4.033272e-01
f_width_b40         =  5.186349e-01
f_sym_b40           =  3.726208e-01
f_slope_b40         =  3.242909e-01
f_rr_ratio_b41      =  2.272829e-01
f_rr_asym_b41       =  3.518931e-01
f_instab_l0_b41     =  1.655650e-01
f_instab_l1_b41     =  1.282076e-01
f_pwave_b41         =  4.005106e-01
f_width_b41         =  5.372646e-01
f_sym_b41           =  3.622013e-01
f_slope_b41         =  3.243211e-01
f_rr_ratio_b42      =  2.277907e-01
f_rr_asym_b42       =  3.524317e-01
f_instab_l0_b42     =  1.655664e-01
f_instab_l1_b42     =  1.282076e-01
f_pwave_b42         =  3.982463e-01
f_width_b42         =  5.319046e-01
f_sym_b42           =  3.619816e-01
f_slope_b42         =  3.344721e-01
f_rr_ratio_b43      =  2.278646e-01
f_rr_asym_b43       =  3.525108e-01
f_instab_l0_b43     =  1.655792e-01
f_instab_l1_b43     =  1.282367e-01
f_pwave_b43         =  4.022545e-01
f_width_b43         =  5.362779e-01
f_sym_b43           =  3.619414e-01
f_slope_b43         =  3.443449e-01
f_rr_ratio_b44      =  2.272431e-01
f_rr_asym_b44       =  3.518509e-01
f_instab_l0_b44     =  1.655653e-01
f_instab_l1_b44     =  1.282127e-01
f_pwave_b44         =  4.034180e-01
f_width_b44         =  5.974321e-01
f_sym_b44           =  3.620363e-01
f_slope_b44         =  3.246034e-01
f_rr_ratio_b45      =  2.256421e-01
f_rr_asym_b45       =  3.501552e-01
f_instab_l0_b45     =  1.656331e-01
f_instab_l1_b45     =  1.282026e-01
f_pwave_b45         =  4.025508e-01
f_width_b45         =  4.419226e-01
f_sym_b45           =  3.723911e-01
f_slope_b45         =  3.440374e-01
f_rr_ratio_b46      =  2.275759e-01
f_rr_asym_b46       =  3.522034e-01
f_instab_l0_b46     =  1.657171e-01
f_instab_l1_b46     =  1.281980e-01
f_pwave_b46         =  4.007878e-01
f_width_b46         =  4.042351e-01
f_sym_b46           =  3.727604e-01
f_slope_b46         =  3.443211e-01
f_rr_ratio_b47      =  2.174739e-01
f_rr_asym_b47       =  3.413707e-01
f_instab_l0_b47     =  1.658439e-01
f_instab_l1_b47     =  1.281936e-01
f_pwave_b47         =  4.026480e-01
f_width_b47         =  3.218707e-01
f_sym_b47           =  3.730013e-01
f_slope_b47         =  3.443209e-01
f_rr_ratio_b48      =  2.162333e-01
f_rr_asym_b48       =  3.400156e-01
f_instab_l0_b48     =  1.655838e-01
f_instab_l1_b48     =  1.282106e-01
f_pwave_b48         =  4.035216e-01
f_width_b48         =  3.368708e-01
f_sym_b48           =  3.730301e-01
f_slope_b48         =  3.344438e-01
f_rr_ratio_b49      =  2.269726e-01
f_rr_asym_b49       =  3.515647e-01
f_instab_l0_b49     =  1.658907e-01
f_instab_l1_b49     =  1.282332e-01
f_pwave_b49         =  4.010958e-01
f_width_b49         =  3.378930e-01
f_sym_b49           =  3.802820e-01
f_slope_b49         =  3.440318e-01
f_rr_ratio_b50      =  2.266244e-01
f_rr_asym_b50       =  3.511962e-01
f_instab_l0_b50     =  1.655657e-01
f_instab_l1_b50     =  1.281965e-01
f_pwave_b50         =  4.033146e-01
f_width_b50         =  3.793982e-01
f_sym_b50           =  3.623738e-01
f_slope_b50         =  3.341878e-01
f_rr_ratio_b51      =  2.217631e-01
f_rr_asym_b51       =  3.460132e-01
f_instab_l0_b51     =  1.655653e-01
f_instab_l1_b51     =  1.282077e-01
f_pwave_b51         =  4.003126e-01
f_width_b51         =  5.321954e-01
f_sym_b51           =  3.724538e-01
f_slope_b51         =  3.344439e-01
f_rr_ratio_b52      =  2.276749e-01
f_rr_asym_b52       =  3.523085e-01
f_instab_l0_b52     =  1.655654e-01
f_instab_l1_b52     =  1.282016e-01
f_pwave_b52         =  4.029914e-01
f_width_b52         =  5.363418e-01
f_sym_b52           =  3.727859e-01
f_slope_b52         =  3.344444e-01
f_rr_ratio_b53      =  2.278371e-01
f_rr_asym_b53       =  3.524812e-01
f_instab_l0_b53     =  1.655788e-01
f_instab_l1_b53     =  1.282366e-01
f_pwave_b53         =  4.030831e-01
f_width_b53         =  4.954322e-01
f_sym_b53           =  3.727300e-01
f_slope_b53         =  3.443210e-01
f_rr_ratio_b54      =  2.267044e-01
f_rr_asym_b54       =  3.512809e-01
f_instab_l0_b54     =  1.655655e-01
f_instab_l1_b54     =  1.281962e-01
f_pwave_b54         =  4.014755e-01
f_width_b54         =  5.486440e-01
f_sym_b54           =  3.622036e-01
f_slope_b54         =  3.243206e-01
f_rr_ratio_b55      =  2.270272e-01
f_rr_asym_b55       =  3.516225e-01
f_instab_l0_b55     =  1.658997e-01
f_instab_l1_b55     =  1.282034e-01
f_pwave_b55         =  4.007329e-01
f_width_b55         =  3.792726e-01
f_sym_b55           =  3.723551e-01
f_slope_b55         =  3.539482e-01
f_rr_ratio_b56      =  2.274327e-01
f_rr_asym_b56       =  3.520517e-01
f_instab_l0_b56     =  1.658802e-01
f_instab_l1_b56     =  1.281956e-01
f_pwave_b56         =  3.914351e-01
f_width_b56         =  3.566289e-01
f_sym_b56           =  3.727668e-01
f_slope_b56         =  3.443213e-01
f_rr_ratio_b57      =  2.273200e-01
f_rr_asym_b57       =  3.519324e-01
f_instab_l0_b57     =  1.655709e-01
f_instab_l1_b57     =  1.282800e-01
f_pwave_b57         =  4.031350e-01
f_width_b57         =  4.233614e-01
f_sym_b57           =  3.621540e-01
f_slope_b57         =  3.344717e-01
f_rr_ratio_b58      =  2.276607e-01
f_rr_asym_b58       =  3.522933e-01
f_instab_l0_b58     =  1.655653e-01
f_instab_l1_b58     =  1.282076e-01
f_pwave_b58         =  4.032135e-01
f_width_b58         =  5.485415e-01
f_sym_b58           =  3.619857e-01
f_slope_b58         =  3.341878e-01
f_rr_ratio_b59      =  2.129439e-01
f_rr_asym_b59       =  3.363958e-01
f_instab_l0_b59     =  1.656153e-01
f_instab_l1_b59     =  1.282279e-01
f_pwave_b59         =  3.876311e-01
f_width_b59         =  4.628245e-01
f_sym_b59           =  3.621006e-01
f_slope_b59         =  3.440693e-01
f_rr_ratio_b60      =  2.273018e-01
f_rr_asym_b60       =  3.519131e-01
f_instab_l0_b60     =  1.657144e-01
f_instab_l1_b60     =  1.282347e-01
f_pwave_b60         =  4.008643e-01
f_width_b60         =  4.275150e-01
f_sym_b60           =  3.723796e-01
f_slope_b60         =  3.443211e-01
f_rr_ratio_b61      =  2.272826e-01
f_rr_asym_b61       =  3.518928e-01
f_instab_l0_b61     =  1.659123e-01
f_instab_l1_b61     =  1.282664e-01
f_pwave_b61         =  4.013378e-01
f_width_b61         =  3.607166e-01
f_sym_b61           =  3.727718e-01
f_slope_b61         =  3.443211e-01
f_rr_ratio_b62      =  2.259115e-01
f_rr_asym_b62       =  3.504410e-01
f_instab_l0_b62     =  1.655666e-01
f_instab_l1_b62     =  1.282151e-01
f_pwave_b62         =  3.976885e-01
f_width_b62         =  3.877493e-01
f_sym_b62           =  3.728221e-01
f_slope_b62         =  3.344443e-01
f_rr_ratio_b63      =  2.236593e-01
f_rr_asym_b63       =  3.480446e-01
f_instab_l0_b63     =  1.655654e-01
f_instab_l1_b63     =  1.282072e-01
f_pwave_b63         =  3.931985e-01
f_width_b63         =  5.356302e-01
f_sym_b63           =  3.621687e-01
f_slope_b63         =  3.344719e-01
f_rr_ratio_b64      =  2.277217e-01
f_rr_asym_b64       =  3.523581e-01
f_instab_l0_b64     =  1.655654e-01
f_instab_l1_b64     =  1.282210e-01
f_pwave_b64         =  3.998673e-01
f_width_b64         =  5.971509e-01
f_sym_b64           =  3.619848e-01
f_slope_b64         =  3.344718e-01
f_rr_ratio_b65      =  2.278628e-01
f_rr_asym_b65       =  3.525088e-01
f_instab_l0_b65     =  1.658497e-01
f_instab_l1_b65     =  1.282946e-01
f_pwave_b65         =  4.017688e-01
f_width_b65         =  4.853144e-01
f_sym_b65           =  3.723337e-01
f_slope_b65         =  3.443211e-01
f_rr_ratio_b66      =  2.205601e-01
f_rr_asym_b66       =  3.447177e-01
f_instab_l0_b66     =  1.655656e-01
f_instab_l1_b66     =  1.282476e-01
f_pwave_b66         =  4.032689e-01
f_width_b66         =  4.736627e-01
f_sym_b66           =  3.730874e-01
f_slope_b66         =  3.144282e-01
f_rr_ratio_b67      =  2.277462e-01
f_rr_asym_b67       =  3.523842e-01
f_instab_l0_b67     =  1.655657e-01
f_instab_l1_b67     =  1.282304e-01
f_pwave_b67         =  3.935849e-01
f_width_b67         =  4.876281e-01
f_sym_b67           =  3.727836e-01
f_slope_b67         =  3.344442e-01
f_rr_ratio_b68      =  2.277321e-01
f_rr_asym_b68       =  3.523692e-01
f_instab_l0_b68     =  1.657091e-01
f_instab_l1_b68     =  1.282076e-01
f_pwave_b68         =  4.024776e-01
f_width_b68         =  4.295049e-01
f_sym_b68           =  3.727457e-01
f_slope_b68         =  3.440374e-01
f_rr_ratio_b69      =  2.235287e-01
f_rr_asym_b69       =  3.479051e-01
f_instab_l0_b69     =  1.658271e-01
f_instab_l1_b69     =  1.282065e-01
f_pwave_b69         =  3.960889e-01
f_width_b69         =  3.096563e-01
f_sym_b69           =  1.291573e-01
f_slope_b69         =  4.122015e-01
f_rr_ratio_b70      =  2.278638e-01
f_rr_asym_b70       =  3.525098e-01
f_instab_l0_b70     =  1.282076e-01
f_instab_l1_b70     =  1.282075e-01
f_pwave_b70         =  4.022386e-01
f_width_b70         =  1.732346e-01
f_sym_b70           =  3.769903e-01
f_slope_b70         =  3.701063e-01
f_rr_ratio_b71      =  2.273018e-01
f_rr_asym_b71       =  3.519131e-01
f_instab_l0_b71     =  1.656329e-01
f_instab_l1_b71     =  1.282074e-01
f_pwave_b71         =  3.975899e-01
f_width_b71         =  2.135716e-01
f_sym_b71           =  3.812544e-01
f_slope_b71         =  3.543120e-01
f_rr_ratio_b72      =  2.243870e-01
f_rr_asym_b72       =  3.488207e-01
f_instab_l0_b72     =  1.658117e-01
f_instab_l1_b72     =  1.282187e-01
f_pwave_b72         =  4.021137e-01
f_width_b72         =  2.748349e-01
f_sym_b72           =  2.442790e-01
f_slope_b72         =  3.357889e-01
f_rr_ratio_b73      =  2.278731e-01
f_rr_asym_b73       =  3.525199e-01
f_instab_l0_b73     =  1.304697e-01
f_instab_l1_b73     =  1.286060e-01
f_pwave_b73         =  4.029825e-01
f_width_b73         =  1.211186e-01
f_sym_b73           =  3.998658e-01
f_slope_b73         =  2.506838e-01
f_rr_ratio_b74      =  2.278696e-01
f_rr_asym_b74       =  3.525162e-01
f_instab_l0_b74     =  1.282076e-01
f_instab_l1_b74     =  1.282244e-01
f_pwave_b74         =  3.972279e-01
f_width_b74         =  4.023328e-02
f_sym_b74           =  3.635841e-01
f_slope_b74         =  3.442843e-01
f_rr_ratio_b75      =  2.278784e-01
f_rr_asym_b75       =  3.525257e-01
f_instab_l0_b75     =  1.282076e-01
f_instab_l1_b75     =  1.282527e-01
f_pwave_b75         =  3.989789e-01
f_width_b75         =  1.041801e-01
f_sym_b75           =  3.151464e-01
f_slope_b75         =  3.542299e-01
f_rr_ratio_b76      =  2.237936e-01
f_rr_asym_b76       =  3.481879e-01
f_instab_l0_b76     =  1.657142e-01
f_instab_l1_b76     =  1.282040e-01
f_pwave_b76         =  4.028455e-01
f_width_b76         =  2.646146e-01
f_sym_b76           =  3.715679e-01
f_slope_b76         =  3.443211e-01
f_rr_ratio_b77      =  2.278451e-01
f_rr_asym_b77       =  3.524897e-01
f_instab_l0_b77     =  1.282076e-01
f_instab_l1_b77     =  1.283258e-01
f_pwave_b77         =  4.033592e-01
f_width_b77         =  2.164365e-01
f_sym_b77           =  2.941511e-01
f_slope_b77         =  3.545287e-01
f_rr_ratio_b78      =  2.275236e-01
f_rr_asym_b78       =  3.521480e-01
f_instab_l0_b78     =  1.499258e-01
f_instab_l1_b78     =  1.283386e-01
f_pwave_b78         =  3.997545e-01
f_width_b78         =  2.202175e-02
f_sym_b78           =  1.286700e-01
f_slope_b78         =  4.398705e-01
f_rr_ratio_b79      =  2.261491e-01
f_rr_asym_b79       =  3.506928e-01
f_instab_l0_b79     =  1.285938e-01
f_instab_l1_b79     =  1.282164e-01
f_pwave_b79         =  4.034877e-01
f_width_b79         =  6.099184e-03
f_sym_b79           =  1.286416e-01
f_slope_b79         =  5.069325e-01


Total analysis time (seconds) = 155.672

Total elapsed time (seconds) = 184.434 

Total DRAM available = 15982.191 MB.
DRAM currently available = 2928.113 MB.
Maximum ngspice program size =  167.109 MB.
Current ngspice program size =  167.109 MB.

