Using SPARSE 1.3 as Direct Linear Solver
Note: Starting dynamic gmin stepping
Note: Dynamic gmin stepping completed

Note: No compatibility mode selected!


Circuit: full_acc_batch_17

Doing analysis at TEMP = 27.000000 and TNOM = 27.000000


Initial Transient Solution
--------------------------

Node                                   Voltage
----                                   -------
vdd                                        0.9
vss                                          0
vbias                                     0.35
vref                                      0.45
ecg_in                                    0.25
ecg_in_l1                                 0.25
rpeak_trigger                                0
qrs_gate                                     0
qrs_sym_gate                                 0
pwave_gate                                   0
xrr.rpeak_bar                              0.9
xrr.net_timer                      1.91447e-06
xrr.xctimer.a                                0
xrr.xctimer.b1                               0
xrr.tail_r                           0.0546598
xrr.net_r1                             0.46929
f_rr_ratio                            0.130959
xrr.mid_ref                           0.218464
xrr.tail_a                          0.00433493
xrr.net_a1                             0.40478
f_rr_asym                             0.195574
xinstab0.qrs_gate_bar                      0.9
xinstab0.xota_pk.net1                 0.399253
xinstab0.net_pk_raw                0.000109329
xinstab0.peak_node                 3.46089e-06
xinstab0.xota_pk.net_tail          2.68835e-05
xinstab0.net_pk_gated                      0.9
xinstab0.xcpeak.a                            0
xinstab0.xcpeak.b1                           0
peak_out_l0                        3.46089e-06
xinstab0.tail_i                       0.112023
xinstab0.net_i1                       0.537961
f_instab_l0                           0.128208
xinstab1.qrs_gate_bar                      0.9
xinstab1.xota_pk.net1                 0.399253
xinstab1.net_pk_raw                0.000109329
xinstab1.peak_node                 3.46089e-06
xinstab1.xota_pk.net_tail          2.68835e-05
xinstab1.net_pk_gated                      0.9
xinstab1.xcpeak.a                            0
xinstab1.xcpeak.b1                           0
peak_out_l1                        3.46089e-06
xinstab1.tail_i                       0.112023
xinstab1.net_i1                       0.537961
f_instab_l1                           0.128208
xpwave.xota_hpf_lp.net1               0.171615
xpwave.hpf_vlp                        0.249366
xpwave.xota_hpf_lp.net_tail         0.00970674
xpwave.xchpf_lp.a                            0
xpwave.xchpf_lp.b1                           0
xpwave.xota_hpf_sub.net1              0.171615
xpwave.bpf_mid                        0.249366
xpwave.xota_hpf_sub.net_tail        0.00970674
xpwave.xota_lpf.net1                  0.172056
xpwave.bpf_pw                           0.2487
xpwave.xota_lpf.net_tail            0.00956573
xpwave.xclpf.a                               0
xpwave.xclpf.b1                              0
xpwave.pwave_gate_bar                      0.9
xpwave.vbias_pk                    4.52517e-10
xpwave.xota_pk.net1                   0.371126
xpwave.net_pk_cmp                  1.16348e-09
xpwave.xota_pk.net_tail               0.165873
f_pwave                              0.0160234
xpwave.net_pk_cmp_bar                      0.9
xpwave.xcpk.a                                0
xpwave.xcpk.b1                               0
xwidth.xota_wcmp.net1                 0.171633
xwidth.width_cmp_out                0.00987155
xwidth.xota_wcmp.net_tail           0.00972096
xwidth.qrs_gate_bar                        0.9
xwidth.width_gate_gated            1.41373e-10
xwidth.net_w_bias                          0.9
xwidth.net_w_sw                       0.226117
f_width                             0.00253791
xwidth.xcwidth.a                             0
xwidth.xcwidth.b1                            0
xsym.qrs_onset_bar                         0.9
xsym.rpeak_bar                             0.9
xsym.net_latch                     4.16118e-11
xsym.xclatch.a                               0
xsym.xclatch.b1                              0
xsym.net_latch_bar                         0.9
xsym.net_rise_bias                         0.9
xsym.net_rise_sw                      0.197215
xsym.rise_timer                    4.15428e-11
xsym.xcrise.a                                0
xsym.xcrise.b1                               0
rise_timer_out                     4.15428e-11
xsym.net_fall_bias                         0.9
xsym.net_fall_sw                      0.197215
xsym.fall_timer                     0.00253791
xsym.xcfall.a                                0
xsym.xcfall.b1                               0
fall_timer_out                      0.00253791
xsym.tail_s                         2.8926e-05
xsym.net_sy1                          0.399259
f_sym                                 0.396846
xslope.tail_sl                      2.8926e-05
xslope.net_sl1                        0.396846
f_slope                               0.399259
vpwave#branch                                0
vsym#branch                                  0
vqrs#branch                                  0
vrpeak#branch                                0
vecg2#branch                                 0
vecg#branch                                  0
vref#branch                                  0
vbias#branch                      -1.29081e-13
vss#branch                          8.0044e-10
vdd#branch                        -8.00312e-10


No. of Data Rows : 165233

  Measurements for Transient Analysis

f_rr_ratio_b0       =  1.309588e-01
f_rr_asym_b0        =  1.955743e-01
f_instab_l0_b0      =  1.616518e-01
f_instab_l1_b0      =  1.299584e-01
f_pwave_b0          =  4.026094e-01
f_width_b0          =  2.403024e-03
f_sym_b0            =  2.941156e-01
f_slope_b0          =  3.841897e-01
f_rr_ratio_b1       =  2.275126e-01
f_rr_asym_b1        =  3.521363e-01
f_instab_l0_b1      =  1.540297e-01
f_instab_l1_b1      =  1.298711e-01
f_pwave_b1          =  4.030532e-01
f_width_b1          =  7.165727e-02
f_sym_b1            =  2.838932e-01
f_slope_b1          =  3.938600e-01
f_rr_ratio_b2       =  2.275117e-01
f_rr_asym_b2        =  3.521354e-01
f_instab_l0_b2      =  1.642146e-01
f_instab_l1_b2      =  1.310628e-01
f_pwave_b2          =  3.999017e-01
f_width_b2          =  8.190924e-02
f_sym_b2            =  3.260818e-01
f_slope_b2          =  3.838710e-01
f_rr_ratio_b3       =  2.275766e-01
f_rr_asym_b3        =  3.522042e-01
f_instab_l0_b3      =  1.653148e-01
f_instab_l1_b3      =  1.347408e-01
f_pwave_b3          =  4.028972e-01
f_width_b3          =  7.014378e-02
f_sym_b3            =  3.792469e-01
f_slope_b3          =  3.869132e-01
f_rr_ratio_b4       =  2.275458e-01
f_rr_asym_b4        =  3.521715e-01
f_instab_l0_b4      =  1.600544e-01
f_instab_l1_b4      =  1.403794e-01
f_pwave_b4          =  4.022000e-01
f_width_b4          =  6.364218e-02
f_sym_b4            =  3.824812e-01
f_slope_b4          =  3.948258e-01
f_rr_ratio_b5       =  2.274743e-01
f_rr_asym_b5        =  3.520958e-01
f_instab_l0_b5      =  1.654019e-01
f_instab_l1_b5      =  1.354948e-01
f_pwave_b5          =  4.002906e-01
f_width_b5          =  9.331939e-02
f_sym_b5            =  3.850521e-01
f_slope_b5          =  3.870028e-01
f_rr_ratio_b6       =  2.273017e-01
f_rr_asym_b6        =  3.519130e-01
f_instab_l0_b6      =  1.644933e-01
f_instab_l1_b6      =  1.328025e-01
f_pwave_b6          =  4.000721e-01
f_width_b6          =  6.883656e-02
f_sym_b6            =  3.260879e-01
f_slope_b6          =  3.838758e-01
f_rr_ratio_b7       =  2.272427e-01
f_rr_asym_b7        =  3.518505e-01
f_instab_l0_b7      =  1.627687e-01
f_instab_l1_b7      =  1.321134e-01
f_pwave_b7          =  4.003137e-01
f_width_b7          =  5.932034e-02
f_sym_b7            =  3.044936e-01
f_slope_b7          =  3.840684e-01
f_rr_ratio_b8       =  2.274331e-01
f_rr_asym_b8        =  3.520521e-01
f_instab_l0_b8      =  1.578660e-01
f_instab_l1_b8      =  1.316558e-01
f_pwave_b8          =  3.997515e-01
f_width_b8          =  6.626046e-02
f_sym_b8            =  3.044936e-01
f_slope_b8          =  3.839043e-01
f_rr_ratio_b9       =  2.274330e-01
f_rr_asym_b9        =  3.520520e-01
f_instab_l0_b9      =  1.654489e-01
f_instab_l1_b9      =  1.358884e-01
f_pwave_b9          =  3.995654e-01
f_width_b9          =  7.560392e-02
f_sym_b9            =  3.783404e-01
f_slope_b9          =  3.870869e-01
f_rr_ratio_b10      =  2.274185e-01
f_rr_asym_b10       =  3.520367e-01
f_instab_l0_b10     =  1.633799e-01
f_instab_l1_b10     =  1.352588e-01
f_pwave_b10         =  4.022402e-01
f_width_b10         =  5.754239e-02
f_sym_b10           =  3.873026e-01
f_slope_b10         =  3.868742e-01
f_rr_ratio_b11      =  2.274872e-01
f_rr_asym_b11       =  3.521094e-01
f_instab_l0_b11     =  1.646813e-01
f_instab_l1_b11     =  1.362261e-01
f_pwave_b11         =  4.265054e-01
f_width_b11         =  7.048174e-02
f_sym_b11           =  3.260874e-01
f_slope_b11         =  3.838735e-01
f_rr_ratio_b12      =  2.274330e-01
f_rr_asym_b12       =  3.520521e-01
f_instab_l0_b12     =  1.613457e-01
f_instab_l1_b12     =  1.343570e-01
f_pwave_b12         =  4.012646e-01
f_width_b12         =  4.834466e-02
f_sym_b12           =  3.260825e-01
f_slope_b12         =  3.840824e-01
f_rr_ratio_b13      =  2.274744e-01
f_rr_asym_b13       =  3.520958e-01
f_instab_l0_b13     =  1.615368e-01
f_instab_l1_b13     =  1.335496e-01
f_pwave_b13         =  4.017287e-01
f_width_b13         =  6.138716e-02
f_sym_b13           =  3.151071e-01
f_slope_b13         =  3.838788e-01
f_rr_ratio_b14      =  2.275862e-01
f_rr_asym_b14       =  3.522144e-01
f_instab_l0_b14     =  1.628418e-01
f_instab_l1_b14     =  1.382049e-01
f_pwave_b14         =  4.004482e-01
f_width_b14         =  7.646683e-02
f_sym_b14           =  3.151069e-01
f_slope_b14         =  3.840216e-01
f_rr_ratio_b15      =  2.273878e-01
f_rr_asym_b15       =  3.520042e-01
f_instab_l0_b15     =  1.648332e-01
f_instab_l1_b15     =  1.458074e-01
f_pwave_b15         =  4.013122e-01
f_width_b15         =  6.027855e-02
f_sym_b15           =  3.787524e-01
f_slope_b15         =  3.869267e-01
f_rr_ratio_b16      =  2.273198e-01
f_rr_asym_b16       =  3.519321e-01
f_instab_l0_b16     =  1.603583e-01
f_instab_l1_b16     =  1.368802e-01
f_pwave_b16         =  4.014475e-01
f_width_b16         =  7.024618e-02
f_sym_b16           =  3.260799e-01
f_slope_b16         =  3.937802e-01
f_rr_ratio_b17      =  2.272629e-01
f_rr_asym_b17       =  3.518720e-01
f_instab_l0_b17     =  1.639885e-01
f_instab_l1_b17     =  1.332954e-01
f_pwave_b17         =  4.009051e-01
f_width_b17         =  7.745834e-02
f_sym_b17           =  3.151070e-01
f_slope_b17         =  3.840306e-01
f_rr_ratio_b18      =  2.272004e-01
f_rr_asym_b18       =  3.518058e-01
f_instab_l0_b18     =  1.630668e-01
f_instab_l1_b18     =  1.321522e-01
f_pwave_b18         =  4.031648e-01
f_width_b18         =  3.957731e-02
f_sym_b18           =  2.941136e-01
f_slope_b18         =  3.841321e-01
f_rr_ratio_b19      =  2.273016e-01
f_rr_asym_b19       =  3.519129e-01
f_instab_l0_b19     =  1.641815e-01
f_instab_l1_b19     =  1.334533e-01
f_pwave_b19         =  4.020146e-01
f_width_b19         =  4.623539e-02
f_sym_b19           =  3.151069e-01
f_slope_b19         =  3.838749e-01
f_rr_ratio_b20      =  2.273714e-01
f_rr_asym_b20       =  3.519868e-01
f_instab_l0_b20     =  1.608659e-01
f_instab_l1_b20     =  1.335575e-01
f_pwave_b20         =  4.023719e-01
f_width_b20         =  3.884296e-02
f_sym_b20           =  3.260748e-01
f_slope_b20         =  3.938384e-01
f_rr_ratio_b21      =  2.275235e-01
f_rr_asym_b21       =  3.521478e-01
f_instab_l0_b21     =  1.594392e-01
f_instab_l1_b21     =  1.319163e-01
f_pwave_b21         =  3.995463e-01
f_width_b21         =  6.997563e-02
f_sym_b21           =  3.260751e-01
f_slope_b21         =  3.937895e-01
f_rr_ratio_b22      =  2.274743e-01
f_rr_asym_b22       =  3.520957e-01
f_instab_l0_b22     =  1.514630e-01
f_instab_l1_b22     =  1.313805e-01
f_pwave_b22         =  4.003175e-01
f_width_b22         =  5.820504e-02
f_sym_b22           =  3.150991e-01
f_slope_b22         =  3.938179e-01
f_rr_ratio_b23      =  2.275667e-01
f_rr_asym_b23       =  3.521937e-01
f_instab_l0_b23     =  1.570772e-01
f_instab_l1_b23     =  1.289257e-01
f_pwave_b23         =  4.011172e-01
f_width_b23         =  6.555191e-02
f_sym_b23           =  2.941134e-01
f_slope_b23         =  3.839500e-01
f_rr_ratio_b24      =  2.274184e-01
f_rr_asym_b24       =  3.520366e-01
f_instab_l0_b24     =  1.636225e-01
f_instab_l1_b24     =  1.308891e-01
f_pwave_b24         =  4.020836e-01
f_width_b24         =  4.607850e-02
f_sym_b24           =  3.044934e-01
f_slope_b24         =  3.840757e-01
f_rr_ratio_b25      =  2.271314e-01
f_rr_asym_b25       =  3.517328e-01
f_instab_l0_b25     =  1.508841e-01
f_instab_l1_b25     =  1.295199e-01
f_pwave_b25         =  4.020999e-01
f_width_b25         =  4.117670e-02
f_sym_b25           =  2.840478e-01
f_slope_b25         =  3.939206e-01
f_rr_ratio_b26      =  2.271558e-01
f_rr_asym_b26       =  3.517586e-01
f_instab_l0_b26     =  1.633713e-01
f_instab_l1_b26     =  1.295170e-01
f_pwave_b26         =  3.999417e-01
f_width_b26         =  6.656241e-02
f_sym_b26           =  2.941133e-01
f_slope_b26         =  3.839261e-01
f_rr_ratio_b27      =  2.272215e-01
f_rr_asym_b27       =  3.518282e-01
f_instab_l0_b27     =  1.632737e-01
f_instab_l1_b27     =  1.297004e-01
f_pwave_b27         =  4.016182e-01
f_width_b27         =  5.750563e-02
f_sym_b27           =  3.260735e-01
f_slope_b27         =  3.937887e-01
f_rr_ratio_b28      =  2.273374e-01
f_rr_asym_b28       =  3.519508e-01
f_instab_l0_b28     =  1.631927e-01
f_instab_l1_b28     =  1.325731e-01
f_pwave_b28         =  4.020617e-01
f_width_b28         =  8.123190e-02
f_sym_b28           =  3.780473e-01
f_slope_b28         =  3.855513e-01
f_rr_ratio_b29      =  2.274184e-01
f_rr_asym_b29       =  3.520365e-01
f_instab_l0_b29     =  1.617535e-01
f_instab_l1_b29     =  1.306742e-01
f_pwave_b29         =  4.030590e-01
f_width_b29         =  7.884868e-02
f_sym_b29           =  3.151082e-01
f_slope_b29         =  3.838556e-01
f_rr_ratio_b30      =  2.273876e-01
f_rr_asym_b30       =  3.520039e-01
f_instab_l0_b30     =  1.511559e-01
f_instab_l1_b30     =  1.313496e-01
f_pwave_b30         =  4.024988e-01
f_width_b30         =  5.245428e-02
f_sym_b30           =  2.941069e-01
f_slope_b30         =  3.938568e-01
f_rr_ratio_b31      =  2.273016e-01
f_rr_asym_b31       =  3.519129e-01
f_instab_l0_b31     =  1.620510e-01
f_instab_l1_b31     =  1.292081e-01
f_pwave_b31         =  4.031065e-01
f_width_b31         =  7.288829e-02
f_sym_b31           =  3.044928e-01
f_slope_b31         =  3.840505e-01
f_rr_ratio_b32      =  2.275235e-01
f_rr_asym_b32       =  3.521478e-01
f_instab_l0_b32     =  1.309567e-01
f_instab_l1_b32     =  1.294879e-01
f_pwave_b32         =  4.022868e-01
f_width_b32         =  4.017084e-02
f_sym_b32           =  3.150997e-01
f_slope_b32         =  3.938571e-01
f_rr_ratio_b33      =  2.274034e-01
f_rr_asym_b33       =  3.520207e-01
f_instab_l0_b33     =  1.617264e-01
f_instab_l1_b33     =  1.307267e-01
f_pwave_b33         =  4.029453e-01
f_width_b33         =  5.117257e-02
f_sym_b33           =  3.151705e-01
f_slope_b33         =  3.838949e-01
f_rr_ratio_b34      =  2.273562e-01
f_rr_asym_b34       =  3.519706e-01
f_instab_l0_b34     =  1.643869e-01
f_instab_l1_b34     =  1.308929e-01
f_pwave_b34         =  3.990478e-01
f_width_b34         =  6.633006e-02
f_sym_b34           =  3.044936e-01
f_slope_b34         =  3.840425e-01
f_rr_ratio_b35      =  2.272429e-01
f_rr_asym_b35       =  3.518507e-01
f_instab_l0_b35     =  1.567895e-01
f_instab_l1_b35     =  1.295785e-01
f_pwave_b35         =  3.975078e-01
f_width_b35         =  5.017184e-02
f_sym_b35           =  3.044866e-01
f_slope_b35         =  3.938175e-01
f_rr_ratio_b36      =  2.273015e-01
f_rr_asym_b36       =  3.519128e-01
f_instab_l0_b36     =  1.646868e-01
f_instab_l1_b36     =  1.344074e-01
f_pwave_b36         =  3.967234e-01
f_width_b36         =  7.116667e-02
f_sym_b36           =  3.151069e-01
f_slope_b36         =  3.838667e-01
f_rr_ratio_b37      =  2.274610e-01
f_rr_asym_b37       =  3.520816e-01
f_instab_l0_b37     =  1.625383e-01
f_instab_l1_b37     =  1.313460e-01
f_pwave_b37         =  3.986265e-01
f_width_b37         =  4.232054e-02
f_sym_b37           =  3.152272e-01
f_slope_b37         =  3.838939e-01
f_rr_ratio_b38      =  2.273211e-01
f_rr_asym_b38       =  3.519335e-01
f_instab_l0_b38     =  1.648428e-01
f_instab_l1_b38     =  1.327155e-01
f_pwave_b38         =  3.981094e-01
f_width_b38         =  5.392393e-02
f_sym_b38           =  3.260822e-01
f_slope_b38         =  3.840462e-01
f_rr_ratio_b39      =  2.272631e-01
f_rr_asym_b39       =  3.518721e-01
f_instab_l0_b39     =  1.511291e-01
f_instab_l1_b39     =  1.307534e-01
f_pwave_b39         =  3.990872e-01
f_width_b39         =  4.477825e-02
f_sym_b39           =  2.941765e-01
f_slope_b39         =  3.938645e-01
f_rr_ratio_b40      =  2.273888e-01
f_rr_asym_b40       =  3.520052e-01
f_instab_l0_b40     =  1.549124e-01
f_instab_l1_b40     =  1.303306e-01
f_pwave_b40         =  4.025228e-01
f_width_b40         =  7.978261e-02
f_sym_b40           =  2.941066e-01
f_slope_b40         =  3.937946e-01
f_rr_ratio_b41      =  2.273198e-01
f_rr_asym_b41       =  3.519321e-01
f_instab_l0_b41     =  1.641459e-01
f_instab_l1_b41     =  1.307803e-01
f_pwave_b41         =  4.023461e-01
f_width_b41         =  5.604279e-02
f_sym_b41           =  3.151069e-01
f_slope_b41         =  3.838637e-01
f_rr_ratio_b42      =  2.274742e-01
f_rr_asym_b42       =  3.520956e-01
f_instab_l0_b42     =  1.608349e-01
f_instab_l1_b42     =  1.297488e-01
f_pwave_b42         =  4.017817e-01
f_width_b42         =  4.410320e-02
f_sym_b42           =  3.046256e-01
f_slope_b42         =  3.839211e-01
f_rr_ratio_b43      =  2.271565e-01
f_rr_asym_b43       =  3.517594e-01
f_instab_l0_b43     =  1.595084e-01
f_instab_l1_b43     =  1.298703e-01
f_pwave_b43         =  4.037930e-01
f_width_b43         =  3.554263e-02
f_sym_b43           =  2.941136e-01
f_slope_b43         =  3.839992e-01
f_rr_ratio_b44      =  2.268123e-01
f_rr_asym_b44       =  3.513951e-01
f_instab_l0_b44     =  1.639481e-01
f_instab_l1_b44     =  1.327075e-01
f_pwave_b44         =  4.005389e-01
f_width_b44         =  5.154553e-02
f_sym_b44           =  3.044935e-01
f_slope_b44         =  3.838926e-01
f_rr_ratio_b45      =  2.269099e-01
f_rr_asym_b45       =  3.514984e-01
f_instab_l0_b45     =  1.635612e-01
f_instab_l1_b45     =  1.308917e-01
f_pwave_b45         =  3.973911e-01
f_width_b45         =  9.394529e-02
f_sym_b45           =  3.260822e-01
f_slope_b45         =  3.838636e-01
f_rr_ratio_b46      =  2.271999e-01
f_rr_asym_b46       =  3.518052e-01
f_instab_l0_b46     =  1.577578e-01
f_instab_l1_b46     =  1.298367e-01
f_pwave_b46         =  4.020287e-01
f_width_b46         =  4.527172e-02
f_sym_b46           =  3.150999e-01
f_slope_b46         =  3.938162e-01
f_rr_ratio_b47      =  2.273377e-01
f_rr_asym_b47       =  3.519511e-01
f_instab_l0_b47     =  1.594833e-01
f_instab_l1_b47     =  1.307269e-01
f_pwave_b47         =  4.024192e-01
f_width_b47         =  5.285137e-02
f_sym_b47           =  3.044935e-01
f_slope_b47         =  3.840954e-01
f_rr_ratio_b48      =  2.273017e-01
f_rr_asym_b48       =  3.519130e-01
f_instab_l0_b48     =  1.582418e-01
f_instab_l1_b48     =  1.294647e-01
f_pwave_b48         =  4.038377e-01
f_width_b48         =  6.163379e-02
f_sym_b48           =  3.152283e-01
f_slope_b48         =  3.838925e-01
f_rr_ratio_b49      =  2.273211e-01
f_rr_asym_b49       =  3.519335e-01
f_instab_l0_b49     =  1.503049e-01
f_instab_l1_b49     =  1.296976e-01
f_pwave_b49         =  3.991745e-01
f_width_b49         =  4.724748e-02
f_sym_b49           =  2.941071e-01
f_slope_b49         =  3.940083e-01
f_rr_ratio_b50      =  2.274744e-01
f_rr_asym_b50       =  3.520958e-01
f_instab_l0_b50     =  1.570606e-01
f_instab_l1_b50     =  1.310963e-01
f_pwave_b50         =  3.968099e-01
f_width_b50         =  5.838076e-02
f_sym_b50           =  2.941351e-01
f_slope_b50         =  3.839639e-01
f_rr_ratio_b51      =  2.274343e-01
f_rr_asym_b51       =  3.520533e-01
f_instab_l0_b51     =  1.647491e-01
f_instab_l1_b51     =  1.306480e-01
f_pwave_b51         =  4.006985e-01
f_width_b51         =  8.247573e-02
f_sym_b51           =  3.151060e-01
f_slope_b51         =  3.840318e-01
f_rr_ratio_b52      =  2.270554e-01
f_rr_asym_b52       =  3.516523e-01
f_instab_l0_b52     =  1.577056e-01
f_instab_l1_b52     =  1.309225e-01
f_pwave_b52         =  4.015672e-01
f_width_b52         =  4.436719e-02
f_sym_b52           =  3.044870e-01
f_slope_b52         =  3.938241e-01
f_rr_ratio_b53      =  2.272218e-01
f_rr_asym_b53       =  3.518285e-01
f_instab_l0_b53     =  1.643950e-01
f_instab_l1_b53     =  1.326239e-01
f_pwave_b53         =  3.990095e-01
f_width_b53         =  7.779323e-02
f_sym_b53           =  3.151069e-01
f_slope_b53         =  3.838610e-01
f_rr_ratio_b54      =  2.272218e-01
f_rr_asym_b54       =  3.518284e-01
f_instab_l0_b54     =  1.616759e-01
f_instab_l1_b54     =  1.307533e-01
f_pwave_b54         =  3.991172e-01
f_width_b54         =  4.460443e-02
f_sym_b54           =  3.045280e-01
f_slope_b54         =  3.839249e-01
f_rr_ratio_b55      =  2.273889e-01
f_rr_asym_b55       =  3.520053e-01
f_instab_l0_b55     =  1.576453e-01
f_instab_l1_b55     =  1.296374e-01
f_pwave_b55         =  4.034552e-01
f_width_b55         =  5.600483e-02
f_sym_b55           =  2.942962e-01
f_slope_b55         =  3.839666e-01
f_rr_ratio_b56      =  2.273726e-01
f_rr_asym_b56       =  3.519880e-01
f_instab_l0_b56     =  1.614443e-01
f_instab_l1_b56     =  1.295331e-01
f_pwave_b56         =  4.028116e-01
f_width_b56         =  4.742026e-02
f_sym_b56           =  2.840721e-01
f_slope_b56         =  3.840301e-01
f_rr_ratio_b57      =  2.273555e-01
f_rr_asym_b57       =  3.519699e-01
f_instab_l0_b57     =  1.603749e-01
f_instab_l1_b57     =  1.318785e-01
f_pwave_b57         =  4.030371e-01
f_width_b57         =  4.691960e-02
f_sym_b57           =  3.153077e-01
f_slope_b57         =  3.839005e-01
f_rr_ratio_b58      =  2.274751e-01
f_rr_asym_b58       =  3.520966e-01
f_instab_l0_b58     =  1.570450e-01
f_instab_l1_b58     =  1.373745e-01
f_pwave_b58         =  4.027280e-01
f_width_b58         =  5.062733e-02
f_sym_b58           =  3.044937e-01
f_slope_b58         =  3.839306e-01
f_rr_ratio_b59      =  2.274743e-01
f_rr_asym_b59       =  3.520958e-01
f_instab_l0_b59     =  1.494141e-01
f_instab_l1_b59     =  1.331427e-01
f_pwave_b59         =  4.018662e-01
f_width_b59         =  4.921694e-02
f_sym_b59           =  2.941396e-01
f_slope_b59         =  3.938600e-01
f_rr_ratio_b60      =  2.276388e-01
f_rr_asym_b60       =  3.522701e-01
f_instab_l0_b60     =  1.597206e-01
f_instab_l1_b60     =  1.327050e-01
f_pwave_b60         =  4.034552e-01
f_width_b60         =  5.518332e-02
f_sym_b60           =  3.044935e-01
f_slope_b60         =  3.839070e-01
f_rr_ratio_b61      =  2.274611e-01
f_rr_asym_b61       =  3.520818e-01
f_instab_l0_b61     =  1.606018e-01
f_instab_l1_b61     =  1.341237e-01
f_pwave_b61         =  4.028528e-01
f_width_b61         =  2.897904e-02
f_sym_b61           =  3.044939e-01
f_slope_b61         =  3.839563e-01
f_rr_ratio_b62      =  2.272220e-01
f_rr_asym_b62       =  3.518287e-01
f_instab_l0_b62     =  1.552644e-01
f_instab_l1_b62     =  1.305730e-01
f_pwave_b62         =  4.000374e-01
f_width_b62         =  5.818609e-02
f_sym_b62           =  2.941137e-01
f_slope_b62         =  3.839766e-01
f_rr_ratio_b63      =  2.273198e-01
f_rr_asym_b63       =  3.519322e-01
f_instab_l0_b63     =  1.642476e-01
f_instab_l1_b63     =  1.325286e-01
f_pwave_b63         =  4.032955e-01
f_width_b63         =  6.810854e-02
f_sym_b63           =  2.941140e-01
f_slope_b63         =  3.839208e-01
f_rr_ratio_b64      =  2.274471e-01
f_rr_asym_b64       =  3.520669e-01
f_instab_l0_b64     =  1.648161e-01
f_instab_l1_b64     =  1.311567e-01
f_pwave_b64         =  4.009211e-01
f_width_b64         =  4.955001e-02
f_sym_b64           =  3.781055e-01
f_slope_b64         =  3.869891e-01
f_rr_ratio_b65      =  2.272825e-01
f_rr_asym_b65       =  3.518927e-01
f_instab_l0_b65     =  1.650860e-01
f_instab_l1_b65     =  1.300988e-01
f_pwave_b65         =  4.016178e-01
f_width_b65         =  7.744540e-02
f_sym_b65           =  3.825115e-01
f_slope_b65         =  3.855148e-01
f_rr_ratio_b66      =  2.274470e-01
f_rr_asym_b66       =  3.520668e-01
f_instab_l0_b66     =  1.652275e-01
f_instab_l1_b66     =  1.293320e-01
f_pwave_b66         =  4.029390e-01
f_width_b66         =  9.743820e-02
f_sym_b66           =  3.851027e-01
f_slope_b66         =  3.868501e-01
f_rr_ratio_b67      =  2.274753e-01
f_rr_asym_b67       =  3.520968e-01
f_instab_l0_b67     =  1.586174e-01
f_instab_l1_b67     =  1.297490e-01
f_pwave_b67         =  4.033410e-01
f_width_b67         =  4.933999e-02
f_sym_b67           =  3.044945e-01
f_slope_b67         =  3.840936e-01
f_rr_ratio_b68      =  2.275667e-01
f_rr_asym_b68       =  3.521937e-01
f_instab_l0_b68     =  1.616548e-01
f_instab_l1_b68     =  1.322789e-01
f_pwave_b68         =  3.999948e-01
f_width_b68         =  7.313160e-02
f_sym_b68           =  3.260820e-01
f_slope_b68         =  3.840518e-01
f_rr_ratio_b69      =  2.275458e-01
f_rr_asym_b69       =  3.521715e-01
f_instab_l0_b69     =  1.610247e-01
f_instab_l1_b69     =  1.334466e-01
f_pwave_b69         =  3.995573e-01
f_width_b69         =  6.376432e-02
f_sym_b69           =  3.376203e-01
f_slope_b69         =  3.841205e-01
f_rr_ratio_b70      =  2.273378e-01
f_rr_asym_b70       =  3.519513e-01
f_instab_l0_b70     =  1.648535e-01
f_instab_l1_b70     =  1.300567e-01
f_pwave_b70         =  4.025834e-01
f_width_b70         =  4.593766e-02
f_sym_b70           =  3.044943e-01
f_slope_b70         =  3.838919e-01
f_rr_ratio_b71      =  2.273375e-01
f_rr_asym_b71       =  3.519509e-01
f_instab_l0_b71     =  1.617181e-01
f_instab_l1_b71     =  1.304504e-01
f_pwave_b71         =  3.986285e-01
f_width_b71         =  4.815273e-02
f_sym_b71           =  3.151529e-01
f_slope_b71         =  3.838933e-01
f_rr_ratio_b72      =  2.273030e-01
f_rr_asym_b72       =  3.519144e-01
f_instab_l0_b72     =  1.602148e-01
f_instab_l1_b72     =  1.314821e-01
f_pwave_b72         =  4.025709e-01
f_width_b72         =  5.347217e-02
f_sym_b72           =  3.151068e-01
f_slope_b72         =  3.840716e-01
f_rr_ratio_b73      =  2.274185e-01
f_rr_asym_b73       =  3.520367e-01
f_instab_l0_b73     =  1.574871e-01
f_instab_l1_b73     =  1.304999e-01
f_pwave_b73         =  4.027343e-01
f_width_b73         =  7.969290e-02
f_sym_b73           =  2.941073e-01
f_slope_b73         =  3.937937e-01
f_rr_ratio_b74      =  2.274472e-01
f_rr_asym_b74       =  3.520670e-01
f_instab_l0_b74     =  1.595084e-01
f_instab_l1_b74     =  1.304273e-01
f_pwave_b74         =  4.027987e-01
f_width_b74         =  7.004721e-02
f_sym_b74           =  3.044935e-01
f_slope_b74         =  3.838923e-01
f_rr_ratio_b75      =  2.274609e-01
f_rr_asym_b75       =  3.520816e-01
f_instab_l0_b75     =  1.609699e-01
f_instab_l1_b75     =  1.331853e-01
f_pwave_b75         =  4.026713e-01
f_width_b75         =  5.366970e-02
f_sym_b75           =  3.044936e-01
f_slope_b75         =  3.839067e-01
f_rr_ratio_b76      =  2.275457e-01
f_rr_asym_b76       =  3.521714e-01
f_instab_l0_b76     =  1.642080e-01
f_instab_l1_b76     =  1.376373e-01
f_pwave_b76         =  4.009098e-01
f_width_b76         =  8.469328e-02
f_sym_b76           =  3.376183e-01
f_slope_b76         =  3.839203e-01
f_rr_ratio_b77      =  2.274743e-01
f_rr_asym_b77       =  3.520957e-01
f_instab_l0_b77     =  1.614218e-01
f_instab_l1_b77     =  1.361774e-01
f_pwave_b77         =  4.021514e-01
f_width_b77         =  3.944919e-02
f_sym_b77           =  3.151072e-01
f_slope_b77         =  3.839133e-01
f_rr_ratio_b78      =  2.274872e-01
f_rr_asym_b78       =  3.521094e-01
f_instab_l0_b78     =  1.473272e-01
f_instab_l1_b78     =  1.331420e-01
f_pwave_b78         =  4.034655e-01
f_width_b78         =  5.914470e-02
f_sym_b78           =  2.941069e-01
f_slope_b78         =  3.938527e-01
f_rr_ratio_b79      =  2.278051e-01
f_rr_asym_b79       =  3.524470e-01
f_instab_l0_b79     =  1.408905e-01
f_instab_l1_b79     =  1.294247e-01
f_pwave_b79         =  4.021462e-01
f_width_b79         =  8.348716e-02
f_sym_b79           =  2.942877e-01
f_slope_b79         =  3.938218e-01


Total analysis time (seconds) = 166.952

Total elapsed time (seconds) = 197.462 

Total DRAM available = 15982.191 MB.
DRAM currently available = 3121.996 MB.
Maximum ngspice program size =  169.531 MB.
Current ngspice program size =  168.336 MB.

