Using SPARSE 1.3 as Direct Linear Solver

Note: No compatibility mode selected!


Circuit: OTA-C LPF AC Test Vbias=0.450

Doing analysis at TEMP = 27.000000 and TNOM = 27.000000


No. of Data Rows : 121
                         OTA-C LPF AC Test Vbias=0.450
                         AC Analysis  Wed Sep 30 21:23:53  2026
--------------------------------------------------------------------------------
Index   frequency       vm(out)         
--------------------------------------------------------------------------------
0	1.000000e-01	9.286786e-03	
1	1.079775e-01	9.286786e-03	
2	1.165914e-01	9.286786e-03	
3	1.258925e-01	9.286786e-03	
4	1.359356e-01	9.286785e-03	
5	1.467799e-01	9.286785e-03	
6	1.584893e-01	9.286785e-03	
7	1.711328e-01	9.286785e-03	
8	1.847850e-01	9.286785e-03	
9	1.995262e-01	9.286784e-03	
10	2.154435e-01	9.286784e-03	
11	2.326305e-01	9.286784e-03	
12	2.511886e-01	9.286783e-03	
13	2.712273e-01	9.286782e-03	
14	2.928645e-01	9.286782e-03	
15	3.162278e-01	9.286781e-03	
16	3.414549e-01	9.286780e-03	
17	3.686945e-01	9.286779e-03	
18	3.981072e-01	9.286778e-03	
19	4.298662e-01	9.286777e-03	
20	4.641589e-01	9.286775e-03	
21	5.011872e-01	9.286773e-03	
22	5.411695e-01	9.286771e-03	
23	5.843414e-01	9.286768e-03	
24	6.309573e-01	9.286765e-03	
25	6.812921e-01	9.286762e-03	
26	7.356423e-01	9.286757e-03	
27	7.943282e-01	9.286753e-03	
28	8.576959e-01	9.286747e-03	
29	9.261187e-01	9.286740e-03	
30	1.000000e+00	9.286733e-03	
31	1.079775e+00	9.286724e-03	
32	1.165914e+00	9.286714e-03	
33	1.258925e+00	9.286702e-03	
34	1.359356e+00	9.286687e-03	
35	1.467799e+00	9.286671e-03	
36	1.584893e+00	9.286652e-03	
37	1.711328e+00	9.286630e-03	
38	1.847850e+00	9.286604e-03	
39	1.995262e+00	9.286573e-03	
40	2.154435e+00	9.286538e-03	
41	2.326305e+00	9.286497e-03	
42	2.511886e+00	9.286449e-03	
43	2.712273e+00	9.286393e-03	
44	2.928645e+00	9.286327e-03	
45	3.162278e+00	9.286251e-03	
46	3.414549e+00	9.286162e-03	
47	3.686945e+00	9.286059e-03	
48	3.981072e+00	9.285938e-03	
49	4.298662e+00	9.285797e-03	
50	4.641589e+00	9.285633e-03	
51	5.011872e+00	9.285442e-03	
52	5.411695e+00	9.285219e-03	
53	5.843414e+00	9.284959e-03	
54	6.309573e+00	9.284655e-03	

Index   frequency       vm(out)         
--------------------------------------------------------------------------------
55	6.812921e+00	9.284302e-03	
56	7.356423e+00	9.283890e-03	
57	7.943282e+00	9.283410e-03	
58	8.576959e+00	9.282850e-03	
59	9.261187e+00	9.282197e-03	
60	1.000000e+01	9.281436e-03	
61	1.079775e+01	9.280550e-03	
62	1.165914e+01	9.279516e-03	
63	1.258925e+01	9.278311e-03	
64	1.359356e+01	9.276907e-03	
65	1.467799e+01	9.275271e-03	
66	1.584893e+01	9.273365e-03	
67	1.711328e+01	9.271144e-03	
68	1.847850e+01	9.268556e-03	
69	1.995262e+01	9.265542e-03	
70	2.154435e+01	9.262031e-03	
71	2.326305e+01	9.257943e-03	
72	2.511886e+01	9.253184e-03	
73	2.712273e+01	9.247644e-03	
74	2.928645e+01	9.241197e-03	
75	3.162278e+01	9.233698e-03	
76	3.414549e+01	9.224978e-03	
77	3.686945e+01	9.214841e-03	
78	3.981072e+01	9.203066e-03	
79	4.298662e+01	9.189393e-03	
80	4.641589e+01	9.173529e-03	
81	5.011872e+01	9.155135e-03	
82	5.411695e+01	9.133829e-03	
83	5.843414e+01	9.109175e-03	
84	6.309573e+01	9.080681e-03	
85	6.812921e+01	9.047795e-03	
86	7.356423e+01	9.009900e-03	
87	7.943282e+01	8.966313e-03	
88	8.576959e+01	8.916284e-03	
89	9.261187e+01	8.858998e-03	
90	1.000000e+02	8.793583e-03	
91	1.079775e+02	8.719113e-03	
92	1.165914e+02	8.634631e-03	
93	1.258925e+02	8.539167e-03	
94	1.359356e+02	8.431763e-03	
95	1.467799e+02	8.311514e-03	
96	1.584893e+02	8.177606e-03	
97	1.711328e+02	8.029363e-03	
98	1.847850e+02	7.866301e-03	
99	1.995262e+02	7.688175e-03	
100	2.154435e+02	7.495026e-03	
101	2.326305e+02	7.287219e-03	
102	2.511886e+02	7.065464e-03	
103	2.712273e+02	6.830827e-03	
104	2.928645e+02	6.584705e-03	
105	3.162278e+02	6.328800e-03	
106	3.414549e+02	6.065056e-03	
107	3.686945e+02	5.795590e-03	
108	3.981072e+02	5.522613e-03	
109	4.298662e+02	5.248347e-03	
110	4.641589e+02	4.974949e-03	
111	5.011872e+02	4.704439e-03	
112	5.411695e+02	4.438650e-03	

Index   frequency       vm(out)         
--------------------------------------------------------------------------------
113	5.843414e+02	4.179186e-03	
114	6.309573e+02	3.927405e-03	
115	6.812921e+02	3.684405e-03	
116	7.356423e+02	3.451037e-03	
117	7.943282e+02	3.227912e-03	
118	8.576959e+02	3.015428e-03	
119	9.261187e+02	2.813793e-03	
120	1.000000e+03	2.623054e-03	


Total analysis time (seconds) = 0.007

Total elapsed time (seconds) = 8.610 

Total DRAM available = 15982.191 MB.
DRAM currently available = 1494.691 MB.
Maximum ngspice program size =   42.609 MB.
Current ngspice program size =   41.555 MB.

