Using SPARSE 1.3 as Direct Linear Solver

Note: No compatibility mode selected!


Circuit: nmos_sweep

Doing analysis at TEMP = 27.000000 and TNOM = 27.000000


Initial Transient Solution
--------------------------

Node                                   Voltage
----                                   -------
vdd                                        0.9
vss                                          0
pre_ctl                                    0.9
gate0                                        0
cap0                                  0.900022
pre_bar                             9.0827e-11
xc0.a                                        0
xc0.b1                                       0
gate1                                     0.05
cap1                                  0.900022
xc1.a                                        0
xc1.b1                                       0
gate2                                     0.08
cap2                                  0.900022
xc2.a                                        0
xc2.b1                                       0
gate3                                      0.1
cap3                                  0.900022
xc3.a                                        0
xc3.b1                                       0
gate4                                     0.12
cap4                                  0.900022
xc4.a                                        0
xc4.b1                                       0
gate5                                     0.15
cap5                                  0.900022
xc5.a                                        0
xc5.b1                                       0
gate6                                     0.18
cap6                                  0.900022
xc6.a                                        0
xc6.b1                                       0
gate7                                      0.2
cap7                                  0.900022
xc7.a                                        0
xc7.b1                                       0
gate8                                     0.22
cap8                                  0.900021
xc8.a                                        0
xc8.b1                                       0
gate9                                     0.25
cap9                                   0.90002
xc9.a                                        0
xc9.b1                                       0
gate10                                    0.28
cap10                                 0.900017
xc10.a                                       0
xc10.b1                                      0
gate11                                     0.3
cap11                                 0.900014
xc11.a                                       0
xc11.b1                                      0
gate12                                    0.35
cap12                                 0.899993
xc12.a                                       0
xc12.b1                                      0
vg12#branch                                  0
vg11#branch                                  0
vg10#branch                                  0
vg9#branch                                   0
vg8#branch                                   0
vg7#branch                                   0
vg6#branch                                   0
vg5#branch                                   0
vg4#branch                                   0
vg3#branch                                   0
vg2#branch                                   0
vg1#branch                                   0
vg0#branch                                   0
vpre#branch                                  0
vss#branch                         2.49098e-10
vdd#branch                        -2.49097e-10


No. of Data Rows : 10014

  Measurements for Transient Analysis

v0_2                =  9.000232e-01
v0_10               =  9.000220e-01
v0_50               =  9.000159e-01
v0_100              =  9.000084e-01
v0_500              =  8.999478e-01
v0_1000             =  8.998721e-01
v1_2                =  9.000230e-01
v1_10               =  9.000197e-01
v1_50               =  9.000033e-01
v1_100              =  8.999828e-01
v1_500              =  8.998188e-01
v1_1000             =  8.996139e-01
v2_2                =  9.000226e-01
v2_10               =  9.000159e-01
v2_50               =  8.999828e-01
v2_100              =  8.999413e-01
v2_500              =  8.996099e-01
v2_1000             =  8.991958e-01
v3_2                =  9.000220e-01
v3_10               =  9.000112e-01
v3_50               =  8.999570e-01
v3_100              =  8.998892e-01
v3_500              =  8.993474e-01
v3_1000             =  8.986706e-01
v4_2                =  9.000212e-01
v4_10               =  9.000033e-01
v4_50               =  8.999138e-01
v4_100              =  8.998019e-01
v4_500              =  8.989072e-01
v4_1000             =  8.977896e-01
v5_2                =  9.000187e-01
v5_10               =  8.999803e-01
v5_50               =  8.997884e-01
v5_100              =  8.995485e-01
v5_500              =  8.976302e-01
v5_1000             =  8.952343e-01
v6_2                =  9.000133e-01
v6_10               =  8.999305e-01
v6_50               =  8.995168e-01
v6_100              =  8.989997e-01
v6_500              =  8.948647e-01
v6_1000             =  8.897012e-01
v7_2                =  9.000066e-01
v7_10               =  8.998684e-01
v7_50               =  8.991774e-01
v7_100              =  8.983138e-01
v7_500              =  8.914096e-01
v7_1000             =  8.827899e-01
v8_2                =  8.999953e-01
v8_10               =  8.997646e-01
v8_50               =  8.986113e-01
v8_100              =  8.971698e-01
v8_500              =  8.856486e-01
v8_1000             =  8.712706e-01
v9_2                =  8.999631e-01
v9_10               =  8.994667e-01
v9_50               =  8.969855e-01
v9_100              =  8.938850e-01
v9_500              =  8.691189e-01
v9_1000             =  8.382511e-01
v10_2               =  8.998942e-01
v10_10              =  8.988315e-01
v10_50              =  8.935198e-01
v10_100             =  8.868842e-01
v10_500             =  8.339567e-01
v10_1000            =  7.681770e-01
v11_2               =  8.998097e-01
v11_10              =  8.980510e-01
v11_50              =  8.892622e-01
v11_100             =  8.782869e-01
v11_500             =  7.909016e-01
v11_1000            =  6.826900e-01
v12_2               =  8.992844e-01
v12_10              =  8.932042e-01
v12_50              =  8.628555e-01
v12_100             =  8.250417e-01
v12_500             =  5.273425e-01
v12_1000            =  1.673567e-01


Total analysis time (seconds) = 1.258

Total elapsed time (seconds) = 7.729 

Total DRAM available = 15982.191 MB.
DRAM currently available = 2017.176 MB.
Maximum ngspice program size =   59.605 MB.
Current ngspice program size =   59.605 MB.

