Using SPARSE 1.3 as Direct Linear Solver

Note: No compatibility mode selected!


Circuit: diag_sym_debug

Doing analysis at TEMP = 27.000000 and TNOM = 27.000000


Initial Transient Solution
--------------------------

Node                                   Voltage
----                                   -------
vdd                                        0.9
vss                                          0
vbias                                     0.35
qrs_onset                                    0
peak_detect                                  0
rpeak_trigger                                0
width_voltage                             0.05
peak_detect_bar                            0.9
net_sym_bias                               0.9
net_sym_sw                             0.17721
net_sym                             0.00253791
xcsym.a                                      0
xcsym.b1                                     0
sym_timer_out                       0.00253791
net_sy1                                0.39681
sym_out                             0.00920794
vwidth#branch                                0
vrpeak#branch                                0
vpeak#branch                                 0
vonset#branch                                0
vbias#branch                                 0
vss#branch                         4.60549e-13
vdd#branch                        -4.60566e-13


No. of Data Rows : 7034

  Measurements for Transient Analysis

bias_t400           =  9.000000e-01
timer_t400          =  2.537913e-03
sw_t400             =  1.772104e-01
bias_t465           =  1.589083e-01
timer_t465          =  7.731614e-02
sw_t465             =  1.465644e-07
bias_t480           =  1.589083e-01
timer_t480          =  3.075901e-01
bias_t495           =  1.589085e-01
timer_t495          =  5.352430e-01
sym_t495            =  8.999971e-01
timer_t505          =  4.150673e-02
bias_t505           =  1.589083e-01
timer_t550          =  5.833907e-01
sym_t550            =  8.999971e-01
timer_ramp_start    =  3.110565e-02
timer_ramp_end      =  1.849438e-01
pkbar_t465          =  9.000000e-01
onset_t465          =  9.000000e-01


Total analysis time (seconds) = 0.801

Total elapsed time (seconds) = 8.535 

Total DRAM available = 15982.191 MB.
DRAM currently available = 1690.184 MB.
Maximum ngspice program size =   50.293 MB.
Current ngspice program size =   50.293 MB.

