Using SPARSE 1.3 as Direct Linear Solver

Note: No compatibility mode selected!


Circuit: diag_rr_v4

Doing analysis at TEMP = 27.000000 and TNOM = 27.000000


Initial Transient Solution
--------------------------

Node                                   Voltage
----                                   -------
vdd                                        0.9
vss                                          0
vbias                                     0.35
rpeak_trigger                                0
xrr.rpeak_bar                              0.9
xrr.net_timer                      1.91447e-06
xrr.xctimer.a                                0
xrr.xctimer.b1                               0
xrr.tail_r                           0.0546598
xrr.net_r1                            0.469319
f_rr_ratio                            0.130959
xrr.mid_ref                           0.218464
xrr.tail_a                          0.00433493
xrr.net_a1                            0.404781
f_rr_asym                             0.195574
vrpeak#branch                                0
vbias#branch                                 0
vss#branch                         1.65622e-10
vdd#branch                        -1.65622e-10


No. of Data Rows : 9081

  Measurements for Transient Analysis

timer_pre_b1        =  1.914469e-06
ratio_pre_b1        =  1.309588e-01
asym_pre_b1         =  1.955743e-01
midref_pre_b1       =  2.184643e-01
timer_pre_b2        =  6.298490e-01
ratio_pre_b2        =  2.276447e-01
asym_pre_b2         =  3.522763e-01
midref_pre_b2       =  2.184642e-01
timer_pre_b3        =  4.827573e-01
ratio_pre_b3        =  2.188560e-01
asym_pre_b3         =  3.428738e-01
midref_pre_b3       =  2.184639e-01
timer_pre_b4        =  6.204278e-01
ratio_pre_b4        =  2.275817e-01
asym_pre_b4         =  3.522096e-01
midref_pre_b4       =  2.184642e-01
timer_pre_b5        =  4.827327e-01
ratio_pre_b5        =  2.188509e-01
asym_pre_b5         =  3.428682e-01
midref_pre_b5       =  2.184639e-01
timer_pre_b6        =  5.741571e-01
ratio_pre_b6        =  2.269271e-01
asym_pre_b6         =  3.515166e-01
midref_pre_b6       =  2.184642e-01
timer_post_b1       =  9.049519e-01
timer_post_b2       =  8.958236e-01
timer_post_b3       =  8.952817e-01
timer_post_b4       =  8.957980e-01
timer_post_b5       =  8.952815e-01
timer_post_b6       =  8.956330e-01


Total analysis time (seconds) = 7.453

Total elapsed time (seconds) = 48.153 

Total DRAM available = 15982.191 MB.
DRAM currently available =  784.852 MB.
Maximum ngspice program size =   52.488 MB.
Current ngspice program size =   52.488 MB.

