Using SPARSE 1.3 as Direct Linear Solver

Note: No compatibility mode selected!


Circuit: mirror_char

Doing analysis at TEMP = 27.000000 and TNOM = 27.000000


Initial Transient Solution
--------------------------

Node                                   Voltage
----                                   -------
vdd                                        0.9
vss                                          0
vbias                                     0.35
net_ref                               0.177279
cap_ref                                    0.9
xcref.a                                      0
xcref.b1                                     0
cap_a                                      0.9
xca.a                                        0
xca.b1                                       0
cap_b                                      0.9
xcb.a                                        0
xcb.b1                                       0
cap_c                                 0.900014
xcc.a                                        0
xcc.b1                                       0
cap_d                                 0.900241
xcd.a                                        0
xcd.b1                                       0
cap_e                                      0.9
xce.a                                        0
xce.b1                                       0
cap_f                                      0.9
xcf.a                                        0
xcf.b1                                       0
net_refg                               0.11684
cap_g                                      0.9
xcg.a                                        0
xcg.b1                                       0
vbias#branch                                 0
vss#branch                          7.6716e-11
vdd#branch                         -7.6716e-11


No. of Data Rows : 108

  Measurements for Transient Analysis

ref_gate            =  1.772790e-01
refg_gate           =  1.168396e-01
v_ref_05            =  9.000000e-01
v_a_05              =  9.000000e-01
v_b_05              =  9.000001e-01
v_c_05              =  9.000134e-01
v_d_05              =  9.002170e-01
v_e_05              =  9.000000e-01
v_f_05              =  9.000000e-01
v_g_05              =  9.000000e-01
v_ref_1             =  9.000000e-01
v_a_1               =  9.000000e-01
v_b_1               =  9.000001e-01
v_c_1               =  9.000124e-01
v_d_1               =  9.001956e-01
v_e_1               =  9.000000e-01
v_f_1               =  9.000000e-01
v_g_1               =  9.000000e-01


Total analysis time (seconds) = 0.042

Total elapsed time (seconds) = 6.705 

Total DRAM available = 15982.191 MB.
DRAM currently available = 1207.844 MB.
Maximum ngspice program size =   50.207 MB.
Current ngspice program size =   50.207 MB.

