Using SPARSE 1.3 as Direct Linear Solver

Note: No compatibility mode selected!


Circuit: mirror_char_v2

Doing analysis at TEMP = 27.000000 and TNOM = 27.000000


Initial Transient Solution
--------------------------

Node                                   Voltage
----                                   -------
vdd                                        0.9
vss                                          0
vbias                                     0.35
net_ref                               0.177279
cap_ref                                    0.9
xcref.a                                      0
xcref.b1                                     0
cap_a                                      0.9
xca.a                                        0
xca.b1                                       0
cap_b                                      0.9
xcb.a                                        0
xcb.b1                                       0
cap_c                                 0.900241
xcc.a                                        0
xcc.b1                                       0
cap_d                                      0.9
xcd.a                                        0
xcd.b1                                       0
net_ref_e                              0.11684
cap_e                                      0.9
xce.a                                        0
xce.b1                                       0
net_ref_f                             0.167038
cap_f                                      0.9
xcf.a                                        0
xcf.b1                                       0
vbias#branch                                 0
vss#branch                         1.15217e-10
vdd#branch                        -1.15217e-10


No. of Data Rows : 208

  Measurements for Transient Analysis

ref_gate            =  1.772786e-01
refe_gate           =  1.168396e-01
reff_gate           =  1.670380e-01
v_ref_1             =  9.000000e-01
v_ref_5             =  9.000000e-01
v_ref_10            =  9.000000e-01
v_ref_20            =  9.000000e-01
v_a_1               =  9.000000e-01
v_a_5               =  9.000000e-01
v_a_10              =  9.000000e-01
v_a_20              =  9.000000e-01
v_b_1               =  9.000001e-01
v_b_5               =  9.000001e-01
v_b_10              =  9.000001e-01
v_b_20              =  9.000001e-01
v_c_1               =  9.002405e-01
v_c_5               =  9.002393e-01
v_c_10              =  9.002377e-01
v_c_20              =  9.002346e-01
v_d_1               =  9.000000e-01
v_d_5               =  9.000000e-01
v_d_10              =  9.000000e-01
v_d_20              =  9.000000e-01
v_e_1               =  9.000000e-01
v_e_5               =  9.000000e-01
v_e_10              =  9.000000e-01
v_e_20              =  9.000000e-01
v_f_1               =  9.000000e-01
v_f_5               =  9.000000e-01
v_f_10              =  9.000000e-01
v_f_20              =  9.000000e-01


Total analysis time (seconds) = 0.05

Total elapsed time (seconds) = 6.704 

Total DRAM available = 15982.191 MB.
DRAM currently available = 1363.922 MB.
Maximum ngspice program size =   51.145 MB.
Current ngspice program size =   51.145 MB.

