Using SPARSE 1.3 as Direct Linear Solver

Note: No compatibility mode selected!


Circuit: diag_pulse2

Doing analysis at TEMP = 27.000000 and TNOM = 27.000000


Initial Transient Solution
--------------------------

Node                                   Voltage
----                                   -------
vdd                                        0.9
vss                                          0
vbias                                     0.35
rpeak_trigger                                0
xrr.a1                                     0.9
xrr.xcdly1.a                                 0
xrr.xcdly1.b1                                0
xrr.a2                              9.0827e-11
xrr.xcdly2.a                                 0
xrr.xcdly2.b1                                0
xrr.a3                                     0.9
xrr.xcdly3.a                                 0
xrr.xcdly3.b1                                0
xrr.a4                              9.0827e-11
xrr.xcdly4.a                                 0
xrr.xcdly4.b1                                0
xrr.a5                                     0.9
xrr.xcdly5.a                                 0
xrr.xcdly5.b1                                0
xrr.a6                              9.0827e-11
xrr.xcdly6.a                                 0
xrr.xcdly6.b1                                0
xrr.a7                                     0.9
xrr.xcdly7.a                                 0
xrr.xcdly7.b1                                0
xrr.a8                              9.0827e-11
xrr.xcdly8.a                                 0
xrr.xcdly8.b1                                0
xrr.a9                                     0.9
xrr.xcdly9.a                                 0
xrr.xcdly9.b1                                0
xrr.a10                             9.0827e-11
xrr.xcdly10.a                                0
xrr.xcdly10.b1                               0
xrr.a11                                    0.9
xrr.xcdly11.a                                0
xrr.xcdly11.b1                               0
xrr.ph1_bar                                0.9
xrr.xnand_ph1.mid                  8.50828e-10
xrr.ph1                             9.0827e-11
xrr.ph2_bar                                0.9
xrr.xnand_ph2.mid                  8.50828e-10
xrr.ph2                             9.0827e-11
xrr.net_timer                              0.5
xrr.xctimer.a                                0
xrr.xctimer.b1                               0
xrr.sh_prerr                          0.449995
xrr.sh_postrr                         0.449993
xrr.xchold_postrr.a                          0
xrr.xchold_postrr.b1                         0
xrr.xchold_prerr.a                           0
xrr.xchold_prerr.b1                          0
xrr.net_g1                          0.00717963
f_rr_ratio                            0.889227
xrr.net_ga1                         0.00717994
f_rr_asym                           0.00717957
vrpeak#branch                                0
vbias#branch                                 0
vss#branch                         8.74836e-09
vdd#branch                        -8.60154e-09


No. of Data Rows : 100015

  Measurements for Transient Analysis

ph2_0               =  -4.449053e-07
prerr_0             =  4.499742e-01
timer_0             =  4.999954e-01
a6_0                =  -1.326075e-08
a9_0                =  9.000000e-01
ph2_10              =  2.068450e-08
prerr_10            =  4.497988e-01
timer_10            =  4.999954e-01
a6_10               =  5.873768e-09
a9_10               =  9.000000e-01
ph2_20              =  -4.171045e-09
prerr_20            =  4.498445e-01
timer_20            =  4.999954e-01
a6_20               =  -1.806067e-09
a9_20               =  9.000000e-01
ph2_30              =  -3.230270e-09
prerr_30            =  4.498284e-01
timer_30            =  4.999954e-01
a6_30               =  2.119134e-11
a9_30               =  9.000000e-01
ph2_40              =  -3.216477e-09
prerr_40            =  4.498123e-01
timer_40            =  4.999954e-01
a6_40               =  8.853309e-11
a9_40               =  9.000000e-01
ph2_50              =  -3.214148e-09
prerr_50            =  4.497963e-01
timer_50            =  4.999954e-01
a6_50               =  9.005450e-11
a9_50               =  9.000000e-01
ph2_60              =  -3.212069e-09
prerr_60            =  4.497802e-01
timer_60            =  4.999954e-01
a6_60               =  9.042352e-11
a9_60               =  9.000000e-01
ph2_70              =  -3.210059e-09
prerr_70            =  4.497642e-01
timer_70            =  4.999954e-01
a6_70               =  9.068182e-11
a9_70               =  9.000000e-01
ph2_80              =  -3.208122e-09
prerr_80            =  4.497482e-01
timer_80            =  4.999954e-01
a6_80               =  9.081454e-11
a9_80               =  9.000000e-01
ph2_90              =  -3.206225e-09
prerr_90            =  4.497322e-01
timer_90            =  4.999954e-01
a6_90               =  9.092527e-11
a9_90               =  9.000000e-01
ph2_100             =  -3.204363e-09
prerr_100           =  4.497162e-01
timer_100           =  4.999954e-01
a6_100              =  9.098125e-11
a9_100              =  9.000000e-01
ph2_200             =  -3.187564e-09
prerr_200           =  4.495566e-01
timer_200           =  4.999953e-01
a6_200              =  9.104768e-11
a9_200              =  9.000000e-01
ph2_300             =  -3.172336e-09
prerr_300           =  4.493978e-01
timer_300           =  4.999953e-01
a6_300              =  9.100564e-11
a9_300              =  9.000000e-01
ph2_400             =  -3.157641e-09
prerr_400           =  4.492397e-01
timer_400           =  4.999952e-01
a6_400              =  9.078865e-11
a9_400              =  9.000000e-01
ph2_500             =  -3.143252e-09
prerr_500           =  4.490823e-01
timer_500           =  4.999952e-01
a6_500              =  8.887043e-11
a9_500              =  9.000000e-01
ph2_600             =  -3.129476e-09
prerr_600           =  4.489257e-01
timer_600           =  4.999951e-01
a6_600              =  7.203847e-11
a9_600              =  9.000000e-01
ph2_700             =  -3.121659e-09
prerr_700           =  4.487696e-01
timer_700           =  4.999951e-01
a6_700              =  -5.162077e-10
a9_700              =  9.000000e-01
ph2_800             =  8.794205e-09
prerr_800           =  4.486499e-01
timer_800           =  4.999950e-01
a6_800              =  9.314605e-08
a9_800              =  9.000000e-01
ph2_900             =  9.107408e-11
prerr_900           =  4.487378e-01
timer_900           =  4.999950e-01
a6_900              =  8.059413e-08
a9_900              =  9.000000e-01
ph2_1000            =  9.071644e-11
prerr_1000          =  4.487378e-01
timer_1000          =  4.999950e-01
a6_1000             =  7.563387e-08
a9_1000             =  9.000000e-01
ph2_1500            =  -5.519061e-09
prerr_1500          =  4.487380e-01
timer_1500          =  4.999947e-01
a6_1500             =  -3.156933e-04
a9_1500             =  9.000000e-01
ph2_2000            =  -3.520590e-06
prerr_2000          =  4.487392e-01
timer_2000          =  4.999945e-01
a6_2000             =  3.966678e-01
a9_2000             =  8.999982e-01
ph2_2500            =  8.999995e-01
prerr_2500          =  4.485826e-01
timer_2500          =  4.999773e-01
a6_2500             =  8.300380e-01
a9_2500             =  9.006790e-01
ph2_3000            =  9.000002e-01
prerr_3000          =  4.485307e-01
timer_3000          =  4.999500e-01
a6_3000             =  8.999984e-01
a9_3000             =  8.476598e-01
ph2_3500            =  1.566551e-09
prerr_3500          =  4.486757e-01
timer_3500          =  4.999428e-01
a6_3500             =  9.000163e-01
a9_3500             =  3.625350e-06
ph2_4000            =  1.548919e-09
prerr_4000          =  4.486756e-01
timer_4000          =  4.999792e-01
a6_4000             =  9.000037e-01
a9_4000             =  4.162635e-06
ph2_4500            =  1.419673e-09
prerr_4500          =  4.486756e-01
timer_4500          =  5.002857e-01
a6_4500             =  9.000021e-01
a9_4500             =  5.223802e-08
ph2_5000            =  1.383982e-09
prerr_5000          =  4.486756e-01
timer_5000          =  5.005922e-01
a6_5000             =  9.000014e-01
a9_5000             =  3.538972e-08
ph2_5500            =  1.369224e-09
prerr_5500          =  4.486756e-01
timer_5500          =  5.008987e-01
a6_5500             =  9.000011e-01
a9_5500             =  2.761952e-08
ph2_6000            =  1.361732e-09
prerr_6000          =  4.486756e-01
timer_6000          =  5.012051e-01
a6_6000             =  9.000008e-01
a9_6000             =  2.263007e-08
ph2_6500            =  1.357441e-09
prerr_6500          =  4.486756e-01
timer_6500          =  5.015116e-01
a6_6500             =  9.000007e-01
a9_6500             =  1.915731e-08
ph2_7000            =  1.354721e-09
prerr_7000          =  4.486756e-01
timer_7000          =  5.018180e-01
a6_7000             =  9.000006e-01
a9_7000             =  1.660196e-08
ph2_7500            =  1.352920e-09
prerr_7500          =  4.486756e-01
timer_7500          =  5.021245e-01
a6_7500             =  9.000005e-01
a9_7500             =  1.464352e-08
ph2_8000            =  1.351597e-09
prerr_8000          =  4.486756e-01
timer_8000          =  5.024309e-01
a6_8000             =  9.000004e-01
a9_8000             =  1.309504e-08
ph2_8500            =  1.350642e-09
prerr_8500          =  4.486756e-01
timer_8500          =  5.027373e-01
a6_8500             =  9.000004e-01
a9_8500             =  1.184023e-08
ph2_9000            =  1.349895e-09
prerr_9000          =  4.486756e-01
timer_9000          =  5.030437e-01
a6_9000             =  9.000004e-01
a9_9000             =  1.080293e-08
ph2_9500            =  1.349324e-09
prerr_9500          =  4.486756e-01
timer_9500          =  5.033500e-01
a6_9500             =  9.000003e-01
a9_9500             =  9.931196e-09
ph2_10000           =  1.348865e-09
prerr_10000         =  4.486756e-01
timer_10000         =  5.036564e-01
a6_10000            =  9.000003e-01
a9_10000            =  9.188406e-09
ph2_20000           =  1.345538e-09
prerr_20000         =  4.486756e-01
timer_20000         =  5.097799e-01
a6_20000            =  9.000001e-01
a9_20000            =  3.647966e-09
ph2_50000           =  1.341113e-09
prerr_50000         =  4.486756e-01
timer_50000         =  5.281117e-01
a6_50000            =  9.000000e-01
a9_50000            =  1.264035e-09
ph2_90000           =  1.335598e-09
prerr_90000         =  4.486756e-01
timer_90000         =  5.524623e-01
a6_90000            =  9.000000e-01
a9_90000            =  6.583760e-10


Total analysis time (seconds) = 26.393

Total elapsed time (seconds) = 36.731 

Total DRAM available = 15982.191 MB.
DRAM currently available = 1816.117 MB.
Maximum ngspice program size =   80.066 MB.
Current ngspice program size =   79.344 MB.

