Using SPARSE 1.3 as Direct Linear Solver

Note: No compatibility mode selected!


Circuit: leak_char

Doing analysis at TEMP = 27.000000 and TNOM = 27.000000


Initial Transient Solution
--------------------------

Node                                   Voltage
----                                   -------
vdd                                        0.9
vss                                          0
charge_ctl                                 0.9
capa                                  0.900014
xca.a                                        0
xca.b1                                       0
capb                                  0.899999
xcb.a                                        0
xcb.b1                                       0
capc                                       0.9
xcc.a                                        0
xcc.b1                                       0
capd                                       0.9
xcd.a                                        0
xcd.b1                                       0
cape                                 0.0130928
xce.a                                        0
xce.b1                                       0
capf                                 0.0060439
xcf.a                                        0
xcf.b1                                       0
capg                                  0.899967
xcg.a                                        0
xcg.b1                                       0
caph                                       0.9
xch.a                                        0
xch.b1                                       0
vcharge#branch                               0
vss#branch                         8.72603e-14
vdd#branch                         -8.6727e-14


No. of Data Rows : 15016

  Measurements for Transient Analysis

capa_10ms           =  9.000000e-01
capa_100ms          =  9.000000e-01
capa_300ms          =  9.000000e-01
capa_600ms          =  9.000000e-01
capa_900ms          =  9.000000e-01
capa_1200ms         =  9.000000e-01
capb_10ms           =  9.000000e-01
capb_100ms          =  9.000000e-01
capb_300ms          =  9.000000e-01
capb_600ms          =  9.000000e-01
capb_900ms          =  9.000000e-01
capb_1200ms         =  9.000000e-01
capc_10ms           =  9.000000e-01
capc_100ms          =  9.000000e-01
capc_300ms          =  9.000000e-01
capc_600ms          =  9.000000e-01
capc_900ms          =  9.000000e-01
capc_1200ms         =  9.000000e-01
capd_10ms           =  9.000000e-01
capd_100ms          =  9.000000e-01
capd_300ms          =  9.000000e-01
capd_600ms          =  9.000000e-01
capd_900ms          =  9.000000e-01
capd_1200ms         =  9.000000e-01
cape_10ms           =  9.000000e-01
cape_100ms          =  9.000000e-01
cape_300ms          =  9.000000e-01
cape_600ms          =  9.000000e-01
cape_900ms          =  9.000000e-01
cape_1200ms         =  9.000000e-01
capf_10ms           =  9.000000e-01
capf_100ms          =  9.000000e-01
capf_300ms          =  9.000000e-01
capf_600ms          =  9.000000e-01
capf_900ms          =  9.000000e-01
capf_1200ms         =  9.000000e-01
capg_10ms           =  9.000000e-01
capg_100ms          =  9.000000e-01
capg_300ms          =  9.000000e-01
capg_600ms          =  9.000000e-01
capg_900ms          =  9.000000e-01
capg_1200ms         =  9.000000e-01
caph_10ms           =  9.000000e-01
caph_100ms          =  9.000000e-01
caph_300ms          =  9.000000e-01
caph_600ms          =  9.000000e-01
caph_900ms          =  9.000000e-01
caph_1200ms         =  9.000000e-01


Total analysis time (seconds) = 1.59

Total elapsed time (seconds) = 8.322 

Total DRAM available = 15982.191 MB.
DRAM currently available = 1589.711 MB.
Maximum ngspice program size =   50.516 MB.
Current ngspice program size =   50.516 MB.

