LTspice 26.0.2 for Windows
Circuit: C:\Users\kadhi\OneDrive\Desktop\amux\verilogLearning\Leaky-Integrate-Fire---SNN-model-on-FPGA\LTSpice_sim\full_frontend\frontend.net
Start Time: Mon Aug 31 12:47:45 2026
solver = Normal
Maximum thread count: 8
tnom = 27
temp = 27
method = trap
Instance "lp_fast:x1:M1": Length shorter than recommended for a level 1 MOSFET.
Instance "lp_fast:x1:M1": Width narrower than recommended for a level 1 MOSFET.
Instance "lp_fast:x1:M2": Length shorter than recommended for a level 1 MOSFET.
Instance "lp_fast:x1:M2": Width narrower than recommended for a level 1 MOSFET.
Instance "lp_fast:x1:M5": Length shorter than recommended for a level 1 MOSFET.
Instance "lp_fast:x1:M5": Width narrower than recommended for a level 1 MOSFET.
Instance "lp_fast:x1:M3": Length shorter than recommended for a level 1 MOSFET.
Instance "lp_fast:x1:M4": Length shorter than recommended for a level 1 MOSFET.
Instance "lp_slow:x1:M1": Length shorter than recommended for a level 1 MOSFET.
Instance "lp_slow:x1:M1": Width narrower than recommended for a level 1 MOSFET.
Instance "lp_slow:x1:M2": Length shorter than recommended for a level 1 MOSFET.
Instance "lp_slow:x1:M2": Width narrower than recommended for a level 1 MOSFET.
Instance "lp_slow:x1:M5": Length shorter than recommended for a level 1 MOSFET.
Instance "lp_slow:x1:M5": Width narrower than recommended for a level 1 MOSFET.
Instance "lp_slow:x1:M3": Length shorter than recommended for a level 1 MOSFET.
Instance "lp_slow:x1:M4": Length shorter than recommended for a level 1 MOSFET.
Instance "hp_fast:ota_core:M1": Length shorter than recommended for a level 1 MOSFET.
Instance "hp_fast:ota_core:M1": Width narrower than recommended for a level 1 MOSFET.
Instance "hp_fast:ota_core:M2": Length shorter than recommended for a level 1 MOSFET.
Instance "hp_fast:ota_core:M2": Width narrower than recommended for a level 1 MOSFET.
Instance "hp_fast:ota_core:M5": Length shorter than recommended for a level 1 MOSFET.
Instance "hp_fast:ota_core:M5": Width narrower than recommended for a level 1 MOSFET.
Instance "hp_fast:ota_core:M3": Length shorter than recommended for a level 1 MOSFET.
Instance "hp_fast:ota_core:M4": Length shorter than recommended for a level 1 MOSFET.
Instance "hp_slow:ota_core:M1": Length shorter than recommended for a level 1 MOSFET.
Instance "hp_slow:ota_core:M1": Width narrower than recommended for a level 1 MOSFET.
Instance "hp_slow:ota_core:M2": Length shorter than recommended for a level 1 MOSFET.
Instance "hp_slow:ota_core:M2": Width narrower than recommended for a level 1 MOSFET.
Instance "hp_slow:ota_core:M5": Length shorter than recommended for a level 1 MOSFET.
Instance "hp_slow:ota_core:M5": Width narrower than recommended for a level 1 MOSFET.
Instance "hp_slow:ota_core:M3": Length shorter than recommended for a level 1 MOSFET.
Instance "hp_slow:ota_core:M4": Length shorter than recommended for a level 1 MOSFET.
Instance "deriv2:hp1:ota_core:M1": Length shorter than recommended for a level 1 MOSFET.
Instance "deriv2:hp1:ota_core:M1": Width narrower than recommended for a level 1 MOSFET.
Instance "deriv2:hp1:ota_core:M2": Length shorter than recommended for a level 1 MOSFET.
Instance "deriv2:hp1:ota_core:M2": Width narrower than recommended for a level 1 MOSFET.
Instance "deriv2:hp1:ota_core:M5": Length shorter than recommended for a level 1 MOSFET.
Instance "deriv2:hp1:ota_core:M5": Width narrower than recommended for a level 1 MOSFET.
Instance "deriv2:hp1:ota_core:M3": Length shorter than recommended for a level 1 MOSFET.
Instance "deriv2:hp1:ota_core:M4": Length shorter than recommended for a level 1 MOSFET.
Instance "deriv2:hp2:ota_core:M1": Length shorter than recommended for a level 1 MOSFET.
Instance "deriv2:hp2:ota_core:M1": Width narrower than recommended for a level 1 MOSFET.
Instance "deriv2:hp2:ota_core:M2": Length shorter than recommended for a level 1 MOSFET.
Instance "deriv2:hp2:ota_core:M2": Width narrower than recommended for a level 1 MOSFET.
Instance "deriv2:hp2:ota_core:M5": Length shorter than recommended for a level 1 MOSFET.
Instance "deriv2:hp2:ota_core:M5": Width narrower than recommended for a level 1 MOSFET.
Instance "deriv2:hp2:ota_core:M3": Length shorter than recommended for a level 1 MOSFET.
Instance "deriv2:hp2:ota_core:M4": Length shorter than recommended for a level 1 MOSFET.
Instance "bandpass:ota_core:M1": Length shorter than recommended for a level 1 MOSFET.
Instance "bandpass:ota_core:M1": Width narrower than recommended for a level 1 MOSFET.
Instance "bandpass:ota_core:M2": Length shorter than recommended for a level 1 MOSFET.
Instance "bandpass:ota_core:M2": Width narrower than recommended for a level 1 MOSFET.
Instance "bandpass:ota_core:M5": Length shorter than recommended for a level 1 MOSFET.
Instance "bandpass:ota_core:M5": Width narrower than recommended for a level 1 MOSFET.
Instance "bandpass:ota_core:M3": Length shorter than recommended for a level 1 MOSFET.
Instance "bandpass:ota_core:M4": Length shorter than recommended for a level 1 MOSFET.
Instance "rectifier:ota1:M1": Length shorter than recommended for a level 1 MOSFET.
Instance "rectifier:ota1:M1": Width narrower than recommended for a level 1 MOSFET.
Instance "rectifier:ota1:M2": Length shorter than recommended for a level 1 MOSFET.
Instance "rectifier:ota1:M2": Width narrower than recommended for a level 1 MOSFET.
Instance "rectifier:ota1:M5": Length shorter than recommended for a level 1 MOSFET.
Instance "rectifier:ota1:M5": Width narrower than recommended for a level 1 MOSFET.
Instance "rectifier:ota1:M3": Length shorter than recommended for a level 1 MOSFET.
Instance "rectifier:ota1:M4": Length shorter than recommended for a level 1 MOSFET.
Instance "rectifier:ota2:M1": Length shorter than recommended for a level 1 MOSFET.
Instance "rectifier:ota2:M1": Width narrower than recommended for a level 1 MOSFET.
Instance "rectifier:ota2:M2": Length shorter than recommended for a level 1 MOSFET.
Instance "rectifier:ota2:M2": Width narrower than recommended for a level 1 MOSFET.
Instance "rectifier:ota2:M5": Length shorter than recommended for a level 1 MOSFET.
Instance "rectifier:ota2:M5": Width narrower than recommended for a level 1 MOSFET.
Instance "rectifier:ota2:M3": Length shorter than recommended for a level 1 MOSFET.
Instance "rectifier:ota2:M4": Length shorter than recommended for a level 1 MOSFET.
Instance "sh_raw:ota_c:M1": Length shorter than recommended for a level 1 MOSFET.
Instance "sh_raw:ota_c:M1": Width narrower than recommended for a level 1 MOSFET.
Instance "sh_raw:ota_c:M2": Length shorter than recommended for a level 1 MOSFET.
Instance "sh_raw:ota_c:M2": Width narrower than recommended for a level 1 MOSFET.
Instance "sh_raw:ota_c:M5": Length shorter than recommended for a level 1 MOSFET.
Instance "sh_raw:ota_c:M5": Width narrower than recommended for a level 1 MOSFET.
Instance "sh_raw:ota_c:M3": Length shorter than recommended for a level 1 MOSFET.
Instance "sh_raw:ota_c:M4": Length shorter than recommended for a level 1 MOSFET.
Instance "sh_lp05:ota_c:M1": Length shorter than recommended for a level 1 MOSFET.
Instance "sh_lp05:ota_c:M1": Width narrower than recommended for a level 1 MOSFET.
Instance "sh_lp05:ota_c:M2": Length shorter than recommended for a level 1 MOSFET.
Instance "sh_lp05:ota_c:M2": Width narrower than recommended for a level 1 MOSFET.
Instance "sh_lp05:ota_c:M5": Length shorter than recommended for a level 1 MOSFET.
Instance "sh_lp05:ota_c:M5": Width narrower than recommended for a level 1 MOSFET.
Instance "sh_lp05:ota_c:M3": Length shorter than recommended for a level 1 MOSFET.
Instance "sh_lp05:ota_c:M4": Length shorter than recommended for a level 1 MOSFET.
Instance "sh_lp008:ota_c:M1": Length shorter than recommended for a level 1 MOSFET.
Instance "sh_lp008:ota_c:M1": Width narrower than recommended for a level 1 MOSFET.
Instance "sh_lp008:ota_c:M2": Length shorter than recommended for a level 1 MOSFET.
Instance "sh_lp008:ota_c:M2": Width narrower than recommended for a level 1 MOSFET.
Instance "sh_lp008:ota_c:M5": Length shorter than recommended for a level 1 MOSFET.
Instance "sh_lp008:ota_c:M5": Width narrower than recommended for a level 1 MOSFET.
Instance "sh_lp008:ota_c:M3": Length shorter than recommended for a level 1 MOSFET.
Instance "sh_lp008:ota_c:M4": Length shorter than recommended for a level 1 MOSFET.
Instance "sh_hp08:ota_c:M1": Length shorter than recommended for a level 1 MOSFET.
Instance "sh_hp08:ota_c:M1": Width narrower than recommended for a level 1 MOSFET.
Instance "sh_hp08:ota_c:M2": Length shorter than recommended for a level 1 MOSFET.
Instance "sh_hp08:ota_c:M2": Width narrower than recommended for a level 1 MOSFET.
Instance "sh_hp08:ota_c:M5": Length shorter than recommended for a level 1 MOSFET.
Instance "sh_hp08:ota_c:M5": Width narrower than recommended for a level 1 MOSFET.
Instance "sh_hp08:ota_c:M3": Length shorter than recommended for a level 1 MOSFET.
Instance "sh_hp08:ota_c:M4": Length shorter than recommended for a level 1 MOSFET.
Instance "sh_hp015:ota_c:M1": Length shorter than recommended for a level 1 MOSFET.
Instance "sh_hp015:ota_c:M1": Width narrower than recommended for a level 1 MOSFET.
Instance "sh_hp015:ota_c:M2": Length shorter than recommended for a level 1 MOSFET.
Instance "sh_hp015:ota_c:M2": Width narrower than recommended for a level 1 MOSFET.
Instance "sh_hp015:ota_c:M5": Length shorter than recommended for a level 1 MOSFET.
Instance "sh_hp015:ota_c:M5": Width narrower than recommended for a level 1 MOSFET.
Instance "sh_hp015:ota_c:M3": Length shorter than recommended for a level 1 MOSFET.
Instance "sh_hp015:ota_c:M4": Length shorter than recommended for a level 1 MOSFET.
Instance "sh_d2:ota_c:M1": Length shorter than recommended for a level 1 MOSFET.
Instance "sh_d2:ota_c:M1": Width narrower than recommended for a level 1 MOSFET.
Instance "sh_d2:ota_c:M2": Length shorter than recommended for a level 1 MOSFET.
Instance "sh_d2:ota_c:M2": Width narrower than recommended for a level 1 MOSFET.
Instance "sh_d2:ota_c:M5": Length shorter than recommended for a level 1 MOSFET.
Instance "sh_d2:ota_c:M5": Width narrower than recommended for a level 1 MOSFET.
Instance "sh_d2:ota_c:M3": Length shorter than recommended for a level 1 MOSFET.
Instance "sh_d2:ota_c:M4": Length shorter than recommended for a level 1 MOSFET.
Instance "sh_bp:ota_c:M1": Length shorter than recommended for a level 1 MOSFET.
Instance "sh_bp:ota_c:M1": Width narrower than recommended for a level 1 MOSFET.
Instance "sh_bp:ota_c:M2": Length shorter than recommended for a level 1 MOSFET.
Instance "sh_bp:ota_c:M2": Width narrower than recommended for a level 1 MOSFET.
Instance "sh_bp:ota_c:M5": Length shorter than recommended for a level 1 MOSFET.
Instance "sh_bp:ota_c:M5": Width narrower than recommended for a level 1 MOSFET.
Instance "sh_bp:ota_c:M3": Length shorter than recommended for a level 1 MOSFET.
Instance "sh_bp:ota_c:M4": Length shorter than recommended for a level 1 MOSFET.
Instance "sh_rect:ota_c:M1": Length shorter than recommended for a level 1 MOSFET.
Instance "sh_rect:ota_c:M1": Width narrower than recommended for a level 1 MOSFET.
Instance "sh_rect:ota_c:M2": Length shorter than recommended for a level 1 MOSFET.
Instance "sh_rect:ota_c:M2": Width narrower than recommended for a level 1 MOSFET.
Instance "sh_rect:ota_c:M5": Length shorter than recommended for a level 1 MOSFET.
Instance "sh_rect:ota_c:M5": Width narrower than recommended for a level 1 MOSFET.
Instance "sh_rect:ota_c:M3": Length shorter than recommended for a level 1 MOSFET.
Instance "sh_rect:ota_c:M4": Length shorter than recommended for a level 1 MOSFET.
Instance "integ_qrs:ota_c:M1": Length shorter than recommended for a level 1 MOSFET.
Instance "integ_qrs:ota_c:M1": Width narrower than recommended for a level 1 MOSFET.
Instance "integ_qrs:ota_c:M2": Length shorter than recommended for a level 1 MOSFET.
Instance "integ_qrs:ota_c:M2": Width narrower than recommended for a level 1 MOSFET.
Instance "integ_qrs:ota_c:M5": Length shorter than recommended for a level 1 MOSFET.
Instance "integ_qrs:ota_c:M5": Width narrower than recommended for a level 1 MOSFET.
Instance "integ_qrs:ota_c:M3": Length shorter than recommended for a level 1 MOSFET.
Instance "integ_qrs:ota_c:M4": Length shorter than recommended for a level 1 MOSFET.
Instance "integ_pre:ota_c:M1": Length shorter than recommended for a level 1 MOSFET.
Instance "integ_pre:ota_c:M1": Width narrower than recommended for a level 1 MOSFET.
Instance "integ_pre:ota_c:M2": Length shorter than recommended for a level 1 MOSFET.
Instance "integ_pre:ota_c:M2": Width narrower than recommended for a level 1 MOSFET.
Instance "integ_pre:ota_c:M5": Length shorter than recommended for a level 1 MOSFET.
Instance "integ_pre:ota_c:M5": Width narrower than recommended for a level 1 MOSFET.
Instance "integ_pre:ota_c:M3": Length shorter than recommended for a level 1 MOSFET.
Instance "integ_pre:ota_c:M4": Length shorter than recommended for a level 1 MOSFET.
Instance "integ_post:ota_c:M1": Length shorter than recommended for a level 1 MOSFET.
Instance "integ_post:ota_c:M1": Width narrower than recommended for a level 1 MOSFET.
Instance "integ_post:ota_c:M2": Length shorter than recommended for a level 1 MOSFET.
Instance "integ_post:ota_c:M2": Width narrower than recommended for a level 1 MOSFET.
Instance "integ_post:ota_c:M5": Length shorter than recommended for a level 1 MOSFET.
Instance "integ_post:ota_c:M5": Width narrower than recommended for a level 1 MOSFET.
Instance "integ_post:ota_c:M3": Length shorter than recommended for a level 1 MOSFET.
Instance "integ_post:ota_c:M4": Length shorter than recommended for a level 1 MOSFET.
Instance "peak_qrs:ota_c:M1": Length shorter than recommended for a level 1 MOSFET.
Instance "peak_qrs:ota_c:M1": Width narrower than recommended for a level 1 MOSFET.
Instance "peak_qrs:ota_c:M2": Length shorter than recommended for a level 1 MOSFET.
Instance "peak_qrs:ota_c:M2": Width narrower than recommended for a level 1 MOSFET.
Instance "peak_qrs:ota_c:M5": Length shorter than recommended for a level 1 MOSFET.
Instance "peak_qrs:ota_c:M5": Width narrower than recommended for a level 1 MOSFET.
Instance "peak_qrs:ota_c:M3": Length shorter than recommended for a level 1 MOSFET.
Instance "peak_qrs:ota_c:M4": Length shorter than recommended for a level 1 MOSFET.
Instance "valley_qrs:ota_c:M1": Length shorter than recommended for a level 1 MOSFET.
Instance "valley_qrs:ota_c:M1": Width narrower than recommended for a level 1 MOSFET.
Instance "valley_qrs:ota_c:M2": Length shorter than recommended for a level 1 MOSFET.
Instance "valley_qrs:ota_c:M2": Width narrower than recommended for a level 1 MOSFET.
Instance "valley_qrs:ota_c:M5": Length shorter than recommended for a level 1 MOSFET.
Instance "valley_qrs:ota_c:M5": Width narrower than recommended for a level 1 MOSFET.
Instance "valley_qrs:ota_c:M3": Length shorter than recommended for a level 1 MOSFET.
Instance "valley_qrs:ota_c:M4": Length shorter than recommended for a level 1 MOSFET.
Instance "amp_qrs:ota_c:M1": Length shorter than recommended for a level 1 MOSFET.
Instance "amp_qrs:ota_c:M1": Width narrower than recommended for a level 1 MOSFET.
Instance "amp_qrs:ota_c:M2": Length shorter than recommended for a level 1 MOSFET.
Instance "amp_qrs:ota_c:M2": Width narrower than recommended for a level 1 MOSFET.
Instance "amp_qrs:ota_c:M5": Length shorter than recommended for a level 1 MOSFET.
Instance "amp_qrs:ota_c:M5": Width narrower than recommended for a level 1 MOSFET.
Instance "amp_qrs:ota_c:M3": Length shorter than recommended for a level 1 MOSFET.
Instance "amp_qrs:ota_c:M4": Length shorter than recommended for a level 1 MOSFET.
Direct Newton iteration failed to find operating point.
Starting Gmin stepping
Gmin stepping succeeded in finding the operating point.

Total elapsed time: 33.397 seconds.

Files loaded:
C:\Users\kadhi\OneDrive\Desktop\amux\verilogLearning\Leaky-Integrate-Fire---SNN-model-on-FPGA\LTSpice_sim\full_frontend\frontend.net
C:\Users\kadhi\AppData\Local\LTspice\lib\cmp\standard.dio
C:\Users\kadhi\AppData\Local\LTspice\lib\cmp\standard.mos

