LTspice 26.0.2 for Windows
Circuit: C:\Users\kadhi\OneDrive\Desktop\amux\verilogLearning\Leaky-Integrate-Fire---SNN-model-on-FPGA\LTSpice_sim\ota_core\ota_c_lowpass_Fast.net
Start Time: Wed Aug 26 13:49:06 2026
solver = Normal
Maximum thread count: 8
tnom = 27
temp = 27
method = trap
Instance "x1:x1:M1": Length shorter than recommended for a level 1 MOSFET.
Instance "x1:x1:M1": Width narrower than recommended for a level 1 MOSFET.
Instance "x1:x1:M2": Length shorter than recommended for a level 1 MOSFET.
Instance "x1:x1:M2": Width narrower than recommended for a level 1 MOSFET.
Instance "x1:x1:M5": Length shorter than recommended for a level 1 MOSFET.
Instance "x1:x1:M5": Width narrower than recommended for a level 1 MOSFET.
Instance "x1:x1:M3": Length shorter than recommended for a level 1 MOSFET.
Instance "x1:x1:M4": Length shorter than recommended for a level 1 MOSFET.
Direct Newton iteration succeeded in finding operating point.
Total elapsed time: 0.377 seconds.

Files loaded:
C:\Users\kadhi\OneDrive\Desktop\amux\verilogLearning\Leaky-Integrate-Fire---SNN-model-on-FPGA\LTSpice_sim\ota_core\ota_c_lowpass_Fast.net
C:\Users\kadhi\AppData\Local\LTspice\lib\cmp\standard.mos

